The following modules were not unloaded:
  (Use "module --force purge" to unload all):

  1) xalt/2.10.45
lmod: xalt was automatically unloaded
Traceback (most recent call last):
  File "inversion.py", line 311, in <module>
    inv.set_system(mol, _inv_basis, pbs="6-311g**", ref=2)
  File "/home/x-wmiao/.conda/envs/n2v_envi/lib/python3.8/site-packages/n2v/inverter.py", line 123, in set_system
    self.eng.set_system(molecule, basis, ref, pbs, **kwargs)
  File "/home/x-wmiao/.conda/envs/n2v_envi/lib/python3.8/site-packages/n2v/engines/pyscf.py", line 50, in set_system
    self.pbs.build()
  File "/home/x-wmiao/.conda/envs/n2v_envi/lib/python3.8/site-packages/pyscf/gto/mole.py", line 2540, in build
    self._atom = self.format_atom(self.atom, unit=self.unit)
  File "/home/x-wmiao/.conda/envs/n2v_envi/lib/python3.8/site-packages/pyscf/gto/mole.py", line 385, in format_atom
    fmt_atoms = from_zmatrix('\n'.join(fmt_atoms))
  File "/home/x-wmiao/.conda/envs/n2v_envi/lib/python3.8/site-packages/pyscf/gto/mole.py", line 3947, in from_zmatrix
    atoms = list(zip([_atom_symbol(x) for x in symbols], coord))
  File "/home/x-wmiao/.conda/envs/n2v_envi/lib/python3.8/site-packages/pyscf/gto/mole.py", line 3947, in <listcomp>
    atoms = list(zip([_atom_symbol(x) for x in symbols], coord))
  File "/home/x-wmiao/.conda/envs/n2v_envi/lib/python3.8/site-packages/pyscf/data/elements.py", line 1218, in _atom_symbol
    raise RuntimeError('Unsupported atom symbol %s' % a)
RuntimeError: Unsupported atom symbol 3.XYZ
