n2v PySCFGrider memory patch: active
n2v get_S3: chunked (chunk=4096); DF wrapper (INVERSION_S3_DF=True)
n2v from: /home/x-wmiao/.conda/envs/n2v_envi/lib/python3.8/site-packages/n2v/__init__.py
tot grids = 314808
Wu–Yang x0 from inversion_v_pbs_last_iter.pkl: v_pbs shape (2672,)
Optimization Successful within 10 iterations! |grad|=1.39e-02
Inversion (WuYang) wall time: 258.450 s
nalpha = 334
nbeta = 332
Ne_a = 333.9999999932149
Ne_b = 331.99999999313746
Ne_inv = 665.9999999863339
T (electronic kinetic, Ha) = 12241.019147073855
V (nuclear attraction, Ha) = -68596.77358104225
E_hartree (Ha) = 25379.313407736496
tot grids = 948528
E_xc (PBE, Ha) = -943.2304349297538
E_nn (nuclear repulsion, Ha) = 19653.2406053842
E_ks_total (Ha) = -12266.43085577745
============================================================
Electron-count comparison
------------------------------------------------------------
nref (dftref sigma=0.002 DM)  = 666.000000
nf   (pkl projected to mol)   = 665.997481
nf2  (pkl in fragment AOs)    = 666.000000  (L=16.667789, R=649.332211)
ninv (inverted density)       = 666.000000
------------------------------------------------------------
nf   - nref = -2.519e-03
nf2  - nref = -9.391e-11
ninv - nref = -1.372e-08
nf   - nf2  = -2.519e-03
ninv - nf   = +2.519e-03
============================================================
tot grids = 948528
============================================================
Density (real-space) comparison on mol grid (level=3)
------------------------------------------------------------
int rho_ref = 666.000067
int rho_f   = 665.997551
int rho_f2  = 666.000070  (L=16.667797, R=649.332273)
int rho_inv = 666.000067
------------------------------------------------------------
rho_f   - rho_ref       int|dρ|=5.0459e-01  max|dρ|=1.1107e-01
rho_f2  - rho_ref       int|dρ|=5.0214e-01  max|dρ|=1.1110e-01
rho_inv - rho_ref       int|dρ|=1.6525e+00  max|dρ|=1.2028e+00
rho_f   - rho_f2        int|dρ|=4.8309e-02  max|dρ|=1.5729e-02
rho_inv - rho_f         int|dρ|=1.4635e+00  max|dρ|=1.2027e+00
rho_inv - rho_f2        int|dρ|=1.4895e+00  max|dρ|=1.2024e+00
============================================================
=== Python finished ===
All done.
