pyscf max mem 1056722
SLURM_CPUS_PER_TASK = 64
OMP_NUM_THREADS = 64
MKL_NUM_THREADS = 64
OPENBLAS_NUM_THREADS = 64
PySCF lib.num_threads() = 64
=== AO -> PBS diagnostic (no SCF / no optimizer) ===
[config] OLD_PKL=pdft2.7_checkpointnewref.pkl
[config] AO_TO_PBS_OUT=ao_to_pbs_fit.pkl
[config] RIDGE=1.000e-08
left ensemble electron number ([9, 9], [7, 8])
right ensemble electron number ([325, 325], [325, 323])
[setup] grid: ngrid=948528, nao_full=1544, npbs=1336
[setup] S3 shapes left=(116, 116, 1336), right=(1528, 1528, 1336), full=(1544, 1544, 1336)
[load] loaded keys: ['Dal', 'Dar', 'Dbl', 'Dbr', 'Ef', 'L1', 'Vpl', 'Vpr', 'dm_ig1', 'dm_ig2', 'nl', 'nr', 'step', 'vp']

[fit] building stacked AO->PBS least-squares system
[fit] case=left  A=(6786, 1336) ||V_old||=2.064032e+00 weight=1
[fit] case=right A=(1168156, 1336) ||V_old||=1.170359e+00 weight=1
[fit] stacked A shape=(1174942, 1336), y shape=(1174942,)
[fit] cond(A^T A) = 1.666150e+10
[fit] solved normal equations with ridge=1.000e-08
[fit] |b|=1.148552e+02, max|b|=5.708013e+01

=== AO fit diagnostics ===
[AO fit] left  rel=1.849747e-01 abs=3.817938e-01 ||V_old||=2.064032e+00 ||V_fit||=2.023538e+00 max|diff|=9.638764e-02
[AO fit] right rel=1.676023e-01 abs=1.961549e-01 ||V_old||=1.170359e+00 ||V_fit||=1.201125e+00 max|diff|=3.228496e-02

=== S3 vs grid diagnostics ===
[S3 vs grid] left  rel=1.711917e-01 ||S3||=2.023538e+00 ||grid||=2.128752e+00 max|diff|=1.847606e-01
[S3 vs grid] right rel=1.112530e-01 ||S3||=1.201125e+00 ||grid||=1.194250e+00 max|diff|=1.587808e-02
[S3 vs grid] full  rel=1.763441e-01 ||S3||=2.052921e+00 ||grid||=2.158464e+00 max|diff|=1.842059e-01
[save] wrote fitted coefficients to ao_to_pbs_fit.pkl
=== done ===
=== Python finished ===
All done.
