pyscf max mem 1046599
SLURM_CPUS_PER_TASK = 64
OMP_NUM_THREADS = 64
MKL_NUM_THREADS = 64
OPENBLAS_NUM_THREADS = 64
PySCF lib.num_threads() = 64
=== Fixed-vp diagnostic from ao_to_pbs_fit.pkl ===
[config] AO_TO_PBS_PKL=ao_to_pbs_fit.pkl
[config] refDM source: ../2.7dftref/al2.7_sigma0.002_last_dm.pkl (via build_system)
left ensemble electron number ([9, 9], [7, 8])
right ensemble electron number ([325, 325], [325, 323])
[load] b len=1336 |b|=1.148552e+02 max|b|=5.708013e+01
left ensemble electron number ([9, 9], [7, 8])
right ensemble electron number ([325, 325], [325, 323])
dm0 check None
converged SCF energy = -150.226693714538  <S^2> = 2.0045399  2S+1 = 3.003025
dm0 check None
converged SCF energy = -150.244985829667  <S^2> = 0.9297856  2S+1 = 2.1723587
[timing] left/O ensemble SCF = 244.5s
dm0 check None


******** <class 'pyscf.scf.addons.SmearingDFRKS'> ********
method = SmearingDFRKS
initial guess = minao
damping factor = 0.15
level_shift factor = 0.2
DIIS = <class 'pyscf.scf.diis.CDIIS'>
diis_start_cycle = 1
diis_space = 12
diis_damp = 0
SCF conv_tol = 5e-05
SCF conv_tol_grad = None
SCF max_cycles = 200
direct_scf = True
direct_scf_tol = 1e-13
chkfile to save SCF result = /tmp/tmpwxyhrq9o
max_memory 4000 MB (current use 85744 MB)
XC library pyscf.dft.libxc version 6.1.0
    S. Lehtola, C. Steigemann, M. J.T. Oliveira, and M. A.L. Marques.,  SoftwareX 7, 1–5 (2018)
XC functionals = pbe
    J. P. Perdew, K. Burke, and M. Ernzerhof.,  Phys. Rev. Lett. 77, 3865 (1996)
    J. P. Perdew, K. Burke, and M. Ernzerhof.,  Phys. Rev. Lett. 78, 1396 (1997)
    J. P. Perdew, K. Burke, and M. Ernzerhof.,  Phys. Rev. Lett. 77, 3865 (1996)
    J. P. Perdew, K. Burke, and M. Ernzerhof.,  Phys. Rev. Lett. 78, 1396 (1997)
small_rho_cutoff = 1e-06
Set gradient conv threshold to 0.00707107
Initial guess from minao.
init E= -12121.8602964808
    sigma = 0.02  Optimized mu = -0.0170120276504  entropy = 37.2429237684
    Total E(T) = -12115.2014000543  Free energy = -12115.9462585296  E0 = -12115.573829292
cycle= 1 E= -12115.2014000543  delta_E= 6.66  |g|= 2.06  |ddm|= 2.56e+04
    sigma = 0.02  Optimized mu = -0.000912379914336  entropy = 19.7269707525
    Total E(T) = -12110.1614529593  Free energy = -12110.5559923743  E0 = -12110.3587226668
cycle= 2 E= -12110.1614529593  delta_E= 5.04  |g|= 9.89  |ddm|= 1.18e+04
    sigma = 0.02  Optimized mu = -0.0605609854317  entropy = 8.58975493404
    Total E(T) = -12114.5540569019  Free energy = -12114.7258520006  E0 = -12114.6399544512
cycle= 3 E= -12114.5540569019  delta_E= -4.39  |g|=    4  |ddm|= 3.89e+03
    sigma = 0.02  Optimized mu = -0.0732470306572  entropy = 5.12027486002
    Total E(T) = -12115.1315117724  Free energy = -12115.2339172696  E0 = -12115.182714521
cycle= 4 E= -12115.1315117724  delta_E= -0.577  |g|= 3.62  |ddm|= 3.53e+03
    sigma = 0.02  Optimized mu = -0.0668587869007  entropy = 3.23268293053
    Total E(T) = -12115.4667115838  Free energy = -12115.5313652424  E0 = -12115.4990384131
cycle= 5 E= -12115.4667115838  delta_E= -0.335  |g|=  2.4  |ddm|=  906
    sigma = 0.02  Optimized mu = -0.0541719014653  entropy = 1.96767673398
    Total E(T) = -12115.5880884831  Free energy = -12115.6274420177  E0 = -12115.6077652504
cycle= 6 E= -12115.5880884831  delta_E= -0.121  |g|= 2.18  |ddm|= 1.84e+03
    sigma = 0.02  Optimized mu = -0.0542618107701  entropy = 1.67215932188
    Total E(T) = -12115.7261426358  Free energy = -12115.7595858223  E0 = -12115.742864229
cycle= 7 E= -12115.7261426358  delta_E= -0.138  |g|= 1.28  |ddm|= 1.41e+03
    sigma = 0.02  Optimized mu = -0.054313000119  entropy = 1.66475880156
    Total E(T) = -12115.7894894559  Free energy = -12115.822784632  E0 = -12115.806137044
cycle= 8 E= -12115.7894894559  delta_E= -0.0633  |g|= 0.747  |ddm|=  922
    sigma = 0.02  Optimized mu = -0.0546251364815  entropy = 1.60166798795
    Total E(T) = -12115.8122356447  Free energy = -12115.8442690045  E0 = -12115.8282523246
cycle= 9 E= -12115.8122356447  delta_E= -0.0227  |g|= 0.448  |ddm|=  506
    sigma = 0.02  Optimized mu = -0.0534255924256  entropy = 1.57989380557
    Total E(T) = -12115.8218853635  Free energy = -12115.8534832396  E0 = -12115.8376843016
cycle= 10 E= -12115.8218853635  delta_E= -0.00965  |g|= 0.19  |ddm|=  424
    sigma = 0.02  Optimized mu = -0.0531062158406  entropy = 1.5760915349
    Total E(T) = -12115.8247907552  Free energy = -12115.8563125859  E0 = -12115.8405516705
cycle= 11 E= -12115.8247907552  delta_E= -0.00291  |g|= 0.0704  |ddm|=  399
    sigma = 0.02  Optimized mu = -0.0527118638868  entropy = 1.56370689612
    Total E(T) = -12115.8258410135  Free energy = -12115.8571151515  E0 = -12115.8414780825
cycle= 12 E= -12115.8258410135  delta_E= -0.00105  |g|= 0.0443  |ddm|=  140
    sigma = 0.02  Optimized mu = -0.0526482733205  entropy = 1.55737908553
    Total E(T) = -12115.8264325477  Free energy = -12115.8575801294  E0 = -12115.8420063386
cycle= 13 E= -12115.8264325477  delta_E= -0.000592  |g|= 0.0536  |ddm|= 93.5
    sigma = 0.02  Optimized mu = -0.0526998897651  entropy = 1.55423032103
    Total E(T) = -12115.82694051  Free energy = -12115.8580251164  E0 = -12115.8424828132
cycle= 14 E= -12115.82694051  delta_E= -0.000508  |g|= 0.0432  |ddm|=   74
    sigma = 0.02  Optimized mu = -0.0527127999411  entropy = 1.55087541022
    Total E(T) = -12115.8273625726  Free energy = -12115.8583800809  E0 = -12115.8428713267
cycle= 15 E= -12115.8273625726  delta_E= -0.000422  |g|= 0.0345  |ddm|= 68.6
    sigma = 0.02  Optimized mu = -0.052582891046  entropy = 1.54778625293
    Total E(T) = -12115.8277246197  Free energy = -12115.8586803448  E0 = -12115.8432024823
cycle= 16 E= -12115.8277246197  delta_E= -0.000362  |g|= 0.0186  |ddm|=   66
    sigma = 0.02  Optimized mu = -0.0524989631254  entropy = 1.54602971856
    Total E(T) = -12115.8280023962  Free energy = -12115.8589229906  E0 = -12115.8434626934
cycle= 17 E= -12115.8280023962  delta_E= -0.000278  |g|= 0.0197  |ddm|= 65.9
    sigma = 0.02  Optimized mu = -0.0525092229345  entropy = 1.54514367291
    Total E(T) = -12115.8282168459  Free energy = -12115.8591197194  E0 = -12115.8436682827
cycle= 18 E= -12115.8282168459  delta_E= -0.000214  |g|= 0.0285  |ddm|= 41.3
    sigma = 0.02  Optimized mu = -0.0525386935825  entropy = 1.544130282
    Total E(T) = -12115.8284054196  Free energy = -12115.8592880252  E0 = -12115.8438467224
cycle= 19 E= -12115.8284054196  delta_E= -0.000189  |g|= 0.0339  |ddm|=   45
    sigma = 0.02  Optimized mu = -0.0525358211558  entropy = 1.54329400993
    Total E(T) = -12115.8285747668  Free energy = -12115.859440647  E0 = -12115.8440077069
cycle= 20 E= -12115.8285747668  delta_E= -0.000169  |g|= 0.0362  |ddm|= 34.9
    sigma = 0.02  Optimized mu = -0.0525579271752  entropy = 1.54250525005
    Total E(T) = -12115.8287233879  Free energy = -12115.8595734929  E0 = -12115.8441484404
cycle= 21 E= -12115.8287233879  delta_E= -0.000149  |g|= 0.0387  |ddm|= 38.9
    sigma = 0.02  Optimized mu = -0.0525330107709  entropy = 1.54159312294
    Total E(T) = -12115.8288452187  Free energy = -12115.8596770812  E0 = -12115.8442611499
cycle= 22 E= -12115.8288452187  delta_E= -0.000122  |g|= 0.044  |ddm|= 32.5
    sigma = 0.02  Optimized mu = -0.0525001414494  entropy = 1.54169842286
    Total E(T) = -12115.8289849149  Free energy = -12115.8598188833  E0 = -12115.8444018991
cycle= 23 E= -12115.8289849149  delta_E= -0.00014  |g|= 0.0382  |ddm|= 34.9
    sigma = 0.02  Optimized mu = -0.0525542777385  entropy = 1.54096673588
    Total E(T) = -12115.8291298944  Free energy = -12115.8599492292  E0 = -12115.8445395618
cycle= 24 E= -12115.8291298944  delta_E= -0.000145  |g|= 0.0307  |ddm|= 30.7
    sigma = 0.02  Optimized mu = -0.0526442741114  entropy = 1.54004076872
    Total E(T) = -12115.829248447  Free energy = -12115.8600492624  E0 = -12115.8446488547
cycle= 25 E= -12115.829248447  delta_E= -0.000119  |g|= 0.0301  |ddm|= 28.8
    sigma = 0.02  Optimized mu = -0.0526053180959  entropy = 1.53935660315
    Total E(T) = -12115.8293316265  Free energy = -12115.8601187586  E0 = -12115.8447251925
cycle= 26 E= -12115.8293316265  delta_E= -8.32e-05  |g|= 0.0354  |ddm|= 29.3
    sigma = 0.02  Optimized mu = -0.0525068432178  entropy = 1.53885473817
    Total E(T) = -12115.8293984897  Free energy = -12115.8601755845  E0 = -12115.8447870371
cycle= 27 E= -12115.8293984897  delta_E= -6.69e-05  |g|= 0.0404  |ddm|= 27.3
    sigma = 0.02  Optimized mu = -0.0525329556005  entropy = 1.53843934086
    Total E(T) = -12115.8294614848  Free energy = -12115.8602302716  E0 = -12115.8448458782
cycle= 28 E= -12115.8294614848  delta_E= -6.3e-05  |g|= 0.0452  |ddm|= 29.5
    sigma = 0.02  Optimized mu = -0.0525200698161  entropy = 1.53805821531
    Total E(T) = -12115.8295229115  Free energy = -12115.8602840758  E0 = -12115.8449034936
cycle= 29 E= -12115.8295229115  delta_E= -6.14e-05  |g|= 0.0493  |ddm|= 19.2
    sigma = 0.02  Optimized mu = -0.0525277770608  entropy = 1.53775655716
    Total E(T) = -12115.8295798242  Free energy = -12115.8603349553  E0 = -12115.8449573898
cycle= 30 E= -12115.8295798242  delta_E= -5.69e-05  |g|= 0.0509  |ddm|= 24.6
    sigma = 0.02  Optimized mu = -0.0525295755494  entropy = 1.53751575503
    Total E(T) = -12115.8296396996  Free energy = -12115.8603900147  E0 = -12115.8450148572
cycle= 31 E= -12115.8296396996  delta_E= -5.99e-05  |g|= 0.0512  |ddm|= 19.2
    sigma = 0.02  Optimized mu = -0.0525240598368  entropy = 1.53732591468
    Total E(T) = -12115.8297063678  Free energy = -12115.8604528861  E0 = -12115.845079627
cycle= 32 E= -12115.8297063678  delta_E= -6.67e-05  |g|= 0.0499  |ddm|= 23.1
    sigma = 0.02  Optimized mu = -0.0525296071312  entropy = 1.53696020495
    Total E(T) = -12115.8297645403  Free energy = -12115.8605037444  E0 = -12115.8451341423
cycle= 33 E= -12115.8297645403  delta_E= -5.82e-05  |g|= 0.0493  |ddm|= 17.7
    sigma = 0.02  Optimized mu = -0.052582650038  entropy = 1.53747546825
    Total E(T) = -12115.8298546478  Free energy = -12115.8606041572  E0 = -12115.8452294025
cycle= 34 E= -12115.8298546478  delta_E= -9.01e-05  |g|= 0.0374  |ddm|= 37.4
    sigma = 0.02  Optimized mu = -0.0525037479305  entropy = 1.5371353793
    Total E(T) = -12115.8299521212  Free energy = -12115.8606948288  E0 = -12115.845323475
cycle= 35 E= -12115.8299521212  delta_E= -9.75e-05  |g|= 0.0227  |ddm|= 31.5
    sigma = 0.02  Optimized mu = -0.0525263830135  entropy = 1.53640415163
    Total E(T) = -12115.8299958234  Free energy = -12115.8607239064  E0 = -12115.8453598649
cycle= 36 E= -12115.8299958234  delta_E= -4.37e-05  |g|= 0.0271  |ddm|= 28.7
    sigma = 0.02  Optimized mu = -0.0524534075896  entropy = 1.53642861196
    Total E(T) = -12115.8300201132  Free energy = -12115.8607486854  E0 = -12115.8453843993
cycle= 37 E= -12115.8300201132  delta_E= -2.43e-05  |g|= 0.0318  |ddm|= 21.8
    sigma = 0.02  Optimized mu = -0.0525557179214  entropy = 1.53549567166
    Total E(T) = -12115.8300216517  Free energy = -12115.8607315652  E0 = -12115.8453766084
cycle= 38 E= -12115.8300216517  delta_E= -1.54e-06  |g|= 0.0426  |ddm|= 34.3
    sigma = 0.02  Optimized mu = -0.0525646461945  entropy = 1.5355039154
    Total E(T) = -12115.8300578873  Free energy = -12115.8607679657  E0 = -12115.8454129265
cycle= 39 E= -12115.8300578873  delta_E= -3.62e-05  |g|= 0.0425  |ddm|= 19.2
    sigma = 0.02  Optimized mu = -0.0525038232522  entropy = 1.53540566063
    Total E(T) = -12115.8300793514  Free energy = -12115.8607874647  E0 = -12115.845433408
cycle= 40 E= -12115.8300793514  delta_E= -2.15e-05  |g|= 0.046  |ddm|= 14.5
    sigma = 0.02  Optimized mu = -0.0525169283172  entropy = 1.53524154992
    Total E(T) = -12115.8301174739  Free energy = -12115.8608223049  E0 = -12115.8454698894
cycle= 41 E= -12115.8301174739  delta_E= -3.81e-05  |g|= 0.0456  |ddm|= 12.1
    sigma = 0.02  Optimized mu = -0.0525211624924  entropy = 1.53510231706
    Total E(T) = -12115.8301430772  Free energy = -12115.8608451235  E0 = -12115.8454941004
cycle= 42 E= -12115.8301430772  delta_E= -2.56e-05  |g|= 0.0471  |ddm|=   12
    sigma = 0.02  Optimized mu = -0.0525220752815  entropy = 1.53502650937
    Total E(T) = -12115.8301780944  Free energy = -12115.8608786245  E0 = -12115.8455283594
cycle= 43 E= -12115.8301780944  delta_E= -3.5e-05  |g|= 0.0457  |ddm|= 16.9
    sigma = 0.02  Optimized mu = -0.0525152281898  entropy = 1.53480529885
    Total E(T) = -12115.8302064299  Free energy = -12115.8609025359  E0 = -12115.8455544829
cycle= 44 E= -12115.8302064299  delta_E= -2.83e-05  |g|= 0.0465  |ddm|= 18.6
    sigma = 0.02  Optimized mu = -0.052518456276  entropy = 1.53479758018
    Total E(T) = -12115.8302249949  Free energy = -12115.8609209465  E0 = -12115.8455729707
cycle= 45 E= -12115.8302249949  delta_E= -1.86e-05  |g|= 0.0459  |ddm|= 24.8
    sigma = 0.02  Optimized mu = -0.0525985160278  entropy = 1.53662551765
    Total E(T) = -12115.8303200104  Free energy = -12115.8610525208  E0 = -12115.8456862656
cycle= 46 E= -12115.8303200104  delta_E= -9.5e-05  |g|= 0.0351  |ddm|= 69.1
    sigma = 0.02  Optimized mu = -0.0525199584913  entropy = 1.53556108922
    Total E(T) = -12115.8303571377  Free energy = -12115.8610683595  E0 = -12115.8457127486
cycle= 47 E= -12115.8303571377  delta_E= -3.71e-05  |g|= 0.0305  |ddm|= 43.4
    sigma = 0.02  Optimized mu = -0.0525342777512  entropy = 1.53504906056
    Total E(T) = -12115.830384881  Free energy = -12115.8610858622  E0 = -12115.8457353716
cycle= 48 E= -12115.830384881  delta_E= -2.77e-05  |g|= 0.0301  |ddm|= 21.4
    sigma = 0.02  Optimized mu = -0.0525103955058  entropy = 1.53454707125
    Total E(T) = -12115.8304272683  Free energy = -12115.8611182097  E0 = -12115.845772739
cycle= 49 E= -12115.8304272683  delta_E= -4.24e-05  |g|= 0.0206  |ddm|= 16.3
    sigma = 0.02  Optimized mu = -0.0524976494757  entropy = 1.53439372497
    Total E(T) = -12115.8304594474  Free energy = -12115.8611473219  E0 = -12115.8458033847
cycle= 50 E= -12115.8304594474  delta_E= -3.22e-05  |g|= 0.0158  |ddm|= 15.6
    sigma = 0.02  Optimized mu = -0.0525180863353  entropy = 1.53426730678
    Total E(T) = -12115.8304845069  Free energy = -12115.861169853  E0 = -12115.8458271799
cycle= 51 E= -12115.8304845069  delta_E= -2.51e-05  |g|= 0.0134  |ddm|= 11.5
    sigma = 0.02  Optimized mu = -0.0525098040308  entropy = 1.53408722523
    Total E(T) = -12115.8305088235  Free energy = -12115.861190568  E0 = -12115.8458496958
cycle= 52 E= -12115.8305088235  delta_E= -2.43e-05  |g|= 0.01  |ddm|= 11.4
    sigma = 0.02  Optimized mu = -0.0524578117373  entropy = 1.53377642934
    Total E(T) = -12115.8305284227  Free energy = -12115.8612039513  E0 = -12115.845866187
cycle= 53 E= -12115.8305284227  delta_E= -1.96e-05  |g|= 0.00982  |ddm|= 15.3
    sigma = 0.02  Optimized mu = -0.0524733726099  entropy = 1.53375510135
    Total E(T) = -12115.8305440959  Free energy = -12115.8612191979  E0 = -12115.8458816469
cycle= 54 E= -12115.8305440959  delta_E= -1.57e-05  |g|= 0.0115  |ddm|= 12.7
    sigma = 0.02  Optimized mu = -0.0524892767279  entropy = 1.53361968794
    Total E(T) = -12115.830556113  Free energy = -12115.8612285068  E0 = -12115.8458923099
cycle= 55 E= -12115.830556113  delta_E= -1.2e-05  |g|= 0.0157  |ddm|= 12.6
    sigma = 0.02  Optimized mu = -0.0525063549877  entropy = 1.53366606023
    Total E(T) = -12115.8305765861  Free energy = -12115.8612499073  E0 = -12115.8459132467
cycle= 56 E= -12115.8305765861  delta_E= -2.05e-05  |g|= 0.0119  |ddm|= 10.2
    sigma = 0.02  Optimized mu = -0.0525008649178  entropy = 1.53368030172
    Total E(T) = -12115.8305952143  Free energy = -12115.8612688204  E0 = -12115.8459320174
cycle= 57 E= -12115.8305952143  delta_E= -1.86e-05  |g|= 0.00825  |ddm|= 9.04
    sigma = 0.02  Optimized mu = -0.0525157417722  entropy = 1.53365364456
    Total E(T) = -12115.8306137642  Free energy = -12115.8612868371  E0 = -12115.8459503006
cycle= 58 E= -12115.8306137642  delta_E= -1.85e-05  |g|= 0.00402  |ddm|= 9.55
    sigma = 0.02  Optimized mu = -0.152472443058  entropy = 51.0276569835
    Total E(T) = -12115.3068742973  Free energy = -12116.327427437  E0 = -12115.8171508672
Extra cycle  E= -12115.3068742973  delta_E= 0.524  |g|= 0.523  |ddm|= 4.25e+03
converged SCF energy = -12115.3068742973
dm0 check None


******** <class 'pyscf.scf.addons.SmearingDFUKS'> ********
method = SmearingDFUKS
initial guess = minao
damping factor = 0.15
level_shift factor = 0.2
DIIS = <class 'pyscf.scf.diis.CDIIS'>
diis_start_cycle = 1
diis_space = 12
diis_damp = 0
SCF conv_tol = 5e-05
SCF conv_tol_grad = None
SCF max_cycles = 200
direct_scf = True
direct_scf_tol = 1e-13
chkfile to save SCF result = /tmp/tmp05cx15rc
max_memory 4000 MB (current use 86572 MB)
number electrons alpha = 325  beta = 323
XC library pyscf.dft.libxc version 6.1.0
    S. Lehtola, C. Steigemann, M. J.T. Oliveira, and M. A.L. Marques.,  SoftwareX 7, 1–5 (2018)
XC functionals = pbe
    J. P. Perdew, K. Burke, and M. Ernzerhof.,  Phys. Rev. Lett. 77, 3865 (1996)
    J. P. Perdew, K. Burke, and M. Ernzerhof.,  Phys. Rev. Lett. 78, 1396 (1997)
    J. P. Perdew, K. Burke, and M. Ernzerhof.,  Phys. Rev. Lett. 77, 3865 (1996)
    J. P. Perdew, K. Burke, and M. Ernzerhof.,  Phys. Rev. Lett. 78, 1396 (1997)
small_rho_cutoff = 1e-06
Set gradient conv threshold to 0.00707107
init E= -12121.8602964808
    sigma = 0.005  Optimized mu_alpha = -0.0178432623482  entropy = 9.74845028615
    sigma = 0.005  Optimized mu_beta  = -0.0244316483918  entropy = 9.74845028615
    Total E(T) = -12115.0409380831  Free energy = -12115.0896803345  E0 = -12115.0653092088
cycle= 1 E= -12115.0409380831  delta_E= 6.82  |g|= 2.62  |ddm|= 1.64e+04
    sigma = 0.005  Optimized mu_alpha = -0.175921754212  entropy = 1.92692701231
    sigma = 0.005  Optimized mu_beta  = -0.161104187894  entropy = 1.92692701231
    Total E(T) = -12113.207102617  Free energy = -12113.2167372521  E0 = -12113.2119199346
cycle= 2 E= -12113.207102617  delta_E= 1.83  |g|= 9.33  |ddm|= 5.71e+03
    sigma = 0.005  Optimized mu_alpha = -0.216396837005  entropy = 0.0135478409228
    sigma = 0.005  Optimized mu_beta  = -0.211534829776  entropy = 0.0135478409228
    Total E(T) = -12114.9623919408  Free energy = -12114.9624596801  E0 = -12114.9624258105
cycle= 3 E= -12114.9623919408  delta_E= -1.76  |g|= 3.05  |ddm|= 2.86e+03
    sigma = 0.005  Optimized mu_alpha = -0.207930849746  entropy = 2.12232317327e-06
    sigma = 0.005  Optimized mu_beta  = -0.209790687457  entropy = 2.12232317327e-06
    Total E(T) = -12115.2808924775  Free energy = -12115.2808924881  E0 = -12115.2808924828
cycle= 4 E= -12115.2808924775  delta_E= -0.319  |g|=  1.7  |ddm|= 1.49e+03
    sigma = 0.005  Optimized mu_alpha = -0.201351708658  entropy = 6.72907052977e-07
    sigma = 0.005  Optimized mu_beta  = -0.204193066039  entropy = 6.72907052977e-07
    Total E(T) = -12115.3667385182  Free energy = -12115.3667385216  E0 = -12115.3667385199
cycle= 5 E= -12115.3667385182  delta_E= -0.0858  |g|= 0.728  |ddm|=  765
    sigma = 0.005  Optimized mu_alpha = -0.197233361146  entropy = 4.49705917103e-07
    sigma = 0.005  Optimized mu_beta  = -0.199980597646  entropy = 4.49705917103e-07
    Total E(T) = -12115.383643973  Free energy = -12115.3836439752  E0 = -12115.3836439741
cycle= 6 E= -12115.383643973  delta_E= -0.0169  |g|= 0.416  |ddm|=  489
    sigma = 0.005  Optimized mu_alpha = -0.196580219057  entropy = 4.28706796025e-07
    sigma = 0.005  Optimized mu_beta  = -0.199428091427  entropy = 4.28706796025e-07
    Total E(T) = -12115.3862931918  Free energy = -12115.386293194  E0 = -12115.3862931929
cycle= 7 E= -12115.3862931918  delta_E= -0.00265  |g|= 0.216  |ddm|=  511
    sigma = 0.005  Optimized mu_alpha = -0.197538233855  entropy = 4.06261440462e-07
    sigma = 0.005  Optimized mu_beta  = -0.200242029181  entropy = 4.06261440462e-07
    Total E(T) = -12115.3875468664  Free energy = -12115.3875468684  E0 = -12115.3875468674
cycle= 8 E= -12115.3875468664  delta_E= -0.00125  |g|= 0.13  |ddm|=  193
    sigma = 0.005  Optimized mu_alpha = -0.197294041411  entropy = 4.10045723678e-07
    sigma = 0.005  Optimized mu_beta  = -0.199933956429  entropy = 4.10045723678e-07
    Total E(T) = -12115.3882164536  Free energy = -12115.3882164557  E0 = -12115.3882164547
cycle= 9 E= -12115.3882164536  delta_E= -0.00067  |g|= 0.0532  |ddm|=  135
    sigma = 0.005  Optimized mu_alpha = -0.197369472925  entropy = 4.05664945072e-07
    sigma = 0.005  Optimized mu_beta  = -0.200014039581  entropy = 4.05664945072e-07
    Total E(T) = -12115.3885438293  Free energy = -12115.3885438314  E0 = -12115.3885438304
cycle= 10 E= -12115.3885438293  delta_E= -0.000327  |g|= 0.0267  |ddm|= 51.1
    sigma = 0.005  Optimized mu_alpha = -0.197359924444  entropy = 4.01561091999e-07
    sigma = 0.005  Optimized mu_beta  = -0.199975052553  entropy = 4.01561091999e-07
    Total E(T) = -12115.3887425479  Free energy = -12115.3887425499  E0 = -12115.3887425489
cycle= 11 E= -12115.3887425479  delta_E= -0.000199  |g|= 0.0206  |ddm|= 37.5
    sigma = 0.005  Optimized mu_alpha = -0.197268344133  entropy = 3.98683093614e-07
    sigma = 0.005  Optimized mu_beta  = -0.199859296934  entropy = 3.98683093614e-07
    Total E(T) = -12115.3888869883  Free energy = -12115.3888869903  E0 = -12115.3888869893
cycle= 12 E= -12115.3888869883  delta_E= -0.000144  |g|= 0.0111  |ddm|= 30.4
    sigma = 0.005  Optimized mu_alpha = -0.197237979647  entropy = 3.95899553147e-07
    sigma = 0.005  Optimized mu_beta  = -0.199824513734  entropy = 3.95899553147e-07
    Total E(T) = -12115.3889928134  Free energy = -12115.3889928154  E0 = -12115.3889928144
cycle= 13 E= -12115.3889928134  delta_E= -0.000106  |g|= 0.0131  |ddm|= 30.1
    sigma = 0.005  Optimized mu_alpha = -0.197259436698  entropy = 3.94671572937e-07
    sigma = 0.005  Optimized mu_beta  = -0.199835944086  entropy = 3.94671572937e-07
    Total E(T) = -12115.3890761288  Free energy = -12115.3890761308  E0 = -12115.3890761298
cycle= 14 E= -12115.3890761288  delta_E= -8.33e-05  |g|= 0.0172  |ddm|= 25.6
    sigma = 0.005  Optimized mu_alpha = -0.197264228617  entropy = 3.93954616754e-07
    sigma = 0.005  Optimized mu_beta  = -0.19983448701  entropy = 3.93954616754e-07
    Total E(T) = -12115.3891482762  Free energy = -12115.3891482782  E0 = -12115.3891482772
cycle= 15 E= -12115.3891482762  delta_E= -7.21e-05  |g|= 0.014  |ddm|= 19.9
    sigma = 0.005  Optimized mu_alpha = -0.197272251588  entropy = 3.92992915612e-07
    sigma = 0.005  Optimized mu_beta  = -0.199836622666  entropy = 3.92992915612e-07
    Total E(T) = -12115.3892085255  Free energy = -12115.3892085275  E0 = -12115.3892085265
cycle= 16 E= -12115.3892085255  delta_E= -6.02e-05  |g|= 0.0118  |ddm|= 19.5
    sigma = 0.005  Optimized mu_alpha = -0.197272866457  entropy = 3.9136205677e-07
    sigma = 0.005  Optimized mu_beta  = -0.199832783119  entropy = 3.9136205677e-07
    Total E(T) = -12115.3892570047  Free energy = -12115.3892570067  E0 = -12115.3892570057
cycle= 17 E= -12115.3892570047  delta_E= -4.85e-05  |g|= 0.0158  |ddm|= 19.7
    sigma = 0.005  Optimized mu_alpha = -0.197293898973  entropy = 3.9128338418e-07
    sigma = 0.005  Optimized mu_beta  = -0.199846833255  entropy = 3.9128338418e-07
    Total E(T) = -12115.3893010215  Free energy = -12115.3893010235  E0 = -12115.3893010225
cycle= 18 E= -12115.3893010215  delta_E= -4.4e-05  |g|= 0.0142  |ddm|= 15.7
    sigma = 0.005  Optimized mu_alpha = -0.197269329402  entropy = 3.9039108735e-07
    sigma = 0.005  Optimized mu_beta  = -0.199820667698  entropy = 3.9039108735e-07
    Total E(T) = -12115.3893383535  Free energy = -12115.3893383554  E0 = -12115.3893383545
cycle= 19 E= -12115.3893383535  delta_E= -3.73e-05  |g|= 0.015  |ddm|= 14.6
    sigma = 0.005  Optimized mu_alpha = -0.197262132543  entropy = 3.90036662124e-07
    sigma = 0.005  Optimized mu_beta  = -0.199812554905  entropy = 3.90036662124e-07
    Total E(T) = -12115.3893715793  Free energy = -12115.3893715812  E0 = -12115.3893715803
cycle= 20 E= -12115.3893715793  delta_E= -3.32e-05  |g|= 0.0137  |ddm|= 12.3
    sigma = 0.005  Optimized mu_alpha = -0.19728150102  entropy = 3.89501827758e-07
    sigma = 0.005  Optimized mu_beta  = -0.19982864002  entropy = 3.89501827758e-07
    Total E(T) = -12115.3894009022  Free energy = -12115.3894009042  E0 = -12115.3894009032
cycle= 21 E= -12115.3894009022  delta_E= -2.93e-05  |g|= 0.0132  |ddm|=   14
    sigma = 0.005  Optimized mu_alpha = -0.197276590305  entropy = 3.89236066309e-07
    sigma = 0.005  Optimized mu_beta  = -0.199823792968  entropy = 3.89236066309e-07
    Total E(T) = -12115.3894272634  Free energy = -12115.3894272653  E0 = -12115.3894272644
cycle= 22 E= -12115.3894272634  delta_E= -2.64e-05  |g|= 0.0126  |ddm|=   11
    sigma = 0.005  Optimized mu_alpha = -0.197265601804  entropy = 3.88797295286e-07
    sigma = 0.005  Optimized mu_beta  = -0.199818907365  entropy = 3.88797295286e-07
    Total E(T) = -12115.3894484234  Free energy = -12115.3894484254  E0 = -12115.3894484244
cycle= 23 E= -12115.3894484234  delta_E= -2.12e-05  |g|= 0.0155  |ddm|= 14.7
    sigma = 0.005  Optimized mu_alpha = -0.197269191918  entropy = 3.88501041537e-07
    sigma = 0.005  Optimized mu_beta  = -0.199817576658  entropy = 3.88501041537e-07
    Total E(T) = -12115.3894688523  Free energy = -12115.3894688542  E0 = -12115.3894688532
cycle= 24 E= -12115.3894688523  delta_E= -2.04e-05  |g|= 0.0136  |ddm|= 10.8
    sigma = 0.005  Optimized mu_alpha = -0.19728162008  entropy = 3.88454312062e-07
    sigma = 0.005  Optimized mu_beta  = -0.199827282738  entropy = 3.88454312062e-07
    Total E(T) = -12115.3894880572  Free energy = -12115.3894880592  E0 = -12115.3894880582
cycle= 25 E= -12115.3894880572  delta_E= -1.92e-05  |g|= 0.0109  |ddm|=  9.1
    sigma = 0.005  Optimized mu_alpha = -0.197266931642  entropy = 3.88210649534e-07
    sigma = 0.005  Optimized mu_beta  = -0.199813615722  entropy = 3.88210649534e-07
    Total E(T) = -12115.3895053422  Free energy = -12115.3895053442  E0 = -12115.3895053432
cycle= 26 E= -12115.3895053422  delta_E= -1.73e-05  |g|= 0.00991  |ddm|= 9.02
    sigma = 0.005  Optimized mu_alpha = -0.197244956445  entropy = 3.87492842472e-07
    sigma = 0.005  Optimized mu_beta  = -0.199793355859  entropy = 3.87492842472e-07
    Total E(T) = -12115.3895187312  Free energy = -12115.3895187332  E0 = -12115.3895187322
cycle= 27 E= -12115.3895187312  delta_E= -1.34e-05  |g|= 0.0136  |ddm|= 8.01
    sigma = 0.005  Optimized mu_alpha = -0.197251967207  entropy = 3.87242116334e-07
    sigma = 0.005  Optimized mu_beta  = -0.199799591464  entropy = 3.87242116334e-07
    Total E(T) = -12115.3895299443  Free energy = -12115.3895299462  E0 = -12115.3895299453
cycle= 28 E= -12115.3895299443  delta_E= -1.12e-05  |g|= 0.0164  |ddm|=  9.8
    sigma = 0.005  Optimized mu_alpha = -0.197252123641  entropy = 3.87150253624e-07
    sigma = 0.005  Optimized mu_beta  = -0.199797499815  entropy = 3.87150253624e-07
    Total E(T) = -12115.3895412252  Free energy = -12115.3895412271  E0 = -12115.3895412261
cycle= 29 E= -12115.3895412252  delta_E= -1.13e-05  |g|= 0.016  |ddm|= 8.38
    sigma = 0.005  Optimized mu_alpha = -0.197256016294  entropy = 3.86796603733e-07
    sigma = 0.005  Optimized mu_beta  = -0.199800766543  entropy = 3.86796603733e-07
    Total E(T) = -12115.389551773  Free energy = -12115.3895517749  E0 = -12115.389551774
cycle= 30 E= -12115.389551773  delta_E= -1.05e-05  |g|= 0.0164  |ddm|= 7.06
    sigma = 0.005  Optimized mu_alpha = -0.197263505812  entropy = 3.86792459995e-07
    sigma = 0.005  Optimized mu_beta  = -0.199808095148  entropy = 3.86792459995e-07
    Total E(T) = -12115.3895624524  Free energy = -12115.3895624543  E0 = -12115.3895624534
cycle= 31 E= -12115.3895624524  delta_E= -1.07e-05  |g|= 0.0153  |ddm|= 6.24
    sigma = 0.005  Optimized mu_alpha = -0.19726677372  entropy = 3.86374740583e-07
    sigma = 0.005  Optimized mu_beta  = -0.199809059946  entropy = 3.86374740583e-07
    Total E(T) = -12115.3895701329  Free energy = -12115.3895701348  E0 = -12115.3895701338
cycle= 32 E= -12115.3895701329  delta_E= -7.68e-06  |g|= 0.0176  |ddm|= 8.35
    sigma = 0.005  Optimized mu_alpha = -0.197265416609  entropy = 3.86257758871e-07
    sigma = 0.005  Optimized mu_beta  = -0.199807436546  entropy = 3.86257758871e-07
    Total E(T) = -12115.3895776421  Free energy = -12115.3895776441  E0 = -12115.3895776431
cycle= 33 E= -12115.3895776421  delta_E= -7.51e-06  |g|= 0.0185  |ddm|= 5.71
    sigma = 0.005  Optimized mu_alpha = -0.197285917502  entropy = 3.86282230258e-07
    sigma = 0.005  Optimized mu_beta  = -0.199827074381  entropy = 3.86282230258e-07
    Total E(T) = -12115.389585922  Free energy = -12115.3895859239  E0 = -12115.3895859229
cycle= 34 E= -12115.389585922  delta_E= -8.28e-06  |g|= 0.0193  |ddm|= 6.25
    sigma = 0.005  Optimized mu_alpha = -0.197261893946  entropy = 3.86270184473e-07
    sigma = 0.005  Optimized mu_beta  = -0.199804905128  entropy = 3.86270184473e-07
    Total E(T) = -12115.3895954713  Free energy = -12115.3895954733  E0 = -12115.3895954723
cycle= 35 E= -12115.3895954713  delta_E= -9.55e-06  |g|= 0.0156  |ddm|= 6.11
    sigma = 0.005  Optimized mu_alpha = -0.197248785682  entropy = 3.85610555307e-07
    sigma = 0.005  Optimized mu_beta  = -0.199791352469  entropy = 3.85610555307e-07
    Total E(T) = -12115.3896011961  Free energy = -12115.389601198  E0 = -12115.3896011971
cycle= 36 E= -12115.3896011961  delta_E= -5.72e-06  |g|= 0.0161  |ddm|= 8.27
    sigma = 0.005  Optimized mu_alpha = -0.197264494377  entropy = 3.86312567355e-07
    sigma = 0.005  Optimized mu_beta  = -0.199807984118  entropy = 3.86312567355e-07
    Total E(T) = -12115.3896095999  Free energy = -12115.3896096018  E0 = -12115.3896096008
cycle= 37 E= -12115.3896095999  delta_E= -8.4e-06  |g|= 0.0138  |ddm|= 9.41
    sigma = 0.005  Optimized mu_alpha = -0.197254875914  entropy = 3.85898396566e-07
    sigma = 0.005  Optimized mu_beta  = -0.199799920644  entropy = 3.85898396566e-07
    Total E(T) = -12115.3896156987  Free energy = -12115.3896157007  E0 = -12115.3896156997
cycle= 38 E= -12115.3896156987  delta_E= -6.1e-06  |g|= 0.0133  |ddm|= 5.69
    sigma = 0.005  Optimized mu_alpha = -0.197284321006  entropy = 3.8573097472e-07
    sigma = 0.005  Optimized mu_beta  = -0.199830312907  entropy = 3.8573097472e-07
    Total E(T) = -12115.3896195827  Free energy = -12115.3896195846  E0 = -12115.3896195836
cycle= 39 E= -12115.3896195827  delta_E= -3.88e-06  |g|= 0.0139  |ddm|= 8.28
    sigma = 0.005  Optimized mu_alpha = -0.197241638625  entropy = 3.85557306125e-07
    sigma = 0.005  Optimized mu_beta  = -0.199788841743  entropy = 3.85557306125e-07
    Total E(T) = -12115.3896254408  Free energy = -12115.3896254427  E0 = -12115.3896254418
cycle= 40 E= -12115.3896254408  delta_E= -5.86e-06  |g|= 0.0133  |ddm|= 4.75
    sigma = 0.005  Optimized mu_alpha = -0.197233827891  entropy = 3.85889827227e-07
    sigma = 0.005  Optimized mu_beta  = -0.19978041313  entropy = 3.85889827227e-07
    Total E(T) = -12115.38963168  Free energy = -12115.3896316819  E0 = -12115.3896316809
cycle= 41 E= -12115.38963168  delta_E= -6.24e-06  |g|= 0.0109  |ddm|= 7.95
    sigma = 0.005  Optimized mu_alpha = -0.197250884849  entropy = 3.85634620451e-07
    sigma = 0.005  Optimized mu_beta  = -0.199800144118  entropy = 3.85634620451e-07
    Total E(T) = -12115.3896374503  Free energy = -12115.3896374523  E0 = -12115.3896374513
cycle= 42 E= -12115.3896374503  delta_E= -5.77e-06  |g|= 0.00905  |ddm|= 6.34
    sigma = 0.005  Optimized mu_alpha = -0.197251849504  entropy = 3.85620455733e-07
    sigma = 0.005  Optimized mu_beta  = -0.199800121061  entropy = 3.85620455733e-07
    Total E(T) = -12115.3896419132  Free energy = -12115.3896419152  E0 = -12115.3896419142
cycle= 43 E= -12115.3896419132  delta_E= -4.46e-06  |g|= 0.00882  |ddm|= 3.99
    sigma = 0.005  Optimized mu_alpha = -0.197258623992  entropy = 3.85466177315e-07
    sigma = 0.005  Optimized mu_beta  = -0.199809365833  entropy = 3.85466177315e-07
    Total E(T) = -12115.3896452858  Free energy = -12115.3896452878  E0 = -12115.3896452868
cycle= 44 E= -12115.3896452858  delta_E= -3.37e-06  |g|= 0.00992  |ddm|= 4.43
    sigma = 0.005  Optimized mu_alpha = -0.197256085156  entropy = 3.85440490186e-07
    sigma = 0.005  Optimized mu_beta  = -0.199806140842  entropy = 3.85440490186e-07
    Total E(T) = -12115.3896487569  Free energy = -12115.3896487588  E0 = -12115.3896487578
cycle= 45 E= -12115.3896487569  delta_E= -3.47e-06  |g|= 0.0103  |ddm|= 3.31
    sigma = 0.005  Optimized mu_alpha = -0.197261128537  entropy = 3.85604664445e-07
    sigma = 0.005  Optimized mu_beta  = -0.199813642455  entropy = 3.85604664445e-07
    Total E(T) = -12115.3896524264  Free energy = -12115.3896524284  E0 = -12115.3896524274
cycle= 46 E= -12115.3896524264  delta_E= -3.67e-06  |g|= 0.00859  |ddm|= 6.76
    sigma = 0.005  Optimized mu_alpha = -0.197258184318  entropy = 3.85464172299e-07
    sigma = 0.005  Optimized mu_beta  = -0.199811751514  entropy = 3.85464172299e-07
    Total E(T) = -12115.3896556389  Free energy = -12115.3896556408  E0 = -12115.3896556398
cycle= 47 E= -12115.3896556389  delta_E= -3.21e-06  |g|= 0.00858  |ddm|= 4.47
    sigma = 0.005  Optimized mu_alpha = -0.197252561239  entropy = 3.85601356592e-07
    sigma = 0.005  Optimized mu_beta  = -0.199805436202  entropy = 3.85601356592e-07
    Total E(T) = -12115.3896595543  Free energy = -12115.3896595562  E0 = -12115.3896595553
cycle= 48 E= -12115.3896595543  delta_E= -3.92e-06  |g|= 0.00566  |ddm|= 4.32
    sigma = 0.005  Optimized mu_alpha = -0.296819132077  entropy = 12.9791973328
    sigma = 0.005  Optimized mu_beta  = -0.299665465288  entropy = 12.9791973328
    Total E(T) = -12115.3540494631  Free energy = -12115.4189454497  E0 = -12115.3864974564
Extra cycle  E= -12115.3540494631  delta_E= 0.0356  |g|= 0.371  |ddm|= 1.12e+03
converged SCF energy = -12115.3540494631  <S^2> = 6.0162725  2S+1 = 5.0065048
[timing] right/Al ensemble SCF = 5735.9s
[timing] collect state = 0.0s
[reconstructed AO] L1=2.29123915e+00 L1_alpha=3.82500211e+00 L1_beta=3.85731384e+00 Ef=-12267.33522367 L=-12267.32743013 N=(334.00001467,332.00001650,666.00003117) |grad|=3.571940e-02
[save] wrote ao_to_pbs_fixed_vp_compare.pkl
=== done ===
=== Python finished ===
All done.
