pyscf max mem 1049509
SLURM_CPUS_PER_TASK = 64
OMP_NUM_THREADS = 64
MKL_NUM_THREADS = 64
OPENBLAS_NUM_THREADS = 64
PySCF lib.num_threads() = 64
left ensemble electron number ([9, 9], [7, 8])
right ensemble electron number ([325, 325], [325, 323])
[setup] build_system t=1.5s
building grid (level 3)...
[setup] grid t=4.8s
computing S3 tensors (DF)...
S3 shapes: left=(116, 116, 1336) right=(1528, 1528, 1336) ref=(1544, 1544, 1336) t=771.3s
[warm-start] loaded pdft_optimizer6.pkl
[warm-start] rdft1.D ← pickle dm_ig1
[warm-start] rdft2.D ← pickle dm_ig2
[init] b0 from optimizer checkpoint, npbs=1336
[warm-start] Lagrangian x0 ready, |b0| = 2.34466e+00
[setup] warm-start t=0.1s
starting phase 1: damped ascent
[phase1] damped ascent: 5 steps, alpha=1.0, max_step=1.0
[phase1] step 1 SCF: dm0 from dm_ig1/dm_ig2 on rdft1/rdft2
dm0 check None
converged SCF energy = -150.226693714538  <S^2> = 2.0045399  2S+1 = 3.003025
dm0 check None
converged SCF energy = -150.244985829666  <S^2> = 0.9297856  2S+1 = 2.1723587
[timing] left/O ensemble SCF = 241.2s
dm0 check [[ 3.79531060e-01  6.12212409e-01 -1.25193329e-01 ...  2.41633542e-05
   1.37984163e-05 -4.80817467e-05]
 [ 6.12212409e-01  1.01511749e+00 -3.33964880e-01 ...  6.58690346e-05
   3.64061791e-05 -1.30250352e-04]
 [-1.25193329e-01 -3.33964880e-01  6.75073482e-01 ... -1.58895200e-04
  -8.81649871e-05  3.15192890e-04]
 ...
 [ 2.41633542e-05  6.58690346e-05 -1.58895200e-04 ...  1.27430100e-05
   6.20514033e-06 -2.61660888e-05]
 [ 1.37984163e-05  3.64061791e-05 -8.81649871e-05 ...  6.20514033e-06
   4.55128579e-06 -1.46055722e-05]
 [-4.80817467e-05 -1.30250352e-04  3.15192890e-04 ... -2.61660888e-05
  -1.46055722e-05  6.16617069e-05]]


******** <class 'pyscf.scf.addons.SmearingDFRKS'> ********
method = SmearingDFRKS
initial guess = minao
damping factor = 0.15
level_shift factor = 0.2
DIIS = <class 'pyscf.scf.diis.CDIIS'>
diis_start_cycle = 1
diis_space = 12
diis_damp = 0
SCF conv_tol = 5e-05
SCF conv_tol_grad = None
SCF max_cycles = 200
direct_scf = True
direct_scf_tol = 1e-13
chkfile to save SCF result = /tmp/tmp7x_rp33_
max_memory 4000 MB (current use 85864 MB)
XC library pyscf.dft.libxc version 6.1.0
    S. Lehtola, C. Steigemann, M. J.T. Oliveira, and M. A.L. Marques.,  SoftwareX 7, 1–5 (2018)
XC functionals = pbe
    J. P. Perdew, K. Burke, and M. Ernzerhof.,  Phys. Rev. Lett. 77, 3865 (1996)
    J. P. Perdew, K. Burke, and M. Ernzerhof.,  Phys. Rev. Lett. 78, 1396 (1997)
    J. P. Perdew, K. Burke, and M. Ernzerhof.,  Phys. Rev. Lett. 77, 3865 (1996)
    J. P. Perdew, K. Burke, and M. Ernzerhof.,  Phys. Rev. Lett. 78, 1396 (1997)
small_rho_cutoff = 1e-06
Set gradient conv threshold to 0.00707107
init E= -12114.4916276206
    sigma = 0.02  Optimized mu = -0.0529072949011  entropy = 1.53625345108
    Total E(T) = -12114.4916184164  Free energy = -12114.5223434854  E0 = -12114.5069809509
cycle= 1 E= -12114.4916184164  delta_E= 9.2e-06  |g|= 0.0235  |ddm|= 31.2
    sigma = 0.02  Optimized mu = -0.0529632723624  entropy = 1.53788556504
    Total E(T) = -12114.4914500154  Free energy = -12114.5222077267  E0 = -12114.506828871
cycle= 2 E= -12114.4914500154  delta_E= 0.000168  |g|= 0.0776  |ddm|= 90.2
    sigma = 0.02  Optimized mu = -0.052896899511  entropy = 1.5367569107
    Total E(T) = -12114.4915641296  Free energy = -12114.5222992678  E0 = -12114.5069316987
cycle= 3 E= -12114.4915641296  delta_E= -0.000114  |g|= 0.0372  |ddm|= 35.5
    sigma = 0.02  Optimized mu = -0.0529001319347  entropy = 1.53665583365
    Total E(T) = -12114.4916068109  Free energy = -12114.5223399276  E0 = -12114.5069733693
cycle= 4 E= -12114.4916068109  delta_E= -4.27e-05  |g|= 0.0232  |ddm|= 15.6
    sigma = 0.02  Optimized mu = -0.052898131061  entropy = 1.53663701068
    Total E(T) = -12114.4916240633  Free energy = -12114.5223568035  E0 = -12114.5069904334
cycle= 5 E= -12114.4916240633  delta_E= -1.73e-05  |g|= 0.0141  |ddm|= 11.1
    sigma = 0.02  Optimized mu = -0.0528981611361  entropy = 1.53661985291
    Total E(T) = -12114.4916309699  Free energy = -12114.522363367  E0 = -12114.5069971684
cycle= 6 E= -12114.4916309699  delta_E= -6.91e-06  |g|= 0.0091  |ddm|= 7.16
    sigma = 0.02  Optimized mu = -0.0528922024805  entropy = 1.53664343667
    Total E(T) = -12114.4916337714  Free energy = -12114.5223666401  E0 = -12114.5070002058
cycle= 7 E= -12114.4916337714  delta_E= -2.8e-06  |g|= 0.00542  |ddm|= 4.18
    sigma = 0.02  Optimized mu = -0.153002269338  entropy = 51.6796674731
    Total E(T) = -12113.9572260356  Free energy = -12114.9908193851  E0 = -12114.4740227104
Extra cycle  E= -12113.9572260356  delta_E= 0.534  |g|= 0.416  |ddm|= 4.39e+03
converged SCF energy = -12113.9572260356
dm0 check [[[ 1.89787411e-01  3.06164791e-01 -6.27341980e-02 ...  9.47016538e-06
    5.42321985e-06 -2.11386694e-05]
  [ 3.06164791e-01  5.07714527e-01 -1.67346360e-01 ...  2.58840721e-05
    1.42161500e-05 -5.72727568e-05]
  [-6.27341980e-02 -1.67346360e-01  3.38378684e-01 ... -6.23081016e-05
   -3.43738269e-05  1.38354578e-04]
  ...
  [ 9.47016538e-06  2.58840721e-05 -6.23081016e-05 ...  3.67851055e-06
    1.63524476e-06 -8.45986132e-06]
  [ 5.42321985e-06  1.42161500e-05 -3.43738269e-05 ...  1.63524476e-06
    1.46476568e-06 -4.74732030e-06]
  [-2.11386694e-05 -5.72727568e-05  1.38354578e-04 ... -8.45986132e-06
   -4.74732030e-06  2.35264255e-05]]

 [[ 1.89766627e-01  3.06108132e-01 -6.26056771e-02 ...  1.05775786e-05
    6.26066255e-06 -2.28282356e-05]
  [ 3.06108132e-01  5.07563227e-01 -1.67007218e-01 ...  2.88868938e-05
    1.64893185e-05 -6.18744088e-05]
  [-6.26056771e-02 -1.67007218e-01  3.37621256e-01 ... -6.97274618e-05
   -4.00108803e-05  1.49916380e-04]
  ...
  [ 1.05775786e-05  2.88868938e-05 -6.97274618e-05 ...  4.09477638e-06
    1.90127476e-06 -9.35551597e-06]
  [ 6.26066255e-06  1.64893185e-05 -4.00108803e-05 ...  1.90127476e-06
    1.64818095e-06 -5.35226004e-06]
  [-2.28282356e-05 -6.18744088e-05  1.49916380e-04 ... -9.35551597e-06
   -5.35226004e-06  2.54036100e-05]]]


******** <class 'pyscf.scf.addons.SmearingDFUKS'> ********
method = SmearingDFUKS
initial guess = minao
damping factor = 0.15
level_shift factor = 0.2
DIIS = <class 'pyscf.scf.diis.CDIIS'>
diis_start_cycle = 1
diis_space = 12
diis_damp = 0
SCF conv_tol = 5e-05
SCF conv_tol_grad = None
SCF max_cycles = 200
direct_scf = True
direct_scf_tol = 1e-13
chkfile to save SCF result = /tmp/tmpbszzidgs
max_memory 4000 MB (current use 86617 MB)
number electrons alpha = 325  beta = 323
XC library pyscf.dft.libxc version 6.1.0
    S. Lehtola, C. Steigemann, M. J.T. Oliveira, and M. A.L. Marques.,  SoftwareX 7, 1–5 (2018)
XC functionals = pbe
    J. P. Perdew, K. Burke, and M. Ernzerhof.,  Phys. Rev. Lett. 77, 3865 (1996)
    J. P. Perdew, K. Burke, and M. Ernzerhof.,  Phys. Rev. Lett. 78, 1396 (1997)
    J. P. Perdew, K. Burke, and M. Ernzerhof.,  Phys. Rev. Lett. 77, 3865 (1996)
    J. P. Perdew, K. Burke, and M. Ernzerhof.,  Phys. Rev. Lett. 78, 1396 (1997)
small_rho_cutoff = 1e-06
Set gradient conv threshold to 0.00707107
init E= -12114.0481319048
    sigma = 0.005  Optimized mu_alpha = -0.197474946346  entropy = 3.448949211e-07
    sigma = 0.005  Optimized mu_beta  = -0.200005569054  entropy = 3.448949211e-07
    Total E(T) = -12114.0481250823  Free energy = -12114.048125084  E0 = -12114.0481250832
cycle= 1 E= -12114.0481250823  delta_E= 6.82e-06  |g|= 0.0236  |ddm|= 16.6
    sigma = 0.005  Optimized mu_alpha = -0.197277487169  entropy = 3.44631891035e-07
    sigma = 0.005  Optimized mu_beta  = -0.199823086173  entropy = 3.44631891035e-07
    Total E(T) = -12114.0480529871  Free energy = -12114.0480529888  E0 = -12114.048052988
cycle= 2 E= -12114.0480529871  delta_E= 7.21e-05  |g|= 0.0671  |ddm|= 41.1
    sigma = 0.005  Optimized mu_alpha = -0.197405746648  entropy = 3.4468153662e-07
    sigma = 0.005  Optimized mu_beta  = -0.199941129907  entropy = 3.4468153662e-07
    Total E(T) = -12114.0481054411  Free energy = -12114.0481054429  E0 = -12114.048105442
cycle= 3 E= -12114.0481054411  delta_E= -5.25e-05  |g|= 0.0306  |ddm|= 14.1
    sigma = 0.005  Optimized mu_alpha = -0.197409842054  entropy = 3.44753574269e-07
    sigma = 0.005  Optimized mu_beta  = -0.199943574966  entropy = 3.44753574269e-07
    Total E(T) = -12114.0481255954  Free energy = -12114.0481255972  E0 = -12114.0481255963
cycle= 4 E= -12114.0481255954  delta_E= -2.02e-05  |g|= 0.0178  |ddm|= 7.78
    sigma = 0.005  Optimized mu_alpha = -0.197414865002  entropy = 3.44675556813e-07
    sigma = 0.005  Optimized mu_beta  = -0.199949102163  entropy = 3.44675556813e-07
    Total E(T) = -12114.048132781  Free energy = -12114.0481327827  E0 = -12114.0481327818
cycle= 5 E= -12114.048132781  delta_E= -7.19e-06  |g|= 0.0109  |ddm|= 5.08
    sigma = 0.005  Optimized mu_alpha = -0.197401306476  entropy = 3.44725696419e-07
    sigma = 0.005  Optimized mu_beta  = -0.199935383056  entropy = 3.44725696419e-07
    Total E(T) = -12114.0481356326  Free energy = -12114.0481356343  E0 = -12114.0481356335
cycle= 6 E= -12114.0481356326  delta_E= -2.85e-06  |g|= 0.0065  |ddm|= 3.49
    sigma = 0.005  Optimized mu_alpha = -0.297022835226  entropy = 12.8698520893
    sigma = 0.005  Optimized mu_beta  = -0.299903099008  entropy = 12.8698520893
    Total E(T) = -12114.0128271818  Free energy = -12114.0771764423  E0 = -12114.0450018121
Extra cycle  E= -12114.0128271818  delta_E= 0.0353  |g|= 0.226  |ddm|=  934
converged SCF energy = -12114.0128271818  <S^2> = 2.0138645  2S+1 = 3.0092288
[timing] right/Al ensemble SCF = 910.7s
[timing] collect state = 0.0s
[timing] checkpoint save = 0.0s
[phase1] step=1/5 L=-12262.07988893 Ef=-12262.09048272 |grad|=1.36016e-02 |db|=1.36016e-02 t=1157.1s
dm0 check [[[ 1.51510539e-09  2.24390407e-08  1.89788584e-07 ... -1.14716793e-07
    7.42480591e-07  6.64925537e-08]
  [ 2.24390407e-08  3.34442860e-07  2.75065447e-06 ... -1.77763476e-06
    1.10111116e-05  1.04754946e-06]
  [ 1.89788584e-07  2.75065447e-06  2.57236015e-05 ... -1.02767709e-05
    9.27874012e-05  4.99858660e-06]
  ...
  [-1.14716793e-07 -1.77763476e-06 -1.02767709e-05 ...  2.27166818e-04
    1.81897022e-06 -1.91352427e-04]
  [ 7.42480591e-07  1.10111116e-05  9.27874012e-05 ...  1.81897022e-06
    4.79983561e-04 -1.62425374e-06]
  [ 6.64925537e-08  1.04754946e-06  4.99858660e-06 ... -1.91352427e-04
   -1.62425374e-06  6.55608417e-04]]

 [[ 2.14412926e-09  3.18476687e-08  2.65524476e-07 ... -7.48678675e-08
    1.03578378e-06  2.38417798e-08]
  [ 3.18476687e-08  4.74249422e-07  3.91398393e-06 ... -9.93071944e-07
    1.53190952e-05  2.50124817e-07]
  [ 2.65524476e-07  3.91398393e-06  3.37626381e-05 ... -1.10139777e-05
    1.30901684e-04  4.52845690e-06]
  ...
  [-7.48678675e-08 -9.93071944e-07 -1.10139777e-05 ...  2.49604988e-04
    2.27945400e-06 -2.10130920e-04]
  [ 1.03578378e-06  1.53190952e-05  1.30901684e-04 ...  2.27945400e-06
    5.52938192e-04 -2.04465529e-06]
  [ 2.38417798e-08  2.50124817e-07  4.52845690e-06 ... -2.10130920e-04
   -2.04465529e-06  7.46013266e-04]]]
converged SCF energy = -150.226693714539  <S^2> = 2.0045398  2S+1 = 3.003025
dm0 check [[[ 1.14663927e-09  1.70906963e-08  1.38764383e-07 ... -8.06351991e-08
    6.25424907e-07  4.57094748e-08]
  [ 1.70906963e-08  2.56142401e-07  2.02970512e-06 ... -1.06203847e-06
    9.18297648e-06  7.18610580e-07]
  [ 1.38764383e-07  2.02970512e-06  1.80711277e-05 ... -1.26954868e-05
    8.12953223e-05  3.19992557e-06]
  ...
  [-8.06351991e-08 -1.06203847e-06 -1.26954868e-05 ...  2.39056590e-04
   -1.61628522e-06 -1.68273569e-04]
  [ 6.25424907e-07  9.18297648e-06  8.12953223e-05 ... -1.61628522e-06
    4.44991768e-04 -4.05797461e-06]
  [ 4.57094748e-08  7.18610580e-07  3.19992557e-06 ... -1.68273569e-04
   -4.05797461e-06  5.95720304e-04]]

 [[ 2.52991917e-08  3.84988468e-07  2.83081238e-06 ... -1.48521070e-07
    1.05980491e-07  7.43608026e-08]
  [ 3.84988468e-07  5.85993601e-06  4.30397101e-05 ... -2.17883477e-06
    1.18474495e-06  1.05238318e-06]
  [ 2.83081238e-06  4.30397101e-05  3.17944269e-04 ... -1.75046016e-05
    2.68826267e-05  9.38690536e-06]
  ...
  [-1.48521070e-07 -2.17883477e-06 -1.75046016e-05 ...  2.30576224e-04
    2.09094784e-07 -1.91668407e-04]
  [ 1.05980491e-07  1.18474495e-06  2.68826267e-05 ...  2.09094784e-07
    4.63234853e-04 -3.50197083e-06]
  [ 7.43608026e-08  1.05238318e-06  9.38690536e-06 ... -1.91668407e-04
   -3.50197083e-06  6.49562330e-04]]]
converged SCF energy = -150.244985829812  <S^2> = 0.92979458  2S+1 = 2.172367
[timing] left/O ensemble SCF = 14.5s
dm0 check [[ 3.79532342e-01  6.12213229e-01 -1.25195133e-01 ...  2.40359190e-05
   1.38810007e-05 -4.80097963e-05]
 [ 6.12213229e-01  1.01511736e+00 -3.33970055e-01 ...  6.55256782e-05
   3.66290047e-05 -1.30056717e-04]
 [-1.25195133e-01 -3.33970055e-01  6.75087394e-01 ... -1.58066956e-04
  -8.87065659e-05  3.14730867e-04]
 ...
 [ 2.40359190e-05  6.55256782e-05 -1.58066956e-04 ...  1.24247471e-05
   6.12026488e-06 -2.56848174e-05]
 [ 1.38810007e-05  3.66290047e-05 -8.87065659e-05 ...  6.12026488e-06
   4.55949734e-06 -1.45268055e-05]
 [-4.80097963e-05 -1.30056717e-04  3.14730867e-04 ... -2.56848174e-05
  -1.45268055e-05  6.10993633e-05]]


******** <class 'pyscf.scf.addons.SmearingDFRKS'> ********
method = SmearingDFRKS
initial guess = minao
damping factor = 0.15
level_shift factor = 0.2
DIIS = <class 'pyscf.scf.diis.CDIIS'>
diis_start_cycle = 1
diis_space = 12
diis_damp = 0
SCF conv_tol = 5e-05
SCF conv_tol_grad = None
SCF max_cycles = 200
direct_scf = True
direct_scf_tol = 1e-13
chkfile to save SCF result = /tmp/tmp7x_rp33_
max_memory 4000 MB (current use 86767 MB)
XC library pyscf.dft.libxc version 6.1.0
    S. Lehtola, C. Steigemann, M. J.T. Oliveira, and M. A.L. Marques.,  SoftwareX 7, 1–5 (2018)
XC functionals = pbe
    J. P. Perdew, K. Burke, and M. Ernzerhof.,  Phys. Rev. Lett. 77, 3865 (1996)
    J. P. Perdew, K. Burke, and M. Ernzerhof.,  Phys. Rev. Lett. 78, 1396 (1997)
    J. P. Perdew, K. Burke, and M. Ernzerhof.,  Phys. Rev. Lett. 77, 3865 (1996)
    J. P. Perdew, K. Burke, and M. Ernzerhof.,  Phys. Rev. Lett. 78, 1396 (1997)
small_rho_cutoff = 1e-06
Set gradient conv threshold to 0.00707107
    Total E(T) = -12114.5162158346  Free energy = -12115.5498091841  E0 = -12115.0330125093
init E= -12114.5162158346
    sigma = 0.02  Optimized mu = -0.0528978439679  entropy = 1.53574339231
    Total E(T) = -12114.5162043527  Free energy = -12114.5469192206  E0 = -12114.5315617867
cycle= 1 E= -12114.5162043527  delta_E= 1.15e-05  |g|= 0.0251  |ddm|= 32.9
    sigma = 0.02  Optimized mu = -0.0529413061212  entropy = 1.53750564924
    Total E(T) = -12114.5160106205  Free energy = -12114.5467607335  E0 = -12114.531385677
cycle= 2 E= -12114.5160106205  delta_E= 0.000194  |g|= 0.0841  |ddm|= 96.8
    sigma = 0.02  Optimized mu = -0.052886084758  entropy = 1.53627124692
    Total E(T) = -12114.5161398545  Free energy = -12114.5468652794  E0 = -12114.5315025669
cycle= 3 E= -12114.5161398545  delta_E= -0.000129  |g|= 0.041  |ddm|= 37.2
    sigma = 0.02  Optimized mu = -0.0528891192855  entropy = 1.53616519101
    Total E(T) = -12114.5161887233  Free energy = -12114.5469120271  E0 = -12114.5315503752
cycle= 4 E= -12114.5161887233  delta_E= -4.89e-05  |g|= 0.0259  |ddm|= 16.3
    sigma = 0.02  Optimized mu = -0.0528884458435  entropy = 1.53613675049
    Total E(T) = -12114.5162089433  Free energy = -12114.5469316783  E0 = -12114.5315703108
cycle= 5 E= -12114.5162089433  delta_E= -2.02e-05  |g|= 0.0162  |ddm|= 11.6
    sigma = 0.02  Optimized mu = -0.0528879628257  entropy = 1.53611959019
    Total E(T) = -12114.5162173007  Free energy = -12114.5469396925  E0 = -12114.5315784966
cycle= 6 E= -12114.5162173007  delta_E= -8.36e-06  |g|= 0.0106  |ddm|= 7.27
    sigma = 0.02  Optimized mu = -0.0528818638008  entropy = 1.53613982959
    Total E(T) = -12114.5162208298  Free energy = -12114.5469436264  E0 = -12114.5315822281
cycle= 7 E= -12114.5162208298  delta_E= -3.53e-06  |g|= 0.00641  |ddm|= 4.44
    sigma = 0.02  Optimized mu = -0.152993347989  entropy = 51.6723501694
    Total E(T) = -12113.9822297458  Free energy = -12115.0156767492  E0 = -12114.4989532475
Extra cycle  E= -12113.9822297458  delta_E= 0.534  |g|= 0.41  |ddm|= 4.39e+03
converged SCF energy = -12113.9822297458
dm0 check [[[ 1.89788056e-01  3.06165207e-01 -6.27351249e-02 ...  9.41368452e-06
    5.45335750e-06 -2.11018069e-05]
  [ 3.06165207e-01  5.07714476e-01 -1.67349012e-01 ...  2.57319507e-05
    1.42974537e-05 -5.71735547e-05]
  [-6.27351249e-02 -1.67349012e-01  3.38385845e-01 ... -6.19417719e-05
   -3.45715314e-05  1.38118038e-04]
  ...
  [ 9.41368452e-06  2.57319507e-05 -6.19417719e-05 ...  3.59335482e-06
    1.61455493e-06 -8.31911407e-06]
  [ 5.45335750e-06  1.42974537e-05 -3.45715314e-05 ...  1.61455493e-06
    1.47082207e-06 -4.73175590e-06]
  [-2.11018069e-05 -5.71735547e-05  1.38118038e-04 ... -8.31911407e-06
   -4.73175590e-06  2.33736030e-05]]

 [[ 1.89767250e-01  3.06108495e-01 -6.26064683e-02 ...  1.04884888e-05
    6.28187125e-06 -2.27348124e-05]
  [ 3.06108495e-01  5.07563041e-01 -1.67009502e-01 ...  2.86467304e-05
    1.65466133e-05 -6.16226008e-05]
  [-6.26064683e-02 -1.67009502e-01  3.37627452e-01 ... -6.91470554e-05
   -4.01510775e-05  1.49309560e-04]
  ...
  [ 1.04884888e-05  2.86467304e-05 -6.91470554e-05 ...  3.97337861e-06
    1.86382646e-06 -9.14768823e-06]
  [ 6.28187125e-06  1.65466133e-05 -4.01510775e-05 ...  1.86382646e-06
    1.64676505e-06 -5.30595966e-06]
  [-2.27348124e-05 -6.16226008e-05  1.49309560e-04 ... -9.14768823e-06
   -5.30595966e-06  2.51256989e-05]]]


******** <class 'pyscf.scf.addons.SmearingDFUKS'> ********
method = SmearingDFUKS
initial guess = minao
damping factor = 0.15
level_shift factor = 0.2
DIIS = <class 'pyscf.scf.diis.CDIIS'>
diis_start_cycle = 1
diis_space = 12
diis_damp = 0
SCF conv_tol = 5e-05
SCF conv_tol_grad = None
SCF max_cycles = 200
direct_scf = True
direct_scf_tol = 1e-13
chkfile to save SCF result = /tmp/tmpbszzidgs
max_memory 4000 MB (current use 87085 MB)
number electrons alpha = 325  beta = 323
XC library pyscf.dft.libxc version 6.1.0
    S. Lehtola, C. Steigemann, M. J.T. Oliveira, and M. A.L. Marques.,  SoftwareX 7, 1–5 (2018)
XC functionals = pbe
    J. P. Perdew, K. Burke, and M. Ernzerhof.,  Phys. Rev. Lett. 77, 3865 (1996)
    J. P. Perdew, K. Burke, and M. Ernzerhof.,  Phys. Rev. Lett. 78, 1396 (1997)
    J. P. Perdew, K. Burke, and M. Ernzerhof.,  Phys. Rev. Lett. 77, 3865 (1996)
    J. P. Perdew, K. Burke, and M. Ernzerhof.,  Phys. Rev. Lett. 78, 1396 (1997)
small_rho_cutoff = 1e-06
Set gradient conv threshold to 0.00707107
    Total E(T) = -12114.0727125335  Free energy = -12114.137061794  E0 = -12114.1048871638
init E= -12114.0727125335
    sigma = 0.005  Optimized mu_alpha = -0.197488239429  entropy = 3.44877072299e-07
    sigma = 0.005  Optimized mu_beta  = -0.20001736355  entropy = 3.44877072299e-07
    Total E(T) = -12114.0727016656  Free energy = -12114.0727016673  E0 = -12114.0727016665
cycle= 1 E= -12114.0727016656  delta_E= 1.09e-05  |g|= 0.0281  |ddm|= 18.8
    sigma = 0.005  Optimized mu_alpha = -0.197242399884  entropy = 3.44696145188e-07
    sigma = 0.005  Optimized mu_beta  = -0.199788860281  entropy = 3.44696145188e-07
    Total E(T) = -12114.0725972447  Free energy = -12114.0725972464  E0 = -12114.0725972456
cycle= 2 E= -12114.0725972447  delta_E= 0.000104  |g|= 0.0804  |ddm|= 48.6
    sigma = 0.005  Optimized mu_alpha = -0.197408395105  entropy = 3.44636494292e-07
    sigma = 0.005  Optimized mu_beta  = -0.199943181987  entropy = 3.44636494292e-07
    Total E(T) = -12114.0726718344  Free energy = -12114.0726718361  E0 = -12114.0726718353
cycle= 3 E= -12114.0726718344  delta_E= -7.46e-05  |g|= 0.0373  |ddm|= 16.3
    sigma = 0.005  Optimized mu_alpha = -0.197411969181  entropy = 3.44717223062e-07
    sigma = 0.005  Optimized mu_beta  = -0.199945066825  entropy = 3.44717223062e-07
    Total E(T) = -12114.0727003658  Free energy = -12114.0727003676  E0 = -12114.0727003667
cycle= 4 E= -12114.0727003658  delta_E= -2.85e-05  |g|= 0.0223  |ddm|= 8.78
    sigma = 0.005  Optimized mu_alpha = -0.19741699688  entropy = 3.4466340557e-07
    sigma = 0.005  Optimized mu_beta  = -0.199950272953  entropy = 3.4466340557e-07
    Total E(T) = -12114.0727109684  Free energy = -12114.0727109701  E0 = -12114.0727109692
cycle= 5 E= -12114.0727109684  delta_E= -1.06e-05  |g|= 0.0139  |ddm|= 5.63
    sigma = 0.005  Optimized mu_alpha = -0.197404869174  entropy = 3.44706102187e-07
    sigma = 0.005  Optimized mu_beta  = -0.199938045609  entropy = 3.44706102187e-07
    Total E(T) = -12114.0727152124  Free energy = -12114.0727152142  E0 = -12114.0727152133
cycle= 6 E= -12114.0727152124  delta_E= -4.24e-06  |g|= 0.00844  |ddm|= 3.87
    sigma = 0.005  Optimized mu_alpha = -0.197404608568  entropy = 3.44656106427e-07
    sigma = 0.005  Optimized mu_beta  = -0.199938213347  entropy = 3.44656106427e-07
    Total E(T) = -12114.0727169705  Free energy = -12114.0727169722  E0 = -12114.0727169714
cycle= 7 E= -12114.0727169705  delta_E= -1.76e-06  |g|= 0.00495  |ddm|= 2.21
    sigma = 0.005  Optimized mu_alpha = -0.297012596498  entropy = 12.8663307385
    sigma = 0.005  Optimized mu_beta  = -0.299893472481  entropy = 12.8663307385
    Total E(T) = -12114.0375875469  Free energy = -12114.1019192006  E0 = -12114.0697533738
Extra cycle  E= -12114.0375875469  delta_E= 0.0351  |g|= 0.212  |ddm|=  935
converged SCF energy = -12114.0375875469  <S^2> = 2.0138614  2S+1 = 3.0092268
[timing] right/Al ensemble SCF = 970.5s
[timing] collect state = 0.0s
[timing] checkpoint save = 0.1s
[phase1] step=2/5 L=-12262.16469339 Ef=-12262.17607628 |grad|=1.32659e-02 |db|=1.32659e-02 t=990.2s
dm0 check [[[ 1.51511142e-09  2.24391254e-08  1.89789561e-07 ... -1.14719027e-07
    7.42476491e-07  6.64943648e-08]
  [ 2.24391254e-08  3.34443992e-07  2.75066910e-06 ... -1.77767180e-06
    1.10110522e-05  1.04757955e-06]
  [ 1.89789561e-07  2.75066910e-06  2.57237476e-05 ... -1.02769946e-05
    9.27868755e-05  4.99876704e-06]
  ...
  [-1.14719027e-07 -1.77767180e-06 -1.02769946e-05 ...  2.27166708e-04
    1.81896838e-06 -1.91352285e-04]
  [ 7.42476491e-07  1.10110522e-05  9.27868755e-05 ...  1.81896838e-06
    4.79980334e-04 -1.62432356e-06]
  [ 6.64943648e-08  1.04757955e-06  4.99876704e-06 ... -1.91352285e-04
   -1.62432356e-06  6.55604999e-04]]

 [[ 2.14412007e-09  3.18475347e-08  2.65523309e-07 ... -7.48705567e-08
    1.03578174e-06  2.38437832e-08]
  [ 3.18475347e-08  4.74247460e-07  3.91396668e-06 ... -9.93113700e-07
    1.53190651e-05  2.50156053e-07]
  [ 2.65523309e-07  3.91396668e-06  3.37625059e-05 ... -1.10142815e-05
    1.30901449e-04  4.52867684e-06]
  ...
  [-7.48705567e-08 -9.93113700e-07 -1.10142815e-05 ...  2.49604219e-04
    2.27938802e-06 -2.10130234e-04]
  [ 1.03578174e-06  1.53190651e-05  1.30901449e-04 ...  2.27938802e-06
    5.52938805e-04 -2.04467203e-06]
  [ 2.38437832e-08  2.50156053e-07  4.52867684e-06 ... -2.10130234e-04
   -2.04467203e-06  7.46013382e-04]]]
converged SCF energy = -150.22669371454  <S^2> = 2.0045398  2S+1 = 3.003025
dm0 check [[[ 1.14644043e-09  1.70875533e-08  1.38757202e-07 ... -8.06195898e-08
    6.25424546e-07  4.56943851e-08]
  [ 1.70875533e-08  2.56093598e-07  2.02957957e-06 ... -1.06182913e-06
    9.18294702e-06  7.18429121e-07]
  [ 1.38757202e-07  2.02957957e-06  1.80710819e-05 ... -1.26945917e-05
    8.12960528e-05  3.19915114e-06]
  ...
  [-8.06195898e-08 -1.06182913e-06 -1.26945917e-05 ...  2.39058219e-04
   -1.61590734e-06 -1.68277561e-04]
  [ 6.25424546e-07  9.18294702e-06  8.12960528e-05 ... -1.61590734e-06
    4.44997716e-04 -4.05929866e-06]
  [ 4.56943851e-08  7.18429121e-07  3.19915114e-06 ... -1.68277561e-04
   -4.05929866e-06  5.95725214e-04]]

 [[ 2.53036790e-08  3.85050753e-07  2.83126579e-06 ... -1.48564615e-07
    1.05907478e-07  7.43836339e-08]
  [ 3.85050753e-07  5.86079318e-06  4.30459256e-05 ... -2.17962739e-06
    1.18345893e-06  1.05280689e-06]
  [ 2.83126579e-06  4.30459256e-05  3.17989580e-04 ... -1.75086853e-05
    2.68751830e-05  9.38988858e-06]
  ...
  [-1.48564615e-07 -2.17962739e-06 -1.75086853e-05 ...  2.30571795e-04
    2.09025570e-07 -1.91673883e-04]
  [ 1.05907478e-07  1.18345893e-06  2.68751830e-05 ...  2.09025570e-07
    4.63241178e-04 -3.50232729e-06]
  [ 7.43836339e-08  1.05280689e-06  9.38988858e-06 ... -1.91673883e-04
   -3.50232729e-06  6.49569815e-04]]]
converged SCF energy = -150.24498582983  <S^2> = 0.92979806  2S+1 = 2.1723702
[timing] left/O ensemble SCF = 11.6s
dm0 check [[ 3.79531839e-01  6.12213168e-01 -1.25195197e-01 ...  2.39306962e-05
   1.39695478e-05 -4.79618340e-05]
 [ 6.12213168e-01  1.01511908e+00 -3.33972634e-01 ...  6.52425084e-05
   3.68678913e-05 -1.29928233e-04]
 [-1.25195197e-01 -3.33972634e-01  6.75095161e-01 ... -1.57383711e-04
  -8.92859576e-05  3.14424723e-04]
 ...
 [ 2.39306962e-05  6.52425084e-05 -1.57383711e-04 ...  1.21527912e-05
   6.05378291e-06 -2.52777441e-05]
 [ 1.39695478e-05  3.68678913e-05 -8.92859576e-05 ...  6.05378291e-06
   4.57516951e-06 -1.44768868e-05]
 [-4.79618340e-05 -1.29928233e-04  3.14424723e-04 ... -2.52777441e-05
  -1.44768868e-05  6.06486795e-05]]


******** <class 'pyscf.scf.addons.SmearingDFRKS'> ********
method = SmearingDFRKS
initial guess = minao
damping factor = 0.15
level_shift factor = 0.2
DIIS = <class 'pyscf.scf.diis.CDIIS'>
diis_start_cycle = 1
diis_space = 12
diis_damp = 0
SCF conv_tol = 5e-05
SCF conv_tol_grad = None
SCF max_cycles = 200
direct_scf = True
direct_scf_tol = 1e-13
chkfile to save SCF result = /tmp/tmp7x_rp33_
max_memory 4000 MB (current use 87179 MB)
XC library pyscf.dft.libxc version 6.1.0
    S. Lehtola, C. Steigemann, M. J.T. Oliveira, and M. A.L. Marques.,  SoftwareX 7, 1–5 (2018)
XC functionals = pbe
    J. P. Perdew, K. Burke, and M. Ernzerhof.,  Phys. Rev. Lett. 77, 3865 (1996)
    J. P. Perdew, K. Burke, and M. Ernzerhof.,  Phys. Rev. Lett. 78, 1396 (1997)
    J. P. Perdew, K. Burke, and M. Ernzerhof.,  Phys. Rev. Lett. 77, 3865 (1996)
    J. P. Perdew, K. Burke, and M. Ernzerhof.,  Phys. Rev. Lett. 78, 1396 (1997)
small_rho_cutoff = 1e-06
Set gradient conv threshold to 0.00707107
    Total E(T) = -12114.538614744  Free energy = -12115.5720617474  E0 = -12115.0553382457
init E= -12114.538614744
    sigma = 0.02  Optimized mu = -0.0528903156571  entropy = 1.53525809203
    Total E(T) = -12114.5385968626  Free energy = -12114.5693020244  E0 = -12114.5539494435
cycle= 1 E= -12114.5385968626  delta_E= 1.79e-05  |g|= 0.0297  |ddm|=   37
    sigma = 0.02  Optimized mu = -0.052924736549  entropy = 1.53735344266
    Total E(T) = -12114.5383268725  Free energy = -12114.5690739413  E0 = -12114.5537004069
cycle= 2 E= -12114.5383268725  delta_E= 0.00027  |g|=  0.1  |ddm|=  113
    sigma = 0.02  Optimized mu = -0.0528766501033  entropy = 1.53583907997
    Total E(T) = -12114.538503843  Free energy = -12114.5692206246  E0 = -12114.5538622338
cycle= 3 E= -12114.538503843  delta_E= -0.000177  |g|= 0.0499  |ddm|= 42.9
    sigma = 0.02  Optimized mu = -0.0528796572066  entropy = 1.5357259645
    Total E(T) = -12114.5385713206  Free energy = -12114.5692858399  E0 = -12114.5539285803
cycle= 4 E= -12114.5385713206  delta_E= -6.75e-05  |g|= 0.0322  |ddm|= 18.7
    sigma = 0.02  Optimized mu = -0.0528810284187  entropy = 1.53568531142
    Total E(T) = -12114.5385998622  Free energy = -12114.5693135685  E0 = -12114.5539567153
cycle= 5 E= -12114.5385998622  delta_E= -2.85e-05  |g|= 0.0209  |ddm|=   13
    sigma = 0.02  Optimized mu = -0.052879992238  entropy = 1.53567034713
    Total E(T) = -12114.5386124098  Free energy = -12114.5693258168  E0 = -12114.5539691133
cycle= 6 E= -12114.5386124098  delta_E= -1.25e-05  |g|= 0.0138  |ddm|= 7.26
    sigma = 0.02  Optimized mu = -0.0528727399911  entropy = 1.53568789126
    Total E(T) = -12114.5386179792  Free energy = -12114.569331737  E0 = -12114.5539748581
cycle= 7 E= -12114.5386179792  delta_E= -5.57e-06  |g|= 0.00868  |ddm|= 5.23
    sigma = 0.02  Optimized mu = -0.052877211979  entropy = 1.53566370642
    Total E(T) = -12114.5386204405  Free energy = -12114.5693337146  E0 = -12114.5539770775
cycle= 8 E= -12114.5386204405  delta_E= -2.46e-06  |g|= 0.00546  |ddm|= 4.44
    sigma = 0.02  Optimized mu = -0.152978380584  entropy = 51.668008937
    Total E(T) = -12114.004512026  Free energy = -12115.0378722047  E0 = -12114.5211921153
Extra cycle  E= -12114.004512026  delta_E= 0.534  |g|= 0.415  |ddm|= 4.38e+03
converged SCF energy = -12114.004512026
dm0 check [[[ 1.89787805e-01  3.06165178e-01 -6.27351498e-02 ...  9.35710619e-06
    5.48163854e-06 -2.10655611e-05]
  [ 3.06165178e-01  5.07715338e-01 -1.67350293e-01 ...  2.55796883e-05
    1.43737310e-05 -5.70762138e-05]
  [-6.27351498e-02 -1.67350293e-01  3.38389696e-01 ... -6.15747982e-05
   -3.47565971e-05  1.37885027e-04]
  ...
  [ 9.35710619e-06  2.55796883e-05 -6.15747982e-05 ...  3.51061361e-06
    1.59378775e-06 -8.18235511e-06]
  [ 5.48163854e-06  1.43737310e-05 -3.47565971e-05 ...  1.59378775e-06
    1.47644806e-06 -4.71581791e-06]
  [-2.10655611e-05 -5.70762138e-05  1.37885027e-04 ... -8.18235511e-06
   -4.71581791e-06  2.32273572e-05]]

 [[ 1.89766982e-01  3.06108430e-01 -6.26063997e-02 ...  1.04019589e-05
    6.30192707e-06 -2.26461831e-05]
  [ 3.06108430e-01  5.07563813e-01 -1.67010527e-01 ...  2.84136012e-05
    1.66007827e-05 -6.13839345e-05]
  [-6.26063997e-02 -1.67010527e-01  3.37630610e-01 ... -6.85833449e-05
   -4.02831788e-05  1.48733559e-04]
  ...
  [ 1.04019589e-05  2.84136012e-05 -6.85833449e-05 ...  3.85907020e-06
    1.82816431e-06 -8.95209497e-06]
  [ 6.30192707e-06  1.66007827e-05 -4.02831788e-05 ...  1.82816431e-06
    1.64557362e-06 -5.26239713e-06]
  [-2.26461831e-05 -6.13839345e-05  1.48733559e-04 ... -8.95209497e-06
   -5.26239713e-06  2.48683101e-05]]]


******** <class 'pyscf.scf.addons.SmearingDFUKS'> ********
method = SmearingDFUKS
initial guess = minao
damping factor = 0.15
level_shift factor = 0.2
DIIS = <class 'pyscf.scf.diis.CDIIS'>
diis_start_cycle = 1
diis_space = 12
diis_damp = 0
SCF conv_tol = 5e-05
SCF conv_tol_grad = None
SCF max_cycles = 200
direct_scf = True
direct_scf_tol = 1e-13
chkfile to save SCF result = /tmp/tmpbszzidgs
max_memory 4000 MB (current use 87216 MB)
number electrons alpha = 325  beta = 323
XC library pyscf.dft.libxc version 6.1.0
    S. Lehtola, C. Steigemann, M. J.T. Oliveira, and M. A.L. Marques.,  SoftwareX 7, 1–5 (2018)
XC functionals = pbe
    J. P. Perdew, K. Burke, and M. Ernzerhof.,  Phys. Rev. Lett. 77, 3865 (1996)
    J. P. Perdew, K. Burke, and M. Ernzerhof.,  Phys. Rev. Lett. 78, 1396 (1997)
    J. P. Perdew, K. Burke, and M. Ernzerhof.,  Phys. Rev. Lett. 77, 3865 (1996)
    J. P. Perdew, K. Burke, and M. Ernzerhof.,  Phys. Rev. Lett. 78, 1396 (1997)
small_rho_cutoff = 1e-06
Set gradient conv threshold to 0.00707107
    Total E(T) = -12114.095103717  Free energy = -12114.1594353707  E0 = -12114.1272695439
init E= -12114.095103717
    sigma = 0.005  Optimized mu_alpha = -0.197476633747  entropy = 3.44784154222e-07
    sigma = 0.005  Optimized mu_beta  = -0.200006391878  entropy = 3.44784154222e-07
    Total E(T) = -12114.0950973642  Free energy = -12114.095097366  E0 = -12114.0950973651
cycle= 1 E= -12114.0950973642  delta_E= 6.35e-06  |g|= 0.0222  |ddm|=   16
    sigma = 0.005  Optimized mu_alpha = -0.197284987688  entropy = 3.44574552719e-07
    sigma = 0.005  Optimized mu_beta  = -0.199828005245  entropy = 3.44574552719e-07
    Total E(T) = -12114.0950333081  Free energy = -12114.0950333098  E0 = -12114.0950333089
cycle= 2 E= -12114.0950333081  delta_E= 6.41e-05  |g|= 0.0632  |ddm|= 38.9
    sigma = 0.005  Optimized mu_alpha = -0.197409219392  entropy = 3.44616420318e-07
    sigma = 0.005  Optimized mu_beta  = -0.199943084038  entropy = 3.44616420318e-07
    Total E(T) = -12114.0950798388  Free energy = -12114.0950798405  E0 = -12114.0950798396
cycle= 3 E= -12114.0950798388  delta_E= -4.65e-05  |g|= 0.0287  |ddm|= 13.2
    sigma = 0.005  Optimized mu_alpha = -0.19741332275  entropy = 3.44679210969e-07
    sigma = 0.005  Optimized mu_beta  = -0.199945748319  entropy = 3.44679210969e-07
    Total E(T) = -12114.095097552  Free energy = -12114.0950975537  E0 = -12114.0950975528
cycle= 4 E= -12114.095097552  delta_E= -1.77e-05  |g|= 0.0167  |ddm|= 7.27
    sigma = 0.005  Optimized mu_alpha = -0.197418296944  entropy = 3.4460848962e-07
    sigma = 0.005  Optimized mu_beta  = -0.199951292312  entropy = 3.4460848962e-07
    Total E(T) = -12114.0951038378  Free energy = -12114.0951038395  E0 = -12114.0951038386
cycle= 5 E= -12114.0951038378  delta_E= -6.29e-06  |g|= 0.0103  |ddm|=  4.7
    sigma = 0.005  Optimized mu_alpha = -0.197407156297  entropy = 3.44649775931e-07
    sigma = 0.005  Optimized mu_beta  = -0.199940023376  entropy = 3.44649775931e-07
    Total E(T) = -12114.0951063032  Free energy = -12114.0951063049  E0 = -12114.095106304
cycle= 6 E= -12114.0951063032  delta_E= -2.47e-06  |g|= 0.00616  |ddm|= 3.16
    sigma = 0.005  Optimized mu_alpha = -0.297026274398  entropy = 12.8663308918
    sigma = 0.005  Optimized mu_beta  = -0.29990651481  entropy = 12.8663308918
    Total E(T) = -12114.0598643568  Free energy = -12114.1241960113  E0 = -12114.092030184
Extra cycle  E= -12114.0598643568  delta_E= 0.0352  |g|= 0.222  |ddm|=  934
converged SCF energy = -12114.0598643568  <S^2> = 2.0138606  2S+1 = 3.0092262
[timing] right/Al ensemble SCF = 940.6s
[timing] collect state = 0.0s
[timing] checkpoint save = 0.1s
[phase1] step=3/5 L=-12262.24547622 Ef=-12262.25757337 |grad|=1.29641e-02 |db|=1.29641e-02 t=959.1s
dm0 check [[[ 1.51511507e-09  2.24391764e-08  1.89790082e-07 ... -1.14718990e-07
    7.42477045e-07  6.64943306e-08]
  [ 2.24391764e-08  3.34444763e-07  2.75067587e-06 ... -1.77767125e-06
    1.10110602e-05  1.04757907e-06]
  [ 1.89790082e-07  2.75067587e-06  2.57238102e-05 ... -1.02769953e-05
    9.27869282e-05  4.99876750e-06]
  ...
  [-1.14718990e-07 -1.77767125e-06 -1.02769953e-05 ...  2.27166703e-04
    1.81897159e-06 -1.91352281e-04]
  [ 7.42477045e-07  1.10110602e-05  9.27869282e-05 ...  1.81897159e-06
    4.79980205e-04 -1.62432622e-06]
  [ 6.64943306e-08  1.04757907e-06  4.99876750e-06 ... -1.91352281e-04
   -1.62432622e-06  6.55604862e-04]]

 [[ 2.14412506e-09  3.18476057e-08  2.65523940e-07 ... -7.48707043e-08
    1.03578288e-06  2.38439018e-08]
  [ 3.18476057e-08  4.74248514e-07  3.91397520e-06 ... -9.93113263e-07
    1.53190814e-05  2.50155752e-07]
  [ 2.65523940e-07  3.91397520e-06  3.37625800e-05 ... -1.10142938e-05
    1.30901577e-04  4.52868661e-06]
  ...
  [-7.48707043e-08 -9.93113263e-07 -1.10142938e-05 ...  2.49604179e-04
    2.27939104e-06 -2.10130198e-04]
  [ 1.03578288e-06  1.53190814e-05  1.30901577e-04 ...  2.27939104e-06
    5.52938810e-04 -2.04467526e-06]
  [ 2.38439018e-08  2.50155752e-07  4.52868661e-06 ... -2.10130198e-04
   -2.04467526e-06  7.46013355e-04]]]
converged SCF energy = -150.22669371454  <S^2> = 2.0045398  2S+1 = 3.003025
dm0 check [[[ 1.14640389e-09  1.70870133e-08  1.38753939e-07 ... -8.06188010e-08
    6.25415508e-07  4.56897409e-08]
  [ 1.70870133e-08  2.56085856e-07  2.02952809e-06 ... -1.06182303e-06
    9.18280262e-06  7.18371405e-07]
  [ 1.38753939e-07  2.02952809e-06  1.80707535e-05 ... -1.26946238e-05
    8.12949622e-05  3.19865437e-06]
  ...
  [-8.06188010e-08 -1.06182303e-06 -1.26946238e-05 ...  2.39058491e-04
   -1.61625120e-06 -1.68274807e-04]
  [ 6.25415508e-07  9.18280262e-06  8.12949622e-05 ... -1.61625120e-06
    4.44994840e-04 -4.05993503e-06]
  [ 4.56897409e-08  7.18371405e-07  3.19865437e-06 ... -1.68274807e-04
   -4.05993503e-06  5.95722512e-04]]

 [[ 2.53036577e-08  3.85049032e-07  2.83126422e-06 ... -1.48564942e-07
    1.05891592e-07  7.43764913e-08]
  [ 3.85049032e-07  5.86074589e-06  4.30457436e-05 ... -2.17965303e-06
    1.18317950e-06  1.05272041e-06]
  [ 2.83126422e-06  4.30457436e-05  3.17989433e-04 ... -1.75089510e-05
    2.68727894e-05  9.38929286e-06]
  ...
  [-1.48564942e-07 -2.17965303e-06 -1.75089510e-05 ...  2.30571546e-04
    2.08965287e-07 -1.91670976e-04]
  [ 1.05891592e-07  1.18317950e-06  2.68727894e-05 ...  2.08965287e-07
    4.63237986e-04 -3.50230113e-06]
  [ 7.43764913e-08  1.05272041e-06  9.38929286e-06 ... -1.91670976e-04
   -3.50230113e-06  6.49568405e-04]]]
converged SCF energy = -150.244985829834  <S^2> = 0.92979734  2S+1 = 2.1723695
[timing] left/O ensemble SCF = 13.9s
dm0 check [[ 3.79532734e-01  6.12213802e-01 -1.25196649e-01 ...  2.38321706e-05
   1.40565929e-05 -4.79219784e-05]
 [ 6.12213802e-01  1.01511934e+00 -3.33977208e-01 ...  6.49771422e-05
   3.71027473e-05 -1.29821245e-04]
 [-1.25196649e-01 -3.33977208e-01  6.75107641e-01 ... -1.56744144e-04
  -8.98564611e-05  3.14172214e-04]
 ...
 [ 2.38321706e-05  6.49771422e-05 -1.56744144e-04 ...  1.19011272e-05
   5.99353078e-06 -2.49036359e-05]
 [ 1.40565929e-05  3.71027473e-05 -8.98564611e-05 ...  5.99353078e-06
   4.59250906e-06 -1.44367701e-05]
 [-4.79219784e-05 -1.29821245e-04  3.14172214e-04 ... -2.49036359e-05
  -1.44367701e-05  6.02497884e-05]]


******** <class 'pyscf.scf.addons.SmearingDFRKS'> ********
method = SmearingDFRKS
initial guess = minao
damping factor = 0.15
level_shift factor = 0.2
DIIS = <class 'pyscf.scf.diis.CDIIS'>
diis_start_cycle = 1
diis_space = 12
diis_damp = 0
SCF conv_tol = 5e-05
SCF conv_tol_grad = None
SCF max_cycles = 200
direct_scf = True
direct_scf_tol = 1e-13
chkfile to save SCF result = /tmp/tmp7x_rp33_
max_memory 4000 MB (current use 87198 MB)
XC library pyscf.dft.libxc version 6.1.0
    S. Lehtola, C. Steigemann, M. J.T. Oliveira, and M. A.L. Marques.,  SoftwareX 7, 1–5 (2018)
XC functionals = pbe
    J. P. Perdew, K. Burke, and M. Ernzerhof.,  Phys. Rev. Lett. 77, 3865 (1996)
    J. P. Perdew, K. Burke, and M. Ernzerhof.,  Phys. Rev. Lett. 78, 1396 (1997)
    J. P. Perdew, K. Burke, and M. Ernzerhof.,  Phys. Rev. Lett. 77, 3865 (1996)
    J. P. Perdew, K. Burke, and M. Ernzerhof.,  Phys. Rev. Lett. 78, 1396 (1997)
small_rho_cutoff = 1e-06
Set gradient conv threshold to 0.00707107
    Total E(T) = -12114.5598286358  Free energy = -12115.5931888145  E0 = -12115.0765087252
init E= -12114.5598286358
    sigma = 0.02  Optimized mu = -0.0528755146912  entropy = 1.53494536135
    Total E(T) = -12114.5598171678  Free energy = -12114.590516075  E0 = -12114.5751666214
cycle= 1 E= -12114.5598171678  delta_E= 1.15e-05  |g|= 0.0246  |ddm|= 29.8
    sigma = 0.02  Optimized mu = -0.0529376527571  entropy = 1.53644452882
    Total E(T) = -12114.5596314538  Free energy = -12114.5903603444  E0 = -12114.5749958991
cycle= 2 E= -12114.5596314538  delta_E= 0.000186  |g|= 0.0828  |ddm|=   92
    sigma = 0.02  Optimized mu = -0.0528698726578  entropy = 1.53538788035
    Total E(T) = -12114.5597529326  Free energy = -12114.5904606902  E0 = -12114.5751068114
cycle= 3 E= -12114.5597529326  delta_E= -0.000121  |g|= 0.0413  |ddm|= 35.7
    sigma = 0.02  Optimized mu = -0.052871885309  entropy = 1.53530345078
    Total E(T) = -12114.559799472  Free energy = -12114.590505541  E0 = -12114.5751525065
cycle= 4 E= -12114.559799472  delta_E= -4.65e-05  |g|= 0.0266  |ddm|= 15.4
    sigma = 0.02  Optimized mu = -0.0528718959459  entropy = 1.53527579236
    Total E(T) = -12114.5598192863  Free energy = -12114.5905248021  E0 = -12114.5751720442
cycle= 5 E= -12114.5598192863  delta_E= -1.98e-05  |g|= 0.0171  |ddm|= 10.4
    sigma = 0.02  Optimized mu = -0.052872885471  entropy = 1.53525455653
    Total E(T) = -12114.5598279086  Free energy = -12114.5905329997  E0 = -12114.5751804541
cycle= 6 E= -12114.5598279086  delta_E= -8.62e-06  |g|= 0.0113  |ddm|=  6.2
    sigma = 0.02  Optimized mu = -0.0528647703146  entropy = 1.53528138504
    Total E(T) = -12114.5598316421  Free energy = -12114.5905372698  E0 = -12114.5751844559
cycle= 7 E= -12114.5598316421  delta_E= -3.73e-06  |g|= 0.00724  |ddm|= 4.26
    sigma = 0.02  Optimized mu = -0.0528698075321  entropy = 1.53525343254
    Total E(T) = -12114.5598333992  Free energy = -12114.5905384679  E0 = -12114.5751859336
cycle= 8 E= -12114.5598333992  delta_E= -1.76e-06  |g|= 0.0044  |ddm|= 3.51
    sigma = 0.02  Optimized mu = -0.152966603756  entropy = 51.6640089577
    Total E(T) = -12114.0256166252  Free energy = -12115.0588968043  E0 = -12114.5422567148
Extra cycle  E= -12114.0256166252  delta_E= 0.534  |g|= 0.421  |ddm|= 4.38e+03
converged SCF energy = -12114.0256166252
dm0 check [[[ 1.89788247e-01  3.06165475e-01 -6.27358306e-02 ...  9.32005530e-06
    5.51682026e-06 -2.10493377e-05]
  [ 3.06165475e-01  5.07715410e-01 -1.67352455e-01 ...  2.54799474e-05
    1.44686205e-05 -5.70326746e-05]
  [-6.27358306e-02 -1.67352455e-01  3.38395652e-01 ... -6.13349175e-05
   -3.49869198e-05  1.37782672e-04]
  ...
  [ 9.32005530e-06  2.54799474e-05 -6.13349175e-05 ...  3.44906263e-06
    1.58214887e-06 -8.08290276e-06]
  [ 5.51682026e-06  1.44686205e-05 -3.49869198e-05 ...  1.58214887e-06
    1.48574565e-06 -4.71520116e-06]
  [-2.10493377e-05 -5.70326746e-05  1.37782672e-04 ... -8.08290276e-06
   -4.71520116e-06  2.31372907e-05]]

 [[ 1.89767404e-01  3.06108678e-01 -6.26069541e-02 ...  1.03467175e-05
    6.33540750e-06 -2.25951616e-05]
  [ 3.06108678e-01  5.07563755e-01 -1.67012348e-01 ...  2.82647505e-05
    1.66911739e-05 -6.12465463e-05]
  [-6.26069541e-02 -1.67012348e-01  3.37635688e-01 ... -6.82240637e-05
   -4.05033898e-05  1.48403779e-04]
  ...
  [ 1.03467175e-05  2.82647505e-05 -6.82240637e-05 ...  3.77789424e-06
    1.80792672e-06 -8.81638296e-06]
  [ 6.33540750e-06  1.66911739e-05 -4.05033898e-05 ...  1.80792672e-06
    1.65163879e-06 -5.24674260e-06]
  [-2.25951616e-05 -6.12465463e-05  1.48403779e-04 ... -8.81638296e-06
   -5.24674260e-06  2.47104930e-05]]]


******** <class 'pyscf.scf.addons.SmearingDFUKS'> ********
method = SmearingDFUKS
initial guess = minao
damping factor = 0.15
level_shift factor = 0.2
DIIS = <class 'pyscf.scf.diis.CDIIS'>
diis_start_cycle = 1
diis_space = 12
diis_damp = 0
SCF conv_tol = 5e-05
SCF conv_tol_grad = None
SCF max_cycles = 200
direct_scf = True
direct_scf_tol = 1e-13
chkfile to save SCF result = /tmp/tmpbszzidgs
max_memory 4000 MB (current use 87235 MB)
number electrons alpha = 325  beta = 323
XC library pyscf.dft.libxc version 6.1.0
    S. Lehtola, C. Steigemann, M. J.T. Oliveira, and M. A.L. Marques.,  SoftwareX 7, 1–5 (2018)
XC functionals = pbe
    J. P. Perdew, K. Burke, and M. Ernzerhof.,  Phys. Rev. Lett. 77, 3865 (1996)
    J. P. Perdew, K. Burke, and M. Ernzerhof.,  Phys. Rev. Lett. 78, 1396 (1997)
    J. P. Perdew, K. Burke, and M. Ernzerhof.,  Phys. Rev. Lett. 77, 3865 (1996)
    J. P. Perdew, K. Burke, and M. Ernzerhof.,  Phys. Rev. Lett. 78, 1396 (1997)
small_rho_cutoff = 1e-06
Set gradient conv threshold to 0.00707107
    Total E(T) = -12114.1163051333  Free energy = -12114.1806367878  E0 = -12114.1484709606
init E= -12114.1163051333
    sigma = 0.005  Optimized mu_alpha = -0.197490053007  entropy = 3.44783743873e-07
    sigma = 0.005  Optimized mu_beta  = -0.200018246504  entropy = 3.44783743873e-07
    Total E(T) = -12114.1162954534  Free energy = -12114.1162954551  E0 = -12114.1162954543
cycle= 1 E= -12114.1162954534  delta_E= 9.68e-06  |g|= 0.0263  |ddm|= 17.4
    sigma = 0.005  Optimized mu_alpha = -0.197255870861  entropy = 3.44610682574e-07
    sigma = 0.005  Optimized mu_beta  = -0.199800085744  entropy = 3.44610682574e-07
    Total E(T) = -12114.1162041446  Free energy = -12114.1162041463  E0 = -12114.1162041454
cycle= 2 E= -12114.1162041446  delta_E= 9.13e-05  |g|= 0.0753  |ddm|= 45.1
    sigma = 0.005  Optimized mu_alpha = -0.197413348991  entropy = 3.44565631997e-07
    sigma = 0.005  Optimized mu_beta  = -0.199946919227  entropy = 3.44565631997e-07
    Total E(T) = -12114.1162689502  Free energy = -12114.1162689519  E0 = -12114.1162689511
cycle= 3 E= -12114.1162689502  delta_E= -6.48e-05  |g|= 0.035  |ddm|=   15
    sigma = 0.005  Optimized mu_alpha = -0.197417135125  entropy = 3.44641105851e-07
    sigma = 0.005  Optimized mu_beta  = -0.199949141298  entropy = 3.44641105851e-07
    Total E(T) = -12114.116293826  Free energy = -12114.1162938277  E0 = -12114.1162938268
cycle= 4 E= -12114.116293826  delta_E= -2.49e-05  |g|= 0.0211  |ddm|= 8.04
    sigma = 0.005  Optimized mu_alpha = -0.197422367751  entropy = 3.44596333226e-07
    sigma = 0.005  Optimized mu_beta  = -0.199954454811  entropy = 3.44596333226e-07
    Total E(T) = -12114.1163031688  Free energy = -12114.1163031705  E0 = -12114.1163031696
cycle= 5 E= -12114.1163031688  delta_E= -9.34e-06  |g|= 0.0131  |ddm|= 5.08
    sigma = 0.005  Optimized mu_alpha = -0.197411828577  entropy = 3.44632636246e-07
    sigma = 0.005  Optimized mu_beta  = -0.199943853852  entropy = 3.44632636246e-07
    Total E(T) = -12114.1163069115  Free energy = -12114.1163069132  E0 = -12114.1163069124
cycle= 6 E= -12114.1163069115  delta_E= -3.74e-06  |g|= 0.00802  |ddm|= 3.54
    sigma = 0.005  Optimized mu_alpha = -0.197411160755  entropy = 3.44584961535e-07
    sigma = 0.005  Optimized mu_beta  = -0.199943655132  entropy = 3.44584961535e-07
    Total E(T) = -12114.1163084417  Free energy = -12114.1163084435  E0 = -12114.1163084426
cycle= 7 E= -12114.1163084417  delta_E= -1.53e-06  |g|= 0.00483  |ddm|= 2.09
    sigma = 0.005  Optimized mu_alpha = -0.297018861239  entropy = 12.8636327304
    sigma = 0.005  Optimized mu_beta  = -0.299899586404  entropy = 12.8636327304
    Total E(T) = -12114.0812121745  Free energy = -12114.1455303382  E0 = -12114.1133712564
Extra cycle  E= -12114.0812121745  delta_E= 0.0351  |g|= 0.211  |ddm|=  935
converged SCF energy = -12114.0812121745  <S^2> = 2.0138623  2S+1 = 3.0092273
[timing] right/Al ensemble SCF = 1019.9s
[timing] collect state = 0.0s
[timing] checkpoint save = 0.0s
[phase1] step=4/5 L=-12262.32300329 Ef=-12262.33573861 |grad|=1.27042e-02 |db|=1.27042e-02 t=1039.0s
dm0 check [[[ 1.51511345e-09  2.24391537e-08  1.89789845e-07 ... -1.14719041e-07
    7.42476856e-07  6.64943793e-08]
  [ 2.24391537e-08  3.34444425e-07  2.75067274e-06 ... -1.77767171e-06
    1.10110573e-05  1.04757954e-06]
  [ 1.89789845e-07  2.75067274e-06  2.57237806e-05 ... -1.02769975e-05
    9.27869110e-05  4.99876992e-06]
  ...
  [-1.14719041e-07 -1.77767171e-06 -1.02769975e-05 ...  2.27166714e-04
    1.81897069e-06 -1.91352291e-04]
  [ 7.42476856e-07  1.10110573e-05  9.27869110e-05 ...  1.81897069e-06
    4.79980266e-04 -1.62432538e-06]
  [ 6.64943793e-08  1.04757954e-06  4.99876992e-06 ... -1.91352291e-04
   -1.62432538e-06  6.55604932e-04]]

 [[ 2.14412288e-09  3.18475751e-08  2.65523668e-07 ... -7.48706513e-08
    1.03578247e-06  2.38438681e-08]
  [ 3.18475751e-08  4.74248065e-07  3.91397161e-06 ... -9.93113945e-07
    1.53190756e-05  2.50156401e-07]
  [ 2.65523668e-07  3.91397161e-06  3.37625491e-05 ... -1.10142914e-05
    1.30901535e-04  4.52868544e-06]
  ...
  [-7.48706513e-08 -9.93113945e-07 -1.10142914e-05 ...  2.49604200e-04
    2.27939015e-06 -2.10130218e-04]
  [ 1.03578247e-06  1.53190756e-05  1.30901535e-04 ...  2.27939015e-06
    5.52938890e-04 -2.04467291e-06]
  [ 2.38438681e-08  2.50156401e-07  4.52868544e-06 ... -2.10130218e-04
   -2.04467291e-06  7.46013452e-04]]]
converged SCF energy = -150.226693714539  <S^2> = 2.0045398  2S+1 = 3.003025
dm0 check [[[ 1.14641745e-09  1.70871841e-08  1.38754813e-07 ... -8.06196941e-08
    6.25417120e-07  4.56926965e-08]
  [ 1.70871841e-08  2.56087717e-07  2.02954043e-06 ... -1.06182579e-06
    9.18282741e-06  7.18406974e-07]
  [ 1.38754813e-07  2.02954043e-06  1.80708466e-05 ... -1.26946806e-05
    8.12951703e-05  3.19891372e-06]
  ...
  [-8.06196941e-08 -1.06182579e-06 -1.26946806e-05 ...  2.39058742e-04
   -1.61627707e-06 -1.68275179e-04]
  [ 6.25417120e-07  9.18282741e-06  8.12951703e-05 ... -1.61627707e-06
    4.44995293e-04 -4.05994829e-06]
  [ 4.56926965e-08  7.18406974e-07  3.19891372e-06 ... -1.68275179e-04
   -4.05994829e-06  5.95722691e-04]]

 [[ 2.53030872e-08  3.85041148e-07  2.83121281e-06 ... -1.48564709e-07
    1.05890540e-07  7.43821277e-08]
  [ 3.85041148e-07  5.86063793e-06  4.30450523e-05 ... -2.17963110e-06
    1.18320858e-06  1.05278733e-06]
  [ 2.83121281e-06  4.30450523e-05  3.17985100e-04 ... -1.75088049e-05
    2.68728932e-05  9.38978177e-06]
  ...
  [-1.48564709e-07 -2.17963110e-06 -1.75088049e-05 ...  2.30571482e-04
    2.08982238e-07 -1.91671362e-04]
  [ 1.05890540e-07  1.18320858e-06  2.68728932e-05 ...  2.08982238e-07
    4.63238233e-04 -3.50223686e-06]
  [ 7.43821277e-08  1.05278733e-06  9.38978177e-06 ... -1.91671362e-04
   -3.50223686e-06  6.49568189e-04]]]
converged SCF energy = -150.244985829831  <S^2> = 0.92979752  2S+1 = 2.1723697
[timing] left/O ensemble SCF = 11.4s
dm0 check [[ 3.79532423e-01  6.12213811e-01 -1.25196804e-01 ...  2.37598377e-05
   1.41526765e-05 -4.79080911e-05]
 [ 6.12213811e-01  1.01512073e+00 -3.33979686e-01 ...  6.47825724e-05
   3.73619474e-05 -1.29784534e-04]
 [-1.25196804e-01 -3.33979686e-01  6.75114971e-01 ... -1.56275108e-04
  -9.04849065e-05  3.14087775e-04]
 ...
 [ 2.37598377e-05  6.47825724e-05 -1.56275108e-04 ...  1.16952776e-05
   5.95288811e-06 -2.46023875e-05]
 [ 1.41526765e-05  3.73619474e-05 -9.04849065e-05 ...  5.95288811e-06
   4.61842829e-06 -1.44272022e-05]
 [-4.79080911e-05 -1.29784534e-04  3.14087775e-04 ... -2.46023875e-05
  -1.44272022e-05  5.99562990e-05]]


******** <class 'pyscf.scf.addons.SmearingDFRKS'> ********
method = SmearingDFRKS
initial guess = minao
damping factor = 0.15
level_shift factor = 0.2
DIIS = <class 'pyscf.scf.diis.CDIIS'>
diis_start_cycle = 1
diis_space = 12
diis_damp = 0
SCF conv_tol = 5e-05
SCF conv_tol_grad = None
SCF max_cycles = 200
direct_scf = True
direct_scf_tol = 1e-13
chkfile to save SCF result = /tmp/tmp7x_rp33_
max_memory 4000 MB (current use 87310 MB)
XC library pyscf.dft.libxc version 6.1.0
    S. Lehtola, C. Steigemann, M. J.T. Oliveira, and M. A.L. Marques.,  SoftwareX 7, 1–5 (2018)
XC functionals = pbe
    J. P. Perdew, K. Burke, and M. Ernzerhof.,  Phys. Rev. Lett. 77, 3865 (1996)
    J. P. Perdew, K. Burke, and M. Ernzerhof.,  Phys. Rev. Lett. 78, 1396 (1997)
    J. P. Perdew, K. Burke, and M. Ernzerhof.,  Phys. Rev. Lett. 77, 3865 (1996)
    J. P. Perdew, K. Burke, and M. Ernzerhof.,  Phys. Rev. Lett. 78, 1396 (1997)
small_rho_cutoff = 1e-06
Set gradient conv threshold to 0.00707107
    Total E(T) = -12114.5796149089  Free energy = -12115.6128950881  E0 = -12115.0962549985
init E= -12114.5796149089
    sigma = 0.02  Optimized mu = -0.0528639021256  entropy = 1.53465391041
    Total E(T) = -12114.5796082027  Free energy = -12114.6103012809  E0 = -12114.5949547418
cycle= 1 E= -12114.5796082027  delta_E= 6.71e-06  |g|= 0.0197  |ddm|= 25.3
    sigma = 0.02  Optimized mu = -0.0529452645697  entropy = 1.53567056871
    Total E(T) = -12114.5794863526  Free energy = -12114.6101997639  E0 = -12114.5948430583
cycle= 2 E= -12114.5794863526  delta_E= 0.000122  |g|= 0.0665  |ddm|= 75.6
    sigma = 0.02  Optimized mu = -0.0528641942954  entropy = 1.53498473205
    Total E(T) = -12114.5795670377  Free energy = -12114.6102667323  E0 = -12114.594916885
cycle= 3 E= -12114.5795670377  delta_E= -8.07e-05  |g|= 0.0326  |ddm|= 29.6
    sigma = 0.02  Optimized mu = -0.0528656390416  entropy = 1.53492059183
    Total E(T) = -12114.5795976399  Free energy = -12114.6102960518  E0 = -12114.5949468458
cycle= 4 E= -12114.5795976399  delta_E= -3.06e-05  |g|= 0.0208  |ddm|= 12.9
    sigma = 0.02  Optimized mu = -0.0528647502716  entropy = 1.53490045186
    Total E(T) = -12114.5796103044  Free energy = -12114.6103083134  E0 = -12114.5949593089
cycle= 5 E= -12114.5796103044  delta_E= -1.27e-05  |g|= 0.0132  |ddm|= 8.82
    sigma = 0.02  Optimized mu = -0.0528671006033  entropy = 1.53487573929
    Total E(T) = -12114.5796157688  Free energy = -12114.6103132836  E0 = -12114.5949645262
cycle= 6 E= -12114.5796157688  delta_E= -5.46e-06  |g|= 0.00853  |ddm|= 5.22
    sigma = 0.02  Optimized mu = -0.0528584284782  entropy = 1.53490866354
    Total E(T) = -12114.5796180061  Free energy = -12114.6103161793  E0 = -12114.5949670927
cycle= 7 E= -12114.5796180061  delta_E= -2.24e-06  |g|= 0.00538  |ddm|= 3.46
    sigma = 0.02  Optimized mu = -0.15296464643  entropy = 51.6578441896
    Total E(T) = -12114.0458278336  Free energy = -12115.0789847174  E0 = -12114.5624062755
Extra cycle  E= -12114.0458278336  delta_E= 0.534  |g|= 0.414  |ddm|= 4.37e+03
converged SCF energy = -12114.0458278336
dm0 check [[[ 1.89788090e-01  3.06165476e-01 -6.27358905e-02 ...  9.27941045e-06
    5.54912641e-06 -2.10306284e-05]
  [ 3.06165476e-01  5.07716098e-01 -1.67353654e-01 ...  2.53705934e-05
    1.45557417e-05 -5.69825478e-05]
  [-6.27358905e-02 -1.67353654e-01  3.38399200e-01 ... -6.10715048e-05
   -3.51980921e-05  1.37663482e-04]
  ...
  [ 9.27941045e-06  2.53705934e-05 -6.10715048e-05 ...  3.38567258e-06
    1.56887165e-06 -7.98042606e-06]
  [ 5.54912641e-06  1.45557417e-05 -3.51980921e-05 ...  1.56887165e-06
    1.49421538e-06 -4.71202256e-06]
  [-2.10306284e-05 -5.69825478e-05  1.37663482e-04 ... -7.98042606e-06
   -4.71202256e-06  2.30447669e-05]]

 [[ 1.89767233e-01  3.06108644e-01 -6.26069259e-02 ...  1.02875144e-05
    6.36513354e-06 -2.25411449e-05]
  [ 3.06108644e-01  5.07564356e-01 -1.67013308e-01 ...  2.81052918e-05
    1.67714244e-05 -6.11011970e-05]
  [-6.26069259e-02 -1.67013308e-01  3.37638602e-01 ... -6.78387433e-05
   -4.06986259e-05  1.48053746e-04]
  ...
  [ 1.02875144e-05  2.81052918e-05 -6.78387433e-05 ...  3.69584264e-06
    1.78612435e-06 -8.67913294e-06]
  [ 6.36513354e-06  1.67714244e-05 -4.06986259e-05 ...  1.78612435e-06
    1.65660650e-06 -5.22817363e-06]
  [-2.25411449e-05 -6.11011970e-05  1.48053746e-04 ... -8.67913294e-06
   -5.22817363e-06  2.45516044e-05]]]


******** <class 'pyscf.scf.addons.SmearingDFUKS'> ********
method = SmearingDFUKS
initial guess = minao
damping factor = 0.15
level_shift factor = 0.2
DIIS = <class 'pyscf.scf.diis.CDIIS'>
diis_start_cycle = 1
diis_space = 12
diis_damp = 0
SCF conv_tol = 5e-05
SCF conv_tol_grad = None
SCF max_cycles = 200
direct_scf = True
direct_scf_tol = 1e-13
chkfile to save SCF result = /tmp/tmpbszzidgs
max_memory 4000 MB (current use 87310 MB)
number electrons alpha = 325  beta = 323
XC library pyscf.dft.libxc version 6.1.0
    S. Lehtola, C. Steigemann, M. J.T. Oliveira, and M. A.L. Marques.,  SoftwareX 7, 1–5 (2018)
XC functionals = pbe
    J. P. Perdew, K. Burke, and M. Ernzerhof.,  Phys. Rev. Lett. 77, 3865 (1996)
    J. P. Perdew, K. Burke, and M. Ernzerhof.,  Phys. Rev. Lett. 78, 1396 (1997)
    J. P. Perdew, K. Burke, and M. Ernzerhof.,  Phys. Rev. Lett. 77, 3865 (1996)
    J. P. Perdew, K. Burke, and M. Ernzerhof.,  Phys. Rev. Lett. 78, 1396 (1997)
small_rho_cutoff = 1e-06
Set gradient conv threshold to 0.00707107
    Total E(T) = -12114.1360790142  Free energy = -12114.2003971779  E0 = -12114.168238096
init E= -12114.1360790142
    sigma = 0.005  Optimized mu_alpha = -0.197481160408  entropy = 3.44712408968e-07
    sigma = 0.005  Optimized mu_beta  = -0.200009757235  entropy = 3.44712408968e-07
    Total E(T) = -12114.1360732479  Free energy = -12114.1360732497  E0 = -12114.1360732488
cycle= 1 E= -12114.1360732479  delta_E= 5.77e-06  |g|= 0.0209  |ddm|= 14.2
    sigma = 0.005  Optimized mu_alpha = -0.197296457042  entropy = 3.4449519537e-07
    sigma = 0.005  Optimized mu_beta  = -0.199837779305  entropy = 3.4449519537e-07
    Total E(T) = -12114.1360160486  Free energy = -12114.1360160504  E0 = -12114.1360160495
cycle= 2 E= -12114.1360160486  delta_E= 5.72e-05  |g|= 0.06  |ddm|= 35.5
    sigma = 0.005  Optimized mu_alpha = -0.197415383824  entropy = 3.44541186111e-07
    sigma = 0.005  Optimized mu_beta  = -0.199948267758  entropy = 3.44541186111e-07
    Total E(T) = -12114.1360568773  Free energy = -12114.136056879  E0 = -12114.1360568781
cycle= 3 E= -12114.1360568773  delta_E= -4.08e-05  |g|= 0.0276  |ddm|=   12
    sigma = 0.005  Optimized mu_alpha = -0.197419921449  entropy = 3.44602359049e-07
    sigma = 0.005  Optimized mu_beta  = -0.199951430592  entropy = 3.44602359049e-07
    Total E(T) = -12114.1360726711  Free energy = -12114.1360726728  E0 = -12114.136072672
cycle= 4 E= -12114.1360726711  delta_E= -1.58e-05  |g|= 0.0164  |ddm|= 6.51
    sigma = 0.005  Optimized mu_alpha = -0.197425401852  entropy = 3.44550998099e-07
    sigma = 0.005  Optimized mu_beta  = -0.199957148239  entropy = 3.44550998099e-07
    Total E(T) = -12114.1360784833  Free energy = -12114.1360784851  E0 = -12114.1360784842
cycle= 5 E= -12114.1360784833  delta_E= -5.81e-06  |g|= 0.01  |ddm|= 3.91
    sigma = 0.005  Optimized mu_alpha = -0.197415747347  entropy = 3.44582850702e-07
    sigma = 0.005  Optimized mu_beta  = -0.199947505515  entropy = 3.44582850702e-07
    Total E(T) = -12114.1360807712  Free energy = -12114.1360807729  E0 = -12114.136080772
cycle= 6 E= -12114.1360807712  delta_E= -2.29e-06  |g|= 0.00607  |ddm|= 2.93
    sigma = 0.005  Optimized mu_alpha = -0.297033199386  entropy = 12.8640102746
    sigma = 0.005  Optimized mu_beta  = -0.29991331921  entropy = 12.8640102746
    Total E(T) = -12114.1008622888  Free energy = -12114.1651823402  E0 = -12114.1330223145
Extra cycle  E= -12114.1008622888  delta_E= 0.0352  |g|= 0.222  |ddm|=  934
converged SCF energy = -12114.1008622888  <S^2> = 2.0138636  2S+1 = 3.0092282
[timing] right/Al ensemble SCF = 897.4s
[timing] collect state = 0.1s
[timing] checkpoint save = 0.0s
[phase1] step=5/5 L=-12262.39804566 Ef=-12262.41135736 |grad|=1.24840e-02 |db|=1.24840e-02 t=915.7s
[phase1] finished, |b| = 2.37035e+00 t=5061.4s
starting phase 2: L-BFGS-B optimization
[diagnostic] step=1 |b|=2.370346e+00 max|b|=8.573647e-01
[timing] build AO Vp from S3 = 1.6s
[diagnostic] |vpl|=3.130263e+00 max|vpl|=5.567313e-01
[diagnostic] |vpr|=2.230604e+00 max|vpr|=4.830681e-01
[diagnostic] |vpref|=3.229283e+00 max|vpref|=5.560458e-01
dm0 check [[[ 1.51511415e-09  2.24391628e-08  1.89789947e-07 ... -1.14718984e-07
    7.42476838e-07  6.64943258e-08]
  [ 2.24391628e-08  3.34444541e-07  2.75067408e-06 ... -1.77767093e-06
    1.10110575e-05  1.04757877e-06]
  [ 1.89789947e-07  2.75067408e-06  2.57237936e-05 ... -1.02769919e-05
    9.27869045e-05  4.99876461e-06]
  ...
  [-1.14718984e-07 -1.77767093e-06 -1.02769919e-05 ...  2.27166733e-04
    1.81897134e-06 -1.91352306e-04]
  [ 7.42476838e-07  1.10110575e-05  9.27869045e-05 ...  1.81897134e-06
    4.79980259e-04 -1.62432546e-06]
  [ 6.64943258e-08  1.04757877e-06  4.99876461e-06 ... -1.91352306e-04
   -1.62432546e-06  6.55604939e-04]]

 [[ 2.14412378e-09  3.18475878e-08  2.65523769e-07 ... -7.48705966e-08
    1.03578261e-06  2.38438148e-08]
  [ 3.18475878e-08  4.74248243e-07  3.91397303e-06 ... -9.93113260e-07
    1.53190777e-05  2.50155737e-07]
  [ 2.65523769e-07  3.91397303e-06  3.37625602e-05 ... -1.10142876e-05
    1.30901546e-04  4.52868172e-06]
  ...
  [-7.48705966e-08 -9.93113260e-07 -1.10142876e-05 ...  2.49604209e-04
    2.27939089e-06 -2.10130225e-04]
  [ 1.03578261e-06  1.53190777e-05  1.30901546e-04 ...  2.27939089e-06
    5.52938841e-04 -2.04467317e-06]
  [ 2.38438148e-08  2.50155737e-07  4.52868172e-06 ... -2.10130225e-04
   -2.04467317e-06  7.46013408e-04]]]
converged SCF energy = -150.22669371454  <S^2> = 2.0045398  2S+1 = 3.003025
dm0 check [[[ 1.14640648e-09  1.70870363e-08  1.38753766e-07 ... -8.06181611e-08
    6.25414530e-07  4.56915041e-08]
  [ 1.70870363e-08  2.56085699e-07  2.02952709e-06 ... -1.06181952e-06
    9.18279720e-06  7.18389933e-07]
  [ 1.38753766e-07  2.02952709e-06  1.80707419e-05 ... -1.26946015e-05
    8.12948677e-05  3.19878429e-06]
  ...
  [-8.06181611e-08 -1.06181952e-06 -1.26946015e-05 ...  2.39058919e-04
   -1.61646206e-06 -1.68275036e-04]
  [ 6.25414530e-07  9.18279720e-06  8.12948677e-05 ... -1.61646206e-06
    4.44995046e-04 -4.06014496e-06]
  [ 4.56915041e-08  7.18389933e-07  3.19878429e-06 ... -1.68275036e-04
   -4.06014496e-06  5.95722908e-04]]

 [[ 2.53030893e-08  3.85040792e-07  2.83121159e-06 ... -1.48563626e-07
    1.05888903e-07  7.43804317e-08]
  [ 3.85040792e-07  5.86062650e-06  4.30449919e-05 ... -2.17962744e-06
    1.18318299e-06  1.05277454e-06]
  [ 2.83121159e-06  4.30449919e-05  3.17984803e-04 ... -1.75087729e-05
    2.68725759e-05  9.38968400e-06]
  ...
  [-1.48563626e-07 -2.17962744e-06 -1.75087729e-05 ...  2.30571627e-04
    2.08962394e-07 -1.91671233e-04]
  [ 1.05888903e-07  1.18318299e-06  2.68725759e-05 ...  2.08962394e-07
    4.63238037e-04 -3.50226009e-06]
  [ 7.43804317e-08  1.05277454e-06  9.38968400e-06 ... -1.91671233e-04
   -3.50226009e-06  6.49568165e-04]]]
converged SCF energy = -150.244985829816  <S^2> = 0.92980776  2S+1 = 2.1723791
[timing] left/O ensemble SCF = 11.5s
dm0 check [[ 3.79533120e-01  6.12214297e-01 -1.25197857e-01 ...  2.37145472e-05
   1.42585607e-05 -4.79230057e-05]
 [ 6.12214297e-01  1.01512098e+00 -3.33983305e-01 ...  6.46607108e-05
   3.76475665e-05 -1.29825167e-04]
 [-1.25197857e-01 -3.33983305e-01  6.75124811e-01 ... -1.55982131e-04
  -9.11776424e-05  3.14190965e-04]
 ...
 [ 2.37145472e-05  6.46607108e-05 -1.55982131e-04 ...  1.15345261e-05
   5.93233858e-06 -2.43749050e-05]
 [ 1.42585607e-05  3.76475665e-05 -9.11776424e-05 ...  5.93233858e-06
   4.65360996e-06 -1.44499948e-05]
 [-4.79230057e-05 -1.29825167e-04  3.14190965e-04 ... -2.43749050e-05
  -1.44499948e-05  5.97743430e-05]]


******** <class 'pyscf.scf.addons.SmearingDFRKS'> ********
method = SmearingDFRKS
initial guess = minao
damping factor = 0.15
level_shift factor = 0.2
DIIS = <class 'pyscf.scf.diis.CDIIS'>
diis_start_cycle = 1
diis_space = 12
diis_damp = 0
SCF conv_tol = 5e-05
SCF conv_tol_grad = None
SCF max_cycles = 200
direct_scf = True
direct_scf_tol = 1e-13
chkfile to save SCF result = /tmp/tmp7x_rp33_
max_memory 4000 MB (current use 87160 MB)
XC library pyscf.dft.libxc version 6.1.0
    S. Lehtola, C. Steigemann, M. J.T. Oliveira, and M. A.L. Marques.,  SoftwareX 7, 1–5 (2018)
XC functionals = pbe
    J. P. Perdew, K. Burke, and M. Ernzerhof.,  Phys. Rev. Lett. 77, 3865 (1996)
    J. P. Perdew, K. Burke, and M. Ernzerhof.,  Phys. Rev. Lett. 78, 1396 (1997)
    J. P. Perdew, K. Burke, and M. Ernzerhof.,  Phys. Rev. Lett. 77, 3865 (1996)
    J. P. Perdew, K. Burke, and M. Ernzerhof.,  Phys. Rev. Lett. 78, 1396 (1997)
small_rho_cutoff = 1e-06
Set gradient conv threshold to 0.00707107
    Total E(T) = -12114.599169981  Free energy = -12115.6323268648  E0 = -12115.1157484229
init E= -12114.599169981
    sigma = 0.02  Optimized mu = -0.0528633188763  entropy = 1.53425257027
    Total E(T) = -12114.599158314  Free energy = -12114.6298433654  E0 = -12114.6145008397
cycle= 1 E= -12114.599158314  delta_E= 1.17e-05  |g|= 0.0243  |ddm|= 30.1
    sigma = 0.02  Optimized mu = -0.0529211657867  entropy = 1.53568385119
    Total E(T) = -12114.5989750927  Free energy = -12114.6296887697  E0 = -12114.6143319312
cycle= 2 E= -12114.5989750927  delta_E= 0.000183  |g|= 0.0827  |ddm|= 92.8
    sigma = 0.02  Optimized mu = -0.0528598162725  entropy = 1.5346686977
    Total E(T) = -12114.5990944112  Free energy = -12114.6297877852  E0 = -12114.6144410982
cycle= 3 E= -12114.5990944112  delta_E= -0.000119  |g|= 0.0413  |ddm|= 35.2
    sigma = 0.02  Optimized mu = -0.0528616041995  entropy = 1.53458980904
    Total E(T) = -12114.5991400116  Free energy = -12114.6298318078  E0 = -12114.6144859097
cycle= 4 E= -12114.5991400116  delta_E= -4.56e-05  |g|= 0.0268  |ddm|= 15.4
    sigma = 0.02  Optimized mu = -0.0528623464387  entropy = 1.53455791934
    Total E(T) = -12114.5991594419  Free energy = -12114.6298506003  E0 = -12114.6145050211
cycle= 5 E= -12114.5991594419  delta_E= -1.94e-05  |g|= 0.0176  |ddm|= 10.4
    sigma = 0.02  Optimized mu = -0.0528628296154  entropy = 1.53453912214
    Total E(T) = -12114.5991681397  Free energy = -12114.6298589221  E0 = -12114.6145135309
cycle= 6 E= -12114.5991681397  delta_E= -8.7e-06  |g|= 0.0116  |ddm|= 5.76
    sigma = 0.02  Optimized mu = -0.0528551244524  entropy = 1.53456141303
    Total E(T) = -12114.5991719923  Free energy = -12114.6298632206  E0 = -12114.6145176064
cycle= 7 E= -12114.5991719923  delta_E= -3.85e-06  |g|= 0.00745  |ddm|= 4.29
    sigma = 0.02  Optimized mu = -0.0528605485583  entropy = 1.53453284562
    Total E(T) = -12114.5991737873  Free energy = -12114.6298644442  E0 = -12114.6145191158
cycle= 8 E= -12114.5991737873  delta_E= -1.79e-06  |g|= 0.00458  |ddm|= 3.67
    sigma = 0.02  Optimized mu = -0.152957086925  entropy = 51.6541516629
    Total E(T) = -12114.065337465  Free energy = -12115.0984204982  E0 = -12114.5818789816
Extra cycle  E= -12114.065337465  delta_E= 0.534  |g|= 0.417  |ddm|= 4.37e+03
converged SCF energy = -12114.065337465
dm0 check [[[ 1.89788442e-01  3.06165720e-01 -6.27364402e-02 ...  9.25572656e-06
    5.58778148e-06 -2.10301922e-05]
  [ 3.06165720e-01  5.07716215e-01 -1.67355520e-01 ...  2.53068757e-05
    1.46599858e-05 -5.69815604e-05]
  [-6.27364402e-02 -1.67355520e-01  3.38404351e-01 ... -6.09185144e-05
   -3.54508508e-05  1.37663556e-04]
  ...
  [ 9.25572656e-06  2.53068757e-05 -6.09185144e-05 ...  3.33946664e-06
    1.56326441e-06 -7.90896617e-06]
  [ 5.58778148e-06  1.46599858e-05 -3.54508508e-05 ...  1.56326441e-06
    1.50594086e-06 -4.72218166e-06]
  [-2.10301922e-05 -5.69815604e-05  1.37663556e-04 ... -7.90896617e-06
   -4.72218166e-06  2.30004976e-05]]

 [[ 1.89767567e-01  3.06108846e-01 -6.26073704e-02 ...  1.02522719e-05
    6.40516210e-06 -2.25160178e-05]
  [ 3.06108846e-01  5.07564364e-01 -1.67014890e-01 ...  2.80103782e-05
    1.68794727e-05 -6.10336579e-05]
  [-6.26073704e-02 -1.67014890e-01  3.37643030e-01 ... -6.76099830e-05
   -4.09614649e-05  1.47892868e-04]
  ...
  [ 1.02522719e-05  2.80103782e-05 -6.76099830e-05 ...  3.63749851e-06
    1.77557887e-06 -8.58531581e-06]
  [ 6.40516210e-06  1.68794727e-05 -4.09614649e-05 ...  1.77557887e-06
    1.66695578e-06 -5.23020442e-06]
  [-2.25160178e-05 -6.10336579e-05  1.47892868e-04 ... -8.58531581e-06
   -5.23020442e-06  2.44651657e-05]]]


******** <class 'pyscf.scf.addons.SmearingDFUKS'> ********
method = SmearingDFUKS
initial guess = minao
damping factor = 0.15
level_shift factor = 0.2
DIIS = <class 'pyscf.scf.diis.CDIIS'>
diis_start_cycle = 1
diis_space = 12
diis_damp = 0
SCF conv_tol = 5e-05
SCF conv_tol_grad = None
SCF max_cycles = 200
direct_scf = True
direct_scf_tol = 1e-13
chkfile to save SCF result = /tmp/tmpbszzidgs
max_memory 4000 MB (current use 87160 MB)
number electrons alpha = 325  beta = 323
XC library pyscf.dft.libxc version 6.1.0
    S. Lehtola, C. Steigemann, M. J.T. Oliveira, and M. A.L. Marques.,  SoftwareX 7, 1–5 (2018)
XC functionals = pbe
    J. P. Perdew, K. Burke, and M. Ernzerhof.,  Phys. Rev. Lett. 77, 3865 (1996)
    J. P. Perdew, K. Burke, and M. Ernzerhof.,  Phys. Rev. Lett. 78, 1396 (1997)
    J. P. Perdew, K. Burke, and M. Ernzerhof.,  Phys. Rev. Lett. 77, 3865 (1996)
    J. P. Perdew, K. Burke, and M. Ernzerhof.,  Phys. Rev. Lett. 78, 1396 (1997)
small_rho_cutoff = 1e-06
Set gradient conv threshold to 0.00707107
    Total E(T) = -12114.1556209276  Free energy = -12114.219940979  E0 = -12114.1877809533
init E= -12114.1556209276
    sigma = 0.005  Optimized mu_alpha = -0.197495889951  entropy = 3.44707592766e-07
    sigma = 0.005  Optimized mu_beta  = -0.200023134538  entropy = 3.44707592766e-07
    Total E(T) = -12114.1556114938  Free energy = -12114.1556114955  E0 = -12114.1556114947
cycle= 1 E= -12114.1556114938  delta_E= 9.43e-06  |g|= 0.0258  |ddm|= 16.5
    sigma = 0.005  Optimized mu_alpha = -0.197266526268  entropy = 3.44548995889e-07
    sigma = 0.005  Optimized mu_beta  = -0.199809092143  entropy = 3.44548995889e-07
    Total E(T) = -12114.1555233648  Free energy = -12114.1555233665  E0 = -12114.1555233656
cycle= 2 E= -12114.1555233648  delta_E= 8.81e-05  |g|= 0.0745  |ddm|= 43.2
    sigma = 0.005  Optimized mu_alpha = -0.197420471453  entropy = 3.4450004729e-07
    sigma = 0.005  Optimized mu_beta  = -0.19995302409  entropy = 3.4450004729e-07
    Total E(T) = -12114.1555850275  Free energy = -12114.1555850292  E0 = -12114.1555850283
cycle= 3 E= -12114.1555850275  delta_E= -6.17e-05  |g|= 0.035  |ddm|= 14.4
    sigma = 0.005  Optimized mu_alpha = -0.197424959872  entropy = 3.4457558438e-07
    sigma = 0.005  Optimized mu_beta  = -0.199955917157  entropy = 3.4457558438e-07
    Total E(T) = -12114.1556090651  Free energy = -12114.1556090668  E0 = -12114.1556090659
cycle= 4 E= -12114.1556090651  delta_E= -2.4e-05  |g|= 0.0213  |ddm|= 7.63
    sigma = 0.005  Optimized mu_alpha = -0.197430684313  entropy = 3.44535958183e-07
    sigma = 0.005  Optimized mu_beta  = -0.199961698811  entropy = 3.44535958183e-07
    Total E(T) = -12114.1556182665  Free energy = -12114.1556182683  E0 = -12114.1556182674
cycle= 5 E= -12114.1556182665  delta_E= -9.2e-06  |g|= 0.0132  |ddm|= 4.63
    sigma = 0.005  Optimized mu_alpha = -0.197420882644  entropy = 3.44566540781e-07
    sigma = 0.005  Optimized mu_beta  = -0.199951900677  entropy = 3.44566540781e-07
    Total E(T) = -12114.1556219604  Free energy = -12114.1556219621  E0 = -12114.1556219612
cycle= 6 E= -12114.1556219604  delta_E= -3.69e-06  |g|= 0.00814  |ddm|=  3.4
    sigma = 0.005  Optimized mu_alpha = -0.197419571956  entropy = 3.44517103054e-07
    sigma = 0.005  Optimized mu_beta  = -0.199951121119  entropy = 3.44517103054e-07
    Total E(T) = -12114.1556234351  Free energy = -12114.1556234368  E0 = -12114.1556234359
cycle= 7 E= -12114.1556234351  delta_E= -1.47e-06  |g|= 0.00512  |ddm|= 2.17
    sigma = 0.005  Optimized mu_alpha = -0.297029422004  entropy = 12.8621053531
    sigma = 0.005  Optimized mu_beta  = -0.299909847393  entropy = 12.8621053531
    Total E(T) = -12114.1205119471  Free energy = -12114.1848224739  E0 = -12114.1526672105
Extra cycle  E= -12114.1205119471  delta_E= 0.0351  |g|= 0.214  |ddm|=  935
converged SCF energy = -12114.1205119471  <S^2> = 2.0138677  2S+1 = 3.0092309
[timing] right/Al ensemble SCF = 1016.7s
[timing] collect state = 0.0s
[timing] grad contraction = 2.9s
[timing] checkpoint save = 0.0s
step=   1 L=-12262.47019763 Ef=-12262.48405012 |grad|=1.22793e-02 t=1033.2s
[phase2] finished t=1033.2s
optimizer finished: CONVERGENCE: NORM_OF_PROJECTED_GRADIENT_<=_PGTOL
final L = -12262.47019763  niter = 0  success = True

=== Vp comparison: S3 vs grid (final b) ===
Vpl (left): ||S3 - grid||_F = 9.961214e-02  rel = 3.164923e-02  max|Δ| = 3.854287e-02
Vpr (right): ||S3 - grid||_F = 6.032742e-02  rel = 2.699793e-02  max|Δ| = 1.207338e-02
Vpref (full): ||S3 - grid||_F = 1.092828e-01  rel = 3.366072e-02  max|Δ| = 3.817658e-02
[total] wall time t=7074.1s
=== Python finished ===
All done.
