pyscf max mem 1030784
left ensemble electron number ([9, 9], [7, 8])
right ensemble electron number ([325, 325], [325, 323])
[setup] build_system t=1.8s
building grid (level 3)...
[setup] grid t=89.1s
computing S3 tensors (DF)...
S3 shapes: left=(116, 116, 1336) right=(1528, 1528, 1336) ref=(1544, 1544, 1336) t=1107.2s
[warm-start] loaded pdft_optimizer.pkl
[warm-start] rdft1.D ← pickle dm_ig1
[warm-start] rdft2.D ← pickle dm_ig2
[init] b0 from optimizer checkpoint, npbs=1336
[warm-start] Lagrangian x0 ready, |b0| = 1.21804e-01
[setup] warm-start t=0.1s
starting phase 1: damped ascent
[phase1] damped ascent: 5 steps, alpha=1.0, max_step=1.0
[phase1] step 1 SCF: dm0 from dm_ig1/dm_ig2 on rdft1/rdft2
dm0 check None
converged SCF energy = -150.226693714537  <S^2> = 2.0045399  2S+1 = 3.003025
dm0 check None
converged SCF energy = -150.244985829666  <S^2> = 0.92978559  2S+1 = 2.1723587
dm0 check [[ 3.79537995e-01  6.12227372e-01 -1.25219455e-01 ...  6.46155112e-07
  -1.02484621e-06 -1.80492998e-06]
 [ 6.12227372e-01  1.01515840e+00 -3.34051349e-01 ...  2.44618942e-06
  -3.56216376e-06 -5.44573899e-06]
 [-1.25219455e-01 -3.34051349e-01  6.75274256e-01 ... -5.35113527e-06
   8.50221284e-06  1.30796206e-05]
 ...
 [ 6.46155112e-07  2.44618942e-06 -5.35113527e-06 ...  9.44987245e-07
  -2.33943356e-07  3.45538342e-08]
 [-1.02484621e-06 -3.56216376e-06  8.50221284e-06 ... -2.33943356e-07
   5.51386972e-07  8.67302259e-08]
 [-1.80492998e-06 -5.44573899e-06  1.30796206e-05 ...  3.45538342e-08
   8.67302259e-08  2.55939772e-07]]


******** <class 'pyscf.scf.addons.SmearingDFRKS'> ********
method = SmearingDFRKS
initial guess = minao
damping factor = 0.15
level_shift factor = 0.2
DIIS = <class 'pyscf.scf.diis.CDIIS'>
diis_start_cycle = 1
diis_space = 12
diis_damp = 0
SCF conv_tol = 5e-05
SCF conv_tol_grad = None
SCF max_cycles = 200
direct_scf = True
direct_scf_tol = 1e-13
chkfile to save SCF result = /tmp/tmp48qqytxn
max_memory 4000 MB (current use 85674 MB)
XC library pyscf.dft.libxc version 6.1.0
    S. Lehtola, C. Steigemann, M. J.T. Oliveira, and M. A.L. Marques.,  SoftwareX 7, 1–5 (2018)
XC functionals = pbe
    J. P. Perdew, K. Burke, and M. Ernzerhof.,  Phys. Rev. Lett. 77, 3865 (1996)
    J. P. Perdew, K. Burke, and M. Ernzerhof.,  Phys. Rev. Lett. 78, 1396 (1997)
    J. P. Perdew, K. Burke, and M. Ernzerhof.,  Phys. Rev. Lett. 77, 3865 (1996)
    J. P. Perdew, K. Burke, and M. Ernzerhof.,  Phys. Rev. Lett. 78, 1396 (1997)
small_rho_cutoff = 1e-06
Set gradient conv threshold to 0.00707107
init E= -12115.9492115167
    sigma = 0.02  Optimized mu = -0.0513466478718  entropy = 1.4928058574
    Total E(T) = -12115.9491350542  Free energy = -12115.9789911713  E0 = -12115.9640631128
cycle= 1 E= -12115.9491350542  delta_E= 7.65e-05  |g|= 0.0552  |ddm|= 55.8
    sigma = 0.02  Optimized mu = -0.0518632052374  entropy = 1.49206311574
    Total E(T) = -12115.94823583  Free energy = -12115.9780770923  E0 = -12115.9631564612
cycle= 2 E= -12115.94823583  delta_E= 0.000899  |g|= 0.179  |ddm|=  220
    sigma = 0.02  Optimized mu = -0.0514975102134  entropy = 1.49190025005
    Total E(T) = -12115.948852488  Free energy = -12115.978690493  E0 = -12115.9637714905
cycle= 3 E= -12115.948852488  delta_E= -0.000617  |g|= 0.0844  |ddm|= 83.9
    sigma = 0.02  Optimized mu = -0.051486277918  entropy = 1.49193523287
    Total E(T) = -12115.949087541  Free energy = -12115.9789262457  E0 = -12115.9640068934
cycle= 4 E= -12115.949087541  delta_E= -0.000235  |g|= 0.0518  |ddm|= 36.3
    sigma = 0.02  Optimized mu = -0.0514698246608  entropy = 1.49200023431
    Total E(T) = -12115.9491810818  Free energy = -12115.9790210865  E0 = -12115.9641010841
cycle= 5 E= -12115.9491810818  delta_E= -9.35e-05  |g|= 0.0303  |ddm|= 21.2
    sigma = 0.02  Optimized mu = -0.0514782005906  entropy = 1.49190225244
    Total E(T) = -12115.9492158536  Free energy = -12115.9790538986  E0 = -12115.9641348761
cycle= 6 E= -12115.9492158536  delta_E= -3.48e-05  |g|= 0.0193  |ddm|= 15.2
    sigma = 0.02  Optimized mu = -0.0514870990752  entropy = 1.49186259244
    Total E(T) = -12115.9492291077  Free energy = -12115.9790663596  E0 = -12115.9641477336
cycle= 7 E= -12115.9492291077  delta_E= -1.33e-05  |g|= 0.0114  |ddm|= 8.74
    sigma = 0.02  Optimized mu = -0.0514759931687  entropy = 1.49191776176
    Total E(T) = -12115.9492337887  Free energy = -12115.979072144  E0 = -12115.9641529664
cycle= 8 E= -12115.9492337887  delta_E= -4.68e-06  |g|= 0.00724  |ddm|= 5.26
    sigma = 0.02  Optimized mu = -0.0514892584018  entropy = 1.49186056604
    Total E(T) = -12115.9492358117  Free energy = -12115.979073023  E0 = -12115.9641544174
cycle= 9 E= -12115.9492358117  delta_E= -2.02e-06  |g|= 0.00413  |ddm|= 3.67
    sigma = 0.02  Optimized mu = -0.151420913178  entropy = 50.9864111994
    Total E(T) = -12115.4210184232  Free energy = -12116.4407466472  E0 = -12115.9308825352
Extra cycle  E= -12115.4210184232  delta_E= 0.528  |g|= 0.389  |ddm|= 4.13e+03
converged SCF energy = -12115.4210184232
dm0 check [[[ 1.89790478e-01  3.06171301e-01 -6.27449073e-02 ...  2.53366695e-07
   -4.93709153e-07 -9.48697284e-07]
  [ 3.06171301e-01  5.07732455e-01 -1.67383200e-01 ...  1.03678789e-06
   -1.73065804e-06 -2.84723205e-06]
  [-6.27449073e-02 -1.67383200e-01  3.38463141e-01 ... -2.23578185e-06
    4.12967626e-06  6.83431063e-06]
  ...
  [ 2.53366695e-07  1.03678789e-06 -2.23578185e-06 ...  4.99242001e-07
   -1.21207716e-07  1.52905508e-08]
  [-4.93709153e-07 -1.73065804e-06  4.12967626e-06 ... -1.21207716e-07
    2.83029904e-07  4.69551993e-08]
  [-9.48697284e-07 -2.84723205e-06  6.83431063e-06 ...  1.52905508e-08
    4.69551993e-08  1.37909903e-07]]

 [[ 1.89771331e-01  3.06118853e-01 -6.26265200e-02 ...  4.67989846e-07
   -4.55619608e-07 -8.33621174e-07]
  [ 3.06118853e-01  5.07592331e-01 -1.67071462e-01 ...  1.61280024e-06
   -1.62648447e-06 -2.53663970e-06]
  [-6.26265200e-02 -1.67071462e-01  3.37772423e-01 ... -3.60315367e-06
    3.86560045e-06  6.08068951e-06]
  ...
  [ 4.67989846e-07  1.61280024e-06 -3.60315367e-06 ...  4.83701623e-07
   -1.23971179e-07  1.84096427e-08]
  [-4.55619608e-07 -1.62648447e-06  3.86560045e-06 ... -1.23971179e-07
    2.82162124e-07  4.53150070e-08]
  [-8.33621174e-07 -2.53663970e-06  6.08068951e-06 ...  1.84096427e-08
    4.53150070e-08  1.29812273e-07]]]


******** <class 'pyscf.scf.addons.SmearingDFUKS'> ********
method = SmearingDFUKS
initial guess = minao
damping factor = 0.15
level_shift factor = 0.2
DIIS = <class 'pyscf.scf.diis.CDIIS'>
diis_start_cycle = 1
diis_space = 12
diis_damp = 0
SCF conv_tol = 5e-05
SCF conv_tol_grad = None
SCF max_cycles = 200
direct_scf = True
direct_scf_tol = 1e-13
chkfile to save SCF result = /tmp/tmpqv60l0m3
max_memory 4000 MB (current use 86324 MB)
number electrons alpha = 325  beta = 323
XC library pyscf.dft.libxc version 6.1.0
    S. Lehtola, C. Steigemann, M. J.T. Oliveira, and M. A.L. Marques.,  SoftwareX 7, 1–5 (2018)
XC functionals = pbe
    J. P. Perdew, K. Burke, and M. Ernzerhof.,  Phys. Rev. Lett. 77, 3865 (1996)
    J. P. Perdew, K. Burke, and M. Ernzerhof.,  Phys. Rev. Lett. 78, 1396 (1997)
    J. P. Perdew, K. Burke, and M. Ernzerhof.,  Phys. Rev. Lett. 77, 3865 (1996)
    J. P. Perdew, K. Burke, and M. Ernzerhof.,  Phys. Rev. Lett. 78, 1396 (1997)
small_rho_cutoff = 1e-06
Set gradient conv threshold to 0.00707107
init E= -12115.5043569509
    sigma = 0.005  Optimized mu_alpha = -0.196489057349  entropy = 3.21612920984e-07
    sigma = 0.005  Optimized mu_beta  = -0.199147553778  entropy = 3.21612920984e-07
    Total E(T) = -12115.5043144186  Free energy = -12115.5043144202  E0 = -12115.5043144194
cycle= 1 E= -12115.5043144186  delta_E= 4.25e-05  |g|= 0.0574  |ddm|= 33.2
    sigma = 0.005  Optimized mu_alpha = -0.196989076627  entropy = 3.1866506164e-07
    sigma = 0.005  Optimized mu_beta  = -0.199693950404  entropy = 3.1866506164e-07
    Total E(T) = -12115.5038357654  Free energy = -12115.503835767  E0 = -12115.5038357662
cycle= 2 E= -12115.5038357654  delta_E= 0.000479  |g|= 0.172  |ddm|=  130
    sigma = 0.005  Optimized mu_alpha = -0.196626480483  entropy = 3.20447579033e-07
    sigma = 0.005  Optimized mu_beta  = -0.199297411439  entropy = 3.20447579033e-07
    Total E(T) = -12115.5041768081  Free energy = -12115.5041768097  E0 = -12115.5041768089
cycle= 3 E= -12115.5041768081  delta_E= -0.000341  |g|= 0.0791  |ddm|=   51
    sigma = 0.005  Optimized mu_alpha = -0.196628105543  entropy = 3.20436958467e-07
    sigma = 0.005  Optimized mu_beta  = -0.199298713262  entropy = 3.20436958467e-07
    Total E(T) = -12115.5043078071  Free energy = -12115.5043078087  E0 = -12115.5043078079
cycle= 4 E= -12115.5043078071  delta_E= -0.000131  |g|= 0.0454  |ddm|= 22.8
    sigma = 0.005  Optimized mu_alpha = -0.196598063529  entropy = 3.2041179186e-07
    sigma = 0.005  Optimized mu_beta  = -0.199268027079  entropy = 3.2041179186e-07
    Total E(T) = -12115.5043548802  Free energy = -12115.5043548818  E0 = -12115.504354881
cycle= 5 E= -12115.5043548802  delta_E= -4.71e-05  |g|= 0.0262  |ddm|= 12.8
    sigma = 0.005  Optimized mu_alpha = -0.196623959162  entropy = 3.20302642673e-07
    sigma = 0.005  Optimized mu_beta  = -0.199295325715  entropy = 3.20302642673e-07
    Total E(T) = -12115.5043709779  Free energy = -12115.5043709795  E0 = -12115.5043709787
cycle= 6 E= -12115.5043709779  delta_E= -1.61e-05  |g|= 0.0149  |ddm|= 7.82
    sigma = 0.005  Optimized mu_alpha = -0.196625447249  entropy = 3.20295418957e-07
    sigma = 0.005  Optimized mu_beta  = -0.199296891959  entropy = 3.20295418957e-07
    Total E(T) = -12115.5043764301  Free energy = -12115.5043764317  E0 = -12115.5043764309
cycle= 7 E= -12115.5043764301  delta_E= -5.45e-06  |g|= 0.00831  |ddm|= 4.46
    sigma = 0.005  Optimized mu_alpha = -0.196628667498  entropy = 3.2025051639e-07
    sigma = 0.005  Optimized mu_beta  = -0.199300722429  entropy = 3.2025051639e-07
    Total E(T) = -12115.5043782205  Free energy = -12115.5043782221  E0 = -12115.5043782213
cycle= 8 E= -12115.5043782205  delta_E= -1.79e-06  |g|= 0.00427  |ddm|= 2.57
    sigma = 0.005  Optimized mu_alpha = -0.296177544212  entropy = 12.755886496
    sigma = 0.005  Optimized mu_beta  = -0.299115917493  entropy = 12.755886496
    Total E(T) = -12115.4684246819  Free energy = -12115.5322041144  E0 = -12115.5003143981
Extra cycle  E= -12115.4684246819  delta_E= 0.036  |g|= 0.205  |ddm|=  876
converged SCF energy = -12115.4684246819  <S^2> = 2.0131606  2S+1 = 3.0087609
[phase1] step=1/5 L=-12265.73942304 Ef=-12265.74268316 |grad|=2.70091e-02 |db|=2.70091e-02 t=13584.9s
dm0 check [[[ 1.51510539e-09  2.24390407e-08  1.89788584e-07 ... -1.14716793e-07
    7.42480591e-07  6.64925537e-08]
  [ 2.24390407e-08  3.34442860e-07  2.75065447e-06 ... -1.77763476e-06
    1.10111116e-05  1.04754946e-06]
  [ 1.89788584e-07  2.75065447e-06  2.57236015e-05 ... -1.02767709e-05
    9.27874012e-05  4.99858660e-06]
  ...
  [-1.14716793e-07 -1.77763476e-06 -1.02767709e-05 ...  2.27166818e-04
    1.81897022e-06 -1.91352427e-04]
  [ 7.42480591e-07  1.10111116e-05  9.27874012e-05 ...  1.81897022e-06
    4.79983561e-04 -1.62425374e-06]
  [ 6.64925537e-08  1.04754946e-06  4.99858660e-06 ... -1.91352427e-04
   -1.62425374e-06  6.55608417e-04]]

 [[ 2.14412926e-09  3.18476687e-08  2.65524476e-07 ... -7.48678675e-08
    1.03578378e-06  2.38417798e-08]
  [ 3.18476687e-08  4.74249422e-07  3.91398393e-06 ... -9.93071944e-07
    1.53190952e-05  2.50124817e-07]
  [ 2.65524476e-07  3.91398393e-06  3.37626381e-05 ... -1.10139777e-05
    1.30901684e-04  4.52845690e-06]
  ...
  [-7.48678675e-08 -9.93071944e-07 -1.10139777e-05 ...  2.49604988e-04
    2.27945400e-06 -2.10130920e-04]
  [ 1.03578378e-06  1.53190952e-05  1.30901684e-04 ...  2.27945400e-06
    5.52938192e-04 -2.04465529e-06]
  [ 2.38417798e-08  2.50124817e-07  4.52845690e-06 ... -2.10130920e-04
   -2.04465529e-06  7.46013266e-04]]]
converged SCF energy = -150.226693714539  <S^2> = 2.0045398  2S+1 = 3.003025
dm0 check [[[ 1.14663955e-09  1.70907007e-08  1.38764395e-07 ... -8.06352171e-08
    6.25424923e-07  4.57095017e-08]
  [ 1.70907007e-08  2.56142471e-07  2.02970533e-06 ... -1.06203873e-06
    9.18297677e-06  7.18610946e-07]
  [ 1.38764395e-07  2.02970533e-06  1.80711281e-05 ... -1.26954878e-05
    8.12953226e-05  3.19992775e-06]
  ...
  [-8.06352171e-08 -1.06203873e-06 -1.26954878e-05 ...  2.39056590e-04
   -1.61628248e-06 -1.68273569e-04]
  [ 6.25424923e-07  9.18297677e-06  8.12953226e-05 ... -1.61628248e-06
    4.44991767e-04 -4.05796972e-06]
  [ 4.57095017e-08  7.18610946e-07  3.19992775e-06 ... -1.68273569e-04
   -4.05796972e-06  5.95720306e-04]]

 [[ 2.52991835e-08  3.84988348e-07  2.83081153e-06 ... -1.48521009e-07
    1.05980636e-07  7.43607137e-08]
  [ 3.84988348e-07  5.85993425e-06  4.30396977e-05 ... -2.17883369e-06
    1.18474737e-06  1.05238175e-06]
  [ 2.83081153e-06  4.30396977e-05  3.17944182e-04 ... -1.75045964e-05
    2.68826409e-05  9.38689519e-06]
  ...
  [-1.48521009e-07 -2.17883369e-06 -1.75045964e-05 ...  2.30576232e-04
    2.09095331e-07 -1.91668406e-04]
  [ 1.05980636e-07  1.18474737e-06  2.68826409e-05 ...  2.09095331e-07
    4.63234852e-04 -3.50196962e-06]
  [ 7.43607137e-08  1.05238175e-06  9.38689519e-06 ... -1.91668406e-04
   -3.50196962e-06  6.49562326e-04]]]
converged SCF energy = -150.244985829812  <S^2> = 0.92979458  2S+1 = 2.172367
dm0 check [[ 3.79545505e-01  6.12231132e-01 -1.25226884e-01 ...  6.98071592e-07
  -1.00670169e-06 -1.92074348e-06]
 [ 6.12231132e-01  1.01515040e+00 -3.34061030e-01 ...  2.58536257e-06
  -3.51288944e-06 -5.75728065e-06]
 [-1.25226884e-01 -3.34061030e-01  6.75296176e-01 ... -5.68640370e-06
   8.38401236e-06  1.38310866e-05]
 ...
 [ 6.98071592e-07  2.58536257e-06 -5.68640370e-06 ...  9.28739232e-07
  -2.33863239e-07  4.13636759e-08]
 [-1.00670169e-06 -3.51288944e-06  8.38401236e-06 ... -2.33863239e-07
   5.48230466e-07  8.49122683e-08]
 [-1.92074348e-06 -5.75728065e-06  1.38310866e-05 ...  4.13636759e-08
   8.49122683e-08  2.64199737e-07]]


******** <class 'pyscf.scf.addons.SmearingDFRKS'> ********
method = SmearingDFRKS
initial guess = minao
damping factor = 0.15
level_shift factor = 0.2
DIIS = <class 'pyscf.scf.diis.CDIIS'>
diis_start_cycle = 1
diis_space = 12
diis_damp = 0
SCF conv_tol = 5e-05
SCF conv_tol_grad = None
SCF max_cycles = 200
direct_scf = True
direct_scf_tol = 1e-13
chkfile to save SCF result = /tmp/tmp48qqytxn
max_memory 4000 MB (current use 86437 MB)
XC library pyscf.dft.libxc version 6.1.0
    S. Lehtola, C. Steigemann, M. J.T. Oliveira, and M. A.L. Marques.,  SoftwareX 7, 1–5 (2018)
XC functionals = pbe
    J. P. Perdew, K. Burke, and M. Ernzerhof.,  Phys. Rev. Lett. 77, 3865 (1996)
    J. P. Perdew, K. Burke, and M. Ernzerhof.,  Phys. Rev. Lett. 78, 1396 (1997)
    J. P. Perdew, K. Burke, and M. Ernzerhof.,  Phys. Rev. Lett. 77, 3865 (1996)
    J. P. Perdew, K. Burke, and M. Ernzerhof.,  Phys. Rev. Lett. 78, 1396 (1997)
small_rho_cutoff = 1e-06
Set gradient conv threshold to 0.00707107
    Total E(T) = -12115.8997522979  Free energy = -12116.9194805218  E0 = -12116.4096164099
init E= -12115.8997522979
    sigma = 0.02  Optimized mu = -0.0513879100773  entropy = 1.49374673302
    Total E(T) = -12115.8997054415  Free energy = -12115.9295803762  E0 = -12115.9146429089
cycle= 1 E= -12115.8997054415  delta_E= 4.69e-05  |g|= 0.0434  |ddm|= 42.5
    sigma = 0.02  Optimized mu = -0.0518991654913  entropy = 1.49238471083
    Total E(T) = -12115.899146666  Free energy = -12115.9289943602  E0 = -12115.9140705131
cycle= 2 E= -12115.899146666  delta_E= 0.000559  |g|= 0.139  |ddm|=  173
    sigma = 0.02  Optimized mu = -0.051530219158  entropy = 1.492878482
    Total E(T) = -12115.8995344021  Free energy = -12115.9293919717  E0 = -12115.9144631869
cycle= 3 E= -12115.8995344021  delta_E= -0.000388  |g|= 0.065  |ddm|=   68
    sigma = 0.02  Optimized mu = -0.0515208156593  entropy = 1.49293015003
    Total E(T) = -12115.899681168  Free energy = -12115.929539771  E0 = -12115.9146104695
cycle= 4 E= -12115.899681168  delta_E= -0.000147  |g|= 0.0393  |ddm|= 29.2
    sigma = 0.02  Optimized mu = -0.0515052936238  entropy = 1.49299540343
    Total E(T) = -12115.8997380711  Free energy = -12115.9295979792  E0 = -12115.9146680251
cycle= 5 E= -12115.8997380711  delta_E= -5.69e-05  |g|= 0.0228  |ddm|= 16.4
    sigma = 0.02  Optimized mu = -0.0515155467627  entropy = 1.49290483793
    Total E(T) = -12115.899759118  Free energy = -12115.9296172148  E0 = -12115.9146881664
cycle= 6 E= -12115.899759118  delta_E= -2.1e-05  |g|= 0.0141  |ddm|= 11.3
    sigma = 0.02  Optimized mu = -0.051523352399  entropy = 1.49287319447
    Total E(T) = -12115.8997668281  Free energy = -12115.929624292  E0 = -12115.91469556
cycle= 7 E= -12115.8997668281  delta_E= -7.71e-06  |g|= 0.00813  |ddm|= 6.79
    sigma = 0.02  Optimized mu = -0.051515573553  entropy = 1.49291136102
    Total E(T) = -12115.8997693832  Free energy = -12115.9296276104  E0 = -12115.9146984968
cycle= 8 E= -12115.8997693832  delta_E= -2.56e-06  |g|= 0.00523  |ddm|=  4.2
    sigma = 0.02  Optimized mu = -0.151452956435  entropy = 50.9864990601
    Total E(T) = -12115.3716615616  Free energy = -12116.3913915428  E0 = -12115.8815265522
Extra cycle  E= -12115.3716615616  delta_E= 0.528  |g|= 0.393  |ddm|= 4.13e+03
converged SCF energy = -12115.3716615616
dm0 check [[[ 1.89794249e-01  3.06173208e-01 -6.27486886e-02 ...  2.77567659e-07
   -4.85404474e-07 -1.00299979e-06]
  [ 3.06173208e-01  5.07728510e-01 -1.67388210e-01 ...  1.10159370e-06
   -1.70810682e-06 -2.99319376e-06]
  [-6.27486886e-02 -1.67388210e-01  3.38474543e-01 ... -2.39144378e-06
    4.07578581e-06  7.18551620e-06]
  ...
  [ 2.77567659e-07  1.10159370e-06 -2.39144378e-06 ...  4.90829099e-07
   -1.21227265e-07  1.86827056e-08]
  [-4.85404474e-07 -1.70810682e-06  4.07578581e-06 ... -1.21227265e-07
    2.81414582e-07  4.61828553e-08]
  [-1.00299979e-06 -2.99319376e-06  7.18551620e-06 ...  1.86827056e-08
    4.61828553e-08  1.42027926e-07]]

 [[ 1.89774957e-01  3.06120389e-01 -6.26294156e-02 ...  4.90307656e-07
   -4.49296962e-07 -8.88569297e-07]
  [ 3.06120389e-01  5.07587407e-01 -1.67074084e-01 ...  1.67258359e-06
   -1.60926652e-06 -2.68447881e-06]
  [-6.26294156e-02 -1.67074084e-01  3.37778060e-01 ... -3.74716841e-06
    3.82444413e-06  6.43769622e-06]
  ...
  [ 4.90307656e-07  1.67258359e-06 -3.74716841e-06 ...  4.75453444e-07
   -1.23882074e-07  2.18450931e-08]
  [-4.49296962e-07 -1.60926652e-06  3.82444413e-06 ... -1.23882074e-07
    2.80718592e-07  4.44774558e-08]
  [-8.88569297e-07 -2.68447881e-06  6.43769622e-06 ...  2.18450931e-08
    4.44774558e-08  1.33794988e-07]]]


******** <class 'pyscf.scf.addons.SmearingDFUKS'> ********
method = SmearingDFUKS
initial guess = minao
damping factor = 0.15
level_shift factor = 0.2
DIIS = <class 'pyscf.scf.diis.CDIIS'>
diis_start_cycle = 1
diis_space = 12
diis_damp = 0
SCF conv_tol = 5e-05
SCF conv_tol_grad = None
SCF max_cycles = 200
direct_scf = True
direct_scf_tol = 1e-13
chkfile to save SCF result = /tmp/tmpqv60l0m3
max_memory 4000 MB (current use 86792 MB)
number electrons alpha = 325  beta = 323
XC library pyscf.dft.libxc version 6.1.0
    S. Lehtola, C. Steigemann, M. J.T. Oliveira, and M. A.L. Marques.,  SoftwareX 7, 1–5 (2018)
XC functionals = pbe
    J. P. Perdew, K. Burke, and M. Ernzerhof.,  Phys. Rev. Lett. 77, 3865 (1996)
    J. P. Perdew, K. Burke, and M. Ernzerhof.,  Phys. Rev. Lett. 78, 1396 (1997)
    J. P. Perdew, K. Burke, and M. Ernzerhof.,  Phys. Rev. Lett. 77, 3865 (1996)
    J. P. Perdew, K. Burke, and M. Ernzerhof.,  Phys. Rev. Lett. 78, 1396 (1997)
small_rho_cutoff = 1e-06
Set gradient conv threshold to 0.00707107
    Total E(T) = -12115.4549732301  Free energy = -12115.5187526626  E0 = -12115.4868629463
init E= -12115.4549732301
    sigma = 0.005  Optimized mu_alpha = -0.196533594112  entropy = 3.22561945121e-07
    sigma = 0.005  Optimized mu_beta  = -0.199180285864  entropy = 3.22561945121e-07
    Total E(T) = -12115.4549361765  Free energy = -12115.4549361782  E0 = -12115.4549361774
cycle= 1 E= -12115.4549361765  delta_E= 3.71e-05  |g|= 0.0535  |ddm|= 30.1
    sigma = 0.005  Optimized mu_alpha = -0.197028112234  entropy = 3.19650844307e-07
    sigma = 0.005  Optimized mu_beta  = -0.199717720128  entropy = 3.19650844307e-07
    Total E(T) = -12115.4545219589  Free energy = -12115.4545219605  E0 = -12115.4545219597
cycle= 2 E= -12115.4545219589  delta_E= 0.000414  |g|= 0.16  |ddm|=  119
    sigma = 0.005  Optimized mu_alpha = -0.196667160723  entropy = 3.21439584098e-07
    sigma = 0.005  Optimized mu_beta  = -0.199325127266  entropy = 3.21439584098e-07
    Total E(T) = -12115.4548168607  Free energy = -12115.4548168623  E0 = -12115.4548168615
cycle= 3 E= -12115.4548168607  delta_E= -0.000295  |g|= 0.0738  |ddm|= 47.5
    sigma = 0.005  Optimized mu_alpha = -0.196668420257  entropy = 3.2142595774e-07
    sigma = 0.005  Optimized mu_beta  = -0.199326214577  entropy = 3.2142595774e-07
    Total E(T) = -12115.4549299246  Free energy = -12115.4549299262  E0 = -12115.4549299254
cycle= 4 E= -12115.4549299246  delta_E= -0.000113  |g|= 0.0422  |ddm|= 21.2
    sigma = 0.005  Optimized mu_alpha = -0.196641307784  entropy = 3.2140226038e-07
    sigma = 0.005  Optimized mu_beta  = -0.199298617112  entropy = 3.2140226038e-07
    Total E(T) = -12115.45497032  Free energy = -12115.4549703216  E0 = -12115.4549703208
cycle= 5 E= -12115.45497032  delta_E= -4.04e-05  |g|= 0.025  |ddm|= 11.5
    sigma = 0.005  Optimized mu_alpha = -0.196665364932  entropy = 3.21307711968e-07
    sigma = 0.005  Optimized mu_beta  = -0.199323817689  entropy = 3.21307711968e-07
    Total E(T) = -12115.4549845056  Free energy = -12115.4549845072  E0 = -12115.4549845064
cycle= 6 E= -12115.4549845056  delta_E= -1.42e-05  |g|= 0.0141  |ddm|= 6.91
    sigma = 0.005  Optimized mu_alpha = -0.19666740931  entropy = 3.21305487518e-07
    sigma = 0.005  Optimized mu_beta  = -0.199325847739  entropy = 3.21305487518e-07
    Total E(T) = -12115.4549893694  Free energy = -12115.4549893711  E0 = -12115.4549893703
cycle= 7 E= -12115.4549893694  delta_E= -4.86e-06  |g|= 0.00808  |ddm|= 4.16
    sigma = 0.005  Optimized mu_alpha = -0.196670765496  entropy = 3.21257093641e-07
    sigma = 0.005  Optimized mu_beta  = -0.199329790122  entropy = 3.21257093641e-07
    Total E(T) = -12115.4549910207  Free energy = -12115.4549910223  E0 = -12115.4549910215
cycle= 8 E= -12115.4549910207  delta_E= -1.65e-06  |g|= 0.00414  |ddm|= 2.58
    sigma = 0.005  Optimized mu_alpha = -0.296218757391  entropy = 12.7626723267
    sigma = 0.005  Optimized mu_beta  = -0.29915187142  entropy = 12.7626723267
    Total E(T) = -12115.4190851153  Free energy = -12115.4828984769  E0 = -12115.4509917961
Extra cycle  E= -12115.4190851153  delta_E= 0.0359  |g|= 0.204  |ddm|=  878
converged SCF energy = -12115.4190851153  <S^2> = 2.0132097  2S+1 = 3.0087936
[phase1] step=2/5 L=-12265.68612852 Ef=-12265.68994960 |grad|=2.60094e-02 |db|=2.60094e-02 t=12383.6s
dm0 check [[[ 1.51511142e-09  2.24391254e-08  1.89789561e-07 ... -1.14719027e-07
    7.42476491e-07  6.64943648e-08]
  [ 2.24391254e-08  3.34443992e-07  2.75066910e-06 ... -1.77767180e-06
    1.10110522e-05  1.04757955e-06]
  [ 1.89789561e-07  2.75066910e-06  2.57237476e-05 ... -1.02769946e-05
    9.27868755e-05  4.99876704e-06]
  ...
  [-1.14719027e-07 -1.77767180e-06 -1.02769946e-05 ...  2.27166708e-04
    1.81896838e-06 -1.91352285e-04]
  [ 7.42476491e-07  1.10110522e-05  9.27868755e-05 ...  1.81896838e-06
    4.79980334e-04 -1.62432356e-06]
  [ 6.64943648e-08  1.04757955e-06  4.99876704e-06 ... -1.91352285e-04
   -1.62432356e-06  6.55604999e-04]]

 [[ 2.14412007e-09  3.18475347e-08  2.65523309e-07 ... -7.48705567e-08
    1.03578174e-06  2.38437832e-08]
  [ 3.18475347e-08  4.74247460e-07  3.91396668e-06 ... -9.93113700e-07
    1.53190651e-05  2.50156053e-07]
  [ 2.65523309e-07  3.91396668e-06  3.37625059e-05 ... -1.10142815e-05
    1.30901449e-04  4.52867683e-06]
  ...
  [-7.48705567e-08 -9.93113700e-07 -1.10142815e-05 ...  2.49604219e-04
    2.27938802e-06 -2.10130234e-04]
  [ 1.03578174e-06  1.53190651e-05  1.30901449e-04 ...  2.27938802e-06
    5.52938805e-04 -2.04467203e-06]
  [ 2.38437832e-08  2.50156053e-07  4.52867683e-06 ... -2.10130234e-04
   -2.04467203e-06  7.46013382e-04]]]
converged SCF energy = -150.22669371454  <S^2> = 2.0045398  2S+1 = 3.003025
dm0 check [[[ 1.14644045e-09  1.70875536e-08  1.38757203e-07 ... -8.06195894e-08
    6.25424551e-07  4.56943841e-08]
  [ 1.70875536e-08  2.56093604e-07  2.02957959e-06 ... -1.06182913e-06
    9.18294710e-06  7.18429098e-07]
  [ 1.38757203e-07  2.02957959e-06  1.80710820e-05 ... -1.26945916e-05
    8.12960531e-05  3.19915115e-06]
  ...
  [-8.06195894e-08 -1.06182913e-06 -1.26945916e-05 ...  2.39058217e-04
   -1.61590489e-06 -1.68277563e-04]
  [ 6.25424551e-07  9.18294710e-06  8.12960531e-05 ... -1.61590489e-06
    4.44997717e-04 -4.05929673e-06]
  [ 4.56943841e-08  7.18429098e-07  3.19915115e-06 ... -1.68277563e-04
   -4.05929673e-06  5.95725214e-04]]

 [[ 2.53036793e-08  3.85050758e-07  2.83126581e-06 ... -1.48564617e-07
    1.05907482e-07  7.43835823e-08]
  [ 3.85050758e-07  5.86079327e-06  4.30459260e-05 ... -2.17962742e-06
    1.18345899e-06  1.05280610e-06]
  [ 2.83126581e-06  4.30459260e-05  3.17989581e-04 ... -1.75086853e-05
    2.68751840e-05  9.38988277e-06]
  ...
  [-1.48564617e-07 -2.17962742e-06 -1.75086853e-05 ...  2.30571794e-04
    2.09025621e-07 -1.91673885e-04]
  [ 1.05907482e-07  1.18345899e-06  2.68751840e-05 ...  2.09025621e-07
    4.63241179e-04 -3.50232851e-06]
  [ 7.43835823e-08  1.05280610e-06  9.38988277e-06 ... -1.91673885e-04
   -3.50232851e-06  6.49569813e-04]]]
converged SCF energy = -150.244985829829  <S^2> = 0.92979806  2S+1 = 2.1723702
dm0 check [[ 3.79539176e-01  6.12228170e-01 -1.25221304e-01 ...  7.51192135e-07
  -9.87618831e-07 -2.03709079e-06]
 [ 6.12228170e-01  1.01515723e+00 -3.34052390e-01 ...  2.72897729e-06
  -3.46206727e-06 -6.07127588e-06]
 [-1.25221304e-01 -3.34052390e-01  6.75275563e-01 ... -6.03594683e-06
   8.26427890e-06  1.45911149e-05]
 ...
 [ 7.51192135e-07  2.72897729e-06 -6.03594683e-06 ...  9.13008049e-07
  -2.33880020e-07  4.74697365e-08]
 [-9.87618831e-07 -3.46206727e-06  8.26427890e-06 ... -2.33880020e-07
   5.45399182e-07  8.30407412e-08]
 [-2.03709079e-06 -6.07127588e-06  1.45911149e-05 ...  4.74697365e-08
   8.30407412e-08  2.73459862e-07]]


******** <class 'pyscf.scf.addons.SmearingDFRKS'> ********
method = SmearingDFRKS
initial guess = minao
damping factor = 0.15
level_shift factor = 0.2
DIIS = <class 'pyscf.scf.diis.CDIIS'>
diis_start_cycle = 1
diis_space = 12
diis_damp = 0
SCF conv_tol = 5e-05
SCF conv_tol_grad = None
SCF max_cycles = 200
direct_scf = True
direct_scf_tol = 1e-13
chkfile to save SCF result = /tmp/tmp48qqytxn
max_memory 4000 MB (current use 86904 MB)
XC library pyscf.dft.libxc version 6.1.0
    S. Lehtola, C. Steigemann, M. J.T. Oliveira, and M. A.L. Marques.,  SoftwareX 7, 1–5 (2018)
XC functionals = pbe
    J. P. Perdew, K. Burke, and M. Ernzerhof.,  Phys. Rev. Lett. 77, 3865 (1996)
    J. P. Perdew, K. Burke, and M. Ernzerhof.,  Phys. Rev. Lett. 78, 1396 (1997)
    J. P. Perdew, K. Burke, and M. Ernzerhof.,  Phys. Rev. Lett. 77, 3865 (1996)
    J. P. Perdew, K. Burke, and M. Ernzerhof.,  Phys. Rev. Lett. 78, 1396 (1997)
small_rho_cutoff = 1e-06
Set gradient conv threshold to 0.00707107
    Total E(T) = -12115.8159888547  Free energy = -12116.8357188359  E0 = -12116.3258538453
init E= -12115.8159888547
    sigma = 0.02  Optimized mu = -0.0514222010876  entropy = 1.49464987749
    Total E(T) = -12115.8159356597  Free energy = -12115.8458286572  E0 = -12115.8308821584
cycle= 1 E= -12115.8159356597  delta_E= 5.32e-05  |g|= 0.0457  |ddm|= 43.4
    sigma = 0.02  Optimized mu = -0.051921924942  entropy = 1.49350940711
    Total E(T) = -12115.8153095332  Free energy = -12115.8451797214  E0 = -12115.8302446273
cycle= 2 E= -12115.8153095332  delta_E= 0.000626  |g|= 0.148  |ddm|=  180
    sigma = 0.02  Optimized mu = -0.0515698005971  entropy = 1.49380070743
    Total E(T) = -12115.8157362773  Free energy = -12115.8456122915  E0 = -12115.8306742844
cycle= 3 E= -12115.8157362773  delta_E= -0.000427  |g|= 0.0709  |ddm|= 69.7
    sigma = 0.02  Optimized mu = -0.0515578267932  entropy = 1.49385611679
    Total E(T) = -12115.8159003323  Free energy = -12115.8457774546  E0 = -12115.8308388934
cycle= 4 E= -12115.8159003323  delta_E= -0.000164  |g|= 0.0436  |ddm|= 29.9
    sigma = 0.02  Optimized mu = -0.0515430480084  entropy = 1.49391508874
    Total E(T) = -12115.8159660724  Free energy = -12115.8458443741  E0 = -12115.8309052232
cycle= 5 E= -12115.8159660724  delta_E= -6.57e-05  |g|= 0.0259  |ddm|=   17
    sigma = 0.02  Optimized mu = -0.0515507955403  entropy = 1.49383236416
    Total E(T) = -12115.8159909257  Free energy = -12115.845867573  E0 = -12115.8309292494
cycle= 6 E= -12115.8159909257  delta_E= -2.49e-05  |g|= 0.0166  |ddm|= 12.3
    sigma = 0.02  Optimized mu = -0.0515582842429  entropy = 1.49380041782
    Total E(T) = -12115.8160005513  Free energy = -12115.8458765596  E0 = -12115.8309385555
cycle= 7 E= -12115.8160005513  delta_E= -9.63e-06  |g|= 0.00993  |ddm|= 7.08
    sigma = 0.02  Optimized mu = -0.0515494379526  entropy = 1.49384488314
    Total E(T) = -12115.8160040345  Free energy = -12115.8458809322  E0 = -12115.8309424834
cycle= 8 E= -12115.8160040345  delta_E= -3.48e-06  |g|= 0.00637  |ddm|= 4.42
    sigma = 0.02  Optimized mu = -0.151480124042  entropy = 50.9871528635
    Total E(T) = -12115.2878130611  Free energy = -12116.3075561184  E0 = -12115.7976845897
Extra cycle  E= -12115.2878130611  delta_E= 0.528  |g|= 0.402  |ddm|= 4.12e+03
converged SCF energy = -12115.2878130611
dm0 check [[[ 1.89791098e-01  3.06171756e-01 -6.27459785e-02 ...  3.01798045e-07
   -4.76547369e-07 -1.05743136e-06]
  [ 3.06171756e-01  5.07731999e-01 -1.67384123e-01 ...  1.16706690e-06
   -1.68455467e-06 -3.14001517e-06]
  [-6.27459785e-02 -1.67384123e-01  3.38464900e-01 ... -2.55045476e-06
    4.02055248e-06  7.54012505e-06]
  ...
  [ 3.01798045e-07  1.16706690e-06 -2.55045476e-06 ...  4.82736947e-07
   -1.21303475e-07  2.17643053e-08]
  [-4.76547369e-07 -1.68455467e-06  4.02055248e-06 ... -1.21303475e-07
    2.79886784e-07  4.53640928e-08]
  [-1.05743136e-06 -3.14001517e-06  7.54012505e-06 ...  2.17643053e-08
    4.53640928e-08  1.46586600e-07]]

 [[ 1.89771676e-01  3.06118601e-01 -6.26259008e-02 ...  5.12137114e-07
   -4.42246785e-07 -9.43414413e-07]
  [ 3.06118601e-01  5.07590004e-01 -1.67067820e-01 ...  1.73165122e-06
   -1.59057221e-06 -2.83254533e-06]
  [-6.26259008e-02 -1.67067820e-01  3.37763140e-01 ... -3.89121004e-06
    3.78081768e-06  6.79659900e-06]
  ...
  [ 5.12137114e-07  1.73165122e-06 -3.89121004e-06 ...  4.67513619e-07
   -1.23850126e-07  2.49689478e-08]
  [-4.42246785e-07 -1.59057221e-06  3.78081768e-06 ... -1.23850126e-07
    2.79355417e-07  4.35931245e-08]
  [-9.43414413e-07 -2.83254533e-06  6.79659900e-06 ...  2.49689478e-08
    4.35931245e-08  1.38218488e-07]]]


******** <class 'pyscf.scf.addons.SmearingDFUKS'> ********
method = SmearingDFUKS
initial guess = minao
damping factor = 0.15
level_shift factor = 0.2
DIIS = <class 'pyscf.scf.diis.CDIIS'>
diis_start_cycle = 1
diis_space = 12
diis_damp = 0
SCF conv_tol = 5e-05
SCF conv_tol_grad = None
SCF max_cycles = 200
direct_scf = True
direct_scf_tol = 1e-13
chkfile to save SCF result = /tmp/tmpqv60l0m3
max_memory 4000 MB (current use 86960 MB)
number electrons alpha = 325  beta = 323
XC library pyscf.dft.libxc version 6.1.0
    S. Lehtola, C. Steigemann, M. J.T. Oliveira, and M. A.L. Marques.,  SoftwareX 7, 1–5 (2018)
XC functionals = pbe
    J. P. Perdew, K. Burke, and M. Ernzerhof.,  Phys. Rev. Lett. 77, 3865 (1996)
    J. P. Perdew, K. Burke, and M. Ernzerhof.,  Phys. Rev. Lett. 78, 1396 (1997)
    J. P. Perdew, K. Burke, and M. Ernzerhof.,  Phys. Rev. Lett. 77, 3865 (1996)
    J. P. Perdew, K. Burke, and M. Ernzerhof.,  Phys. Rev. Lett. 78, 1396 (1997)
small_rho_cutoff = 1e-06
Set gradient conv threshold to 0.00707107
    Total E(T) = -12115.3712848345  Free energy = -12115.4350981961  E0 = -12115.4031915153
init E= -12115.3712848345
    sigma = 0.005  Optimized mu_alpha = -0.196577108179  entropy = 3.23432969928e-07
    sigma = 0.005  Optimized mu_beta  = -0.199213566072  entropy = 3.23432969928e-07
    Total E(T) = -12115.3712517152  Free energy = -12115.3712517168  E0 = -12115.371251716
cycle= 1 E= -12115.3712517152  delta_E= 3.31e-05  |g|= 0.0501  |ddm|= 27.4
    sigma = 0.005  Optimized mu_alpha = -0.197045821808  entropy = 3.20594216976e-07
    sigma = 0.005  Optimized mu_beta  = -0.19972183842  entropy = 3.20594216976e-07
    Total E(T) = -12115.3708832838  Free energy = -12115.3708832854  E0 = -12115.3708832846
cycle= 2 E= -12115.3708832838  delta_E= 0.000368  |g|= 0.15  |ddm|=  112
    sigma = 0.005  Optimized mu_alpha = -0.19670779688  entropy = 3.223653098e-07
    sigma = 0.005  Optimized mu_beta  = -0.199354554008  entropy = 3.223653098e-07
    Total E(T) = -12115.3711436805  Free energy = -12115.3711436821  E0 = -12115.3711436813
cycle= 3 E= -12115.3711436805  delta_E= -0.00026  |g|= 0.0698  |ddm|= 44.2
    sigma = 0.005  Optimized mu_alpha = -0.196708005021  entropy = 3.22360140804e-07
    sigma = 0.005  Optimized mu_beta  = -0.199354498402  entropy = 3.22360140804e-07
    Total E(T) = -12115.3712443534  Free energy = -12115.371244355  E0 = -12115.3712443542
cycle= 4 E= -12115.3712443534  delta_E= -0.000101  |g|= 0.0404  |ddm|= 19.7
    sigma = 0.005  Optimized mu_alpha = -0.196683089666  entropy = 3.22345375286e-07
    sigma = 0.005  Optimized mu_beta  = -0.199329125977  entropy = 3.22345375286e-07
    Total E(T) = -12115.3712810679  Free energy = -12115.3712810695  E0 = -12115.3712810687
cycle= 5 E= -12115.3712810679  delta_E= -3.67e-05  |g|= 0.0238  |ddm|= 10.8
    sigma = 0.005  Optimized mu_alpha = -0.196704116359  entropy = 3.22247913939e-07
    sigma = 0.005  Optimized mu_beta  = -0.199351237059  entropy = 3.22247913939e-07
    Total E(T) = -12115.3712939763  Free energy = -12115.3712939779  E0 = -12115.3712939771
cycle= 6 E= -12115.3712939763  delta_E= -1.29e-05  |g|= 0.0137  |ddm|= 6.64
    sigma = 0.005  Optimized mu_alpha = -0.196705746244  entropy = 3.22242458639e-07
    sigma = 0.005  Optimized mu_beta  = -0.199352895409  entropy = 3.22242458639e-07
    Total E(T) = -12115.3712984755  Free energy = -12115.3712984771  E0 = -12115.3712984763
cycle= 7 E= -12115.3712984755  delta_E= -4.5e-06  |g|= 0.00782  |ddm|= 3.89
    sigma = 0.005  Optimized mu_alpha = -0.196708272647  entropy = 3.2220439735e-07
    sigma = 0.005  Optimized mu_beta  = -0.199355894888  entropy = 3.2220439735e-07
    Total E(T) = -12115.3713000282  Free energy = -12115.3713000298  E0 = -12115.371300029
cycle= 8 E= -12115.3713000282  delta_E= -1.55e-06  |g|= 0.00406  |ddm|= 2.35
    sigma = 0.005  Optimized mu_alpha = -0.296252823715  entropy = 12.7686062387
    sigma = 0.005  Optimized mu_beta  = -0.299181260254  entropy = 12.7686062387
    Total E(T) = -12115.3354286825  Free energy = -12115.3992717137  E0 = -12115.3673501981
Extra cycle  E= -12115.3354286825  delta_E= 0.0359  |g|= 0.204  |ddm|=  880
converged SCF energy = -12115.3354286825  <S^2> = 3.7623526  2S+1 = 4.0061715
[phase1] step=3/5 L=-12265.63226110 Ef=-12265.63658170 |grad|=2.51275e-02 |db|=2.51275e-02 t=12347.5s
dm0 check [[[ 1.51511507e-09  2.24391764e-08  1.89790082e-07 ... -1.14718990e-07
    7.42477045e-07  6.64943306e-08]
  [ 2.24391764e-08  3.34444763e-07  2.75067587e-06 ... -1.77767125e-06
    1.10110602e-05  1.04757907e-06]
  [ 1.89790082e-07  2.75067587e-06  2.57238102e-05 ... -1.02769953e-05
    9.27869282e-05  4.99876750e-06]
  ...
  [-1.14718990e-07 -1.77767125e-06 -1.02769953e-05 ...  2.27166703e-04
    1.81897159e-06 -1.91352281e-04]
  [ 7.42477045e-07  1.10110602e-05  9.27869282e-05 ...  1.81897159e-06
    4.79980205e-04 -1.62432622e-06]
  [ 6.64943306e-08  1.04757907e-06  4.99876750e-06 ... -1.91352281e-04
   -1.62432622e-06  6.55604862e-04]]

 [[ 2.14412506e-09  3.18476057e-08  2.65523940e-07 ... -7.48707043e-08
    1.03578288e-06  2.38439018e-08]
  [ 3.18476057e-08  4.74248514e-07  3.91397520e-06 ... -9.93113263e-07
    1.53190814e-05  2.50155752e-07]
  [ 2.65523940e-07  3.91397520e-06  3.37625800e-05 ... -1.10142938e-05
    1.30901577e-04  4.52868661e-06]
  ...
  [-7.48707043e-08 -9.93113263e-07 -1.10142938e-05 ...  2.49604179e-04
    2.27939104e-06 -2.10130198e-04]
  [ 1.03578288e-06  1.53190814e-05  1.30901577e-04 ...  2.27939104e-06
    5.52938810e-04 -2.04467526e-06]
  [ 2.38439018e-08  2.50155752e-07  4.52868661e-06 ... -2.10130198e-04
   -2.04467526e-06  7.46013355e-04]]]
converged SCF energy = -150.22669371454  <S^2> = 2.0045398  2S+1 = 3.003025
dm0 check [[[ 1.14640389e-09  1.70870134e-08  1.38753940e-07 ... -8.06188001e-08
    6.25415513e-07  4.56897363e-08]
  [ 1.70870134e-08  2.56085858e-07  2.02952810e-06 ... -1.06182303e-06
    9.18280270e-06  7.18371347e-07]
  [ 1.38753940e-07  2.02952810e-06  1.80707536e-05 ... -1.26946238e-05
    8.12949625e-05  3.19865409e-06]
  ...
  [-8.06188001e-08 -1.06182303e-06 -1.26946238e-05 ...  2.39058492e-04
   -1.61624915e-06 -1.68274807e-04]
  [ 6.25415513e-07  9.18280270e-06  8.12949625e-05 ... -1.61624915e-06
    4.44994841e-04 -4.05993345e-06]
  [ 4.56897363e-08  7.18371347e-07  3.19865409e-06 ... -1.68274807e-04
   -4.05993345e-06  5.95722513e-04]]

 [[ 2.53036581e-08  3.85049037e-07  2.83126424e-06 ... -1.48564942e-07
    1.05891595e-07  7.43764343e-08]
  [ 3.85049037e-07  5.86074595e-06  4.30457439e-05 ... -2.17965304e-06
    1.18317948e-06  1.05271957e-06]
  [ 2.83126424e-06  4.30457439e-05  3.17989434e-04 ... -1.75089511e-05
    2.68727895e-05  9.38928672e-06]
  ...
  [-1.48564942e-07 -2.17965304e-06 -1.75089511e-05 ...  2.30571547e-04
    2.08965489e-07 -1.91670976e-04]
  [ 1.05891595e-07  1.18317948e-06  2.68727895e-05 ...  2.08965489e-07
    4.63237986e-04 -3.50230181e-06]
  [ 7.43764343e-08  1.05271957e-06  9.38928672e-06 ... -1.91670976e-04
   -3.50230181e-06  6.49568405e-04]]]
converged SCF energy = -150.244985829834  <S^2> = 0.92979733  2S+1 = 2.1723695
dm0 check [[ 3.79543286e-01  6.12230267e-01 -1.25225551e-01 ...  8.04879273e-07
  -9.68938259e-07 -2.15531927e-06]
 [ 6.12230267e-01  1.01515285e+00 -3.34057651e-01 ...  2.87352956e-06
  -3.41148875e-06 -6.38982719e-06]
 [-1.25225551e-01 -3.34057651e-01  6.75287219e-01 ... -6.38611096e-06
   8.14241015e-06  1.53615563e-05]
 ...
 [ 8.04879273e-07  2.87352956e-06 -6.38611096e-06 ...  8.97911081e-07
  -2.33920001e-07  5.29441960e-08]
 [-9.68938259e-07 -3.41148875e-06  8.14241015e-06 ... -2.33920001e-07
   5.42663765e-07  8.10506591e-08]
 [-2.15531927e-06 -6.38982719e-06  1.53615563e-05 ...  5.29441960e-08
   8.10506591e-08  2.83707614e-07]]


******** <class 'pyscf.scf.addons.SmearingDFRKS'> ********
method = SmearingDFRKS
initial guess = minao
damping factor = 0.15
level_shift factor = 0.2
DIIS = <class 'pyscf.scf.diis.CDIIS'>
diis_start_cycle = 1
diis_space = 12
diis_damp = 0
SCF conv_tol = 5e-05
SCF conv_tol_grad = None
SCF max_cycles = 200
direct_scf = True
direct_scf_tol = 1e-13
chkfile to save SCF result = /tmp/tmp48qqytxn
max_memory 4000 MB (current use 87017 MB)
XC library pyscf.dft.libxc version 6.1.0
    S. Lehtola, C. Steigemann, M. J.T. Oliveira, and M. A.L. Marques.,  SoftwareX 7, 1–5 (2018)
XC functionals = pbe
    J. P. Perdew, K. Burke, and M. Ernzerhof.,  Phys. Rev. Lett. 77, 3865 (1996)
    J. P. Perdew, K. Burke, and M. Ernzerhof.,  Phys. Rev. Lett. 78, 1396 (1997)
    J. P. Perdew, K. Burke, and M. Ernzerhof.,  Phys. Rev. Lett. 77, 3865 (1996)
    J. P. Perdew, K. Burke, and M. Ernzerhof.,  Phys. Rev. Lett. 78, 1396 (1997)
small_rho_cutoff = 1e-06
Set gradient conv threshold to 0.00707107
    Total E(T) = -12115.7615597273  Free energy = -12116.7813027846  E0 = -12116.2714312559
init E= -12115.7615597273
    sigma = 0.02  Optimized mu = -0.051452843337  entropy = 1.49552381344
    Total E(T) = -12115.7614984298  Free energy = -12115.7914089061  E0 = -12115.776453668
cycle= 1 E= -12115.7614984298  delta_E= 6.13e-05  |g|= 0.049  |ddm|= 44.8
    sigma = 0.02  Optimized mu = -0.05195520776  entropy = 1.494541597
    Total E(T) = -12115.7607814454  Free energy = -12115.7906722774  E0 = -12115.7757268614
cycle= 2 E= -12115.7607814454  delta_E= 0.000717  |g|= 0.161  |ddm|=  189
    sigma = 0.02  Optimized mu = -0.0516044641566  entropy = 1.49466483438
    Total E(T) = -12115.7612624782  Free energy = -12115.7911557749  E0 = -12115.7762091265
cycle= 3 E= -12115.7612624782  delta_E= -0.000481  |g|= 0.0781  |ddm|= 72.7
    sigma = 0.02  Optimized mu = -0.051591258714  entropy = 1.49472376318
    Total E(T) = -12115.7614494761  Free energy = -12115.7913439513  E0 = -12115.7763967137
cycle= 4 E= -12115.7614494761  delta_E= -0.000187  |g|= 0.0489  |ddm|=   31
    sigma = 0.02  Optimized mu = -0.0515760023177  entropy = 1.49478316974
    Total E(T) = -12115.7615260415  Free energy = -12115.7914217049  E0 = -12115.7764738732
cycle= 5 E= -12115.7615260415  delta_E= -7.66e-05  |g|= 0.0297  |ddm|= 17.9
    sigma = 0.02  Optimized mu = -0.0515849114142  entropy = 1.49469564747
    Total E(T) = -12115.7615563603  Free energy = -12115.7914502732  E0 = -12115.7765033167
cycle= 6 E= -12115.7615563603  delta_E= -3.03e-05  |g|= 0.0192  |ddm|= 12.5
    sigma = 0.02  Optimized mu = -0.0515885753335  entropy = 1.49468104928
    Total E(T) = -12115.7615684423  Free energy = -12115.7914620633  E0 = -12115.7765152528
cycle= 7 E= -12115.7615684423  delta_E= -1.21e-05  |g|= 0.0119  |ddm|= 7.35
    sigma = 0.02  Optimized mu = -0.0515842223844  entropy = 1.49470247273
    Total E(T) = -12115.761573081  Free energy = -12115.7914671305  E0 = -12115.7765201057
cycle= 8 E= -12115.761573081  delta_E= -4.64e-06  |g|= 0.00768  |ddm|= 4.54
    sigma = 0.02  Optimized mu = -0.0515941544792  entropy = 1.49465852816
    Total E(T) = -12115.7615751375  Free energy = -12115.791468308  E0 = -12115.7765217227
cycle= 9 E= -12115.7615751375  delta_E= -2.06e-06  |g|= 0.00458  |ddm|=  3.9
    sigma = 0.02  Optimized mu = -0.151500618934  entropy = 50.9891016003
    Total E(T) = -12115.2335572232  Free energy = -12116.2533392552  E0 = -12115.7434482392
Extra cycle  E= -12115.2335572232  delta_E= 0.528  |g|= 0.398  |ddm|= 4.12e+03
converged SCF energy = -12115.2335572232
dm0 check [[[ 1.89793164e-01  3.06172823e-01 -6.27481606e-02 ...  3.26640691e-07
   -4.67849167e-07 -1.11275437e-06]
  [ 3.06172823e-01  5.07729853e-01 -1.67386913e-01 ...  1.23389964e-06
   -1.66101209e-06 -3.28897721e-06]
  [-6.27481606e-02 -1.67386913e-01  3.38471215e-01 ... -2.71190770e-06
    3.96398115e-06  7.89958862e-06]
  ...
  [ 3.26640691e-07  1.23389964e-06 -2.71190770e-06 ...  4.74922980e-07
   -1.21396874e-07  2.45418806e-08]
  [-4.67849167e-07 -1.66101209e-06  3.96398115e-06 ... -1.21396874e-07
    2.78426473e-07  4.45027198e-08]
  [-1.11275437e-06 -3.28897721e-06  7.89958862e-06 ...  2.45418806e-08
    4.45027198e-08  1.51597487e-07]]

 [[ 1.89773620e-01  3.06119355e-01 -6.26273249e-02 ...  5.34171635e-07
   -4.35192952e-07 -9.98960250e-07]
  [ 3.06119355e-01  5.07587030e-01 -1.67068565e-01 ...  1.79096885e-06
   -1.57144988e-06 -2.98224527e-06]
  [-6.26273249e-02 -1.67068565e-01  3.37764447e-01 ... -4.03510474e-06
    3.73479177e-06  7.15910264e-06]
  ...
  [ 5.34171635e-07  1.79096885e-06 -4.03510474e-06 ...  4.59844973e-07
   -1.23835851e-07  2.77860573e-08]
  [-4.35192952e-07 -1.57144988e-06  3.73479177e-06 ... -1.23835851e-07
    2.78053651e-07  4.26657037e-08]
  [-9.98960250e-07 -2.98224527e-06  7.15910264e-06 ...  2.77860573e-08
    4.26657037e-08  1.43095410e-07]]]


******** <class 'pyscf.scf.addons.SmearingDFUKS'> ********
method = SmearingDFUKS
initial guess = minao
damping factor = 0.15
level_shift factor = 0.2
DIIS = <class 'pyscf.scf.diis.CDIIS'>
diis_start_cycle = 1
diis_space = 12
diis_damp = 0
SCF conv_tol = 5e-05
SCF conv_tol_grad = None
SCF max_cycles = 200
direct_scf = True
direct_scf_tol = 1e-13
chkfile to save SCF result = /tmp/tmpqv60l0m3
max_memory 4000 MB (current use 87017 MB)
number electrons alpha = 325  beta = 323
XC library pyscf.dft.libxc version 6.1.0
    S. Lehtola, C. Steigemann, M. J.T. Oliveira, and M. A.L. Marques.,  SoftwareX 7, 1–5 (2018)
XC functionals = pbe
    J. P. Perdew, K. Burke, and M. Ernzerhof.,  Phys. Rev. Lett. 77, 3865 (1996)
    J. P. Perdew, K. Burke, and M. Ernzerhof.,  Phys. Rev. Lett. 78, 1396 (1997)
    J. P. Perdew, K. Burke, and M. Ernzerhof.,  Phys. Rev. Lett. 77, 3865 (1996)
    J. P. Perdew, K. Burke, and M. Ernzerhof.,  Phys. Rev. Lett. 78, 1396 (1997)
small_rho_cutoff = 1e-06
Set gradient conv threshold to 0.00707107
    Total E(T) = -12115.3169260015  Free energy = -12115.3807690327  E0 = -12115.3488475171
init E= -12115.3169260015
    sigma = 0.005  Optimized mu_alpha = -0.196615123722  entropy = 3.24284072592e-07
    sigma = 0.005  Optimized mu_beta  = -0.199242282748  entropy = 3.24284072592e-07
    Total E(T) = -12115.3168955445  Free energy = -12115.3168955462  E0 = -12115.3168955454
cycle= 1 E= -12115.3168955445  delta_E= 3.05e-05  |g|= 0.0478  |ddm|= 25.7
    sigma = 0.005  Optimized mu_alpha = -0.197073372615  entropy = 3.21490175575e-07
    sigma = 0.005  Optimized mu_beta  = -0.199737749876  entropy = 3.21490175575e-07
    Total E(T) = -12115.3165596521  Free energy = -12115.3165596537  E0 = -12115.3165596529
cycle= 2 E= -12115.3165596521  delta_E= 0.000336  |g|= 0.143  |ddm|=  106
    sigma = 0.005  Optimized mu_alpha = -0.196742291924  entropy = 3.23247591022e-07
    sigma = 0.005  Optimized mu_beta  = -0.199379019783  entropy = 3.23247591022e-07
    Total E(T) = -12115.3167965752  Free energy = -12115.3167965768  E0 = -12115.316796576
cycle= 3 E= -12115.3167965752  delta_E= -0.000237  |g|= 0.0669  |ddm|=   42
    sigma = 0.005  Optimized mu_alpha = -0.196742178143  entropy = 3.23245405585e-07
    sigma = 0.005  Optimized mu_beta  = -0.199378641144  entropy = 3.23245405585e-07
    Total E(T) = -12115.3168880825  Free energy = -12115.3168880841  E0 = -12115.3168880833
cycle= 4 E= -12115.3168880825  delta_E= -9.15e-05  |g|= 0.0388  |ddm|= 18.8
    sigma = 0.005  Optimized mu_alpha = -0.196719018127  entropy = 3.2323217712e-07
    sigma = 0.005  Optimized mu_beta  = -0.199355105928  entropy = 3.2323217712e-07
    Total E(T) = -12115.3169214262  Free energy = -12115.3169214278  E0 = -12115.316921427
cycle= 5 E= -12115.3169214262  delta_E= -3.33e-05  |g|= 0.0232  |ddm|= 10.1
    sigma = 0.005  Optimized mu_alpha = -0.196738655416  entropy = 3.23143257793e-07
    sigma = 0.005  Optimized mu_beta  = -0.199375694616  entropy = 3.23143257793e-07
    Total E(T) = -12115.3169334162  Free energy = -12115.3169334178  E0 = -12115.316933417
cycle= 6 E= -12115.3169334162  delta_E= -1.2e-05  |g|= 0.0133  |ddm|=  6.1
    sigma = 0.005  Optimized mu_alpha = -0.196740568764  entropy = 3.23141344322e-07
    sigma = 0.005  Optimized mu_beta  = -0.19937756066  entropy = 3.23141344322e-07
    Total E(T) = -12115.3169376528  Free energy = -12115.3169376545  E0 = -12115.3169376537
cycle= 7 E= -12115.3169376528  delta_E= -4.24e-06  |g|= 0.0078  |ddm|= 3.75
    sigma = 0.005  Optimized mu_alpha = -0.196743054256  entropy = 3.23102077269e-07
    sigma = 0.005  Optimized mu_beta  = -0.199380498785  entropy = 3.23102077269e-07
    Total E(T) = -12115.3169391568  Free energy = -12115.3169391584  E0 = -12115.3169391576
cycle= 8 E= -12115.3169391568  delta_E= -1.5e-06  |g|= 0.00406  |ddm|= 2.35
    sigma = 0.005  Optimized mu_alpha = -0.296287172458  entropy = 12.7738942196
    sigma = 0.005  Optimized mu_beta  = -0.299211514116  entropy = 12.7738942196
    Total E(T) = -12115.2811017307  Free energy = -12115.3449712018  E0 = -12115.3130364662
Extra cycle  E= -12115.2811017307  delta_E= 0.0358  |g|= 0.204  |ddm|=  881
converged SCF energy = -12115.2811017307  <S^2> = 3.762379  2S+1 = 4.0061847
[phase1] step=4/5 L=-12265.57828131 Ef=-12265.58303931 |grad|=2.43031e-02 |db|=2.43031e-02 t=12801.0s
dm0 check [[[ 1.51511345e-09  2.24391537e-08  1.89789845e-07 ... -1.14719041e-07
    7.42476856e-07  6.64943793e-08]
  [ 2.24391537e-08  3.34444425e-07  2.75067274e-06 ... -1.77767171e-06
    1.10110573e-05  1.04757954e-06]
  [ 1.89789845e-07  2.75067274e-06  2.57237806e-05 ... -1.02769975e-05
    9.27869110e-05  4.99876992e-06]
  ...
  [-1.14719041e-07 -1.77767171e-06 -1.02769975e-05 ...  2.27166714e-04
    1.81897069e-06 -1.91352291e-04]
  [ 7.42476856e-07  1.10110573e-05  9.27869110e-05 ...  1.81897069e-06
    4.79980266e-04 -1.62432538e-06]
  [ 6.64943793e-08  1.04757954e-06  4.99876992e-06 ... -1.91352291e-04
   -1.62432538e-06  6.55604932e-04]]

 [[ 2.14412288e-09  3.18475751e-08  2.65523668e-07 ... -7.48706513e-08
    1.03578247e-06  2.38438681e-08]
  [ 3.18475751e-08  4.74248065e-07  3.91397161e-06 ... -9.93113945e-07
    1.53190755e-05  2.50156401e-07]
  [ 2.65523668e-07  3.91397161e-06  3.37625491e-05 ... -1.10142914e-05
    1.30901535e-04  4.52868544e-06]
  ...
  [-7.48706513e-08 -9.93113945e-07 -1.10142914e-05 ...  2.49604200e-04
    2.27939015e-06 -2.10130218e-04]
  [ 1.03578247e-06  1.53190755e-05  1.30901535e-04 ...  2.27939015e-06
    5.52938890e-04 -2.04467291e-06]
  [ 2.38438681e-08  2.50156401e-07  4.52868544e-06 ... -2.10130218e-04
   -2.04467291e-06  7.46013452e-04]]]
converged SCF energy = -150.226693714539  <S^2> = 2.0045398  2S+1 = 3.003025
dm0 check [[[ 1.14641746e-09  1.70871842e-08  1.38754814e-07 ... -8.06196940e-08
    6.25417123e-07  4.56926950e-08]
  [ 1.70871842e-08  2.56087719e-07  2.02954044e-06 ... -1.06182579e-06
    9.18282745e-06  7.18406951e-07]
  [ 1.38754814e-07  2.02954044e-06  1.80708467e-05 ... -1.26946806e-05
    8.12951704e-05  3.19891367e-06]
  ...
  [-8.06196940e-08 -1.06182579e-06 -1.26946806e-05 ...  2.39058743e-04
   -1.61627512e-06 -1.68275179e-04]
  [ 6.25417123e-07  9.18282745e-06  8.12951704e-05 ... -1.61627512e-06
    4.44995292e-04 -4.05994682e-06]
  [ 4.56926950e-08  7.18406951e-07  3.19891367e-06 ... -1.68275179e-04
   -4.05994682e-06  5.95722691e-04]]

 [[ 2.53030870e-08  3.85041145e-07  2.83121279e-06 ... -1.48564709e-07
    1.05890531e-07  7.43820779e-08]
  [ 3.85041145e-07  5.86063789e-06  4.30450520e-05 ... -2.17963110e-06
    1.18320843e-06  1.05278658e-06]
  [ 2.83121279e-06  4.30450520e-05  3.17985098e-04 ... -1.75088048e-05
    2.68728923e-05  9.38977625e-06]
  ...
  [-1.48564709e-07 -2.17963110e-06 -1.75088048e-05 ...  2.30571482e-04
    2.08982425e-07 -1.91671361e-04]
  [ 1.05890531e-07  1.18320843e-06  2.68728923e-05 ...  2.08982425e-07
    4.63238232e-04 -3.50223753e-06]
  [ 7.43820779e-08  1.05278658e-06  9.38977625e-06 ... -1.91671361e-04
   -3.50223753e-06  6.49568187e-04]]]
converged SCF energy = -150.244985829831  <S^2> = 0.92979751  2S+1 = 2.1723697
dm0 check [[ 3.79539790e-01  6.12228724e-01 -1.25222880e-01 ...  8.58492218e-07
  -9.49238828e-07 -2.27474661e-06]
 [ 6.12228724e-01  1.01515683e+00 -3.34053504e-01 ...  3.01850789e-06
  -3.35870437e-06 -6.71216607e-06]
 [-1.25222880e-01 -3.34053504e-01  6.75277534e-01 ... -6.73911982e-06
   8.01644105e-06  1.61426068e-05]
 ...
 [ 8.58492218e-07  3.01850789e-06 -6.73911982e-06 ...  8.83455966e-07
  -2.33993901e-07  5.78118846e-08]
 [-9.49238828e-07 -3.35870437e-06  8.01644105e-06 ... -2.33993901e-07
   5.39987719e-07  7.88955302e-08]
 [-2.27474661e-06 -6.71216607e-06  1.61426068e-05 ...  5.78118846e-08
   7.88955302e-08  2.94938046e-07]]


******** <class 'pyscf.scf.addons.SmearingDFRKS'> ********
method = SmearingDFRKS
initial guess = minao
damping factor = 0.15
level_shift factor = 0.2
DIIS = <class 'pyscf.scf.diis.CDIIS'>
diis_start_cycle = 1
diis_space = 12
diis_damp = 0
SCF conv_tol = 5e-05
SCF conv_tol_grad = None
SCF max_cycles = 200
direct_scf = True
direct_scf_tol = 1e-13
chkfile to save SCF result = /tmp/tmp48qqytxn
max_memory 4000 MB (current use 87073 MB)
XC library pyscf.dft.libxc version 6.1.0
    S. Lehtola, C. Steigemann, M. J.T. Oliveira, and M. A.L. Marques.,  SoftwareX 7, 1–5 (2018)
XC functionals = pbe
    J. P. Perdew, K. Burke, and M. Ernzerhof.,  Phys. Rev. Lett. 77, 3865 (1996)
    J. P. Perdew, K. Burke, and M. Ernzerhof.,  Phys. Rev. Lett. 78, 1396 (1997)
    J. P. Perdew, K. Burke, and M. Ernzerhof.,  Phys. Rev. Lett. 77, 3865 (1996)
    J. P. Perdew, K. Burke, and M. Ernzerhof.,  Phys. Rev. Lett. 78, 1396 (1997)
small_rho_cutoff = 1e-06
Set gradient conv threshold to 0.00707107
    Total E(T) = -12115.6902782807  Free energy = -12116.7100603127  E0 = -12116.2001692967
init E= -12115.6902782807
    sigma = 0.02  Optimized mu = -0.0514746460263  entropy = 1.49632918067
    Total E(T) = -12115.6902363409  Free energy = -12115.7201629245  E0 = -12115.7051996327
cycle= 1 E= -12115.6902363409  delta_E= 4.19e-05  |g|= 0.0397  |ddm|= 34.8
    sigma = 0.02  Optimized mu = -0.0520156846687  entropy = 1.49471400913
    Total E(T) = -12115.6897536472  Free energy = -12115.7196479274  E0 = -12115.7047007873
cycle= 2 E= -12115.6897536472  delta_E= 0.000483  |g|= 0.128  |ddm|=  154
    sigma = 0.02  Optimized mu = -0.0516299851147  entropy = 1.49545198191
    Total E(T) = -12115.6900811653  Free energy = -12115.7199902049  E0 = -12115.7050356851
cycle= 3 E= -12115.6900811653  delta_E= -0.000328  |g|= 0.0618  |ddm|= 61.1
    sigma = 0.02  Optimized mu = -0.0516179356906  entropy = 1.4955294444
    Total E(T) = -12115.6902079536  Free energy = -12115.7201185425  E0 = -12115.705163248
cycle= 4 E= -12115.6902079536  delta_E= -0.000127  |g|= 0.0381  |ddm|= 26.2
    sigma = 0.02  Optimized mu = -0.0516037281878  entropy = 1.49558913774
    Total E(T) = -12115.6902589417  Free energy = -12115.7201707244  E0 = -12115.705214833
cycle= 5 E= -12115.6902589417  delta_E= -5.1e-05  |g|= 0.0229  |ddm|= 14.3
    sigma = 0.02  Optimized mu = -0.0516125803542  entropy = 1.49551115721
    Total E(T) = -12115.6902786561  Free energy = -12115.7201888793  E0 = -12115.7052337677
cycle= 6 E= -12115.6902786561  delta_E= -1.97e-05  |g|= 0.0147  |ddm|= 10.1
    sigma = 0.02  Optimized mu = -0.0516189321046  entropy = 1.49548591979
    Total E(T) = -12115.6902863937  Free energy = -12115.7201961121  E0 = -12115.7052412529
cycle= 7 E= -12115.6902863937  delta_E= -7.74e-06  |g|= 0.00893  |ddm|= 5.85
    sigma = 0.02  Optimized mu = -0.0516116833601  entropy = 1.49552266933
    Total E(T) = -12115.6902892469  Free energy = -12115.7201997003  E0 = -12115.7052444736
cycle= 8 E= -12115.6902892469  delta_E= -2.85e-06  |g|= 0.0059  |ddm|= 4.03
    sigma = 0.02  Optimized mu = -0.15152356473  entropy = 50.9897626427
    Total E(T) = -12115.1622197903  Free energy = -12116.1820150432  E0 = -12115.6721174167
Extra cycle  E= -12115.1622197903  delta_E= 0.528  |g|= 0.405  |ddm|= 4.12e+03
converged SCF energy = -12115.1622197903
dm0 check [[[ 1.89791419e-01  3.06172053e-01 -6.27468115e-02 ...  3.51598822e-07
   -4.58740465e-07 -1.16849881e-06]
  [ 3.06172053e-01  5.07731843e-01 -1.67384811e-01 ...  1.30135541e-06
   -1.63663399e-06 -3.43935155e-06]
  [-6.27468115e-02 -1.67384811e-01  3.38466267e-01 ... -2.87578757e-06
    3.90601645e-06  8.26315186e-06]
  ...
  [ 3.51598822e-07  1.30135541e-06 -2.87578757e-06 ...  4.67444831e-07
   -1.21520545e-07  2.70295362e-08]
  [-4.58740465e-07 -1.63663399e-06  3.90601645e-06 ... -1.21520545e-07
    2.77055197e-07  4.35882375e-08]
  [-1.16849881e-06 -3.43935155e-06  8.26315186e-06 ...  2.70295362e-08
    4.35882375e-08  1.57073066e-07]]

 [[ 1.89771763e-01  3.06118300e-01 -6.26252836e-02 ...  5.55931864e-07
   -4.27575064e-07 -1.05479521e-06]
  [ 3.06118300e-01  5.07588264e-01 -1.67064591e-01 ...  1.84986527e-06
   -1.55107587e-06 -3.13299773e-06]
  [-6.26252836e-02 -1.67064591e-01  3.37754909e-01 ... -4.17889478e-06
    3.68637180e-06  7.52485326e-06]
  ...
  [ 5.55931864e-07  1.84986527e-06 -4.17889478e-06 ...  4.52508556e-07
   -1.23855243e-07  3.03105407e-08]
  [-4.27575064e-07 -1.55107587e-06  3.68637180e-06 ... -1.23855243e-07
    2.76834754e-07  4.16845364e-08]
  [-1.05479521e-06 -3.13299773e-06  7.52485326e-06 ...  3.03105407e-08
    4.16845364e-08  1.48437503e-07]]]


******** <class 'pyscf.scf.addons.SmearingDFUKS'> ********
method = SmearingDFUKS
initial guess = minao
damping factor = 0.15
level_shift factor = 0.2
DIIS = <class 'pyscf.scf.diis.CDIIS'>
diis_start_cycle = 1
diis_space = 12
diis_damp = 0
SCF conv_tol = 5e-05
SCF conv_tol_grad = None
SCF max_cycles = 200
direct_scf = True
direct_scf_tol = 1e-13
chkfile to save SCF result = /tmp/tmpqv60l0m3
max_memory 4000 MB (current use 87073 MB)
number electrons alpha = 325  beta = 323
XC library pyscf.dft.libxc version 6.1.0
    S. Lehtola, C. Steigemann, M. J.T. Oliveira, and M. A.L. Marques.,  SoftwareX 7, 1–5 (2018)
XC functionals = pbe
    J. P. Perdew, K. Burke, and M. Ernzerhof.,  Phys. Rev. Lett. 77, 3865 (1996)
    J. P. Perdew, K. Burke, and M. Ernzerhof.,  Phys. Rev. Lett. 78, 1396 (1997)
    J. P. Perdew, K. Burke, and M. Ernzerhof.,  Phys. Rev. Lett. 77, 3865 (1996)
    J. P. Perdew, K. Burke, and M. Ernzerhof.,  Phys. Rev. Lett. 78, 1396 (1997)
small_rho_cutoff = 1e-06
Set gradient conv threshold to 0.00707107
    Total E(T) = -12115.2457072315  Free energy = -12115.3095767026  E0 = -12115.277641967
init E= -12115.2457072315
    sigma = 0.005  Optimized mu_alpha = -0.196651385022  entropy = 3.2507289303e-07
    sigma = 0.005  Optimized mu_beta  = -0.199270405372  entropy = 3.2507289303e-07
    Total E(T) = -12115.2456800064  Free energy = -12115.2456800081  E0 = -12115.2456800072
cycle= 1 E= -12115.2456800064  delta_E= 2.72e-05  |g|= 0.0449  |ddm|= 23.5
    sigma = 0.005  Optimized mu_alpha = -0.197091316898  entropy = 3.22327950918e-07
    sigma = 0.005  Optimized mu_beta  = -0.199745162424  entropy = 3.22327950918e-07
    Total E(T) = -12115.2453802834  Free energy = -12115.245380285  E0 = -12115.2453802842
cycle= 2 E= -12115.2453802834  delta_E= 0.0003  |g|= 0.135  |ddm|=   99
    sigma = 0.005  Optimized mu_alpha = -0.196775270034  entropy = 3.24075218225e-07
    sigma = 0.005  Optimized mu_beta  = -0.199403191415  entropy = 3.24075218225e-07
    Total E(T) = -12115.2455905481  Free energy = -12115.2455905498  E0 = -12115.245590549
cycle= 3 E= -12115.2455905481  delta_E= -0.00021  |g|= 0.0633  |ddm|= 39.2
    sigma = 0.005  Optimized mu_alpha = -0.196774755457  entropy = 3.24078712049e-07
    sigma = 0.005  Optimized mu_beta  = -0.199402373131  entropy = 3.24078712049e-07
    Total E(T) = -12115.2456722098  Free energy = -12115.2456722115  E0 = -12115.2456722107
cycle= 4 E= -12115.2456722098  delta_E= -8.17e-05  |g|= 0.037  |ddm|= 17.6
    sigma = 0.005  Optimized mu_alpha = -0.196753368491  entropy = 3.24072993413e-07
    sigma = 0.005  Optimized mu_beta  = -0.199380624313  entropy = 3.24072993413e-07
    Total E(T) = -12115.245702388  Free energy = -12115.2457023896  E0 = -12115.2457023888
cycle= 5 E= -12115.245702388  delta_E= -3.02e-05  |g|= 0.0222  |ddm|= 9.42
    sigma = 0.005  Optimized mu_alpha = -0.196770959522  entropy = 3.23984905628e-07
    sigma = 0.005  Optimized mu_beta  = -0.199399074887  entropy = 3.23984905628e-07
    Total E(T) = -12115.245713292  Free energy = -12115.2457132936  E0 = -12115.2457132928
cycle= 6 E= -12115.245713292  delta_E= -1.09e-05  |g|= 0.0129  |ddm|= 5.73
    sigma = 0.005  Optimized mu_alpha = -0.196772563882  entropy = 3.2398190389e-07
    sigma = 0.005  Optimized mu_beta  = -0.199400662711  entropy = 3.2398190389e-07
    Total E(T) = -12115.2457171971  Free energy = -12115.2457171988  E0 = -12115.2457171979
cycle= 7 E= -12115.2457171971  delta_E= -3.91e-06  |g|= 0.00751  |ddm|= 3.53
    sigma = 0.005  Optimized mu_alpha = -0.196774606104  entropy = 3.23948070716e-07
    sigma = 0.005  Optimized mu_beta  = -0.199403098616  entropy = 3.23948070716e-07
    Total E(T) = -12115.2457185953  Free energy = -12115.245718597  E0 = -12115.2457185961
cycle= 8 E= -12115.2457185953  delta_E= -1.4e-06  |g|= 0.00398  |ddm|=  2.2
    sigma = 0.005  Optimized mu_alpha = -0.296316198237  entropy = 12.7785716667
    sigma = 0.005  Optimized mu_beta  = -0.299236872468  entropy = 12.7785716667
    Total E(T) = -12115.2099163649  Free energy = -12115.2738092233  E0 = -12115.2418627941
Extra cycle  E= -12115.2099163649  delta_E= 0.0358  |g|= 0.203  |ddm|=  882
converged SCF energy = -12115.2099163649  <S^2> = 3.7624053  2S+1 = 4.0061978
[phase1] step=5/5 L=-12265.52374092 Ef=-12265.52890794 |grad|=2.36246e-02 |db|=2.36246e-02 t=12342.3s
[phase1] finished, |b| = 2.46325e-01 t=63460.1s
starting phase 2: L-BFGS-B optimization
dm0 check [[[ 1.51511415e-09  2.24391628e-08  1.89789947e-07 ... -1.14718984e-07
    7.42476838e-07  6.64943258e-08]
  [ 2.24391628e-08  3.34444541e-07  2.75067408e-06 ... -1.77767093e-06
    1.10110575e-05  1.04757877e-06]
  [ 1.89789947e-07  2.75067408e-06  2.57237936e-05 ... -1.02769919e-05
    9.27869045e-05  4.99876461e-06]
  ...
  [-1.14718984e-07 -1.77767093e-06 -1.02769919e-05 ...  2.27166733e-04
    1.81897134e-06 -1.91352306e-04]
  [ 7.42476838e-07  1.10110575e-05  9.27869045e-05 ...  1.81897134e-06
    4.79980259e-04 -1.62432546e-06]
  [ 6.64943258e-08  1.04757877e-06  4.99876461e-06 ... -1.91352306e-04
   -1.62432546e-06  6.55604939e-04]]

 [[ 2.14412378e-09  3.18475878e-08  2.65523769e-07 ... -7.48705966e-08
    1.03578261e-06  2.38438148e-08]
  [ 3.18475878e-08  4.74248243e-07  3.91397303e-06 ... -9.93113260e-07
    1.53190777e-05  2.50155737e-07]
  [ 2.65523769e-07  3.91397303e-06  3.37625602e-05 ... -1.10142876e-05
    1.30901546e-04  4.52868172e-06]
  ...
  [-7.48705966e-08 -9.93113260e-07 -1.10142876e-05 ...  2.49604209e-04
    2.27939089e-06 -2.10130225e-04]
  [ 1.03578261e-06  1.53190777e-05  1.30901546e-04 ...  2.27939089e-06
    5.52938841e-04 -2.04467317e-06]
  [ 2.38438148e-08  2.50155737e-07  4.52868172e-06 ... -2.10130225e-04
   -2.04467317e-06  7.46013408e-04]]]
converged SCF energy = -150.226693714539  <S^2> = 2.0045398  2S+1 = 3.003025
dm0 check [[[ 1.14640647e-09  1.70870362e-08  1.38753765e-07 ... -8.06181581e-08
    6.25414530e-07  4.56915015e-08]
  [ 1.70870362e-08  2.56085697e-07  2.02952708e-06 ... -1.06181950e-06
    9.18279722e-06  7.18389893e-07]
  [ 1.38753765e-07  2.02952708e-06  1.80707418e-05 ... -1.26946014e-05
    8.12948674e-05  3.19878412e-06]
  ...
  [-8.06181581e-08 -1.06181950e-06 -1.26946014e-05 ...  2.39058920e-04
   -1.61646046e-06 -1.68275036e-04]
  [ 6.25414530e-07  9.18279722e-06  8.12948674e-05 ... -1.61646046e-06
    4.44995046e-04 -4.06014375e-06]
  [ 4.56915015e-08  7.18389893e-07  3.19878412e-06 ... -1.68275036e-04
   -4.06014375e-06  5.95722908e-04]]

 [[ 2.53030892e-08  3.85040790e-07  2.83121158e-06 ... -1.48563624e-07
    1.05888895e-07  7.43803831e-08]
  [ 3.85040790e-07  5.86062646e-06  4.30449916e-05 ... -2.17962742e-06
    1.18318286e-06  1.05277382e-06]
  [ 2.83121158e-06  4.30449916e-05  3.17984801e-04 ... -1.75087727e-05
    2.68725749e-05  9.38967872e-06]
  ...
  [-1.48563624e-07 -2.17962742e-06 -1.75087727e-05 ...  2.30571627e-04
    2.08962580e-07 -1.91671233e-04]
  [ 1.05888895e-07  1.18318286e-06  2.68725749e-05 ...  2.08962580e-07
    4.63238037e-04 -3.50226066e-06]
  [ 7.43803831e-08  1.05277382e-06  9.38967872e-06 ... -1.91671233e-04
   -3.50226066e-06  6.49568164e-04]]]
converged SCF energy = -150.244985829816  <S^2> = 0.92980779  2S+1 = 2.1723791
dm0 check [[ 3.79541517e-01  6.12229618e-01 -1.25224754e-01 ...  9.13286663e-07
  -9.29378349e-07 -2.39606978e-06]
 [ 6.12229618e-01  1.01515487e+00 -3.34055312e-01 ...  3.16636672e-06
  -3.30506749e-06 -7.03933384e-06]
 [-1.25224754e-01 -3.34055312e-01  6.75281073e-01 ... -7.09829605e-06
   7.88708031e-06  1.69349142e-05]
 ...
 [ 9.13286663e-07  3.16636672e-06 -7.09829605e-06 ...  8.69708944e-07
  -2.34116741e-07  6.20719625e-08]
 [-9.29378349e-07 -3.30506749e-06  7.88708031e-06 ... -2.34116741e-07
   5.37629418e-07  7.66757100e-08]
 [-2.39606978e-06 -7.03933384e-06  1.69349142e-05 ...  6.20719625e-08
   7.66757100e-08  3.07261661e-07]]


******** <class 'pyscf.scf.addons.SmearingDFRKS'> ********
method = SmearingDFRKS
initial guess = minao
damping factor = 0.15
level_shift factor = 0.2
DIIS = <class 'pyscf.scf.diis.CDIIS'>
diis_start_cycle = 1
diis_space = 12
diis_damp = 0
SCF conv_tol = 5e-05
SCF conv_tol_grad = None
SCF max_cycles = 200
direct_scf = True
direct_scf_tol = 1e-13
chkfile to save SCF result = /tmp/tmp48qqytxn
max_memory 4000 MB (current use 87110 MB)
XC library pyscf.dft.libxc version 6.1.0
    S. Lehtola, C. Steigemann, M. J.T. Oliveira, and M. A.L. Marques.,  SoftwareX 7, 1–5 (2018)
XC functionals = pbe
    J. P. Perdew, K. Burke, and M. Ernzerhof.,  Phys. Rev. Lett. 77, 3865 (1996)
    J. P. Perdew, K. Burke, and M. Ernzerhof.,  Phys. Rev. Lett. 78, 1396 (1997)
    J. P. Perdew, K. Burke, and M. Ernzerhof.,  Phys. Rev. Lett. 77, 3865 (1996)
    J. P. Perdew, K. Burke, and M. Ernzerhof.,  Phys. Rev. Lett. 78, 1396 (1997)
small_rho_cutoff = 1e-06
Set gradient conv threshold to 0.00707107
    Total E(T) = -12115.6359599661  Free energy = -12116.655755219  E0 = -12116.1458575925
init E= -12115.6359599661
    sigma = 0.02  Optimized mu = -0.0515006189949  entropy = 1.49708567124
    Total E(T) = -12115.6359095639  Free energy = -12115.6658512774  E0 = -12115.6508804206
cycle= 1 E= -12115.6359095639  delta_E= 5.04e-05  |g|= 0.0437  |ddm|= 38.1
    sigma = 0.02  Optimized mu = -0.0520363906351  entropy = 1.49570398882
    Total E(T) = -12115.6353289656  Free energy = -12115.6652430453  E0 = -12115.6502860054
cycle= 2 E= -12115.6353289656  delta_E= 0.000581  |g|= 0.144  |ddm|=  168
    sigma = 0.02  Optimized mu = -0.0516611154323  entropy = 1.49620947979
    Total E(T) = -12115.6357172627  Free energy = -12115.6656414523  E0 = -12115.6506793575
cycle= 3 E= -12115.6357172627  delta_E= -0.000388  |g|= 0.0701  |ddm|= 65.3
    sigma = 0.02  Optimized mu = -0.0516471745915  entropy = 1.49628774815
    Total E(T) = -12115.635868704  Free energy = -12115.665794459  E0 = -12115.6508315815
cycle= 4 E= -12115.635868704  delta_E= -0.000151  |g|= 0.0439  |ddm|=   28
    sigma = 0.02  Optimized mu = -0.051632387758  entropy = 1.49634690413
    Total E(T) = -12115.6359308921  Free energy = -12115.6658578302  E0 = -12115.6508943611
cycle= 5 E= -12115.6359308921  delta_E= -6.22e-05  |g|= 0.0271  |ddm|= 15.6
    sigma = 0.02  Optimized mu = -0.0516416782001  entropy = 1.49626584275
    Total E(T) = -12115.6359559091  Free energy = -12115.665881226  E0 = -12115.6509185675
cycle= 6 E= -12115.6359559091  delta_E= -2.5e-05  |g|= 0.0174  |ddm|= 10.8
    sigma = 0.02  Optimized mu = -0.0516443903396  entropy = 1.49625701904
    Total E(T) = -12115.6359659595  Free energy = -12115.6658910998  E0 = -12115.6509285296
cycle= 7 E= -12115.6359659595  delta_E= -1.01e-05  |g|= 0.011  |ddm|= 6.39
    sigma = 0.02  Optimized mu = -0.0516418409622  entropy = 1.49626981629
    Total E(T) = -12115.635969951  Free energy = -12115.6658953473  E0 = -12115.6509326491
cycle= 8 E= -12115.635969951  delta_E= -3.99e-06  |g|= 0.00713  |ddm|= 3.99
    sigma = 0.02  Optimized mu = -0.051649699724  entropy = 1.49623548836
    Total E(T) = -12115.6359717029  Free energy = -12115.6658964127  E0 = -12115.6509340578
cycle= 9 E= -12115.6359717029  delta_E= -1.75e-06  |g|= 0.00436  |ddm|= 3.52
    sigma = 0.02  Optimized mu = -0.151548692929  entropy = 50.9909779954
    Total E(T) = -12115.1081931962  Free energy = -12116.1280127561  E0 = -12115.6181029761
Extra cycle  E= -12115.1081931962  delta_E= 0.528  |g|=  0.4  |ddm|= 4.12e+03
converged SCF energy = -12115.1081931962
dm0 check [[[ 1.89792298e-01  3.06172530e-01 -6.27478468e-02 ...  3.77044911e-07
   -4.49606782e-07 -1.22507803e-06]
  [ 3.06172530e-01  5.07730929e-01 -1.67385981e-01 ...  1.36997285e-06
   -1.61197787e-06 -3.59183686e-06]
  [-6.27478468e-02 -1.67385981e-01  3.38468836e-01 ... -3.04204584e-06
    3.84669050e-06  8.63165339e-06]
  ...
  [ 3.77044911e-07  1.36997285e-06 -3.04204584e-06 ...  4.60268381e-07
   -1.21657737e-07  2.92280225e-08]
  [-4.49606782e-07 -1.61197787e-06  3.84669050e-06 ... -1.21657737e-07
    2.75757926e-07  4.26206498e-08]
  [-1.22507803e-06 -3.59183686e-06  8.63165339e-06 ...  2.92280225e-08
    4.26206498e-08  1.63022601e-07]]

 [[ 1.89772540e-01  3.06118515e-01 -6.26256819e-02 ...  5.77839155e-07
   -4.19781023e-07 -1.11135077e-06]
  [ 3.06118515e-01  5.07586660e-01 -1.67064040e-01 ...  1.90899841e-06
   -1.53001610e-06 -3.28555747e-06]
  [-6.26256819e-02 -1.67064040e-01  3.37753230e-01 ... -4.32286080e-06
    3.63559861e-06  7.89480022e-06]
  ...
  [ 5.77839155e-07  1.90899841e-06 -4.32286080e-06 ...  4.45472366e-07
   -1.23891160e-07  3.25430407e-08]
  [-4.19781023e-07 -1.53001610e-06  3.63559861e-06 ... -1.23891160e-07
    2.75684973e-07  4.06497205e-08]
  [-1.11135077e-06 -3.28555747e-06  7.89480022e-06 ...  3.25430407e-08
    4.06497205e-08  1.54254728e-07]]]


******** <class 'pyscf.scf.addons.SmearingDFUKS'> ********
method = SmearingDFUKS
initial guess = minao
damping factor = 0.15
level_shift factor = 0.2
DIIS = <class 'pyscf.scf.diis.CDIIS'>
diis_start_cycle = 1
diis_space = 12
diis_damp = 0
SCF conv_tol = 5e-05
SCF conv_tol_grad = None
SCF max_cycles = 200
direct_scf = True
direct_scf_tol = 1e-13
chkfile to save SCF result = /tmp/tmpqv60l0m3
max_memory 4000 MB (current use 86867 MB)
number electrons alpha = 325  beta = 323
XC library pyscf.dft.libxc version 6.1.0
    S. Lehtola, C. Steigemann, M. J.T. Oliveira, and M. A.L. Marques.,  SoftwareX 7, 1–5 (2018)
XC functionals = pbe
    J. P. Perdew, K. Burke, and M. Ernzerhof.,  Phys. Rev. Lett. 77, 3865 (1996)
    J. P. Perdew, K. Burke, and M. Ernzerhof.,  Phys. Rev. Lett. 78, 1396 (1997)
    J. P. Perdew, K. Burke, and M. Ernzerhof.,  Phys. Rev. Lett. 77, 3865 (1996)
    J. P. Perdew, K. Burke, and M. Ernzerhof.,  Phys. Rev. Lett. 78, 1396 (1997)
small_rho_cutoff = 1e-06
Set gradient conv threshold to 0.00707107
    Total E(T) = -12115.1914513306  Free energy = -12115.2553441889  E0 = -12115.2233977597
init E= -12115.1914513306
    sigma = 0.005  Optimized mu_alpha = -0.196683889778  entropy = 3.25826953084e-07
    sigma = 0.005  Optimized mu_beta  = -0.199295588075  entropy = 3.25826953084e-07
    Total E(T) = -12115.1914262856  Free energy = -12115.1914262873  E0 = -12115.1914262864
cycle= 1 E= -12115.1914262856  delta_E= 2.5e-05  |g|= 0.0428  |ddm|= 22.2
    sigma = 0.005  Optimized mu_alpha = -0.197110417979  entropy = 3.23145397914e-07
    sigma = 0.005  Optimized mu_beta  = -0.199754900903  entropy = 3.23145397914e-07
    Total E(T) = -12115.1911524644  Free energy = -12115.1911524661  E0 = -12115.1911524653
cycle= 2 E= -12115.1911524644  delta_E= 0.000274  |g|= 0.129  |ddm|= 94.5
    sigma = 0.005  Optimized mu_alpha = -0.196804272083  entropy = 3.24867077959e-07
    sigma = 0.005  Optimized mu_beta  = -0.19942427786  entropy = 3.24867077959e-07
    Total E(T) = -12115.1913443776  Free energy = -12115.1913443792  E0 = -12115.1913443784
cycle= 3 E= -12115.1913443776  delta_E= -0.000192  |g|= 0.0606  |ddm|= 37.3
    sigma = 0.005  Optimized mu_alpha = -0.196803518352  entropy = 3.24872313293e-07
    sigma = 0.005  Optimized mu_beta  = -0.199423213319  entropy = 3.24872313293e-07
    Total E(T) = -12115.191418756  Free energy = -12115.1914187576  E0 = -12115.1914187568
cycle= 4 E= -12115.191418756  delta_E= -7.44e-05  |g|= 0.0355  |ddm|= 16.8
    sigma = 0.005  Optimized mu_alpha = -0.196783564208  entropy = 3.24867106878e-07
    sigma = 0.005  Optimized mu_beta  = -0.199402952822  entropy = 3.24867106878e-07
    Total E(T) = -12115.1914462211  Free energy = -12115.1914462227  E0 = -12115.1914462219
cycle= 5 E= -12115.1914462211  delta_E= -2.75e-05  |g|= 0.0215  |ddm|= 8.92
    sigma = 0.005  Optimized mu_alpha = -0.196799825865  entropy = 3.2478594602e-07
    sigma = 0.005  Optimized mu_beta  = -0.199420005047  entropy = 3.2478594602e-07
    Total E(T) = -12115.1914563039  Free energy = -12115.1914563056  E0 = -12115.1914563048
cycle= 6 E= -12115.1914563039  delta_E= -1.01e-05  |g|= 0.0125  |ddm|= 5.31
    sigma = 0.005  Optimized mu_alpha = -0.196801752802  entropy = 3.24784439902e-07
    sigma = 0.005  Optimized mu_beta  = -0.199421895948  entropy = 3.24784439902e-07
    Total E(T) = -12115.1914599451  Free energy = -12115.1914599468  E0 = -12115.191459946
cycle= 7 E= -12115.1914599451  delta_E= -3.64e-06  |g|= 0.00743  |ddm|= 3.41
    sigma = 0.005  Optimized mu_alpha = -0.196803533887  entropy = 3.24752230295e-07
    sigma = 0.005  Optimized mu_beta  = -0.199424007995  entropy = 3.24752230295e-07
    Total E(T) = -12115.1914612847  Free energy = -12115.1914612863  E0 = -12115.1914612855
cycle= 8 E= -12115.1914612847  delta_E= -1.34e-06  |g|= 0.00393  |ddm|= 2.14
    sigma = 0.005  Optimized mu_alpha = -0.296345391838  entropy = 12.7826676077
    sigma = 0.005  Optimized mu_beta  = -0.299262882056  entropy = 12.7826676077
    Total E(T) = -12115.1556985263  Free energy = -12115.2196118643  E0 = -12115.1876551953
Extra cycle  E= -12115.1556985263  delta_E= 0.0358  |g|= 0.203  |ddm|=  883
converged SCF energy = -12115.1556985263  <S^2> = 3.7624299  2S+1 = 4.0062101
step=   1 L=-12265.46932440 Ef=-12265.47485262 |grad|=2.29779e-02 t=12772.4s
dm0 check [[[ 1.51511371e-09  2.24391580e-08  1.89789887e-07 ... -1.14719069e-07
    7.42477006e-07  6.64944053e-08]
  [ 2.24391580e-08  3.34444508e-07  2.75067329e-06 ... -1.77767227e-06
    1.10110590e-05  1.04758010e-06]
  [ 1.89789887e-07  2.75067329e-06  2.57237857e-05 ... -1.02770024e-05
    9.27869319e-05  4.99877429e-06]
  ...
  [-1.14719069e-07 -1.77767227e-06 -1.02770024e-05 ...  2.27166703e-04
    1.81897077e-06 -1.91352282e-04]
  [ 7.42477006e-07  1.10110590e-05  9.27869319e-05 ...  1.81897077e-06
    4.79980259e-04 -1.62432551e-06]
  [ 6.64944053e-08  1.04758010e-06  4.99877429e-06 ... -1.91352282e-04
   -1.62432551e-06  6.55604917e-04]]

 [[ 2.14412331e-09  3.18475813e-08  2.65523732e-07 ... -7.48707309e-08
    1.03578263e-06  2.38439329e-08]
  [ 3.18475813e-08  4.74248164e-07  3.91397240e-06 ... -9.93114326e-07
    1.53190777e-05  2.50156711e-07]
  [ 2.65523732e-07  3.91397240e-06  3.37625569e-05 ... -1.10142968e-05
    1.30901555e-04  4.52868971e-06]
  ...
  [-7.48707309e-08 -9.93114326e-07 -1.10142968e-05 ...  2.49604192e-04
    2.27939038e-06 -2.10130211e-04]
  [ 1.03578263e-06  1.53190777e-05  1.30901555e-04 ...  2.27939038e-06
    5.52938935e-04 -2.04467318e-06]
  [ 2.38439329e-08  2.50156711e-07  4.52868971e-06 ... -2.10130211e-04
   -2.04467318e-06  7.46013492e-04]]]
converged SCF energy = -150.226693714539  <S^2> = 2.0045398  2S+1 = 3.003025
dm0 check [[[ 1.14641743e-09  1.70872018e-08  1.38754796e-07 ... -8.06220467e-08
    6.25416975e-07  4.56939068e-08]
  [ 1.70872018e-08  2.56088315e-07  2.02954150e-06 ... -1.06184710e-06
    9.18282876e-06  7.18422834e-07]
  [ 1.38754796e-07  2.02954150e-06  1.80708410e-05 ... -1.26948106e-05
    8.12953050e-05  3.19903552e-06]
  ...
  [-8.06220467e-08 -1.06184710e-06 -1.26948106e-05 ...  2.39057531e-04
   -1.61662151e-06 -1.68275227e-04]
  [ 6.25416975e-07  9.18282876e-06  8.12953050e-05 ... -1.61662151e-06
    4.44995824e-04 -4.06039364e-06]
  [ 4.56939068e-08  7.18422834e-07  3.19903552e-06 ... -1.68275227e-04
   -4.06039364e-06  5.95723550e-04]]

 [[ 2.53044861e-08  3.85062226e-07  2.83136681e-06 ... -1.48569191e-07
    1.05892129e-07  7.43850512e-08]
  [ 3.85062226e-07  5.86095558e-06  4.30473711e-05 ... -2.17968504e-06
    1.18322352e-06  1.05281845e-06]
  [ 2.83136681e-06  4.30473711e-05  3.18002028e-04 ... -1.75092946e-05
    2.68730207e-05  9.39007285e-06]
  ...
  [-1.48569191e-07 -2.17968504e-06 -1.75092946e-05 ...  2.30571791e-04
    2.08840960e-07 -1.91671316e-04]
  [ 1.05892129e-07  1.18322352e-06  2.68730207e-05 ...  2.08840960e-07
    4.63239573e-04 -3.50241874e-06]
  [ 7.43850512e-08  1.05281845e-06  9.39007285e-06 ... -1.91671316e-04
   -3.50241874e-06  6.49570887e-04]]]
converged SCF energy = -150.244985829827  <S^2> = 0.92979832  2S+1 = 2.1723704
dm0 check [[ 3.79539930e-01  6.12228979e-01 -1.25223819e-01 ...  9.68552956e-07
  -9.08977023e-07 -2.51884172e-06]
 [ 6.12228979e-01  1.01515674e+00 -3.34053600e-01 ...  3.31576362e-06
  -3.25020658e-06 -7.37065696e-06]
 [-1.25223819e-01 -3.34053600e-01  6.75276997e-01 ... -7.46197355e-06
   7.75527553e-06  1.77379821e-05]
 ...
 [ 9.68552956e-07  3.31576362e-06 -7.46197355e-06 ...  8.56510915e-07
  -2.34222027e-07  6.57000307e-08]
 [-9.08977023e-07 -3.25020658e-06  7.75527553e-06 ... -2.34222027e-07
   5.35275007e-07  7.42606233e-08]
 [-2.51884172e-06 -7.37065696e-06  1.77379821e-05 ...  6.57000307e-08
   7.42606233e-08  3.20626459e-07]]


******** <class 'pyscf.scf.addons.SmearingDFRKS'> ********
method = SmearingDFRKS
initial guess = minao
damping factor = 0.15
level_shift factor = 0.2
DIIS = <class 'pyscf.scf.diis.CDIIS'>
diis_start_cycle = 1
diis_space = 12
diis_damp = 0
SCF conv_tol = 5e-05
SCF conv_tol_grad = None
SCF max_cycles = 200
direct_scf = True
direct_scf_tol = 1e-13
chkfile to save SCF result = /tmp/tmp48qqytxn
max_memory 4000 MB (current use 86830 MB)
XC library pyscf.dft.libxc version 6.1.0
    S. Lehtola, C. Steigemann, M. J.T. Oliveira, and M. A.L. Marques.,  SoftwareX 7, 1–5 (2018)
XC functionals = pbe
    J. P. Perdew, K. Burke, and M. Ernzerhof.,  Phys. Rev. Lett. 77, 3865 (1996)
    J. P. Perdew, K. Burke, and M. Ernzerhof.,  Phys. Rev. Lett. 78, 1396 (1997)
    J. P. Perdew, K. Burke, and M. Ernzerhof.,  Phys. Rev. Lett. 77, 3865 (1996)
    J. P. Perdew, K. Burke, and M. Ernzerhof.,  Phys. Rev. Lett. 78, 1396 (1997)
small_rho_cutoff = 1e-06
Set gradient conv threshold to 0.00707107
    Total E(T) = -12112.9356712321  Free energy = -12113.9554907921  E0 = -12113.4455810121
init E= -12112.9356712321
    sigma = 0.02  Optimized mu = -0.0492178010054  entropy = 1.58419149112
    Total E(T) = -12112.9240031401  Free energy = -12112.9556869699  E0 = -12112.939845055
cycle= 1 E= -12112.9240031401  delta_E= 0.0117  |g|= 0.771  |ddm|=  915
    sigma = 0.02  Optimized mu = -0.0623809944633  entropy = 1.78083706158
    Total E(T) = -12112.7231259119  Free energy = -12112.7587426531  E0 = -12112.7409342825
cycle= 2 E= -12112.7231259119  delta_E= 0.201  |g|= 2.48  |ddm|= 3.34e+03
    sigma = 0.02  Optimized mu = -0.0529894270823  entropy = 1.54709091164
    Total E(T) = -12112.8616861798  Free energy = -12112.892627998  E0 = -12112.8771570889
cycle= 3 E= -12112.8616861798  delta_E= -0.139  |g|= 1.18  |ddm|= 1.5e+03
    sigma = 0.02  Optimized mu = -0.0527675828834  entropy = 1.53929076069
    Total E(T) = -12112.9149365875  Free energy = -12112.9457224027  E0 = -12112.9303294951
cycle= 4 E= -12112.9149365875  delta_E= -0.0533  |g|= 0.719  |ddm|=  571
    sigma = 0.02  Optimized mu = -0.0522587420401  entropy = 1.53961600843
    Total E(T) = -12112.9364227527  Free energy = -12112.9672150728  E0 = -12112.9518189127
cycle= 5 E= -12112.9364227527  delta_E= -0.0215  |g|= 0.41  |ddm|=  306
    sigma = 0.02  Optimized mu = -0.0525431347049  entropy = 1.53338647802
    Total E(T) = -12112.9441977619  Free energy = -12112.9748654915  E0 = -12112.9595316267
cycle= 6 E= -12112.9441977619  delta_E= -0.00778  |g|= 0.245  |ddm|=  224
    sigma = 0.02  Optimized mu = -0.0528474010361  entropy = 1.53174358426
    Total E(T) = -12112.9468500023  Free energy = -12112.977484874  E0 = -12112.9621674381
cycle= 7 E= -12112.9468500023  delta_E= -0.00265  |g|= 0.131  |ddm|=  152
    sigma = 0.02  Optimized mu = -0.0526507635071  entropy = 1.53211113011
    Total E(T) = -12112.9476920808  Free energy = -12112.9783343034  E0 = -12112.9630131921
cycle= 8 E= -12112.9476920808  delta_E= -0.000842  |g|= 0.089  |ddm|= 84.9
    sigma = 0.02  Optimized mu = -0.0528157795908  entropy = 1.53108901146
    Total E(T) = -12112.9480098491  Free energy = -12112.9786316293  E0 = -12112.9633207392
cycle= 9 E= -12112.9480098491  delta_E= -0.000318  |g|= 0.0533  |ddm|= 40.9
    sigma = 0.02  Optimized mu = -0.0528164324331  entropy = 1.53092505225
    Total E(T) = -12112.9481383045  Free energy = -12112.9787568055  E0 = -12112.963447555
cycle= 10 E= -12112.9481383045  delta_E= -0.000128  |g|= 0.0339  |ddm|= 28.8
    sigma = 0.02  Optimized mu = -0.0528344051056  entropy = 1.53072957741
    Total E(T) = -12112.9481939509  Free energy = -12112.9788085424  E0 = -12112.9635012467
cycle= 11 E= -12112.9481939509  delta_E= -5.56e-05  |g|= 0.0223  |ddm|= 17.2
    sigma = 0.02  Optimized mu = -0.0528220606956  entropy = 1.53068860359
    Total E(T) = -12112.9482196257  Free energy = -12112.9788333978  E0 = -12112.9635265117
cycle= 12 E= -12112.9482196257  delta_E= -2.57e-05  |g|= 0.0177  |ddm|= 18.1
    sigma = 0.02  Optimized mu = -0.0528339508752  entropy = 1.53057637997
    Total E(T) = -12112.9482353098  Free energy = -12112.9788468374  E0 = -12112.9635410736
cycle= 13 E= -12112.9482353098  delta_E= -1.57e-05  |g|= 0.0143  |ddm|= 9.45
    sigma = 0.02  Optimized mu = -0.0528371683248  entropy = 1.5305572481
    Total E(T) = -12112.9482463326  Free energy = -12112.9788574775  E0 = -12112.963551905
cycle= 14 E= -12112.9482463326  delta_E= -1.1e-05  |g|= 0.0125  |ddm|= 8.47
    sigma = 0.02  Optimized mu = -0.052840775541  entropy = 1.53052228155
    Total E(T) = -12112.9482544979  Free energy = -12112.9788649435  E0 = -12112.9635597207
cycle= 15 E= -12112.9482544979  delta_E= -8.17e-06  |g|= 0.0114  |ddm|= 8.16
    sigma = 0.02  Optimized mu = -0.0528342345671  entropy = 1.53050069781
    Total E(T) = -12112.9482610233  Free energy = -12112.9788710373  E0 = -12112.9635660303
cycle= 16 E= -12112.9482610233  delta_E= -6.53e-06  |g|= 0.0102  |ddm|= 7.92
    sigma = 0.02  Optimized mu = -0.0528339128201  entropy = 1.53048628241
    Total E(T) = -12112.9482657145  Free energy = -12112.9788754401  E0 = -12112.9635705773
cycle= 17 E= -12112.9482657145  delta_E= -4.69e-06  |g|= 0.0104  |ddm|= 6.11
    sigma = 0.02  Optimized mu = -0.0528339827293  entropy = 1.53046830515
    Total E(T) = -12112.9482703536  Free energy = -12112.9788797197  E0 = -12112.9635750366
cycle= 18 E= -12112.9482703536  delta_E= -4.64e-06  |g|= 0.00967  |ddm|= 5.19
    sigma = 0.02  Optimized mu = -0.0528381817185  entropy = 1.53042422944
    Total E(T) = -12112.9482742024  Free energy = -12112.978882687  E0 = -12112.9635784447
cycle= 19 E= -12112.9482742024  delta_E= -3.85e-06  |g|= 0.00975  |ddm|= 5.19
    sigma = 0.02  Optimized mu = -0.0528321765995  entropy = 1.53044179767
    Total E(T) = -12112.9482767399  Free energy = -12112.9788855759  E0 = -12112.9635811579
cycle= 20 E= -12112.9482767399  delta_E= -2.54e-06  |g|= 0.0103  |ddm|= 5.15
    sigma = 0.02  Optimized mu = -0.0528328070797  entropy = 1.53041518352
    Total E(T) = -12112.9482801558  Free energy = -12112.9788884594  E0 = -12112.9635843076
cycle= 21 E= -12112.9482801558  delta_E= -3.42e-06  |g|= 0.00984  |ddm|= 4.69
    sigma = 0.02  Optimized mu = -0.0528298339509  entropy = 1.5304276354
    Total E(T) = -12112.9482830514  Free energy = -12112.9788916041  E0 = -12112.9635873277
cycle= 22 E= -12112.9482830514  delta_E= -2.9e-06  |g|= 0.00986  |ddm|=  4.4
    sigma = 0.02  Optimized mu = -0.0528321230947  entropy = 1.53039635983
    Total E(T) = -12112.9482849132  Free energy = -12112.9788928404  E0 = -12112.9635888768
cycle= 23 E= -12112.9482849132  delta_E= -1.86e-06  |g|= 0.01  |ddm|= 4.86
    sigma = 0.02  Optimized mu = -0.0528259770026  entropy = 1.5304179341
    Total E(T) = -12112.948287653  Free energy = -12112.9788960117  E0 = -12112.9635918323
cycle= 24 E= -12112.948287653  delta_E= -2.74e-06  |g|= 0.00956  |ddm|= 4.38
    sigma = 0.02  Optimized mu = -0.0528281850417  entropy = 1.53038901065
    Total E(T) = -12112.9482902401  Free energy = -12112.9788980203  E0 = -12112.9635941302
cycle= 25 E= -12112.9482902401  delta_E= -2.59e-06  |g|= 0.00929  |ddm|=  5.3
    sigma = 0.02  Optimized mu = -0.0528073547717  entropy = 1.53049681583
    Total E(T) = -12112.9482904851  Free energy = -12112.9789004214  E0 = -12112.9635954533
cycle= 26 E= -12112.9482904851  delta_E= -2.45e-07  |g|= 0.0119  |ddm|=  7.1
    sigma = 0.02  Optimized mu = -0.052807907478  entropy = 1.53047760657
    Total E(T) = -12112.9482925056  Free energy = -12112.9789020578  E0 = -12112.9635972817
cycle= 27 E= -12112.9482925056  delta_E= -2.02e-06  |g|= 0.0121  |ddm|= 6.72
    sigma = 0.02  Optimized mu = -0.0528236212543  entropy = 1.53039780035
    Total E(T) = -12112.9482955763  Free energy = -12112.9789035324  E0 = -12112.9635995544
cycle= 28 E= -12112.9482955763  delta_E= -3.07e-06  |g|= 0.011  |ddm|= 4.66
    sigma = 0.02  Optimized mu = -0.052819877512  entropy = 1.53037082065
    Total E(T) = -12112.9482984561  Free energy = -12112.9789058725  E0 = -12112.9636021643
cycle= 29 E= -12112.9482984561  delta_E= -2.88e-06  |g|= 0.00823  |ddm|=  8.7
    sigma = 0.02  Optimized mu = -0.0528405077623  entropy = 1.53037910706
    Total E(T) = -12112.9483042477  Free energy = -12112.9789118299  E0 = -12112.9636080388
cycle= 30 E= -12112.9483042477  delta_E= -5.79e-06  |g|= 0.00379  |ddm|= 9.95
    sigma = 0.02  Optimized mu = -0.152780307804  entropy = 51.0607677309
    Total E(T) = -12112.4282633996  Free energy = -12113.4494787542  E0 = -12112.9388710769
Extra cycle  E= -12112.4282633996  delta_E= 0.52  |g|= 0.393  |ddm|= 4.15e+03
converged SCF energy = -12112.4282633996
dm0 check [[[ 1.89791505e-01  3.06172205e-01 -6.27473546e-02 ...  4.02664635e-07
   -4.40175563e-07 -1.28227341e-06]
  [ 3.06172205e-01  5.07731850e-01 -1.67385066e-01 ...  1.43919133e-06
   -1.58663836e-06 -3.74610402e-06]
  [-6.27473546e-02 -1.67385066e-01  3.38466637e-01 ... -3.21015470e-06
    3.78598808e-06  9.00475918e-06]
  ...
  [ 4.02664635e-07  1.43919133e-06 -3.21015470e-06 ...  4.53425481e-07
   -1.21808886e-07  3.11496958e-08]
  [-4.40175563e-07 -1.58663836e-06  3.78598808e-06 ... -1.21808886e-07
    2.74547103e-07  4.15955181e-08]
  [-1.28227341e-06 -3.74610402e-06  9.00475918e-06 ...  3.11496958e-08
    4.15955181e-08  1.69464043e-07]]

 [[ 1.89771653e-01  3.06117954e-01 -6.26246109e-02 ...  5.99637472e-07
   -4.11557176e-07 -1.16844027e-06]
  [ 3.06117954e-01  5.07586953e-01 -1.67061560e-01 ...  1.96797317e-06
   -1.50791495e-06 -3.43967665e-06]
  [-6.26246109e-02 -1.67061560e-01  3.37747162e-01 ... -4.46682841e-06
    3.58258075e-06  8.26882766e-06]
  ...
  [ 5.99637472e-07  1.96797317e-06 -4.46682841e-06 ...  4.38768321e-07
   -1.23945310e-07  3.44960440e-08]
  [-4.11557176e-07 -1.50791495e-06  3.58258075e-06 ... -1.23945310e-07
    2.74616414e-07  3.95564219e-08]
  [-1.16844027e-06 -3.43967665e-06  8.26882766e-06 ...  3.44960440e-08
    3.95564219e-08  1.60564116e-07]]]


******** <class 'pyscf.scf.addons.SmearingDFUKS'> ********
method = SmearingDFUKS
initial guess = minao
damping factor = 0.15
level_shift factor = 0.2
DIIS = <class 'pyscf.scf.diis.CDIIS'>
diis_start_cycle = 1
diis_space = 12
diis_damp = 0
SCF conv_tol = 5e-05
SCF conv_tol_grad = None
SCF max_cycles = 200
direct_scf = True
direct_scf_tol = 1e-13
chkfile to save SCF result = /tmp/tmpqv60l0m3
max_memory 4000 MB (current use 86979 MB)
number electrons alpha = 325  beta = 323
XC library pyscf.dft.libxc version 6.1.0
    S. Lehtola, C. Steigemann, M. J.T. Oliveira, and M. A.L. Marques.,  SoftwareX 7, 1–5 (2018)
XC functionals = pbe
    J. P. Perdew, K. Burke, and M. Ernzerhof.,  Phys. Rev. Lett. 77, 3865 (1996)
    J. P. Perdew, K. Burke, and M. Ernzerhof.,  Phys. Rev. Lett. 78, 1396 (1997)
    J. P. Perdew, K. Burke, and M. Ernzerhof.,  Phys. Rev. Lett. 77, 3865 (1996)
    J. P. Perdew, K. Burke, and M. Ernzerhof.,  Phys. Rev. Lett. 78, 1396 (1997)
small_rho_cutoff = 1e-06
Set gradient conv threshold to 0.00707107
    Total E(T) = -12112.4936891533  Free energy = -12112.5576024914  E0 = -12112.5256458223
init E= -12112.4936891533
    sigma = 0.005  Optimized mu_alpha = -0.19436292765  entropy = 4.94585146975e-07
    sigma = 0.005  Optimized mu_beta  = -0.19710513119  entropy = 4.94585146975e-07
    Total E(T) = -12112.4836826484  Free energy = -12112.4836826508  E0 = -12112.4836826496
cycle= 1 E= -12112.4836826484  delta_E= 0.01  |g|= 1.05  |ddm|=  624
    sigma = 0.005  Optimized mu_alpha = -0.206412576818  entropy = 9.1580215282e-07
    sigma = 0.005  Optimized mu_beta  = -0.209524111358  entropy = 9.1580215282e-07
    Total E(T) = -12112.314269963  Free energy = -12112.3142699675  E0 = -12112.3142699653
cycle= 2 E= -12112.314269963  delta_E= 0.169  |g|= 3.24  |ddm|= 2.36e+03
    sigma = 0.005  Optimized mu_alpha = -0.198082389985  entropy = 3.91560092955e-07
    sigma = 0.005  Optimized mu_beta  = -0.200651649018  entropy = 3.91560092955e-07
    Total E(T) = -12112.4297251519  Free energy = -12112.4297251538  E0 = -12112.4297251528
cycle= 3 E= -12112.4297251519  delta_E= -0.115  |g|= 1.56  |ddm|= 1.05e+03
    sigma = 0.005  Optimized mu_alpha = -0.19799043333  entropy = 3.91700787082e-07
    sigma = 0.005  Optimized mu_beta  = -0.200529440951  entropy = 3.91700787082e-07
    Total E(T) = -12112.477414313  Free energy = -12112.477414315  E0 = -12112.477414314
cycle= 4 E= -12112.477414313  delta_E= -0.0477  |g|= 0.924  |ddm|=  411
    sigma = 0.005  Optimized mu_alpha = -0.197193979868  entropy = 3.88844131315e-07
    sigma = 0.005  Optimized mu_beta  = -0.199764815221  entropy = 3.88844131315e-07
    Total E(T) = -12112.4960174403  Free energy = -12112.4960174422  E0 = -12112.4960174413
cycle= 5 E= -12112.4960174403  delta_E= -0.0186  |g|= 0.544  |ddm|=  225
    sigma = 0.005  Optimized mu_alpha = -0.197789187832  entropy = 3.80934425006e-07
    sigma = 0.005  Optimized mu_beta  = -0.200339745627  entropy = 3.80934425006e-07
    Total E(T) = -12112.5028109433  Free energy = -12112.5028109452  E0 = -12112.5028109442
cycle= 6 E= -12112.5028109433  delta_E= -0.00679  |g|= 0.297  |ddm|=  156
    sigma = 0.005  Optimized mu_alpha = -0.197898950658  entropy = 3.79123372743e-07
    sigma = 0.005  Optimized mu_beta  = -0.200446578611  entropy = 3.79123372743e-07
    Total E(T) = -12112.5049846852  Free energy = -12112.5049846871  E0 = -12112.5049846862
cycle= 7 E= -12112.5049846852  delta_E= -0.00217  |g|= 0.168  |ddm|=  104
    sigma = 0.005  Optimized mu_alpha = -0.197988085384  entropy = 3.76651840471e-07
    sigma = 0.005  Optimized mu_beta  = -0.200554598771  entropy = 3.76651840471e-07
    Total E(T) = -12112.5056527733  Free energy = -12112.5056527752  E0 = -12112.5056527743
cycle= 8 E= -12112.5056527733  delta_E= -0.000668  |g|= 0.0944  |ddm|= 48.7
    sigma = 0.005  Optimized mu_alpha = -0.197927662756  entropy = 3.76262489167e-07
    sigma = 0.005  Optimized mu_beta  = -0.200488040302  entropy = 3.76262489167e-07
    Total E(T) = -12112.5058989319  Free energy = -12112.5058989338  E0 = -12112.5058989329
cycle= 9 E= -12112.5058989319  delta_E= -0.000246  |g|= 0.0622  |ddm|= 25.2
    sigma = 0.005  Optimized mu_alpha = -0.19797198337  entropy = 3.75924797922e-07
    sigma = 0.005  Optimized mu_beta  = -0.200527511855  entropy = 3.75924797922e-07
    Total E(T) = -12112.5059982824  Free energy = -12112.5059982842  E0 = -12112.5059982833
cycle= 10 E= -12112.5059982824  delta_E= -9.94e-05  |g|= 0.0375  |ddm|= 22.1
    sigma = 0.005  Optimized mu_alpha = -0.197973928277  entropy = 3.75594847276e-07
    sigma = 0.005  Optimized mu_beta  = -0.200529955213  entropy = 3.75594847276e-07
    Total E(T) = -12112.5060413268  Free energy = -12112.5060413287  E0 = -12112.5060413277
cycle= 11 E= -12112.5060413268  delta_E= -4.3e-05  |g|= 0.0257  |ddm|= 11.3
    sigma = 0.005  Optimized mu_alpha = -0.197964167868  entropy = 3.75162376668e-07
    sigma = 0.005  Optimized mu_beta  = -0.200523189557  entropy = 3.75162376668e-07
    Total E(T) = -12112.506062795  Free energy = -12112.5060627969  E0 = -12112.5060627959
cycle= 12 E= -12112.506062795  delta_E= -2.15e-05  |g|= 0.0204  |ddm|= 12.1
    sigma = 0.005  Optimized mu_alpha = -0.197977131724  entropy = 3.74933853376e-07
    sigma = 0.005  Optimized mu_beta  = -0.200534344379  entropy = 3.74933853376e-07
    Total E(T) = -12112.5060757098  Free energy = -12112.5060757117  E0 = -12112.5060757108
cycle= 13 E= -12112.5060757098  delta_E= -1.29e-05  |g|= 0.017  |ddm|= 6.68
    sigma = 0.005  Optimized mu_alpha = -0.197983377087  entropy = 3.74945138372e-07
    sigma = 0.005  Optimized mu_beta  = -0.200540426183  entropy = 3.74945138372e-07
    Total E(T) = -12112.506085226  Free energy = -12112.5060852279  E0 = -12112.506085227
cycle= 14 E= -12112.506085226  delta_E= -9.52e-06  |g|= 0.0149  |ddm|= 6.08
    sigma = 0.005  Optimized mu_alpha = -0.197983755817  entropy = 3.74626401771e-07
    sigma = 0.005  Optimized mu_beta  = -0.200541740741  entropy = 3.74626401771e-07
