pyscf max mem 1002073
left ensemble electron number ([9, 9], [7, 8])
right ensemble electron number ([325, 325], [325, 323])
building grid (level 3)...
computing S3 tensors (DF)...
S3 shapes: left=(116, 116, 1336) right=(1528, 1528, 1336) ref=(1544, 1544, 1336)
[warm-start] loaded pdft_optimizer.pkl
[warm-start] rdft1.D ← pickle dm_ig1
[warm-start] rdft2.D ← pickle dm_ig2
[init] b0 from optimizer checkpoint, npbs=1336
[warm-start] Lagrangian x0 ready, |b0| = 8.92432e-01
starting L-BFGS-B optimization
[optimize] step 1 SCF: dm0 from dm_ig1/dm_ig2 on rdft1/rdft2
dm0 check None
converged SCF energy = -150.226693714537  <S^2> = 2.0045399  2S+1 = 3.003025
dm0 check None
converged SCF energy = -150.244985829666  <S^2> = 0.92978559  2S+1 = 2.1723587
dm0 check [[ 3.82007961e-01  6.13406544e-01 -1.27497239e-01 ...  2.72140783e-06
  -3.72263392e-07 -6.34501104e-06]
 [ 6.13406544e-01  1.01245104e+00 -3.37150185e-01 ...  7.84886428e-06
  -1.62650082e-06 -1.74860282e-05]
 [-1.27497239e-01 -3.37150185e-01  6.82430471e-01 ... -1.80675482e-05
   3.30208396e-06  4.21296312e-05]
 ...
 [ 2.72140783e-06  7.84886428e-06 -1.80675482e-05 ...  6.94594003e-07
  -2.09873866e-07 -7.60169713e-08]
 [-3.72263392e-07 -1.62650082e-06  3.30208396e-06 ... -2.09873866e-07
   4.89058997e-07 -4.08825023e-08]
 [-6.34501104e-06 -1.74860282e-05  4.21296312e-05 ... -7.60169713e-08
  -4.08825023e-08  1.08094600e-06]]


******** <class 'pyscf.scf.addons.SmearingDFRKS'> ********
method = SmearingDFRKS
initial guess = minao
damping factor = 0.15
level_shift factor = 0.2
DIIS = <class 'pyscf.scf.diis.CDIIS'>
diis_start_cycle = 1
diis_space = 12
diis_damp = 0
SCF conv_tol = 5e-05
SCF conv_tol_grad = None
SCF max_cycles = 200
direct_scf = True
direct_scf_tol = 1e-13
chkfile to save SCF result = /tmp/tmp1wosl94u
max_memory 4000 MB (current use 85674 MB)
XC library pyscf.dft.libxc version 6.1.0
    S. Lehtola, C. Steigemann, M. J.T. Oliveira, and M. A.L. Marques.,  SoftwareX 7, 1–5 (2018)
XC functionals = pbe
    J. P. Perdew, K. Burke, and M. Ernzerhof.,  Phys. Rev. Lett. 77, 3865 (1996)
    J. P. Perdew, K. Burke, and M. Ernzerhof.,  Phys. Rev. Lett. 78, 1396 (1997)
    J. P. Perdew, K. Burke, and M. Ernzerhof.,  Phys. Rev. Lett. 77, 3865 (1996)
    J. P. Perdew, K. Burke, and M. Ernzerhof.,  Phys. Rev. Lett. 78, 1396 (1997)
small_rho_cutoff = 1e-06
Set gradient conv threshold to 0.00707107
init E= -12104.5962867042
    sigma = 0.02  Optimized mu = -0.0526553004557  entropy = 1.52204702889
    Total E(T) = -12104.5962684147  Free energy = -12104.6267093553  E0 = -12104.611488885
cycle= 1 E= -12104.5962684147  delta_E= 1.83e-05  |g|= 0.0266  |ddm|= 30.5
    sigma = 0.02  Optimized mu = -0.0522832959034  entropy = 1.52390904882
    Total E(T) = -12104.5960438624  Free energy = -12104.6265220434  E0 = -12104.6112829529
cycle= 2 E= -12104.5960438624  delta_E= 0.000225  |g|= 0.0881  |ddm|=  106
    sigma = 0.02  Optimized mu = -0.0525457524448  entropy = 1.52254686841
    Total E(T) = -12104.5961912585  Free energy = -12104.6266421959  E0 = -12104.6114167272
cycle= 3 E= -12104.5961912585  delta_E= -0.000147  |g|= 0.0443  |ddm|= 38.7
    sigma = 0.02  Optimized mu = -0.0525554947798  entropy = 1.52244116223
    Total E(T) = -12104.5962481444  Free energy = -12104.6266969676  E0 = -12104.611472556
cycle= 4 E= -12104.5962481444  delta_E= -5.69e-05  |g|= 0.0288  |ddm|= 17.6
    sigma = 0.02  Optimized mu = -0.0525623683118  entropy = 1.5223948888
    Total E(T) = -12104.5962727901  Free energy = -12104.6267206879  E0 = -12104.611496739
cycle= 5 E= -12104.5962727901  delta_E= -2.46e-05  |g|= 0.0189  |ddm|= 10.1
    sigma = 0.02  Optimized mu = -0.0525578419798  entropy = 1.52242114592
    Total E(T) = -12104.5962835315  Free energy = -12104.6267319544  E0 = -12104.6115077429
cycle= 6 E= -12104.5962835315  delta_E= -1.07e-05  |g|= 0.0128  |ddm|= 6.63
    sigma = 0.02  Optimized mu = -0.0525603270701  entropy = 1.52239307906
    Total E(T) = -12104.5962885883  Free energy = -12104.6267364499  E0 = -12104.6115125191
cycle= 7 E= -12104.5962885883  delta_E= -5.06e-06  |g|= 0.0089  |ddm|= 4.36
    sigma = 0.02  Optimized mu = -0.0525575670399  entropy = 1.522397801
    Total E(T) = -12104.5962911564  Free energy = -12104.6267391124  E0 = -12104.6115151344
cycle= 8 E= -12104.5962911564  delta_E= -2.57e-06  |g|= 0.00569  |ddm|= 3.04
    sigma = 0.02  Optimized mu = -0.152597032063  entropy = 50.9997962407
    Total E(T) = -12104.0764823353  Free energy = -12105.0964782601  E0 = -12104.5864802977
Extra cycle  E= -12104.0764823353  delta_E= 0.52  |g|= 0.382  |ddm|= 4.16e+03
converged SCF energy = -12104.0764823353
dm0 check [[[ 1.91025757e-01  3.06761084e-01 -6.38853438e-02 ...  1.24125574e-06
   -1.96279348e-07 -3.05724694e-06]
  [ 3.06761084e-01  5.06378356e-01 -1.68935379e-01 ...  3.60383975e-06
   -8.41112812e-07 -8.43013908e-06]
  [-6.38853438e-02 -1.68935379e-01  3.42056245e-01 ... -8.24838927e-06
    1.72467804e-06  2.02670625e-05]
  ...
  [ 1.24125574e-06  3.60383975e-06 -8.24838927e-06 ...  3.59699274e-07
   -1.12681786e-07 -2.98018224e-08]
  [-1.96279348e-07 -8.41112812e-07  1.72467804e-06 ... -1.12681786e-07
    2.48611084e-07 -8.48535282e-09]
  [-3.05724694e-06 -8.43013908e-06  2.02670625e-05 ... -2.98018224e-08
   -8.48535282e-09  5.18058842e-07]]

 [[ 1.91002521e-01  3.06698503e-01 -6.37412772e-02 ...  1.32525081e-06
   -2.20240286e-07 -2.89072051e-06]
  [ 3.06698503e-01  5.06212205e-01 -1.68555996e-01 ...  3.82858060e-06
   -9.03427371e-07 -7.98731889e-06]
  [-6.37412772e-02 -1.68555996e-01  3.41192933e-01 ... -8.78954649e-06
    1.85925436e-06  1.92277046e-05]
  ...
  [ 1.32525081e-06  3.82858060e-06 -8.78954649e-06 ...  3.48053783e-07
   -1.12851780e-07 -2.57965403e-08]
  [-2.20240286e-07 -9.03427371e-07  1.85925436e-06 ... -1.12851780e-07
    2.51502971e-07 -1.11672450e-08]
  [-2.89072051e-06 -7.98731889e-06  1.92277046e-05 ... -2.57965403e-08
   -1.11672450e-08  5.07119370e-07]]]


******** <class 'pyscf.scf.addons.SmearingDFUKS'> ********
method = SmearingDFUKS
initial guess = minao
damping factor = 0.15
level_shift factor = 0.2
DIIS = <class 'pyscf.scf.diis.CDIIS'>
diis_start_cycle = 1
diis_space = 12
diis_damp = 0
SCF conv_tol = 5e-05
SCF conv_tol_grad = None
SCF max_cycles = 200
direct_scf = True
direct_scf_tol = 1e-13
chkfile to save SCF result = /tmp/tmp7qshzpls
max_memory 4000 MB (current use 86436 MB)
number electrons alpha = 325  beta = 323
XC library pyscf.dft.libxc version 6.1.0
    S. Lehtola, C. Steigemann, M. J.T. Oliveira, and M. A.L. Marques.,  SoftwareX 7, 1–5 (2018)
XC functionals = pbe
    J. P. Perdew, K. Burke, and M. Ernzerhof.,  Phys. Rev. Lett. 77, 3865 (1996)
    J. P. Perdew, K. Burke, and M. Ernzerhof.,  Phys. Rev. Lett. 78, 1396 (1997)
    J. P. Perdew, K. Burke, and M. Ernzerhof.,  Phys. Rev. Lett. 77, 3865 (1996)
    J. P. Perdew, K. Burke, and M. Ernzerhof.,  Phys. Rev. Lett. 78, 1396 (1997)
small_rho_cutoff = 1e-06
Set gradient conv threshold to 0.00707107
init E= -12104.1536826811
    sigma = 0.005  Optimized mu_alpha = -0.197805977154  entropy = 3.61791544947e-07
    sigma = 0.005  Optimized mu_beta  = -0.200333244425  entropy = 3.61791544947e-07
    Total E(T) = -12104.153677744  Free energy = -12104.1536777458  E0 = -12104.1536777449
cycle= 1 E= -12104.153677744  delta_E= 4.94e-06  |g|= 0.0201  |ddm|= 10.1
    sigma = 0.005  Optimized mu_alpha = -0.197635305154  entropy = 3.6331857266e-07
    sigma = 0.005  Optimized mu_beta  = -0.200156746064  entropy = 3.6331857266e-07
    Total E(T) = -12104.1536222441  Free energy = -12104.153622246  E0 = -12104.153622245
cycle= 2 E= -12104.1536222441  delta_E= 5.55e-05  |g|= 0.0632  |ddm|= 37.6
    sigma = 0.005  Optimized mu_alpha = -0.197755725667  entropy = 3.62201271121e-07
    sigma = 0.005  Optimized mu_beta  = -0.200280584721  entropy = 3.62201271121e-07
    Total E(T) = -12104.1536578628  Free energy = -12104.1536578646  E0 = -12104.1536578637
cycle= 3 E= -12104.1536578628  delta_E= -3.56e-05  |g|= 0.0325  |ddm|= 14.2
    sigma = 0.005  Optimized mu_alpha = -0.197758043641  entropy = 3.62167160463e-07
    sigma = 0.005  Optimized mu_beta  = -0.200283126724  entropy = 3.62167160463e-07
    Total E(T) = -12104.1536732625  Free energy = -12104.1536732643  E0 = -12104.1536732634
cycle= 4 E= -12104.1536732625  delta_E= -1.54e-05  |g|= 0.0208  |ddm|= 6.34
    sigma = 0.005  Optimized mu_alpha = -0.19776436104  entropy = 3.621170401e-07
    sigma = 0.005  Optimized mu_beta  = -0.200289397213  entropy = 3.621170401e-07
    Total E(T) = -12104.1536798627  Free energy = -12104.1536798645  E0 = -12104.1536798636
cycle= 5 E= -12104.1536798627  delta_E= -6.6e-06  |g|= 0.0139  |ddm|= 3.74
    sigma = 0.005  Optimized mu_alpha = -0.19776024492  entropy = 3.62136469957e-07
    sigma = 0.005  Optimized mu_beta  = -0.200285150749  entropy = 3.62136469957e-07
    Total E(T) = -12104.1536828991  Free energy = -12104.1536829009  E0 = -12104.1536829
cycle= 6 E= -12104.1536828991  delta_E= -3.04e-06  |g|= 0.0089  |ddm|= 2.33
    sigma = 0.005  Optimized mu_alpha = -0.197759826669  entropy = 3.62121496313e-07
    sigma = 0.005  Optimized mu_beta  = -0.200284300138  entropy = 3.62121496313e-07
    Total E(T) = -12104.1536841726  Free energy = -12104.1536841744  E0 = -12104.1536841735
cycle= 7 E= -12104.1536841726  delta_E= -1.27e-06  |g|= 0.00656  |ddm|= 1.78
    sigma = 0.005  Optimized mu_alpha = -0.297328390475  entropy = 12.8391496048
    sigma = 0.005  Optimized mu_beta  = -0.300216677569  entropy = 12.8391496048
    Total E(T) = -12104.1199948649  Free energy = -12104.1841906129  E0 = -12104.1520927389
Extra cycle  E= -12104.1199948649  delta_E= 0.0337  |g|= 0.209  |ddm|=  950
converged SCF energy = -12104.1199948649  <S^2> = 6.0125419  2S+1 = 5.0050142
step=   1 L=-12264.32128984 Ef=-12264.28561633 |grad|=2.34129e-01
[optimize] step 1 SCF: dm0 from dm_ig1/dm_ig2 on rdft1/rdft2
dm0 check [[[ 1.51510539e-09  2.24390407e-08  1.89788584e-07 ... -1.14716793e-07
    7.42480591e-07  6.64925537e-08]
  [ 2.24390407e-08  3.34442860e-07  2.75065447e-06 ... -1.77763476e-06
    1.10111116e-05  1.04754946e-06]
  [ 1.89788584e-07  2.75065447e-06  2.57236015e-05 ... -1.02767709e-05
    9.27874012e-05  4.99858660e-06]
  ...
  [-1.14716793e-07 -1.77763476e-06 -1.02767709e-05 ...  2.27166818e-04
    1.81897022e-06 -1.91352427e-04]
  [ 7.42480591e-07  1.10111116e-05  9.27874012e-05 ...  1.81897022e-06
    4.79983561e-04 -1.62425374e-06]
  [ 6.64925537e-08  1.04754946e-06  4.99858660e-06 ... -1.91352427e-04
   -1.62425374e-06  6.55608417e-04]]

 [[ 2.14412926e-09  3.18476687e-08  2.65524476e-07 ... -7.48678675e-08
    1.03578378e-06  2.38417798e-08]
  [ 3.18476687e-08  4.74249422e-07  3.91398393e-06 ... -9.93071944e-07
    1.53190952e-05  2.50124817e-07]
  [ 2.65524476e-07  3.91398393e-06  3.37626381e-05 ... -1.10139777e-05
    1.30901684e-04  4.52845690e-06]
  ...
  [-7.48678675e-08 -9.93071944e-07 -1.10139777e-05 ...  2.49604988e-04
    2.27945400e-06 -2.10130920e-04]
  [ 1.03578378e-06  1.53190952e-05  1.30901684e-04 ...  2.27945400e-06
    5.52938192e-04 -2.04465529e-06]
  [ 2.38417798e-08  2.50124817e-07  4.52845690e-06 ... -2.10130920e-04
   -2.04465529e-06  7.46013266e-04]]]
converged SCF energy = -150.226693714539  <S^2> = 2.0045398  2S+1 = 3.003025
dm0 check [[[ 1.14663955e-09  1.70907007e-08  1.38764395e-07 ... -8.06352171e-08
    6.25424923e-07  4.57095017e-08]
  [ 1.70907007e-08  2.56142471e-07  2.02970533e-06 ... -1.06203873e-06
    9.18297677e-06  7.18610946e-07]
  [ 1.38764395e-07  2.02970533e-06  1.80711281e-05 ... -1.26954878e-05
    8.12953226e-05  3.19992775e-06]
  ...
  [-8.06352171e-08 -1.06203873e-06 -1.26954878e-05 ...  2.39056590e-04
   -1.61628248e-06 -1.68273569e-04]
  [ 6.25424923e-07  9.18297677e-06  8.12953226e-05 ... -1.61628248e-06
    4.44991767e-04 -4.05796972e-06]
  [ 4.57095017e-08  7.18610946e-07  3.19992775e-06 ... -1.68273569e-04
   -4.05796972e-06  5.95720306e-04]]

 [[ 2.52991835e-08  3.84988348e-07  2.83081153e-06 ... -1.48521009e-07
    1.05980636e-07  7.43607137e-08]
  [ 3.84988348e-07  5.85993425e-06  4.30396977e-05 ... -2.17883369e-06
    1.18474737e-06  1.05238175e-06]
  [ 2.83081153e-06  4.30396977e-05  3.17944182e-04 ... -1.75045964e-05
    2.68826409e-05  9.38689519e-06]
  ...
  [-1.48521009e-07 -2.17883369e-06 -1.75045964e-05 ...  2.30576232e-04
    2.09095331e-07 -1.91668406e-04]
  [ 1.05980636e-07  1.18474737e-06  2.68826409e-05 ...  2.09095331e-07
    4.63234852e-04 -3.50196962e-06]
  [ 7.43607137e-08  1.05238175e-06  9.38689519e-06 ... -1.91668406e-04
   -3.50196962e-06  6.49562326e-04]]]
converged SCF energy = -150.244985829812  <S^2> = 0.92979458  2S+1 = 2.172367
dm0 check [[ 3.82007961e-01  6.13406544e-01 -1.27497239e-01 ...  2.72140783e-06
  -3.72263392e-07 -6.34501104e-06]
 [ 6.13406544e-01  1.01245104e+00 -3.37150185e-01 ...  7.84886428e-06
  -1.62650082e-06 -1.74860282e-05]
 [-1.27497239e-01 -3.37150185e-01  6.82430471e-01 ... -1.80675482e-05
   3.30208396e-06  4.21296312e-05]
 ...
 [ 2.72140783e-06  7.84886428e-06 -1.80675482e-05 ...  6.94594003e-07
  -2.09873866e-07 -7.60169713e-08]
 [-3.72263392e-07 -1.62650082e-06  3.30208396e-06 ... -2.09873866e-07
   4.89058997e-07 -4.08825023e-08]
 [-6.34501104e-06 -1.74860282e-05  4.21296312e-05 ... -7.60169713e-08
  -4.08825023e-08  1.08094600e-06]]


******** <class 'pyscf.scf.addons.SmearingDFRKS'> ********
method = SmearingDFRKS
initial guess = minao
damping factor = 0.15
level_shift factor = 0.2
DIIS = <class 'pyscf.scf.diis.CDIIS'>
diis_start_cycle = 1
diis_space = 12
diis_damp = 0
SCF conv_tol = 5e-05
SCF conv_tol_grad = None
SCF max_cycles = 200
direct_scf = True
direct_scf_tol = 1e-13
chkfile to save SCF result = /tmp/tmp1wosl94u
max_memory 4000 MB (current use 86568 MB)
XC library pyscf.dft.libxc version 6.1.0
    S. Lehtola, C. Steigemann, M. J.T. Oliveira, and M. A.L. Marques.,  SoftwareX 7, 1–5 (2018)
XC functionals = pbe
    J. P. Perdew, K. Burke, and M. Ernzerhof.,  Phys. Rev. Lett. 77, 3865 (1996)
    J. P. Perdew, K. Burke, and M. Ernzerhof.,  Phys. Rev. Lett. 78, 1396 (1997)
    J. P. Perdew, K. Burke, and M. Ernzerhof.,  Phys. Rev. Lett. 77, 3865 (1996)
    J. P. Perdew, K. Burke, and M. Ernzerhof.,  Phys. Rev. Lett. 78, 1396 (1997)
small_rho_cutoff = 1e-06
Set gradient conv threshold to 0.00707107
    Total E(T) = -12173.3027438046  Free energy = -12174.3227397294  E0 = -12173.812741767
init E= -12173.3027438046
    sigma = 0.02  Optimized mu = -0.0544535834742  entropy = 1.51992346703
    Total E(T) = -12174.0392427471  Free energy = -12174.0696412164  E0 = -12174.0544419817
cycle= 1 E= -12174.0392427471  delta_E= -0.736  |g|= 1.14  |ddm|= 1.02e+03
    sigma = 0.02  Optimized mu = -0.0498625347958  entropy = 1.55811270924
    Total E(T) = -12174.1005848239  Free energy = -12174.1317470781  E0 = -12174.116165951
cycle= 2 E= -12174.1005848239  delta_E= -0.0613  |g|= 0.878  |ddm|= 1.03e+03
    sigma = 0.02  Optimized mu = -0.0540021941593  entropy = 1.52794105757
    Total E(T) = -12174.1361744915  Free energy = -12174.1667333127  E0 = -12174.1514539021
cycle= 3 E= -12174.1361744915  delta_E= -0.0356  |g|= 0.407  |ddm|=  998
    sigma = 0.02  Optimized mu = -0.0520298817569  entropy = 1.53252485387
    Total E(T) = -12174.1402948163  Free energy = -12174.1709453134  E0 = -12174.1556200649
cycle= 4 E= -12174.1402948163  delta_E= -0.00412  |g|= 0.226  |ddm|=  484
    sigma = 0.02  Optimized mu = -0.0523257026977  entropy = 1.52543938526
    Total E(T) = -12174.1417690365  Free energy = -12174.1722778242  E0 = -12174.1570234304
cycle= 5 E= -12174.1417690365  delta_E= -0.00147  |g|= 0.089  |ddm|=  228
    sigma = 0.02  Optimized mu = -0.0524959899787  entropy = 1.52166717375
    Total E(T) = -12174.1419899777  Free energy = -12174.1724233212  E0 = -12174.1572066494
cycle= 6 E= -12174.1419899777  delta_E= -0.000221  |g|= 0.0709  |ddm|= 85.2
    sigma = 0.02  Optimized mu = -0.0525015847456  entropy = 1.52125083991
    Total E(T) = -12174.1421634845  Free energy = -12174.1725885013  E0 = -12174.1573759929
cycle= 7 E= -12174.1421634845  delta_E= -0.000174  |g|= 0.028  |ddm|= 50.4
    sigma = 0.02  Optimized mu = -0.0524971487792  entropy = 1.52114434918
    Total E(T) = -12174.1422147839  Free energy = -12174.1726376709  E0 = -12174.1574262274
cycle= 8 E= -12174.1422147839  delta_E= -5.13e-05  |g|= 0.0155  |ddm|= 21.5
    sigma = 0.02  Optimized mu = -0.052486772561  entropy = 1.52121455521
    Total E(T) = -12174.142229817  Free energy = -12174.1726541081  E0 = -12174.1574419626
cycle= 9 E= -12174.142229817  delta_E= -1.5e-05  |g|= 0.00856  |ddm|= 19.6
    sigma = 0.02  Optimized mu = -0.0524857427442  entropy = 1.52120757161
    Total E(T) = -12174.1422347153  Free energy = -12174.1726588668  E0 = -12174.157446791
cycle= 10 E= -12174.1422347153  delta_E= -4.9e-06  |g|= 0.00499  |ddm|= 8.33
    sigma = 0.02  Optimized mu = -0.152412742403  entropy = 50.9770118188
    Total E(T) = -12173.6209352205  Free energy = -12174.6404754569  E0 = -12174.1307053387
Extra cycle  E= -12173.6209352205  delta_E= 0.521  |g|= 0.412  |ddm|= 4.1e+03
converged SCF energy = -12173.6209352205
dm0 check [[[ 1.91025757e-01  3.06761084e-01 -6.38853438e-02 ...  1.24125574e-06
   -1.96279348e-07 -3.05724694e-06]
  [ 3.06761084e-01  5.06378356e-01 -1.68935379e-01 ...  3.60383975e-06
   -8.41112812e-07 -8.43013908e-06]
  [-6.38853438e-02 -1.68935379e-01  3.42056245e-01 ... -8.24838927e-06
    1.72467804e-06  2.02670625e-05]
  ...
  [ 1.24125574e-06  3.60383975e-06 -8.24838927e-06 ...  3.59699274e-07
   -1.12681786e-07 -2.98018224e-08]
  [-1.96279348e-07 -8.41112812e-07  1.72467804e-06 ... -1.12681786e-07
    2.48611084e-07 -8.48535282e-09]
  [-3.05724694e-06 -8.43013908e-06  2.02670625e-05 ... -2.98018224e-08
   -8.48535282e-09  5.18058842e-07]]

 [[ 1.91002521e-01  3.06698503e-01 -6.37412772e-02 ...  1.32525081e-06
   -2.20240286e-07 -2.89072051e-06]
  [ 3.06698503e-01  5.06212205e-01 -1.68555996e-01 ...  3.82858060e-06
   -9.03427371e-07 -7.98731889e-06]
  [-6.37412772e-02 -1.68555996e-01  3.41192933e-01 ... -8.78954649e-06
    1.85925436e-06  1.92277046e-05]
  ...
  [ 1.32525081e-06  3.82858060e-06 -8.78954649e-06 ...  3.48053783e-07
   -1.12851780e-07 -2.57965403e-08]
  [-2.20240286e-07 -9.03427371e-07  1.85925436e-06 ... -1.12851780e-07
    2.51502971e-07 -1.11672450e-08]
  [-2.89072051e-06 -7.98731889e-06  1.92277046e-05 ... -2.57965403e-08
   -1.11672450e-08  5.07119370e-07]]]


******** <class 'pyscf.scf.addons.SmearingDFUKS'> ********
method = SmearingDFUKS
initial guess = minao
damping factor = 0.15
level_shift factor = 0.2
DIIS = <class 'pyscf.scf.diis.CDIIS'>
diis_start_cycle = 1
diis_space = 12
diis_damp = 0
SCF conv_tol = 5e-05
SCF conv_tol_grad = None
SCF max_cycles = 200
direct_scf = True
direct_scf_tol = 1e-13
chkfile to save SCF result = /tmp/tmp7qshzpls
max_memory 4000 MB (current use 86792 MB)
number electrons alpha = 325  beta = 323
XC library pyscf.dft.libxc version 6.1.0
    S. Lehtola, C. Steigemann, M. J.T. Oliveira, and M. A.L. Marques.,  SoftwareX 7, 1–5 (2018)
XC functionals = pbe
    J. P. Perdew, K. Burke, and M. Ernzerhof.,  Phys. Rev. Lett. 77, 3865 (1996)
    J. P. Perdew, K. Burke, and M. Ernzerhof.,  Phys. Rev. Lett. 78, 1396 (1997)
    J. P. Perdew, K. Burke, and M. Ernzerhof.,  Phys. Rev. Lett. 77, 3865 (1996)
    J. P. Perdew, K. Burke, and M. Ernzerhof.,  Phys. Rev. Lett. 78, 1396 (1997)
small_rho_cutoff = 1e-06
Set gradient conv threshold to 0.00707107
    Total E(T) = -12172.8600172344  Free energy = -12172.9242129824  E0 = -12172.8921151084
init E= -12172.8600172344
    sigma = 0.005  Optimized mu_alpha = -0.199754703929  entropy = 3.60790773491e-07
    sigma = 0.005  Optimized mu_beta  = -0.202286787859  entropy = 3.60790773491e-07
    Total E(T) = -12173.5965269908  Free energy = -12173.5965269926  E0 = -12173.5965269917
cycle= 1 E= -12173.5965269908  delta_E= -0.737  |g|=  1.6  |ddm|=  722
    sigma = 0.005  Optimized mu_alpha = -0.194853913862  entropy = 4.25176040411e-07
    sigma = 0.005  Optimized mu_beta  = -0.197531766064  entropy = 4.25176040411e-07
    Total E(T) = -12173.6585824214  Free energy = -12173.6585824236  E0 = -12173.6585824225
cycle= 2 E= -12173.6585824214  delta_E= -0.0621  |g|= 1.23  |ddm|=  735
    sigma = 0.005  Optimized mu_alpha = -0.198934654532  entropy = 3.7529777974e-07
    sigma = 0.005  Optimized mu_beta  = -0.201347272698  entropy = 3.7529777974e-07
    Total E(T) = -12173.6948872815  Free energy = -12173.6948872833  E0 = -12173.6948872824
cycle= 3 E= -12173.6948872815  delta_E= -0.0363  |g|= 0.49  |ddm|=  667
    sigma = 0.005  Optimized mu_alpha = -0.197661465605  entropy = 3.69113239881e-07
    sigma = 0.005  Optimized mu_beta  = -0.200208006576  entropy = 3.69113239881e-07
    Total E(T) = -12173.6977681218  Free energy = -12173.6977681236  E0 = -12173.6977681227
cycle= 4 E= -12173.6977681218  delta_E= -0.00288  |g|= 0.303  |ddm|=  340
    sigma = 0.005  Optimized mu_alpha = -0.19742948694  entropy = 3.70199544934e-07
    sigma = 0.005  Optimized mu_beta  = -0.199933452826  entropy = 3.70199544934e-07
    Total E(T) = -12173.6990391996  Free energy = -12173.6990392014  E0 = -12173.6990392005
cycle= 5 E= -12173.6990391996  delta_E= -0.00127  |g|= 0.115  |ddm|=  170
    sigma = 0.005  Optimized mu_alpha = -0.197908575518  entropy = 3.61922023715e-07
    sigma = 0.005  Optimized mu_beta  = -0.200391242282  entropy = 3.61922023715e-07
    Total E(T) = -12173.6993105542  Free energy = -12173.699310556  E0 = -12173.6993105551
cycle= 6 E= -12173.6993105542  delta_E= -0.000271  |g|= 0.0652  |ddm|= 52.6
    sigma = 0.005  Optimized mu_alpha = -0.197732639275  entropy = 3.62557517964e-07
    sigma = 0.005  Optimized mu_beta  = -0.200214087514  entropy = 3.62557517964e-07
    Total E(T) = -12173.6994320006  Free energy = -12173.6994320024  E0 = -12173.6994320015
cycle= 7 E= -12173.6994320006  delta_E= -0.000121  |g|= 0.0221  |ddm|= 33.2
    sigma = 0.005  Optimized mu_alpha = -0.197737564042  entropy = 3.62083049348e-07
    sigma = 0.005  Optimized mu_beta  = -0.200224854797  entropy = 3.62083049348e-07
    Total E(T) = -12173.6994614815  Free energy = -12173.6994614833  E0 = -12173.6994614824
cycle= 8 E= -12173.6994614815  delta_E= -2.95e-05  |g|= 0.00986  |ddm|= 15.4
    sigma = 0.005  Optimized mu_alpha = -0.197754148272  entropy = 3.61856474477e-07
    sigma = 0.005  Optimized mu_beta  = -0.200243126974  entropy = 3.61856474477e-07
    Total E(T) = -12173.6994681531  Free energy = -12173.6994681549  E0 = -12173.699468154
cycle= 9 E= -12173.6994681531  delta_E= -6.67e-06  |g|= 0.00532  |ddm|= 11.9
    sigma = 0.005  Optimized mu_alpha = -0.297191731862  entropy = 12.8729837944
    sigma = 0.005  Optimized mu_beta  = -0.30006391551  entropy = 12.8729837944
    Total E(T) = -12173.6652405924  Free energy = -12173.7296055113  E0 = -12173.6974230519
Extra cycle  E= -12173.6652405924  delta_E= 0.0342  |g|= 0.215  |ddm|=  950
converged SCF energy = -12173.6652405924  <S^2> = 3.7631627  2S+1 = 4.0065759
step=   2 L=-12264.65185911 Ef=-12263.40548124 |grad|=1.46194e+00
[optimize] step 1 SCF: dm0 from dm_ig1/dm_ig2 on rdft1/rdft2
dm0 check [[[ 1.51511142e-09  2.24391254e-08  1.89789561e-07 ... -1.14719027e-07
    7.42476491e-07  6.64943648e-08]
  [ 2.24391254e-08  3.34443992e-07  2.75066910e-06 ... -1.77767180e-06
    1.10110522e-05  1.04757955e-06]
  [ 1.89789561e-07  2.75066910e-06  2.57237476e-05 ... -1.02769946e-05
    9.27868755e-05  4.99876704e-06]
  ...
  [-1.14719027e-07 -1.77767180e-06 -1.02769946e-05 ...  2.27166708e-04
    1.81896838e-06 -1.91352285e-04]
  [ 7.42476491e-07  1.10110522e-05  9.27868755e-05 ...  1.81896838e-06
    4.79980334e-04 -1.62432356e-06]
  [ 6.64943648e-08  1.04757955e-06  4.99876704e-06 ... -1.91352285e-04
   -1.62432356e-06  6.55604999e-04]]

 [[ 2.14412007e-09  3.18475347e-08  2.65523309e-07 ... -7.48705567e-08
    1.03578174e-06  2.38437832e-08]
  [ 3.18475347e-08  4.74247460e-07  3.91396668e-06 ... -9.93113700e-07
    1.53190651e-05  2.50156053e-07]
  [ 2.65523309e-07  3.91396668e-06  3.37625059e-05 ... -1.10142815e-05
    1.30901449e-04  4.52867683e-06]
  ...
  [-7.48705567e-08 -9.93113700e-07 -1.10142815e-05 ...  2.49604219e-04
    2.27938802e-06 -2.10130234e-04]
  [ 1.03578174e-06  1.53190651e-05  1.30901449e-04 ...  2.27938802e-06
    5.52938805e-04 -2.04467203e-06]
  [ 2.38437832e-08  2.50156053e-07  4.52867683e-06 ... -2.10130234e-04
   -2.04467203e-06  7.46013382e-04]]]
converged SCF energy = -150.22669371454  <S^2> = 2.0045398  2S+1 = 3.003025
dm0 check [[[ 1.14644045e-09  1.70875536e-08  1.38757203e-07 ... -8.06195894e-08
    6.25424551e-07  4.56943841e-08]
  [ 1.70875536e-08  2.56093604e-07  2.02957959e-06 ... -1.06182913e-06
    9.18294710e-06  7.18429098e-07]
  [ 1.38757203e-07  2.02957959e-06  1.80710820e-05 ... -1.26945916e-05
    8.12960531e-05  3.19915115e-06]
  ...
  [-8.06195894e-08 -1.06182913e-06 -1.26945916e-05 ...  2.39058217e-04
   -1.61590489e-06 -1.68277563e-04]
  [ 6.25424551e-07  9.18294710e-06  8.12960531e-05 ... -1.61590489e-06
    4.44997717e-04 -4.05929673e-06]
  [ 4.56943841e-08  7.18429098e-07  3.19915115e-06 ... -1.68277563e-04
   -4.05929673e-06  5.95725214e-04]]

 [[ 2.53036793e-08  3.85050758e-07  2.83126581e-06 ... -1.48564617e-07
    1.05907482e-07  7.43835823e-08]
  [ 3.85050758e-07  5.86079327e-06  4.30459260e-05 ... -2.17962742e-06
    1.18345899e-06  1.05280610e-06]
  [ 2.83126581e-06  4.30459260e-05  3.17989581e-04 ... -1.75086853e-05
    2.68751840e-05  9.38988277e-06]
  ...
  [-1.48564617e-07 -2.17962742e-06 -1.75086853e-05 ...  2.30571794e-04
    2.09025621e-07 -1.91673885e-04]
  [ 1.05907482e-07  1.18345899e-06  2.68751840e-05 ...  2.09025621e-07
    4.63241179e-04 -3.50232851e-06]
  [ 7.43835823e-08  1.05280610e-06  9.38988277e-06 ... -1.91673885e-04
   -3.50232851e-06  6.49569813e-04]]]
converged SCF energy = -150.244985829829  <S^2> = 0.92979806  2S+1 = 2.1723702
dm0 check [[ 3.82007961e-01  6.13406544e-01 -1.27497239e-01 ...  2.72140783e-06
  -3.72263392e-07 -6.34501104e-06]
 [ 6.13406544e-01  1.01245104e+00 -3.37150185e-01 ...  7.84886428e-06
  -1.62650082e-06 -1.74860282e-05]
 [-1.27497239e-01 -3.37150185e-01  6.82430471e-01 ... -1.80675482e-05
   3.30208396e-06  4.21296312e-05]
 ...
 [ 2.72140783e-06  7.84886428e-06 -1.80675482e-05 ...  6.94594003e-07
  -2.09873866e-07 -7.60169713e-08]
 [-3.72263392e-07 -1.62650082e-06  3.30208396e-06 ... -2.09873866e-07
   4.89058997e-07 -4.08825023e-08]
 [-6.34501104e-06 -1.74860282e-05  4.21296312e-05 ... -7.60169713e-08
  -4.08825023e-08  1.08094600e-06]]


******** <class 'pyscf.scf.addons.SmearingDFRKS'> ********
method = SmearingDFRKS
initial guess = minao
damping factor = 0.15
level_shift factor = 0.2
DIIS = <class 'pyscf.scf.diis.CDIIS'>
diis_start_cycle = 1
diis_space = 12
diis_damp = 0
SCF conv_tol = 5e-05
SCF conv_tol_grad = None
SCF max_cycles = 200
direct_scf = True
direct_scf_tol = 1e-13
chkfile to save SCF result = /tmp/tmp1wosl94u
max_memory 4000 MB (current use 86904 MB)
XC library pyscf.dft.libxc version 6.1.0
    S. Lehtola, C. Steigemann, M. J.T. Oliveira, and M. A.L. Marques.,  SoftwareX 7, 1–5 (2018)
XC functionals = pbe
    J. P. Perdew, K. Burke, and M. Ernzerhof.,  Phys. Rev. Lett. 77, 3865 (1996)
    J. P. Perdew, K. Burke, and M. Ernzerhof.,  Phys. Rev. Lett. 78, 1396 (1997)
    J. P. Perdew, K. Burke, and M. Ernzerhof.,  Phys. Rev. Lett. 77, 3865 (1996)
    J. P. Perdew, K. Burke, and M. Ernzerhof.,  Phys. Rev. Lett. 78, 1396 (1997)
small_rho_cutoff = 1e-06
Set gradient conv threshold to 0.00707107
    Total E(T) = -12124.3514753876  Free energy = -12125.371015624  E0 = -12124.8612455058
init E= -12124.3514753876
    sigma = 0.02  Optimized mu = -0.0531730925479  entropy = 1.52014332691
    Total E(T) = -12124.4123658864  Free energy = -12124.4427687529  E0 = -12124.4275673197
cycle= 1 E= -12124.4123658864  delta_E= -0.0609  |g|= 0.406  |ddm|=  314
    sigma = 0.02  Optimized mu = -0.0515765968443  entropy = 1.52937687694
    Total E(T) = -12124.4172803397  Free energy = -12124.4478678772  E0 = -12124.4325741085
cycle= 2 E= -12124.4172803397  delta_E= -0.00491  |g|= 0.29  |ddm|=  316
    sigma = 0.02  Optimized mu = -0.0533214447936  entropy = 1.51971496721
    Total E(T) = -12124.4199396171  Free energy = -12124.4503339165  E0 = -12124.4351367668
cycle= 3 E= -12124.4199396171  delta_E= -0.00266  |g|= 0.179  |ddm|=  363
    sigma = 0.02  Optimized mu = -0.0523463753978  entropy = 1.52335041899
    Total E(T) = -12124.4207165501  Free energy = -12124.4511835585  E0 = -12124.4359500543
cycle= 4 E= -12124.4207165501  delta_E= -0.000777  |g|= 0.0571  |ddm|=  176
    sigma = 0.02  Optimized mu = -0.0523947897219  entropy = 1.52354570697
    Total E(T) = -12124.4208746364  Free energy = -12124.4513455505  E0 = -12124.4361100935
cycle= 5 E= -12124.4208746364  delta_E= -0.000158  |g|= 0.0239  |ddm|= 78.7
    sigma = 0.02  Optimized mu = -0.0525708647184  entropy = 1.52196341795
    Total E(T) = -12124.4208763899  Free energy = -12124.4513156582  E0 = -12124.4360960241
cycle= 6 E= -12124.4208763899  delta_E= -1.75e-06  |g|= 0.0235  |ddm|= 27.3
    sigma = 0.02  Optimized mu = -0.0525084020292  entropy = 1.52219565497
    Total E(T) = -12124.4208896779  Free energy = -12124.451333591  E0 = -12124.4361116345
cycle= 7 E= -12124.4208896779  delta_E= -1.33e-05  |g|= 0.0101  |ddm|=   15
    sigma = 0.02  Optimized mu = -0.0525340691283  entropy = 1.52206262566
