pyscf max mem 1044215
SLURM_CPUS_PER_TASK = 64
OMP_NUM_THREADS = 64
MKL_NUM_THREADS = 64
OPENBLAS_NUM_THREADS = 64
PySCF lib.num_threads() = 64
left ensemble electron number ([9, 9], [7, 8])
right ensemble electron number ([325, 325], [325, 323])
[setup] build_system t=1.7s
building grid (level 3)...
[setup] grid t=4.6s
computing S3 tensors (DF)...
S3 shapes: left=(116, 116, 1336) right=(1528, 1528, 1336) ref=(1544, 1544, 1336) t=771.3s
[warm-start] loaded pdft_optimizer4.pkl
[warm-start] rdft1.D ← pickle dm_ig1
[warm-start] rdft2.D ← pickle dm_ig2
[init] b0 from optimizer checkpoint, npbs=1336
[warm-start] Lagrangian x0 ready, |b0| = 2.37012e+00
[setup] warm-start t=0.4s
starting phase 1: damped ascent
[phase1] damped ascent: 5 steps, alpha=1.0, max_step=1.0
[phase1] step 1 SCF: dm0 from dm_ig1/dm_ig2 on rdft1/rdft2
dm0 check None
converged SCF energy = -150.226693714538  <S^2> = 2.0045399  2S+1 = 3.003025
dm0 check None
converged SCF energy = -150.244985829666  <S^2> = 0.9297856  2S+1 = 2.1723587
[timing] left/O ensemble SCF = 241.4s
dm0 check [[ 3.79470810e-01  6.12181343e-01 -1.25133032e-01 ...  2.96945691e-05
   1.29407642e-05 -5.27375003e-05]
 [ 6.12181343e-01  1.01516554e+00 -3.33839968e-01 ...  8.07882616e-05
   3.40920260e-05 -1.42813344e-04]
 [-1.25133032e-01 -3.33839968e-01  6.74758870e-01 ... -1.94982218e-04
  -8.25261319e-05  3.45527362e-04]
 ...
 [ 2.96945691e-05  8.07882616e-05 -1.94982218e-04 ...  3.06781275e-05
   1.15949804e-05 -5.26727472e-05]
 [ 1.29407642e-05  3.40920260e-05 -8.25261319e-05 ...  1.15949804e-05
   5.67184502e-06 -2.16048611e-05]
 [-5.27375003e-05 -1.42813344e-04  3.45527362e-04 ... -5.26727472e-05
  -2.16048611e-05  9.73230061e-05]]


******** <class 'pyscf.scf.addons.SmearingDFRKS'> ********
method = SmearingDFRKS
initial guess = minao
damping factor = 0.15
level_shift factor = 0.2
DIIS = <class 'pyscf.scf.diis.CDIIS'>
diis_start_cycle = 1
diis_space = 12
diis_damp = 0
SCF conv_tol = 5e-05
SCF conv_tol_grad = None
SCF max_cycles = 200
direct_scf = True
direct_scf_tol = 1e-13
chkfile to save SCF result = /tmp/tmpsow2hd3o
max_memory 4000 MB (current use 85916 MB)
XC library pyscf.dft.libxc version 6.1.0
    S. Lehtola, C. Steigemann, M. J.T. Oliveira, and M. A.L. Marques.,  SoftwareX 7, 1–5 (2018)
XC functionals = pbe
    J. P. Perdew, K. Burke, and M. Ernzerhof.,  Phys. Rev. Lett. 77, 3865 (1996)
    J. P. Perdew, K. Burke, and M. Ernzerhof.,  Phys. Rev. Lett. 78, 1396 (1997)
    J. P. Perdew, K. Burke, and M. Ernzerhof.,  Phys. Rev. Lett. 77, 3865 (1996)
    J. P. Perdew, K. Burke, and M. Ernzerhof.,  Phys. Rev. Lett. 78, 1396 (1997)
small_rho_cutoff = 1e-06
Set gradient conv threshold to 0.00707107
init E= -12113.8240258863
    sigma = 0.02  Optimized mu = -0.0537210515391  entropy = 1.55673145331
    Total E(T) = -12113.8240072255  Free energy = -12113.8551418546  E0 = -12113.8395745401
cycle= 1 E= -12113.8240072255  delta_E= 1.87e-05  |g|= 0.0293  |ddm|= 21.5
    sigma = 0.02  Optimized mu = -0.053709820997  entropy = 1.55937955404
    Total E(T) = -12113.8237614483  Free energy = -12113.8549490393  E0 = -12113.8393552438
cycle= 2 E= -12113.8237614483  delta_E= 0.000246  |g|= 0.0996  |ddm|= 92.1
    sigma = 0.02  Optimized mu = -0.0537132913598  entropy = 1.5573635868
    Total E(T) = -12113.823906802  Free energy = -12113.8550540737  E0 = -12113.8394804378
cycle= 3 E= -12113.823906802  delta_E= -0.000145  |g|= 0.0542  |ddm|= 37.3
    sigma = 0.02  Optimized mu = -0.0537153979952  entropy = 1.55722121624
    Total E(T) = -12113.8239666333  Free energy = -12113.8551110576  E0 = -12113.8395388455
cycle= 4 E= -12113.8239666333  delta_E= -5.98e-05  |g|= 0.0384  |ddm|= 14.2
    sigma = 0.02  Optimized mu = -0.0537160719097  entropy = 1.55720256344
    Total E(T) = -12113.8239954671  Free energy = -12113.8551395184  E0 = -12113.8395674928
cycle= 5 E= -12113.8239954671  delta_E= -2.88e-05  |g|= 0.028  |ddm|=  8.3
    sigma = 0.02  Optimized mu = -0.0537175525213  entropy = 1.55717984563
    Total E(T) = -12113.8240100288  Free energy = -12113.8551536257  E0 = -12113.8395818272
cycle= 6 E= -12113.8240100288  delta_E= -1.46e-05  |g|= 0.021  |ddm|= 5.59
    sigma = 0.02  Optimized mu = -0.0537176107029  entropy = 1.55718067317
    Total E(T) = -12113.8240179179  Free energy = -12113.8551615314  E0 = -12113.8395897246
cycle= 7 E= -12113.8240179179  delta_E= -7.89e-06  |g|= 0.0159  |ddm|= 3.63
    sigma = 0.02  Optimized mu = -0.0537180581113  entropy = 1.55717223818
    Total E(T) = -12113.8240223819  Free energy = -12113.8551658267  E0 = -12113.8395941043
cycle= 8 E= -12113.8240223819  delta_E= -4.46e-06  |g|= 0.0122  |ddm|= 2.43
    sigma = 0.02  Optimized mu = -0.0537177306673  entropy = 1.55717743406
    Total E(T) = -12113.8240249462  Free energy = -12113.8551684949  E0 = -12113.8395967206
cycle= 9 E= -12113.8240249462  delta_E= -2.56e-06  |g|= 0.00939  |ddm|= 1.96
    sigma = 0.02  Optimized mu = -0.0537182403812  entropy = 1.55717670587
    Total E(T) = -12113.8240265151  Free energy = -12113.8551700493  E0 = -12113.8395982822
cycle= 10 E= -12113.8240265151  delta_E= -1.57e-06  |g|= 0.00726  |ddm|= 1.58
    sigma = 0.02  Optimized mu = -0.0537185351368  entropy = 1.55717386208
    Total E(T) = -12113.8240274905  Free energy = -12113.8551709678  E0 = -12113.8395992291
cycle= 11 E= -12113.8240274905  delta_E= -9.75e-07  |g|= 0.00564  |ddm|= 1.29
    sigma = 0.02  Optimized mu = -0.153826645416  entropy = 51.8146750102
    Total E(T) = -12113.2786375351  Free energy = -12114.3149310353  E0 = -12113.7967842852
Extra cycle  E= -12113.2786375351  delta_E= 0.545  |g|= 0.501  |ddm|= 4.62e+03
converged SCF energy = -12113.2786375351
dm0 check [[[ 1.89757389e-01  3.06149627e-01 -6.27048602e-02 ...  1.22468115e-05
    5.26040632e-06 -2.37717666e-05]
  [ 3.06149627e-01  5.07739618e-01 -1.67286023e-01 ...  3.33702558e-05
    1.37760545e-05 -6.43741381e-05]
  [-6.27048602e-02 -1.67286023e-01  3.38225547e-01 ... -8.03826491e-05
   -3.32851074e-05  1.55469457e-04]
  ...
  [ 1.22468115e-05  3.33702558e-05 -8.03826491e-05 ...  8.47100586e-06
    3.00501403e-06 -1.61897713e-05]
  [ 5.26040632e-06  1.37760545e-05 -3.32851074e-05 ...  3.00501403e-06
    1.68440074e-06 -6.58616965e-06]
  [-2.37717666e-05 -6.43741381e-05  1.55469457e-04 ... -1.61897713e-05
   -6.58616965e-06  3.42011546e-05]]

 [[ 1.89736799e-01  3.06093308e-01 -6.25773635e-02 ...  1.51386286e-05
    6.55518093e-06 -2.77363023e-05]
  [ 3.06093308e-01  5.07589075e-01 -1.66949695e-01 ...  4.11919287e-05
    1.72826098e-05 -7.51184113e-05]
  [-6.25773635e-02 -1.66949695e-01  3.37476952e-01 ... -9.95254869e-05
   -4.19078649e-05  1.81967933e-04]
  ...
  [ 1.51386286e-05  4.11919287e-05 -9.95254869e-05 ...  1.32582927e-05
    4.88397279e-06 -2.39433514e-05]
  [ 6.55518093e-06  1.72826098e-05 -4.19078649e-05 ...  4.88397279e-06
    2.44611368e-06 -9.69846260e-06]
  [-2.77363023e-05 -7.51184113e-05  1.81967933e-04 ... -2.39433514e-05
   -9.69846260e-06  4.66825760e-05]]]


******** <class 'pyscf.scf.addons.SmearingDFUKS'> ********
method = SmearingDFUKS
initial guess = minao
damping factor = 0.15
level_shift factor = 0.2
DIIS = <class 'pyscf.scf.diis.CDIIS'>
diis_start_cycle = 1
diis_space = 12
diis_damp = 0
SCF conv_tol = 5e-05
SCF conv_tol_grad = None
SCF max_cycles = 200
direct_scf = True
direct_scf_tol = 1e-13
chkfile to save SCF result = /tmp/tmpi40sv_c1
max_memory 4000 MB (current use 86567 MB)
number electrons alpha = 325  beta = 323
XC library pyscf.dft.libxc version 6.1.0
    S. Lehtola, C. Steigemann, M. J.T. Oliveira, and M. A.L. Marques.,  SoftwareX 7, 1–5 (2018)
XC functionals = pbe
    J. P. Perdew, K. Burke, and M. Ernzerhof.,  Phys. Rev. Lett. 77, 3865 (1996)
    J. P. Perdew, K. Burke, and M. Ernzerhof.,  Phys. Rev. Lett. 78, 1396 (1997)
    J. P. Perdew, K. Burke, and M. Ernzerhof.,  Phys. Rev. Lett. 77, 3865 (1996)
    J. P. Perdew, K. Burke, and M. Ernzerhof.,  Phys. Rev. Lett. 78, 1396 (1997)
small_rho_cutoff = 1e-06
Set gradient conv threshold to 0.00707107
init E= -12113.3796822207
    sigma = 0.005  Optimized mu_alpha = -0.197747296615  entropy = 3.48916653887e-07
    sigma = 0.005  Optimized mu_beta  = -0.200358981795  entropy = 3.48916653887e-07
    Total E(T) = -12113.3796777173  Free energy = -12113.379677719  E0 = -12113.3796777182
cycle= 1 E= -12113.3796777173  delta_E= 4.5e-06  |g|= 0.0201  |ddm|= 11.1
    sigma = 0.005  Optimized mu_alpha = -0.197868623385  entropy = 3.48477596952e-07
    sigma = 0.005  Optimized mu_beta  = -0.200497729919  entropy = 3.48477596952e-07
    Total E(T) = -12113.3796234082  Free energy = -12113.37962341  E0 = -12113.3796234091
cycle= 2 E= -12113.3796234082  delta_E= 5.43e-05  |g|= 0.064  |ddm|= 38.1
    sigma = 0.005  Optimized mu_alpha = -0.197784559988  entropy = 3.48590002117e-07
    sigma = 0.005  Optimized mu_beta  = -0.200403711778  entropy = 3.48590002117e-07
    Total E(T) = -12113.3796577506  Free energy = -12113.3796577523  E0 = -12113.3796577514
cycle= 3 E= -12113.3796577506  delta_E= -3.43e-05  |g|= 0.0336  |ddm|= 14.5
    sigma = 0.005  Optimized mu_alpha = -0.19778351907  entropy = 3.48628403646e-07
    sigma = 0.005  Optimized mu_beta  = -0.20040227439  entropy = 3.48628403646e-07
    Total E(T) = -12113.3796730217  Free energy = -12113.3796730234  E0 = -12113.3796730226
cycle= 4 E= -12113.3796730217  delta_E= -1.53e-05  |g|= 0.0225  |ddm|= 6.42
    sigma = 0.005  Optimized mu_alpha = -0.19777987144  entropy = 3.48653568732e-07
    sigma = 0.005  Optimized mu_beta  = -0.200399291097  entropy = 3.48653568732e-07
    Total E(T) = -12113.3796800961  Free energy = -12113.3796800978  E0 = -12113.379680097
cycle= 5 E= -12113.3796800961  delta_E= -7.07e-06  |g|= 0.0156  |ddm|= 4.07
    sigma = 0.005  Optimized mu_alpha = -0.197781862665  entropy = 3.48643100997e-07
    sigma = 0.005  Optimized mu_beta  = -0.200401952255  entropy = 3.48643100997e-07
    Total E(T) = -12113.3796836716  Free energy = -12113.3796836733  E0 = -12113.3796836724
cycle= 6 E= -12113.3796836716  delta_E= -3.58e-06  |g|= 0.0108  |ddm|= 2.74
    sigma = 0.005  Optimized mu_alpha = -0.197780464842  entropy = 3.48639408654e-07
    sigma = 0.005  Optimized mu_beta  = -0.200402882888  entropy = 3.48639408654e-07
    Total E(T) = -12113.3796856431  Free energy = -12113.3796856448  E0 = -12113.379685644
cycle= 7 E= -12113.3796856431  delta_E= -1.97e-06  |g|= 0.008  |ddm|= 2.41
    sigma = 0.005  Optimized mu_alpha = -0.197780537387  entropy = 3.48628656491e-07
    sigma = 0.005  Optimized mu_beta  = -0.200406493362  entropy = 3.48628656491e-07
    Total E(T) = -12113.3796870178  Free energy = -12113.3796870196  E0 = -12113.3796870187
cycle= 8 E= -12113.3796870178  delta_E= -1.37e-06  |g|= 0.00573  |ddm|= 2.19
    sigma = 0.005  Optimized mu_alpha = -0.297373232567  entropy = 13.1269829331
    sigma = 0.005  Optimized mu_beta  = -0.300341471658  entropy = 13.1269829331
    Total E(T) = -12113.3431739281  Free energy = -12113.4088088428  E0 = -12113.3759913854
Extra cycle  E= -12113.3431739281  delta_E= 0.0365  |g|= 0.219  |ddm|=  990
converged SCF energy = -12113.3431739281  <S^2> = 2.0210123  2S+1 = 3.0139756
[timing] right/Al ensemble SCF = 1224.5s
[timing] collect state = 0.0s
[timing] checkpoint save = 0.0s
[phase1] step=1/5 L=-12259.84864372 Ef=-12259.81799612 |grad|=3.60096e-02 |db|=3.60096e-02 t=1471.2s
dm0 check [[[ 1.51510539e-09  2.24390407e-08  1.89788584e-07 ... -1.14716793e-07
    7.42480591e-07  6.64925537e-08]
  [ 2.24390407e-08  3.34442860e-07  2.75065447e-06 ... -1.77763476e-06
    1.10111116e-05  1.04754946e-06]
  [ 1.89788584e-07  2.75065447e-06  2.57236015e-05 ... -1.02767709e-05
    9.27874012e-05  4.99858660e-06]
  ...
  [-1.14716793e-07 -1.77763476e-06 -1.02767709e-05 ...  2.27166818e-04
    1.81897022e-06 -1.91352427e-04]
  [ 7.42480591e-07  1.10111116e-05  9.27874012e-05 ...  1.81897022e-06
    4.79983561e-04 -1.62425374e-06]
  [ 6.64925537e-08  1.04754946e-06  4.99858660e-06 ... -1.91352427e-04
   -1.62425374e-06  6.55608417e-04]]

 [[ 2.14412926e-09  3.18476687e-08  2.65524476e-07 ... -7.48678675e-08
    1.03578378e-06  2.38417798e-08]
  [ 3.18476687e-08  4.74249422e-07  3.91398393e-06 ... -9.93071944e-07
    1.53190952e-05  2.50124817e-07]
  [ 2.65524476e-07  3.91398393e-06  3.37626381e-05 ... -1.10139777e-05
    1.30901684e-04  4.52845690e-06]
  ...
  [-7.48678675e-08 -9.93071944e-07 -1.10139777e-05 ...  2.49604988e-04
    2.27945400e-06 -2.10130920e-04]
  [ 1.03578378e-06  1.53190952e-05  1.30901684e-04 ...  2.27945400e-06
    5.52938192e-04 -2.04465529e-06]
  [ 2.38417798e-08  2.50124817e-07  4.52845690e-06 ... -2.10130920e-04
   -2.04465529e-06  7.46013266e-04]]]
converged SCF energy = -150.226693714539  <S^2> = 2.0045398  2S+1 = 3.003025
dm0 check [[[ 1.14663927e-09  1.70906963e-08  1.38764383e-07 ... -8.06351991e-08
    6.25424907e-07  4.57094748e-08]
  [ 1.70906963e-08  2.56142401e-07  2.02970512e-06 ... -1.06203847e-06
    9.18297648e-06  7.18610580e-07]
  [ 1.38764383e-07  2.02970512e-06  1.80711277e-05 ... -1.26954868e-05
    8.12953223e-05  3.19992557e-06]
  ...
  [-8.06351991e-08 -1.06203847e-06 -1.26954868e-05 ...  2.39056590e-04
   -1.61628522e-06 -1.68273569e-04]
  [ 6.25424907e-07  9.18297648e-06  8.12953223e-05 ... -1.61628522e-06
    4.44991768e-04 -4.05797461e-06]
  [ 4.57094748e-08  7.18610580e-07  3.19992557e-06 ... -1.68273569e-04
   -4.05797461e-06  5.95720304e-04]]

 [[ 2.52991917e-08  3.84988468e-07  2.83081238e-06 ... -1.48521070e-07
    1.05980491e-07  7.43608026e-08]
  [ 3.84988468e-07  5.85993601e-06  4.30397101e-05 ... -2.17883477e-06
    1.18474495e-06  1.05238318e-06]
  [ 2.83081238e-06  4.30397101e-05  3.17944269e-04 ... -1.75046016e-05
    2.68826267e-05  9.38690535e-06]
  ...
  [-1.48521070e-07 -2.17883477e-06 -1.75046016e-05 ...  2.30576224e-04
    2.09094785e-07 -1.91668407e-04]
  [ 1.05980491e-07  1.18474495e-06  2.68826267e-05 ...  2.09094785e-07
    4.63234853e-04 -3.50197083e-06]
  [ 7.43608026e-08  1.05238318e-06  9.38690535e-06 ... -1.91668407e-04
   -3.50197083e-06  6.49562330e-04]]]
converged SCF energy = -150.244985829812  <S^2> = 0.92979458  2S+1 = 2.172367
[timing] left/O ensemble SCF = 14.7s
dm0 check [[ 3.79470824e-01  6.12181391e-01 -1.25133118e-01 ...  2.96030545e-05
   1.29074024e-05 -5.26128173e-05]
 [ 6.12181391e-01  1.01516568e+00 -3.33840216e-01 ...  8.05413122e-05
   3.40019990e-05 -1.42476895e-04]
 [-1.25133118e-01 -3.33840216e-01  6.74759366e-01 ... -1.94384300e-04
  -8.23081702e-05  3.44712770e-04]
 ...
 [ 2.96030545e-05  8.05413122e-05 -1.94384300e-04 ...  3.07065828e-05
   1.16059587e-05 -5.27119418e-05]
 [ 1.29074024e-05  3.40019990e-05 -8.23081702e-05 ...  1.16059587e-05
   5.67589640e-06 -2.16207686e-05]
 [-5.26128173e-05 -1.42476895e-04  3.44712770e-04 ... -5.27119418e-05
  -2.16207686e-05  9.73769521e-05]]


******** <class 'pyscf.scf.addons.SmearingDFRKS'> ********
method = SmearingDFRKS
initial guess = minao
damping factor = 0.15
level_shift factor = 0.2
DIIS = <class 'pyscf.scf.diis.CDIIS'>
diis_start_cycle = 1
diis_space = 12
diis_damp = 0
SCF conv_tol = 5e-05
SCF conv_tol_grad = None
SCF max_cycles = 200
direct_scf = True
direct_scf_tol = 1e-13
chkfile to save SCF result = /tmp/tmpsow2hd3o
max_memory 4000 MB (current use 86923 MB)
XC library pyscf.dft.libxc version 6.1.0
    S. Lehtola, C. Steigemann, M. J.T. Oliveira, and M. A.L. Marques.,  SoftwareX 7, 1–5 (2018)
XC functionals = pbe
    J. P. Perdew, K. Burke, and M. Ernzerhof.,  Phys. Rev. Lett. 77, 3865 (1996)
    J. P. Perdew, K. Burke, and M. Ernzerhof.,  Phys. Rev. Lett. 78, 1396 (1997)
    J. P. Perdew, K. Burke, and M. Ernzerhof.,  Phys. Rev. Lett. 77, 3865 (1996)
    J. P. Perdew, K. Burke, and M. Ernzerhof.,  Phys. Rev. Lett. 78, 1396 (1997)
small_rho_cutoff = 1e-06
Set gradient conv threshold to 0.00707107
    Total E(T) = -12113.904271287  Free energy = -12114.9405647872  E0 = -12114.4224180371
init E= -12113.904271287
    sigma = 0.02  Optimized mu = -0.0537052478785  entropy = 1.55137691277
    Total E(T) = -12113.904350913  Free energy = -12113.9353784512  E0 = -12113.9198646821
cycle= 1 E= -12113.904350913  delta_E= -7.96e-05  |g|= 0.032  |ddm|= 47.6
    sigma = 0.02  Optimized mu = -0.0535423433783  entropy = 1.55574008749
    Total E(T) = -12113.9041542974  Free energy = -12113.9352690991  E0 = -12113.9197116983
cycle= 2 E= -12113.9041542974  delta_E= 0.000197  |g|= 0.0916  |ddm|= 93.5
    sigma = 0.02  Optimized mu = -0.0535950420651  entropy = 1.55291343806
    Total E(T) = -12113.9043807453  Free energy = -12113.9354390141  E0 = -12113.9199098797
cycle= 3 E= -12113.9043807453  delta_E= -0.000226  |g|= 0.011  |ddm|= 90.1
    sigma = 0.02  Optimized mu = -0.0536163385872  entropy = 1.55327226213
    Total E(T) = -12113.9043872254  Free energy = -12113.9354526707  E0 = -12113.919919948
cycle= 4 E= -12113.9043872254  delta_E= -6.48e-06  |g|= 0.0112  |ddm|= 23.5
    sigma = 0.02  Optimized mu = -0.0535949636213  entropy = 1.55386652077
    Total E(T) = -12113.9043903662  Free energy = -12113.9354676966  E0 = -12113.9199290314
cycle= 5 E= -12113.9043903662  delta_E= -3.14e-06  |g|= 0.00489  |ddm|= 10.3
    sigma = 0.02  Optimized mu = -0.153691931165  entropy = 51.8122046931
    Total E(T) = -12113.3571661252  Free energy = -12114.3934102191  E0 = -12113.8752881721
Extra cycle  E= -12113.3571661252  delta_E= 0.547  |g|= 0.566  |ddm|= 4.61e+03
converged SCF energy = -12113.3571661252
dm0 check [[[ 1.89757454e-01  3.06149803e-01 -6.27052671e-02 ...  1.21056061e-05
    5.20092577e-06 -2.35707516e-05]
  [ 3.06149803e-01  5.07740090e-01 -1.67287114e-01 ...  3.29895227e-05
    1.36156632e-05 -6.38320268e-05]
  [-6.27052671e-02 -1.67287114e-01  3.38228083e-01 ... -7.94618170e-05
   -3.28971303e-05  1.54157382e-04]
  ...
  [ 1.21056061e-05  3.29895227e-05 -7.94618170e-05 ...  8.20666302e-06
    2.90473636e-06 -1.57453387e-05]
  [ 5.20092577e-06  1.36156632e-05 -3.28971303e-05 ...  2.90473636e-06
    1.64450963e-06 -6.41210133e-06]
  [-2.35707516e-05 -6.38320268e-05  1.54157382e-04 ... -1.57453387e-05
   -6.41210133e-06  3.34494479e-05]]

 [[ 1.89736733e-01  3.06093136e-01 -6.25769536e-02 ...  1.52336769e-05
    6.59049429e-06 -2.78313170e-05]
  [ 3.06093136e-01  5.07588621e-01 -1.66948604e-01 ...  4.14485080e-05
    1.73779505e-05 -7.53750706e-05]
  [-6.25769536e-02 -1.66948604e-01  3.37474372e-01 ... -1.00149330e-04
   -4.21397986e-05  1.82593800e-04]
  ...
  [ 1.52336769e-05  4.14485080e-05 -1.00149330e-04 ...  1.36959628e-05
    5.04824156e-06 -2.46114855e-05]
  [ 6.59049429e-06  1.73779505e-05 -4.21397986e-05 ...  5.04824156e-06
    2.50807706e-06 -9.95105621e-06]
  [-2.78313170e-05 -7.53750706e-05  1.82593800e-04 ... -2.46114855e-05
   -9.95105621e-06  4.76853042e-05]]]


******** <class 'pyscf.scf.addons.SmearingDFUKS'> ********
method = SmearingDFUKS
initial guess = minao
damping factor = 0.15
level_shift factor = 0.2
DIIS = <class 'pyscf.scf.diis.CDIIS'>
diis_start_cycle = 1
diis_space = 12
diis_damp = 0
SCF conv_tol = 5e-05
SCF conv_tol_grad = None
SCF max_cycles = 200
direct_scf = True
direct_scf_tol = 1e-13
chkfile to save SCF result = /tmp/tmpi40sv_c1
max_memory 4000 MB (current use 86980 MB)
number electrons alpha = 325  beta = 323
XC library pyscf.dft.libxc version 6.1.0
    S. Lehtola, C. Steigemann, M. J.T. Oliveira, and M. A.L. Marques.,  SoftwareX 7, 1–5 (2018)
XC functionals = pbe
    J. P. Perdew, K. Burke, and M. Ernzerhof.,  Phys. Rev. Lett. 77, 3865 (1996)
    J. P. Perdew, K. Burke, and M. Ernzerhof.,  Phys. Rev. Lett. 78, 1396 (1997)
    J. P. Perdew, K. Burke, and M. Ernzerhof.,  Phys. Rev. Lett. 77, 3865 (1996)
    J. P. Perdew, K. Burke, and M. Ernzerhof.,  Phys. Rev. Lett. 78, 1396 (1997)
small_rho_cutoff = 1e-06
Set gradient conv threshold to 0.00707107
    Total E(T) = -12113.4601302311  Free energy = -12113.5257651458  E0 = -12113.4929476885
init E= -12113.4601302311
    sigma = 0.005  Optimized mu_alpha = -0.197834906531  entropy = 3.47226503534e-07
    sigma = 0.005  Optimized mu_beta  = -0.200420730607  entropy = 3.47226503534e-07
    Total E(T) = -12113.4602022906  Free energy = -12113.4602022923  E0 = -12113.4602022915
cycle= 1 E= -12113.4602022906  delta_E= -7.21e-05  |g|= 0.0357  |ddm|= 31.4
    sigma = 0.005  Optimized mu_alpha = -0.197742721214  entropy = 3.47346080723e-07
    sigma = 0.005  Optimized mu_beta  = -0.200358794574  entropy = 3.47346080723e-07
    Total E(T) = -12113.4601202411  Free energy = -12113.4601202428  E0 = -12113.460120242
cycle= 2 E= -12113.4601202411  delta_E= 8.2e-05  |g|= 0.0881  |ddm|= 53.8
    sigma = 0.005  Optimized mu_alpha = -0.197699444248  entropy = 3.47346993343e-07
    sigma = 0.005  Optimized mu_beta  = -0.200292321226  entropy = 3.47346993343e-07
    Total E(T) = -12113.4602292096  Free energy = -12113.4602292114  E0 = -12113.4602292105
cycle= 3 E= -12113.4602292096  delta_E= -0.000109  |g|= 0.0281  |ddm|= 62.8
    sigma = 0.005  Optimized mu_alpha = -0.197737410946  entropy = 3.47164330991e-07
    sigma = 0.005  Optimized mu_beta  = -0.200335477834  entropy = 3.47164330991e-07
    Total E(T) = -12113.4602345634  Free energy = -12113.4602345651  E0 = -12113.4602345643
cycle= 4 E= -12113.4602345634  delta_E= -5.35e-06  |g|= 0.0157  |ddm|= 12.2
    sigma = 0.005  Optimized mu_alpha = -0.197715154688  entropy = 3.4719648286e-07
    sigma = 0.005  Optimized mu_beta  = -0.20031810218  entropy = 3.4719648286e-07
    Total E(T) = -12113.4602393982  Free energy = -12113.4602394  E0 = -12113.4602393991
cycle= 5 E= -12113.4602393982  delta_E= -4.83e-06  |g|= 0.00802  |ddm|= 6.38
    sigma = 0.005  Optimized mu_alpha = -0.197710078805  entropy = 3.47287970452e-07
    sigma = 0.005  Optimized mu_beta  = -0.200314472811  entropy = 3.47287970452e-07
    Total E(T) = -12113.4602415617  Free energy = -12113.4602415635  E0 = -12113.4602415626
cycle= 6 E= -12113.4602415617  delta_E= -2.16e-06  |g|= 0.00473  |ddm|= 4.83
    sigma = 0.005  Optimized mu_alpha = -0.297295069927  entropy = 13.0629759964
    sigma = 0.005  Optimized mu_beta  = -0.300249367937  entropy = 13.0629759964
    Total E(T) = -12113.4244603838  Free energy = -12113.4897752638  E0 = -12113.4571178238
Extra cycle  E= -12113.4244603838  delta_E= 0.0358  |g|= 0.192  |ddm|=  986
converged SCF energy = -12113.4244603838  <S^2> = 2.0213246  2S+1 = 3.0141829
[timing] right/Al ensemble SCF = 861.4s
[timing] collect state = 0.0s
[timing] checkpoint save = 0.0s
[phase1] step=2/5 L=-12260.10156871 Ef=-12260.07729231 |grad|=3.21855e-02 |db|=3.21855e-02 t=882.9s
dm0 check [[[ 1.51511142e-09  2.24391254e-08  1.89789561e-07 ... -1.14719027e-07
    7.42476491e-07  6.64943648e-08]
  [ 2.24391254e-08  3.34443992e-07  2.75066910e-06 ... -1.77767180e-06
    1.10110522e-05  1.04757955e-06]
  [ 1.89789561e-07  2.75066910e-06  2.57237476e-05 ... -1.02769946e-05
    9.27868755e-05  4.99876704e-06]
  ...
  [-1.14719027e-07 -1.77767180e-06 -1.02769946e-05 ...  2.27166708e-04
    1.81896838e-06 -1.91352285e-04]
  [ 7.42476491e-07  1.10110522e-05  9.27868755e-05 ...  1.81896838e-06
    4.79980334e-04 -1.62432356e-06]
  [ 6.64943648e-08  1.04757955e-06  4.99876704e-06 ... -1.91352285e-04
   -1.62432356e-06  6.55604999e-04]]

 [[ 2.14412007e-09  3.18475347e-08  2.65523309e-07 ... -7.48705567e-08
    1.03578174e-06  2.38437832e-08]
  [ 3.18475347e-08  4.74247460e-07  3.91396668e-06 ... -9.93113700e-07
    1.53190651e-05  2.50156053e-07]
  [ 2.65523309e-07  3.91396668e-06  3.37625059e-05 ... -1.10142815e-05
    1.30901449e-04  4.52867684e-06]
  ...
  [-7.48705567e-08 -9.93113700e-07 -1.10142815e-05 ...  2.49604219e-04
    2.27938802e-06 -2.10130234e-04]
  [ 1.03578174e-06  1.53190651e-05  1.30901449e-04 ...  2.27938802e-06
    5.52938805e-04 -2.04467203e-06]
  [ 2.38437832e-08  2.50156053e-07  4.52867684e-06 ... -2.10130234e-04
   -2.04467203e-06  7.46013382e-04]]]
converged SCF energy = -150.226693714539  <S^2> = 2.0045398  2S+1 = 3.003025
dm0 check [[[ 1.14644043e-09  1.70875533e-08  1.38757202e-07 ... -8.06195898e-08
    6.25424546e-07  4.56943851e-08]
  [ 1.70875533e-08  2.56093598e-07  2.02957957e-06 ... -1.06182913e-06
    9.18294702e-06  7.18429121e-07]
  [ 1.38757202e-07  2.02957957e-06  1.80710819e-05 ... -1.26945917e-05
    8.12960528e-05  3.19915114e-06]
  ...
  [-8.06195898e-08 -1.06182913e-06 -1.26945917e-05 ...  2.39058219e-04
   -1.61590734e-06 -1.68277561e-04]
  [ 6.25424546e-07  9.18294702e-06  8.12960528e-05 ... -1.61590734e-06
    4.44997716e-04 -4.05929866e-06]
  [ 4.56943851e-08  7.18429121e-07  3.19915114e-06 ... -1.68277561e-04
   -4.05929866e-06  5.95725214e-04]]

 [[ 2.53036790e-08  3.85050753e-07  2.83126579e-06 ... -1.48564615e-07
    1.05907478e-07  7.43836339e-08]
  [ 3.85050753e-07  5.86079318e-06  4.30459256e-05 ... -2.17962739e-06
    1.18345893e-06  1.05280689e-06]
  [ 2.83126579e-06  4.30459256e-05  3.17989580e-04 ... -1.75086853e-05
    2.68751830e-05  9.38988858e-06]
  ...
  [-1.48564615e-07 -2.17962739e-06 -1.75086853e-05 ...  2.30571795e-04
    2.09025570e-07 -1.91673883e-04]
  [ 1.05907478e-07  1.18345893e-06  2.68751830e-05 ...  2.09025570e-07
    4.63241178e-04 -3.50232729e-06]
  [ 7.43836339e-08  1.05280689e-06  9.38988858e-06 ... -1.91673883e-04
   -3.50232729e-06  6.49569815e-04]]]
converged SCF energy = -150.24498582983  <S^2> = 0.92979806  2S+1 = 2.1723702
[timing] left/O ensemble SCF = 11.8s
dm0 check [[ 3.79555515e-01  6.12221645e-01 -1.25208555e-01 ...  2.87523541e-05
   1.29647265e-05 -5.17374797e-05]
 [ 6.12221645e-01  1.01507293e+00 -3.33945443e-01 ...  7.82302734e-05
   3.41571771e-05 -1.40091362e-04]
 [-1.25208555e-01 -3.33945443e-01  6.74999065e-01 ... -1.88817808e-04
  -8.27228603e-05  3.39006286e-04]
 ...
 [ 2.87523541e-05  7.82302734e-05 -1.88817808e-04 ...  2.79782693e-05
   1.09240039e-05 -4.87707679e-05]
 [ 1.29647265e-05  3.41571771e-05 -8.27228603e-05 ...  1.09240039e-05
   5.57210982e-06 -2.07502810e-05]
 [-5.17374797e-05 -1.40091362e-04  3.39006286e-04 ... -4.87707679e-05
  -2.07502810e-05  9.19910231e-05]]


******** <class 'pyscf.scf.addons.SmearingDFRKS'> ********
method = SmearingDFRKS
initial guess = minao
damping factor = 0.15
level_shift factor = 0.2
DIIS = <class 'pyscf.scf.diis.CDIIS'>
diis_start_cycle = 1
diis_space = 12
diis_damp = 0
SCF conv_tol = 5e-05
SCF conv_tol_grad = None
SCF max_cycles = 200
direct_scf = True
direct_scf_tol = 1e-13
chkfile to save SCF result = /tmp/tmpsow2hd3o
max_memory 4000 MB (current use 87148 MB)
XC library pyscf.dft.libxc version 6.1.0
    S. Lehtola, C. Steigemann, M. J.T. Oliveira, and M. A.L. Marques.,  SoftwareX 7, 1–5 (2018)
XC functionals = pbe
    J. P. Perdew, K. Burke, and M. Ernzerhof.,  Phys. Rev. Lett. 77, 3865 (1996)
    J. P. Perdew, K. Burke, and M. Ernzerhof.,  Phys. Rev. Lett. 78, 1396 (1997)
    J. P. Perdew, K. Burke, and M. Ernzerhof.,  Phys. Rev. Lett. 77, 3865 (1996)
    J. P. Perdew, K. Burke, and M. Ernzerhof.,  Phys. Rev. Lett. 78, 1396 (1997)
small_rho_cutoff = 1e-06
Set gradient conv threshold to 0.00707107
    Total E(T) = -12113.981211455  Free energy = -12115.0174555489  E0 = -12114.499333502
init E= -12113.981211455
    sigma = 0.02  Optimized mu = -0.0535622780128  entropy = 1.54998074441
    Total E(T) = -12113.9812761824  Free energy = -12114.0122757973  E0 = -12113.9967759899
cycle= 1 E= -12113.9812761824  delta_E= -6.47e-05  |g|= 0.0161  |ddm|= 34.2
    sigma = 0.02  Optimized mu = -0.0533791203441  entropy = 1.55129792267
    Total E(T) = -12113.9812585073  Free energy = -12114.0122844658  E0 = -12113.9967714865
cycle= 2 E= -12113.9812585073  delta_E= 1.77e-05  |g|= 0.0316  |ddm|= 41.4
    sigma = 0.02  Optimized mu = -0.0536117178858  entropy = 1.55081645206
    Total E(T) = -12113.9812864285  Free energy = -12114.0123027575  E0 = -12113.996794593
cycle= 3 E= -12113.9812864285  delta_E= -2.79e-05  |g|= 0.0199  |ddm|=   33
    sigma = 0.02  Optimized mu = -0.0534725739615  entropy = 1.55130736304
    Total E(T) = -12113.9812946562  Free energy = -12114.0123208035  E0 = -12113.9968077299
cycle= 4 E= -12113.9812946562  delta_E= -8.23e-06  |g|= 0.0105  |ddm|= 28.9
    sigma = 0.02  Optimized mu = -0.0534725038066  entropy = 1.55147384157
    Total E(T) = -12113.9812995696  Free energy = -12114.0123290464  E0 = -12113.996814308
cycle= 5 E= -12113.9812995696  delta_E= -4.91e-06  |g|= 0.00526  |ddm|= 9.57
    sigma = 0.02  Optimized mu = -0.153500966296  entropy = 51.8119089181
    Total E(T) = -12113.4362798197  Free energy = -12114.4725179981  E0 = -12113.9543989089
Extra cycle  E= -12113.4362798197  delta_E= 0.545  |g|= 0.523  |ddm|= 4.57e+03
converged SCF energy = -12113.4362798197
dm0 check [[[ 1.89799836e-01  3.06170001e-01 -6.27431922e-02 ...  1.15624221e-05
    5.13538239e-06 -2.29197848e-05]
  [ 3.06170001e-01  5.07693858e-01 -1.67340211e-01 ...  3.15179061e-05
    1.34398266e-05 -6.20658204e-05]
  [-6.27431922e-02 -1.67340211e-01  3.38349309e-01 ... -7.59149450e-05
   -3.24901404e-05  1.49918232e-04]
  ...
  [ 1.15624221e-05  3.15179061e-05 -7.59149450e-05 ...  7.21235855e-06
    2.61714553e-06 -1.41390058e-05]
  [ 5.13538239e-06  1.34398266e-05 -3.24901404e-05 ...  2.61714553e-06
    1.57135313e-06 -5.97473964e-06]
  [-2.29197848e-05 -6.20658204e-05  1.49918232e-04 ... -1.41390058e-05
   -5.97473964e-06  3.10002708e-05]]

 [[ 1.89779018e-01  3.06113095e-01 -6.26142792e-02 ...  1.47054867e-05
    6.61519483e-06 -2.72640714e-05]
  [ 3.06113095e-01  5.07541784e-01 -1.67000150e-01 ...  4.00151347e-05
    1.74449334e-05 -7.38319763e-05]
  [-6.26142792e-02 -1.67000150e-01  3.37591698e-01 ... -9.66914864e-05
   -4.23229497e-05  1.78893075e-04]
  ...
  [ 1.47054867e-05  4.00151347e-05 -9.66914864e-05 ...  1.24190688e-05
    4.73940093e-06 -2.27071560e-05]
  [ 6.61519483e-06  1.74449334e-05 -4.23229497e-05 ...  4.73940093e-06
    2.46685155e-06 -9.55696701e-06]
  [-2.72640714e-05 -7.38319763e-05  1.78893075e-04 ... -2.27071560e-05
   -9.55696701e-06  4.50381524e-05]]]


******** <class 'pyscf.scf.addons.SmearingDFUKS'> ********
method = SmearingDFUKS
initial guess = minao
damping factor = 0.15
level_shift factor = 0.2
DIIS = <class 'pyscf.scf.diis.CDIIS'>
diis_start_cycle = 1
diis_space = 12
diis_damp = 0
SCF conv_tol = 5e-05
SCF conv_tol_grad = None
SCF max_cycles = 200
direct_scf = True
direct_scf_tol = 1e-13
chkfile to save SCF result = /tmp/tmpi40sv_c1
max_memory 4000 MB (current use 87148 MB)
number electrons alpha = 325  beta = 323
XC library pyscf.dft.libxc version 6.1.0
    S. Lehtola, C. Steigemann, M. J.T. Oliveira, and M. A.L. Marques.,  SoftwareX 7, 1–5 (2018)
XC functionals = pbe
    J. P. Perdew, K. Burke, and M. Ernzerhof.,  Phys. Rev. Lett. 77, 3865 (1996)
    J. P. Perdew, K. Burke, and M. Ernzerhof.,  Phys. Rev. Lett. 78, 1396 (1997)
    J. P. Perdew, K. Burke, and M. Ernzerhof.,  Phys. Rev. Lett. 77, 3865 (1996)
    J. P. Perdew, K. Burke, and M. Ernzerhof.,  Phys. Rev. Lett. 78, 1396 (1997)
small_rho_cutoff = 1e-06
Set gradient conv threshold to 0.00707107
    Total E(T) = -12113.5372286424  Free energy = -12113.6025435224  E0 = -12113.5698860824
init E= -12113.5372286424
    sigma = 0.005  Optimized mu_alpha = -0.197750250323  entropy = 3.46130559684e-07
    sigma = 0.005  Optimized mu_beta  = -0.200335418234  entropy = 3.46130559684e-07
    Total E(T) = -12113.5372783367  Free energy = -12113.5372783384  E0 = -12113.5372783376
cycle= 1 E= -12113.5372783367  delta_E= -4.97e-05  |g|= 0.0242  |ddm|=   21
    sigma = 0.005  Optimized mu_alpha = -0.19758316518  entropy = 3.47285542237e-07
    sigma = 0.005  Optimized mu_beta  = -0.200156522727  entropy = 3.47285542237e-07
    Total E(T) = -12113.5372460855  Free energy = -12113.5372460873  E0 = -12113.5372460864
cycle= 2 E= -12113.5372460855  delta_E= 3.23e-05  |g|= 0.0538  |ddm|= 45.1
    sigma = 0.005  Optimized mu_alpha = -0.197731158489  entropy = 3.45784329431e-07
    sigma = 0.005  Optimized mu_beta  = -0.200324228385  entropy = 3.45784329431e-07
    Total E(T) = -12113.5373000539  Free energy = -12113.5373000557  E0 = -12113.5373000548
cycle= 3 E= -12113.5373000539  delta_E= -5.4e-05  |g|= 0.0176  |ddm|= 34.4
    sigma = 0.005  Optimized mu_alpha = -0.197629646931  entropy = 3.46227919189e-07
    sigma = 0.005  Optimized mu_beta  = -0.200218046323  entropy = 3.46227919189e-07
    Total E(T) = -12113.5373051973  Free energy = -12113.537305199  E0 = -12113.5373051982
cycle= 4 E= -12113.5373051973  delta_E= -5.14e-06  |g|= 0.00936  |ddm|= 19.4
    sigma = 0.005  Optimized mu_alpha = -0.197653343041  entropy = 3.46391419662e-07
    sigma = 0.005  Optimized mu_beta  = -0.200239654684  entropy = 3.46391419662e-07
    Total E(T) = -12113.5373087582  Free energy = -12113.53730876  E0 = -12113.5373087591
cycle= 5 E= -12113.5373087582  delta_E= -3.56e-06  |g|= 0.00485  |ddm|= 5.87
    sigma = 0.005  Optimized mu_alpha = -0.297183099208  entropy = 13.0140263306
    sigma = 0.005  Optimized mu_beta  = -0.300113272208  entropy = 13.0140263306
    Total E(T) = -12113.5014665671  Free energy = -12113.5665366988  E0 = -12113.534001633
Extra cycle  E= -12113.5014665671  delta_E= 0.0358  |g|= 0.207  |ddm|=  967
converged SCF energy = -12113.5014665671  <S^2> = 2.0205946  2S+1 = 3.0136984
[timing] right/Al ensemble SCF = 774.6s
[timing] collect state = 0.0s
[timing] checkpoint save = 0.0s
[phase1] step=3/5 L=-12260.33326402 Ef=-12260.31477971 |grad|=2.89841e-02 |db|=2.89841e-02 t=791.6s
dm0 check [[[ 1.51511507e-09  2.24391764e-08  1.89790082e-07 ... -1.14718990e-07
    7.42477045e-07  6.64943306e-08]
  [ 2.24391764e-08  3.34444763e-07  2.75067587e-06 ... -1.77767125e-06
    1.10110602e-05  1.04757907e-06]
  [ 1.89790082e-07  2.75067587e-06  2.57238102e-05 ... -1.02769953e-05
    9.27869282e-05  4.99876750e-06]
  ...
  [-1.14718990e-07 -1.77767125e-06 -1.02769953e-05 ...  2.27166703e-04
    1.81897159e-06 -1.91352281e-04]
  [ 7.42477045e-07  1.10110602e-05  9.27869282e-05 ...  1.81897159e-06
    4.79980205e-04 -1.62432622e-06]
  [ 6.64943306e-08  1.04757907e-06  4.99876750e-06 ... -1.91352281e-04
   -1.62432622e-06  6.55604862e-04]]

 [[ 2.14412506e-09  3.18476057e-08  2.65523940e-07 ... -7.48707043e-08
    1.03578288e-06  2.38439018e-08]
  [ 3.18476057e-08  4.74248514e-07  3.91397520e-06 ... -9.93113263e-07
    1.53190814e-05  2.50155752e-07]
  [ 2.65523940e-07  3.91397520e-06  3.37625800e-05 ... -1.10142938e-05
    1.30901577e-04  4.52868661e-06]
  ...
  [-7.48707043e-08 -9.93113263e-07 -1.10142938e-05 ...  2.49604179e-04
    2.27939104e-06 -2.10130198e-04]
  [ 1.03578288e-06  1.53190814e-05  1.30901577e-04 ...  2.27939104e-06
    5.52938810e-04 -2.04467526e-06]
  [ 2.38439018e-08  2.50155752e-07  4.52868661e-06 ... -2.10130198e-04
   -2.04467526e-06  7.46013355e-04]]]
converged SCF energy = -150.226693714539  <S^2> = 2.0045398  2S+1 = 3.003025
dm0 check [[[ 1.14640389e-09  1.70870133e-08  1.38753939e-07 ... -8.06188010e-08
    6.25415508e-07  4.56897409e-08]
  [ 1.70870133e-08  2.56085856e-07  2.02952809e-06 ... -1.06182303e-06
    9.18280262e-06  7.18371405e-07]
  [ 1.38753939e-07  2.02952809e-06  1.80707535e-05 ... -1.26946238e-05
    8.12949622e-05  3.19865437e-06]
  ...
  [-8.06188010e-08 -1.06182303e-06 -1.26946238e-05 ...  2.39058491e-04
   -1.61625120e-06 -1.68274807e-04]
  [ 6.25415508e-07  9.18280262e-06  8.12949622e-05 ... -1.61625120e-06
    4.44994840e-04 -4.05993503e-06]
  [ 4.56897409e-08  7.18371405e-07  3.19865437e-06 ... -1.68274807e-04
   -4.05993503e-06  5.95722512e-04]]

 [[ 2.53036577e-08  3.85049032e-07  2.83126422e-06 ... -1.48564942e-07
    1.05891592e-07  7.43764913e-08]
  [ 3.85049032e-07  5.86074589e-06  4.30457436e-05 ... -2.17965303e-06
    1.18317950e-06  1.05272041e-06]
  [ 2.83126422e-06  4.30457436e-05  3.17989433e-04 ... -1.75089510e-05
    2.68727894e-05  9.38929286e-06]
  ...
  [-1.48564942e-07 -2.17965303e-06 -1.75089510e-05 ...  2.30571546e-04
    2.08965287e-07 -1.91670976e-04]
  [ 1.05891592e-07  1.18317950e-06  2.68727894e-05 ...  2.08965287e-07
    4.63237986e-04 -3.50230113e-06]
  [ 7.43764913e-08  1.05272041e-06  9.38929286e-06 ... -1.91670976e-04
   -3.50230113e-06  6.49568405e-04]]]
converged SCF energy = -150.244985829835  <S^2> = 0.92979734  2S+1 = 2.1723695
[timing] left/O ensemble SCF = 14.0s
dm0 check [[ 3.79501728e-01  6.12195415e-01 -1.25157138e-01 ...  2.80658603e-05
   1.30351578e-05 -5.11145885e-05]
 [ 6.12195415e-01  1.01513105e+00 -3.33875251e-01 ...  7.63906082e-05
   3.43465603e-05 -1.38428359e-04]
 [-1.25157138e-01 -3.33875251e-01  6.74837526e-01 ... -1.84340908e-04
  -8.31525393e-05  3.34926795e-04]
 ...
 [ 2.80658603e-05  7.63906082e-05 -1.84340908e-04 ...  2.54033892e-05
   1.01882818e-05 -4.50454742e-05]
 [ 1.30351578e-05  3.43465603e-05 -8.31525393e-05 ...  1.01882818e-05
   5.41150189e-06 -1.97836711e-05]
 [-5.11145885e-05 -1.38428359e-04  3.34926795e-04 ... -4.50454742e-05
  -1.97836711e-05  8.69215680e-05]]


******** <class 'pyscf.scf.addons.SmearingDFRKS'> ********
method = SmearingDFRKS
initial guess = minao
damping factor = 0.15
level_shift factor = 0.2
DIIS = <class 'pyscf.scf.diis.CDIIS'>
diis_start_cycle = 1
diis_space = 12
diis_damp = 0
SCF conv_tol = 5e-05
SCF conv_tol_grad = None
SCF max_cycles = 200
direct_scf = True
direct_scf_tol = 1e-13
chkfile to save SCF result = /tmp/tmpsow2hd3o
max_memory 4000 MB (current use 87204 MB)
XC library pyscf.dft.libxc version 6.1.0
    S. Lehtola, C. Steigemann, M. J.T. Oliveira, and M. A.L. Marques.,  SoftwareX 7, 1–5 (2018)
XC functionals = pbe
    J. P. Perdew, K. Burke, and M. Ernzerhof.,  Phys. Rev. Lett. 77, 3865 (1996)
    J. P. Perdew, K. Burke, and M. Ernzerhof.,  Phys. Rev. Lett. 78, 1396 (1997)
    J. P. Perdew, K. Burke, and M. Ernzerhof.,  Phys. Rev. Lett. 77, 3865 (1996)
    J. P. Perdew, K. Burke, and M. Ernzerhof.,  Phys. Rev. Lett. 78, 1396 (1997)
small_rho_cutoff = 1e-06
Set gradient conv threshold to 0.00707107
    Total E(T) = -12114.0367496456  Free energy = -12115.0729878239  E0 = -12114.5548687347
init E= -12114.0367496456
    sigma = 0.02  Optimized mu = -0.0533719186665  entropy = 1.54832592584
    Total E(T) = -12114.0367805945  Free energy = -12114.067747113  E0 = -12114.0522638537
cycle= 1 E= -12114.0367805945  delta_E= -3.09e-05  |g|= 0.0263  |ddm|= 45.2
    sigma = 0.02  Optimized mu = -0.0536621249257  entropy = 1.54924527161
    Total E(T) = -12114.0366153501  Free energy = -12114.0676002555  E0 = -12114.0521078028
cycle= 2 E= -12114.0366153501  delta_E= 0.000165  |g|= 0.0785  |ddm|= 88.7
    sigma = 0.02  Optimized mu = -0.0533125058218  entropy = 1.54922258871
    Total E(T) = -12114.0367835257  Free energy = -12114.0677679775  E0 = -12114.0522757516
cycle= 3 E= -12114.0367835257  delta_E= -0.000168  |g|= 0.0204  |ddm|=   64
    sigma = 0.02  Optimized mu = -0.0533508998796  entropy = 1.54915456661
    Total E(T) = -12114.036811767  Free energy = -12114.0677948583  E0 = -12114.0523033126
cycle= 4 E= -12114.036811767  delta_E= -2.82e-05  |g|= 0.00997  |ddm|= 24.2
    sigma = 0.02  Optimized mu = -0.0533630206054  entropy = 1.54942062462
    Total E(T) = -12114.0368178069  Free energy = -12114.0678062194  E0 = -12114.0523120131
cycle= 5 E= -12114.0368178069  delta_E= -6.04e-06  |g|= 0.00386  |ddm|= 11.1
    sigma = 0.02  Optimized mu = -0.153413485113  entropy = 51.8013644874
    Total E(T) = -12113.492661917  Free energy = -12114.5286892067  E0 = -12114.0106755618
Extra cycle  E= -12113.492661917  delta_E= 0.544  |g|= 0.523  |ddm|= 4.55e+03
converged SCF energy = -12113.492661917
dm0 check [[[ 1.89772956e-01  3.06156923e-01 -6.27175769e-02 ...  1.11689179e-05
    5.11439946e-06 -2.24903498e-05]
  [ 3.06156923e-01  5.07723031e-01 -1.67305410e-01 ...  3.04621854e-05
    1.33826552e-05 -6.09157559e-05]
  [-6.27175769e-02 -1.67305410e-01  3.38269248e-01 ... -7.33558964e-05
   -3.23399790e-05  1.47116482e-04]
  ...
  [ 1.11689179e-05  3.04621854e-05 -7.33558964e-05 ...  6.47559337e-06
    2.40197986e-06 -1.29512747e-05]
  [ 5.11439946e-06  1.33826552e-05 -3.23399790e-05 ...  2.40197986e-06
    1.51895175e-06 -5.65503051e-06]
  [-2.24903498e-05 -6.09157559e-05  1.47116482e-04 ... -1.29512747e-05
   -5.65503051e-06  2.92329249e-05]]

 [[ 1.89752060e-01  3.06099816e-01 -6.25882009e-02 ...  1.42211929e-05
    6.62648754e-06 -2.67819881e-05]
  [ 3.06099816e-01  5.07570415e-01 -1.66964068e-01 ...  3.87146312e-05
    1.74752283e-05 -7.25403166e-05]
  [-6.25882009e-02 -1.66964068e-01  3.37508611e-01 ... -9.35286612e-05
   -4.23827096e-05  1.75735787e-04]
  ...
  [ 1.42211929e-05  3.87146312e-05 -9.35286612e-05 ...  1.11321108e-05
    4.37428743e-06 -2.07741183e-05]
  [ 6.62648754e-06  1.74752283e-05 -4.23827096e-05 ...  4.37428743e-06
    2.38799172e-06 -9.06635035e-06]
  [-2.67819881e-05 -7.25403166e-05  1.75735787e-04 ... -2.07741183e-05
   -9.06635035e-06  4.23391448e-05]]]


******** <class 'pyscf.scf.addons.SmearingDFUKS'> ********
method = SmearingDFUKS
initial guess = minao
damping factor = 0.15
level_shift factor = 0.2
DIIS = <class 'pyscf.scf.diis.CDIIS'>
diis_start_cycle = 1
diis_space = 12
diis_damp = 0
SCF conv_tol = 5e-05
SCF conv_tol_grad = None
SCF max_cycles = 200
direct_scf = True
direct_scf_tol = 1e-13
chkfile to save SCF result = /tmp/tmpi40sv_c1
max_memory 4000 MB (current use 87204 MB)
number electrons alpha = 325  beta = 323
XC library pyscf.dft.libxc version 6.1.0
    S. Lehtola, C. Steigemann, M. J.T. Oliveira, and M. A.L. Marques.,  SoftwareX 7, 1–5 (2018)
XC functionals = pbe
    J. P. Perdew, K. Burke, and M. Ernzerhof.,  Phys. Rev. Lett. 77, 3865 (1996)
    J. P. Perdew, K. Burke, and M. Ernzerhof.,  Phys. Rev. Lett. 78, 1396 (1997)
    J. P. Perdew, K. Burke, and M. Ernzerhof.,  Phys. Rev. Lett. 77, 3865 (1996)
    J. P. Perdew, K. Burke, and M. Ernzerhof.,  Phys. Rev. Lett. 78, 1396 (1997)
small_rho_cutoff = 1e-06
Set gradient conv threshold to 0.00707107
    Total E(T) = -12113.5928829062  Free energy = -12113.6579530379  E0 = -12113.625417972
init E= -12113.5928829062
    sigma = 0.005  Optimized mu_alpha = -0.197651255573  entropy = 3.46317557719e-07
    sigma = 0.005  Optimized mu_beta  = -0.200216344214  entropy = 3.46317557719e-07
    Total E(T) = -12113.5929164041  Free energy = -12113.5929164058  E0 = -12113.592916405
cycle= 1 E= -12113.5929164041  delta_E= -3.35e-05  |g|= 0.0236  |ddm|= 25.2
    sigma = 0.005  Optimized mu_alpha = -0.197725330238  entropy = 3.45304290654e-07
    sigma = 0.005  Optimized mu_beta  = -0.200308504253  entropy = 3.45304290654e-07
    Total E(T) = -12113.5928707946  Free energy = -12113.5928707963  E0 = -12113.5928707955
cycle= 2 E= -12113.5928707946  delta_E= 4.56e-05  |g|= 0.062  |ddm|= 42.3
    sigma = 0.005  Optimized mu_alpha = -0.1975282735  entropy = 3.46145356638e-07
    sigma = 0.005  Optimized mu_beta  = -0.200098167905  entropy = 3.46145356638e-07
    Total E(T) = -12113.5929392743  Free energy = -12113.592939276  E0 = -12113.5929392752
cycle= 3 E= -12113.5929392743  delta_E= -6.85e-05  |g|= 0.0068  |ddm|= 40.4
    sigma = 0.005  Optimized mu_alpha = -0.197601188116  entropy = 3.45900601399e-07
    sigma = 0.005  Optimized mu_beta  = -0.200171138579  entropy = 3.45900601399e-07
    Total E(T) = -12113.5929434682  Free energy = -12113.5929434699  E0 = -12113.5929434691
cycle= 4 E= -12113.5929434682  delta_E= -4.19e-06  |g|= 0.00849  |ddm|= 11.1
    sigma = 0.005  Optimized mu_alpha = -0.197581481239  entropy = 3.45907863159e-07
    sigma = 0.005  Optimized mu_beta  = -0.200153830761  entropy = 3.45907863159e-07
    Total E(T) = -12113.5929470084  Free energy = -12113.5929470101  E0 = -12113.5929470092
cycle= 5 E= -12113.5929470084  delta_E= -3.54e-06  |g|= 0.00294  |ddm|= 6.08
    sigma = 0.005  Optimized mu_alpha = -0.297148061064  entropy = 12.9749766562
    sigma = 0.005  Optimized mu_beta  = -0.300065089142  entropy = 12.9749766562
    Total E(T) = -12113.5575047593  Free energy = -12113.6223796425  E0 = -12113.5899422009
Extra cycle  E= -12113.5575047593  delta_E= 0.0354  |g|= 0.195  |ddm|=  961
converged SCF energy = -12113.5575047593  <S^2> = 2.0193996  2S+1 = 3.0129053
[timing] right/Al ensemble SCF = 789.8s
[timing] collect state = 0.0s
[timing] checkpoint save = 0.0s
[phase1] step=4/5 L=-12260.54169941 Ef=-12260.52799962 |grad|=2.62829e-02 |db|=2.62829e-02 t=809.1s
dm0 check [[[ 1.51511345e-09  2.24391537e-08  1.89789845e-07 ... -1.14719041e-07
    7.42476856e-07  6.64943793e-08]
  [ 2.24391537e-08  3.34444425e-07  2.75067274e-06 ... -1.77767171e-06
    1.10110573e-05  1.04757954e-06]
  [ 1.89789845e-07  2.75067274e-06  2.57237806e-05 ... -1.02769975e-05
    9.27869110e-05  4.99876992e-06]
  ...
  [-1.14719041e-07 -1.77767171e-06 -1.02769975e-05 ...  2.27166714e-04
    1.81897069e-06 -1.91352291e-04]
  [ 7.42476856e-07  1.10110573e-05  9.27869110e-05 ...  1.81897069e-06
    4.79980266e-04 -1.62432538e-06]
  [ 6.64943793e-08  1.04757954e-06  4.99876992e-06 ... -1.91352291e-04
   -1.62432538e-06  6.55604932e-04]]

 [[ 2.14412288e-09  3.18475751e-08  2.65523668e-07 ... -7.48706513e-08
    1.03578247e-06  2.38438681e-08]
  [ 3.18475751e-08  4.74248065e-07  3.91397161e-06 ... -9.93113945e-07
    1.53190755e-05  2.50156401e-07]
  [ 2.65523668e-07  3.91397161e-06  3.37625491e-05 ... -1.10142914e-05
    1.30901535e-04  4.52868544e-06]
  ...
  [-7.48706513e-08 -9.93113945e-07 -1.10142914e-05 ...  2.49604200e-04
    2.27939015e-06 -2.10130218e-04]
  [ 1.03578247e-06  1.53190755e-05  1.30901535e-04 ...  2.27939015e-06
    5.52938890e-04 -2.04467291e-06]
  [ 2.38438681e-08  2.50156401e-07  4.52868544e-06 ... -2.10130218e-04
   -2.04467291e-06  7.46013452e-04]]]
converged SCF energy = -150.22669371454  <S^2> = 2.0045398  2S+1 = 3.003025
dm0 check [[[ 1.14641745e-09  1.70871841e-08  1.38754813e-07 ... -8.06196941e-08
    6.25417120e-07  4.56926965e-08]
  [ 1.70871841e-08  2.56087717e-07  2.02954043e-06 ... -1.06182579e-06
    9.18282741e-06  7.18406974e-07]
  [ 1.38754813e-07  2.02954043e-06  1.80708466e-05 ... -1.26946806e-05
    8.12951703e-05  3.19891372e-06]
  ...
  [-8.06196941e-08 -1.06182579e-06 -1.26946806e-05 ...  2.39058742e-04
   -1.61627707e-06 -1.68275179e-04]
  [ 6.25417120e-07  9.18282741e-06  8.12951703e-05 ... -1.61627707e-06
    4.44995293e-04 -4.05994829e-06]
  [ 4.56926965e-08  7.18406974e-07  3.19891372e-06 ... -1.68275179e-04
   -4.05994829e-06  5.95722691e-04]]

 [[ 2.53030872e-08  3.85041148e-07  2.83121281e-06 ... -1.48564709e-07
    1.05890540e-07  7.43821277e-08]
  [ 3.85041148e-07  5.86063793e-06  4.30450523e-05 ... -2.17963110e-06
    1.18320858e-06  1.05278733e-06]
  [ 2.83121281e-06  4.30450523e-05  3.17985100e-04 ... -1.75088049e-05
    2.68728932e-05  9.38978177e-06]
  ...
  [-1.48564709e-07 -2.17963110e-06 -1.75088049e-05 ...  2.30571482e-04
    2.08982238e-07 -1.91671362e-04]
  [ 1.05890540e-07  1.18320858e-06  2.68728932e-05 ...  2.08982238e-07
    4.63238233e-04 -3.50223686e-06]
  [ 7.43821277e-08  1.05278733e-06  9.38978177e-06 ... -1.91671362e-04
   -3.50223686e-06  6.49568189e-04]]]
converged SCF energy = -150.244985829831  <S^2> = 0.92979752  2S+1 = 2.1723697
[timing] left/O ensemble SCF = 11.1s
dm0 check [[ 3.79545295e-01  6.12216504e-01 -1.25197698e-01 ...  2.75166496e-05
   1.31040821e-05 -5.06636290e-05]
 [ 6.12216504e-01  1.01508496e+00 -3.33934812e-01 ...  7.49014611e-05
   3.45327608e-05 -1.37199937e-04]
 [-1.25197698e-01 -3.33934812e-01  6.74976793e-01 ... -1.80748463e-04
  -8.36239324e-05  3.31987330e-04]
 ...
 [ 2.75166496e-05  7.49014611e-05 -1.80748463e-04 ...  2.31913726e-05
   9.52060241e-06 -4.18329484e-05]
 [ 1.31040821e-05  3.45327608e-05 -8.36239324e-05 ...  9.52060241e-06
   5.25282159e-06 -1.89029611e-05]
 [-5.06636290e-05 -1.37199937e-04  3.31987330e-04 ... -4.18329484e-05
  -1.89029611e-05  8.25779741e-05]]


******** <class 'pyscf.scf.addons.SmearingDFRKS'> ********
method = SmearingDFRKS
initial guess = minao
damping factor = 0.15
level_shift factor = 0.2
DIIS = <class 'pyscf.scf.diis.CDIIS'>
diis_start_cycle = 1
diis_space = 12
diis_damp = 0
SCF conv_tol = 5e-05
SCF conv_tol_grad = None
SCF max_cycles = 200
direct_scf = True
direct_scf_tol = 1e-13
chkfile to save SCF result = /tmp/tmpsow2hd3o
max_memory 4000 MB (current use 87148 MB)
XC library pyscf.dft.libxc version 6.1.0
    S. Lehtola, C. Steigemann, M. J.T. Oliveira, and M. A.L. Marques.,  SoftwareX 7, 1–5 (2018)
XC functionals = pbe
    J. P. Perdew, K. Burke, and M. Ernzerhof.,  Phys. Rev. Lett. 77, 3865 (1996)
    J. P. Perdew, K. Burke, and M. Ernzerhof.,  Phys. Rev. Lett. 78, 1396 (1997)
    J. P. Perdew, K. Burke, and M. Ernzerhof.,  Phys. Rev. Lett. 77, 3865 (1996)
    J. P. Perdew, K. Burke, and M. Ernzerhof.,  Phys. Rev. Lett. 78, 1396 (1997)
small_rho_cutoff = 1e-06
Set gradient conv threshold to 0.00707107
    Total E(T) = -12114.0985613428  Free energy = -12115.1345886326  E0 = -12114.6165749877
init E= -12114.0985613428
    sigma = 0.02  Optimized mu = -0.0532839562236  entropy = 1.54677596214
    Total E(T) = -12114.0985892799  Free energy = -12114.1295247992  E0 = -12114.1140570396
cycle= 1 E= -12114.0985892799  delta_E= -2.79e-05  |g|= 0.0161  |ddm|= 53.6
    sigma = 0.02  Optimized mu = -0.0535290231067  entropy = 1.54713628305
    Total E(T) = -12114.0984993703  Free energy = -12114.129442096  E0 = -12114.1139707331
cycle= 2 E= -12114.0984993703  delta_E= 8.99e-05  |g|= 0.0547  |ddm|=   91
    sigma = 0.02  Optimized mu = -0.0532669535076  entropy = 1.5473150815
    Total E(T) = -12114.0985908983  Free energy = -12114.1295371999  E0 = -12114.1140640491
cycle= 3 E= -12114.0985908983  delta_E= -9.15e-05  |g|= 0.0153  |ddm|= 48.8
    sigma = 0.02  Optimized mu = -0.0532550265803  entropy = 1.54755916015
    Total E(T) = -12114.0986064131  Free energy = -12114.1295575963  E0 = -12114.1140820047
cycle= 4 E= -12114.0986064131  delta_E= -1.55e-05  |g|= 0.0126  |ddm|= 33.2
    sigma = 0.02  Optimized mu = -0.0532805885656  entropy = 1.54756603954
    Total E(T) = -12114.0986134256  Free energy = -12114.1295647464  E0 = -12114.114089086
cycle= 5 E= -12114.0986134256  delta_E= -7.01e-06  |g|= 0.0049  |ddm|= 9.97
    sigma = 0.02  Optimized mu = -0.153321867184  entropy = 51.7915241983
    Total E(T) = -12113.5561018361  Free energy = -12114.5919323201  E0 = -12114.0740170781
Extra cycle  E= -12113.5561018361  delta_E= 0.543  |g|= 0.498  |ddm|= 4.52e+03
converged SCF energy = -12113.5561018361
dm0 check [[[ 1.89794745e-01  3.06167488e-01 -6.27378603e-02 ...  1.08498932e-05
    5.10394241e-06 -2.21627619e-05]
  [ 3.06167488e-01  5.07700042e-01 -1.67335198e-01 ...  2.95987241e-05
    1.33549356e-05 -6.00271176e-05]
  [-6.27378603e-02 -1.67335198e-01  3.38338812e-01 ... -7.12737232e-05
   -3.22827783e-05  1.44984203e-04]
  ...
  [ 1.08498932e-05  2.95987241e-05 -7.12737232e-05 ...  5.89601876e-06
    2.23139131e-06 -1.20185277e-05]
  [ 5.10394241e-06  1.33549356e-05 -3.22827783e-05 ...  2.23139131e-06
    1.48044792e-06 -5.41008997e-06]
  [-2.21627619e-05 -6.00271176e-05  1.44984203e-04 ... -1.20185277e-05
   -5.41008997e-06  2.78894354e-05]]

 [[ 1.89773853e-01  3.06110407e-01 -6.26085249e-02 ...  1.37295815e-05
    6.59854433e-06 -2.62888815e-05]
  [ 3.06110407e-01  5.07547522e-01 -1.66993995e-01 ...  3.73844230e-05
    1.74000510e-05 -7.12037144e-05]
  [-6.26085249e-02 -1.66993995e-01  3.37578327e-01 ... -9.03117072e-05
   -4.22115019e-05  1.72514667e-04]
  ...
  [ 1.37295815e-05  3.73844230e-05 -9.03117072e-05 ...  9.86222262e-06
    3.97191636e-06 -1.88336066e-05]
  [ 6.59854433e-06  1.74000510e-05 -4.22115019e-05 ...  3.97191636e-06
    2.27993930e-06 -8.50109271e-06]
  [-2.62888815e-05 -7.12037144e-05  1.72514667e-04 ... -1.88336066e-05
   -8.50109271e-06  3.95847669e-05]]]


******** <class 'pyscf.scf.addons.SmearingDFUKS'> ********
method = SmearingDFUKS
initial guess = minao
damping factor = 0.15
level_shift factor = 0.2
DIIS = <class 'pyscf.scf.diis.CDIIS'>
diis_start_cycle = 1
diis_space = 12
diis_damp = 0
SCF conv_tol = 5e-05
SCF conv_tol_grad = None
SCF max_cycles = 200
direct_scf = True
direct_scf_tol = 1e-13
chkfile to save SCF result = /tmp/tmpi40sv_c1
max_memory 4000 MB (current use 87148 MB)
number electrons alpha = 325  beta = 323
XC library pyscf.dft.libxc version 6.1.0
    S. Lehtola, C. Steigemann, M. J.T. Oliveira, and M. A.L. Marques.,  SoftwareX 7, 1–5 (2018)
XC functionals = pbe
    J. P. Perdew, K. Burke, and M. Ernzerhof.,  Phys. Rev. Lett. 77, 3865 (1996)
    J. P. Perdew, K. Burke, and M. Ernzerhof.,  Phys. Rev. Lett. 78, 1396 (1997)
    J. P. Perdew, K. Burke, and M. Ernzerhof.,  Phys. Rev. Lett. 77, 3865 (1996)
    J. P. Perdew, K. Burke, and M. Ernzerhof.,  Phys. Rev. Lett. 78, 1396 (1997)
small_rho_cutoff = 1e-06
Set gradient conv threshold to 0.00707107
    Total E(T) = -12113.6547922626  Free energy = -12113.7196671459  E0 = -12113.6872297043
init E= -12113.6547922626
    sigma = 0.005  Optimized mu_alpha = -0.197610537487  entropy = 3.45681566548e-07
    sigma = 0.005  Optimized mu_beta  = -0.200172747209  entropy = 3.45681566548e-07
    Total E(T) = -12113.6548206527  Free energy = -12113.6548206544  E0 = -12113.6548206536
cycle= 1 E= -12113.6548206527  delta_E= -2.84e-05  |g|= 0.00941  |ddm|=   20
    sigma = 0.005  Optimized mu_alpha = -0.19756109632  entropy = 3.45506061332e-07
    sigma = 0.005  Optimized mu_beta  = -0.200123399314  entropy = 3.45506061332e-07
    Total E(T) = -12113.6548274055  Free energy = -12113.6548274072  E0 = -12113.6548274064
cycle= 2 E= -12113.6548274055  delta_E= -6.75e-06  |g|= 0.0129  |ddm|= 17.3
    sigma = 0.005  Optimized mu_alpha = -0.197550013435  entropy = 3.45605210311e-07
    sigma = 0.005  Optimized mu_beta  = -0.20011056588  entropy = 3.45605210311e-07
    Total E(T) = -12113.6548343899  Free energy = -12113.6548343916  E0 = -12113.6548343908
cycle= 3 E= -12113.6548343899  delta_E= -6.98e-06  |g|= 0.013  |ddm|= 24.7
    sigma = 0.005  Optimized mu_alpha = -0.197544635505  entropy = 3.45487451445e-07
    sigma = 0.005  Optimized mu_beta  = -0.200108140655  entropy = 3.45487451445e-07
    Total E(T) = -12113.6548397251  Free energy = -12113.6548397268  E0 = -12113.6548397259
cycle= 4 E= -12113.6548397251  delta_E= -5.34e-06  |g|= 0.00443  |ddm|= 7.49
    sigma = 0.005  Optimized mu_alpha = -0.297122580836  entropy = 12.9478667473
    sigma = 0.005  Optimized mu_beta  = -0.300028994653  entropy = 12.9478667473
    Total E(T) = -12113.6197353141  Free energy = -12113.6844746479  E0 = -12113.652104981
Extra cycle  E= -12113.6197353141  delta_E= 0.0351  |g|= 0.174  |ddm|=  956
converged SCF energy = -12113.6197353141  <S^2> = 2.0182512  2S+1 = 3.0121429
[timing] right/Al ensemble SCF = 680.8s
[timing] collect state = 0.0s
[timing] checkpoint save = 0.0s
[phase1] step=5/5 L=-12260.73163643 Ef=-12260.72203153 |grad|=2.40197e-02 |db|=2.40197e-02 t=698.6s
[phase1] finished, |b| = 2.32991e+00 t=4653.6s
starting phase 2: L-BFGS-B optimization
=== Python finished ===
All done.
