pyscf max mem 1061651
SLURM_CPUS_PER_TASK = 64
OMP_NUM_THREADS = 64
MKL_NUM_THREADS = 64
OPENBLAS_NUM_THREADS = 64
PySCF lib.num_threads() = 64
left ensemble electron number ([9, 9], [7, 8])
right ensemble electron number ([325, 325], [325, 323])
[setup] build_system t=1.4s
building grid (level 3)...
[setup] grid t=4.5s
computing S3 tensors (DF)...
S3 shapes: left=(116, 116, 1336) right=(1528, 1528, 1336) ref=(1544, 1544, 1336) t=772.2s
[warm-start] loaded pdft_optimizer_trust_ridge1e34.pkl
[warm-start] b0 priority source = pdft_optimizer_trust_ridge1e34.pkl (fallback: pdft_optimizer_trust_ridge1e35.pkl)
[warm-start] rdft1.D ← pickle dm_ig1
[warm-start] rdft2.D ← pickle dm_ig2
[init] b0 from pdft_optimizer_trust_ridge1e34.pkl, npbs=1336
[warm-start] Lagrangian x0 ready, |b0| = 4.75518e-01
[setup] warm-start t=0.1s
[main] skipping phase1; starting phase2 directly from b0
starting phase 2: L-BFGS-B optimization
starting phase 2: bounded L-BFGS-B outer loop
[phase2 outer 1] start |b|=4.755179e-01 max|b|=7.359513e-02 delta=2.736e-03
[EVAL step=1] |b|=4.755179e-01 max|b|=7.359513e-02
[timing] build AO Vp from S3 = 1.6s
[diagnostic] |vpl|=4.965664e-01 max|vpl|=7.239125e-02
[diagnostic] |vpr|=6.401458e-01 max|vpr|=5.677654e-02
[diagnostic] |vpref|=7.371878e-01 max|vpref|=7.235382e-02
dm0 check None
converged SCF energy = -150.226693714538  <S^2> = 2.0045399  2S+1 = 3.003025
dm0 check None
converged SCF energy = -150.244985829666  <S^2> = 0.9297856  2S+1 = 2.1723587
[timing] left/O ensemble SCF = 239.1s
dm0 check [[ 3.79535274e-01  6.12226507e-01 -1.25220850e-01 ...  1.55230780e-06
  -2.26715088e-07 -4.27925951e-06]
 [ 6.12226507e-01  1.01515557e+00 -3.34031593e-01 ...  4.89183038e-06
  -1.40945465e-06 -1.21199271e-05]
 [-1.25220850e-01 -3.34031593e-01  6.75213563e-01 ... -1.12891007e-05
   3.29594397e-06  2.92477228e-05]
 ...
 [ 1.55230780e-06  4.89183038e-06 -1.12891007e-05 ...  7.95981895e-07
  -2.72397539e-07  1.32027848e-07]
 [-2.26715088e-07 -1.40945465e-06  3.29594397e-06 ... -2.72397539e-07
   5.96342468e-07  1.26884789e-08]
 [-4.27925951e-06 -1.21199271e-05  2.92477228e-05 ...  1.32027848e-07
   1.26884789e-08  6.33282038e-07]]


******** <class 'pyscf.scf.addons.SmearingDFRKS'> ********
method = SmearingDFRKS
initial guess = minao
damping factor = 0.15
level_shift factor = 0.2
DIIS = <class 'pyscf.scf.diis.CDIIS'>
diis_start_cycle = 1
diis_space = 12
diis_damp = 0
SCF conv_tol = 5e-05
SCF conv_tol_grad = None
SCF max_cycles = 200
direct_scf = True
direct_scf_tol = 1e-13
chkfile to save SCF result = /tmp/tmpdyswdckm
max_memory 4000 MB (current use 85885 MB)
XC library pyscf.dft.libxc version 6.1.0
    S. Lehtola, C. Steigemann, M. J.T. Oliveira, and M. A.L. Marques.,  SoftwareX 7, 1–5 (2018)
XC functionals = pbe
    J. P. Perdew, K. Burke, and M. Ernzerhof.,  Phys. Rev. Lett. 77, 3865 (1996)
    J. P. Perdew, K. Burke, and M. Ernzerhof.,  Phys. Rev. Lett. 78, 1396 (1997)
    J. P. Perdew, K. Burke, and M. Ernzerhof.,  Phys. Rev. Lett. 77, 3865 (1996)
    J. P. Perdew, K. Burke, and M. Ernzerhof.,  Phys. Rev. Lett. 78, 1396 (1997)
small_rho_cutoff = 1e-06
Set gradient conv threshold to 0.00707107
init E= -12114.813625811
    sigma = 0.02  Optimized mu = -0.0518289818086  entropy = 1.50517227967
    Total E(T) = -12114.813609718  Free energy = -12114.8437131636  E0 = -12114.8286614408
cycle= 1 E= -12114.813609718  delta_E= 1.61e-05  |g|= 0.0268  |ddm|= 17.4
    sigma = 0.02  Optimized mu = -0.0519150376748  entropy = 1.50521492455
    Total E(T) = -12114.8134158243  Free energy = -12114.8435201228  E0 = -12114.8284679735
cycle= 2 E= -12114.8134158243  delta_E= 0.000194  |g|= 0.0904  |ddm|= 75.8
    sigma = 0.02  Optimized mu = -0.0518584242989  entropy = 1.50500838582
    Total E(T) = -12114.8135279775  Free energy = -12114.8436281452  E0 = -12114.8285780614
cycle= 3 E= -12114.8135279775  delta_E= -0.000112  |g|= 0.0501  |ddm|=   32
    sigma = 0.02  Optimized mu = -0.051855472801  entropy = 1.50501769568
    Total E(T) = -12114.8135764275  Free energy = -12114.8436767814  E0 = -12114.8286266044
cycle= 4 E= -12114.8135764275  delta_E= -4.84e-05  |g|= 0.0355  |ddm|= 11.5
    sigma = 0.02  Optimized mu = -0.0518546217945  entropy = 1.50502108331
    Total E(T) = -12114.8136001889  Free energy = -12114.8437006106  E0 = -12114.8286503998
cycle= 5 E= -12114.8136001889  delta_E= -2.38e-05  |g|= 0.0258  |ddm|= 6.86
    sigma = 0.02  Optimized mu = -0.0518530778627  entropy = 1.50502521827
    Total E(T) = -12114.8136121897  Free energy = -12114.8437126941  E0 = -12114.8286624419
cycle= 6 E= -12114.8136121897  delta_E= -1.2e-05  |g|= 0.0193  |ddm|= 4.72
    sigma = 0.02  Optimized mu = -0.0518536720178  entropy = 1.50502374865
    Total E(T) = -12114.8136187942  Free energy = -12114.8437192692  E0 = -12114.8286690317
cycle= 7 E= -12114.8136187942  delta_E= -6.6e-06  |g|= 0.0145  |ddm|= 2.98
    sigma = 0.02  Optimized mu = -0.0518514786764  entropy = 1.50503436932
    Total E(T) = -12114.8136224282  Free energy = -12114.8437231156  E0 = -12114.8286727719
cycle= 8 E= -12114.8136224282  delta_E= -3.63e-06  |g|= 0.0111  |ddm|= 1.98
    sigma = 0.02  Optimized mu = -0.0518540363693  entropy = 1.50502221232
    Total E(T) = -12114.8136245461  Free energy = -12114.8437249903  E0 = -12114.8286747682
cycle= 9 E= -12114.8136245461  delta_E= -2.12e-06  |g|= 0.00852  |ddm|= 1.46
    sigma = 0.02  Optimized mu = -0.051853082927  entropy = 1.50502826658
    Total E(T) = -12114.8136257277  Free energy = -12114.843726293  E0 = -12114.8286760104
cycle= 10 E= -12114.8136257277  delta_E= -1.18e-06  |g|= 0.00667  |ddm|= 1.16
    sigma = 0.02  Optimized mu = -0.151799641026  entropy = 50.9976544317
    Total E(T) = -12114.2880427791  Free energy = -12115.3079958677  E0 = -12114.7980193234
Extra cycle  E= -12114.2880427791  delta_E= 0.526  |g|= 0.407  |ddm|= 4.1e+03
converged SCF energy = -12114.2880427791
dm0 check [[[ 1.89789227e-01  3.06171025e-01 -6.27460683e-02 ...  6.54814212e-07
   -1.23580322e-07 -2.10471307e-06]
  [ 3.06171025e-01  5.07731349e-01 -1.67374643e-01 ...  2.11974228e-06
   -7.32912747e-07 -5.96369059e-06]
  [-6.27460683e-02 -1.67374643e-01  3.38436978e-01 ... -4.86035293e-06
    1.72192716e-06  1.43682151e-05]
  ...
  [ 6.54814212e-07  2.11974228e-06 -4.86035293e-06 ...  4.22524843e-07
   -1.41862949e-07  6.83826697e-08]
  [-1.23580322e-07 -7.32912747e-07  1.72192716e-06 ... -1.41862949e-07
    3.02267760e-07  1.49538094e-08]
  [-2.10471307e-06 -5.96369059e-06  1.43682151e-05 ...  6.83826697e-08
    1.49538094e-08  3.17603346e-07]]

 [[ 1.89768492e-01  3.06114524e-01 -6.26178222e-02 ...  8.80882083e-07
   -9.51168650e-08 -1.98689904e-06]
  [ 3.06114524e-01  5.07580506e-01 -1.67036255e-01 ...  2.72764913e-06
   -6.53866800e-07 -5.64845665e-06]
  [-6.26178222e-02 -1.67036255e-01  3.37680633e-01 ... -6.31524118e-06
    1.51093876e-06  1.36287377e-05]
  ...
  [ 8.80882083e-07  2.72764913e-06 -6.31524118e-06 ...  4.07859460e-07
   -1.43373756e-07  7.11250040e-08]
  [-9.51168650e-08 -6.53866800e-07  1.51093876e-06 ... -1.43373756e-07
    3.03356083e-07  1.09005667e-08]
  [-1.98689904e-06 -5.64845665e-06  1.36287377e-05 ...  7.11250040e-08
    1.09005667e-08  3.06203829e-07]]]


******** <class 'pyscf.scf.addons.SmearingDFUKS'> ********
method = SmearingDFUKS
initial guess = minao
damping factor = 0.15
level_shift factor = 0.2
DIIS = <class 'pyscf.scf.diis.CDIIS'>
diis_start_cycle = 1
diis_space = 12
diis_damp = 0
SCF conv_tol = 5e-05
SCF conv_tol_grad = None
SCF max_cycles = 200
direct_scf = True
direct_scf_tol = 1e-13
chkfile to save SCF result = /tmp/tmpf7b_kaye
max_memory 4000 MB (current use 86718 MB)
number electrons alpha = 325  beta = 323
XC library pyscf.dft.libxc version 6.1.0
    S. Lehtola, C. Steigemann, M. J.T. Oliveira, and M. A.L. Marques.,  SoftwareX 7, 1–5 (2018)
XC functionals = pbe
    J. P. Perdew, K. Burke, and M. Ernzerhof.,  Phys. Rev. Lett. 77, 3865 (1996)
    J. P. Perdew, K. Burke, and M. Ernzerhof.,  Phys. Rev. Lett. 78, 1396 (1997)
    J. P. Perdew, K. Burke, and M. Ernzerhof.,  Phys. Rev. Lett. 77, 3865 (1996)
    J. P. Perdew, K. Burke, and M. Ernzerhof.,  Phys. Rev. Lett. 78, 1396 (1997)
small_rho_cutoff = 1e-06
Set gradient conv threshold to 0.00707107
init E= -12114.3699963441
    sigma = 0.005  Optimized mu_alpha = -0.196979971573  entropy = 3.34892000893e-07
    sigma = 0.005  Optimized mu_beta  = -0.199531865822  entropy = 3.34892000893e-07
    Total E(T) = -12114.3699896265  Free energy = -12114.3699896282  E0 = -12114.3699896274
cycle= 1 E= -12114.3699896265  delta_E= 6.72e-06  |g|= 0.0244  |ddm|= 9.78
    sigma = 0.005  Optimized mu_alpha = -0.197085285059  entropy = 3.34431095962e-07
    sigma = 0.005  Optimized mu_beta  = -0.199644008749  entropy = 3.34431095962e-07
    Total E(T) = -12114.3699155291  Free energy = -12114.3699155307  E0 = -12114.3699155299
cycle= 2 E= -12114.3699155291  delta_E= 7.41e-05  |g|= 0.0784  |ddm|= 38.3
    sigma = 0.005  Optimized mu_alpha = -0.197014377681  entropy = 3.34618434665e-07
    sigma = 0.005  Optimized mu_beta  = -0.199568210063  entropy = 3.34618434665e-07
    Total E(T) = -12114.3699581227  Free energy = -12114.3699581244  E0 = -12114.3699581235
cycle= 3 E= -12114.3699581227  delta_E= -4.26e-05  |g|= 0.0432  |ddm|= 15.1
    sigma = 0.005  Optimized mu_alpha = -0.197012258548  entropy = 3.34639537277e-07
    sigma = 0.005  Optimized mu_beta  = -0.199565849893  entropy = 3.34639537277e-07
    Total E(T) = -12114.3699780779  Free energy = -12114.3699780796  E0 = -12114.3699780788
cycle= 4 E= -12114.3699780779  delta_E= -2e-05  |g|= 0.0297  |ddm|= 5.95
    sigma = 0.005  Optimized mu_alpha = -0.197009536191  entropy = 3.34654084179e-07
    sigma = 0.005  Optimized mu_beta  = -0.199562959514  entropy = 3.34654084179e-07
    Total E(T) = -12114.3699875484  Free energy = -12114.3699875501  E0 = -12114.3699875493
cycle= 5 E= -12114.3699875484  delta_E= -9.47e-06  |g|= 0.021  |ddm|= 3.53
    sigma = 0.005  Optimized mu_alpha = -0.197012182951  entropy = 3.34644280971e-07
    sigma = 0.005  Optimized mu_beta  = -0.199565688443  entropy = 3.34644280971e-07
    Total E(T) = -12114.369992194  Free energy = -12114.3699921957  E0 = -12114.3699921948
cycle= 6 E= -12114.369992194  delta_E= -4.65e-06  |g|= 0.015  |ddm|= 2.31
    sigma = 0.005  Optimized mu_alpha = -0.19700902068  entropy = 3.34655153282e-07
    sigma = 0.005  Optimized mu_beta  = -0.199562477778  entropy = 3.34655153282e-07
    Total E(T) = -12114.3699945391  Free energy = -12114.3699945408  E0 = -12114.3699945399
cycle= 7 E= -12114.3699945391  delta_E= -2.35e-06  |g|= 0.011  |ddm|= 1.57
    sigma = 0.005  Optimized mu_alpha = -0.197009190239  entropy = 3.34654878803e-07
    sigma = 0.005  Optimized mu_beta  = -0.19956264445  entropy = 3.34654878803e-07
    Total E(T) = -12114.3699957655  Free energy = -12114.3699957672  E0 = -12114.3699957663
cycle= 8 E= -12114.3699957655  delta_E= -1.23e-06  |g|= 0.00803  |ddm|= 1.02
    sigma = 0.005  Optimized mu_alpha = -0.197009798019  entropy = 3.34657714671e-07
    sigma = 0.005  Optimized mu_beta  = -0.199563183186  entropy = 3.34657714671e-07
    Total E(T) = -12114.369996393  Free energy = -12114.3699963947  E0 = -12114.3699963938
cycle= 9 E= -12114.369996393  delta_E= -6.28e-07  |g|= 0.00611  |ddm|= 0.762
    sigma = 0.005  Optimized mu_alpha = -0.296549855002  entropy = 12.8201810333
    sigma = 0.005  Optimized mu_beta  = -0.299439834344  entropy = 12.8201810333
    Total E(T) = -12114.334587114  Free energy = -12114.3986880191  E0 = -12114.3666375666
Extra cycle  E= -12114.334587114  delta_E= 0.0354  |g|= 0.223  |ddm|=  895
converged SCF energy = -12114.334587114  <S^2> = 3.7627365  2S+1 = 4.0063632
[timing] right/Al ensemble SCF = 1220.6s
[timing] collect state = 0.0s
[timing] grad contraction = 3.0s
Npdft 666.0000340554925
[timing] checkpoint save = 0.0s
[EVAL step=   1] L=-12265.40677009 Ef=-12265.41346778 L1=9.85289828e-01 |grad|=1.87661e-02 t=1665.3s
[EVAL step=2] |b|=4.860844e-01 max|b|=7.633100e-02
[timing] build AO Vp from S3 = 1.7s
[diagnostic] |vpl|=5.122206e-01 max|vpl|=7.528256e-02
[diagnostic] |vpr|=6.502419e-01 max|vpr|=5.913149e-02
[diagnostic] |vpref|=7.520394e-01 max|vpref|=7.524250e-02
dm0 check [[[ 1.51510539e-09  2.24390407e-08  1.89788584e-07 ... -1.14716793e-07
    7.42480591e-07  6.64925537e-08]
  [ 2.24390407e-08  3.34442860e-07  2.75065447e-06 ... -1.77763476e-06
    1.10111116e-05  1.04754946e-06]
  [ 1.89788584e-07  2.75065447e-06  2.57236015e-05 ... -1.02767709e-05
    9.27874012e-05  4.99858660e-06]
  ...
  [-1.14716793e-07 -1.77763476e-06 -1.02767709e-05 ...  2.27166818e-04
    1.81897022e-06 -1.91352427e-04]
  [ 7.42480591e-07  1.10111116e-05  9.27874012e-05 ...  1.81897022e-06
    4.79983561e-04 -1.62425374e-06]
  [ 6.64925537e-08  1.04754946e-06  4.99858660e-06 ... -1.91352427e-04
   -1.62425374e-06  6.55608417e-04]]

 [[ 2.14412926e-09  3.18476687e-08  2.65524476e-07 ... -7.48678675e-08
    1.03578378e-06  2.38417798e-08]
  [ 3.18476687e-08  4.74249422e-07  3.91398393e-06 ... -9.93071944e-07
    1.53190952e-05  2.50124817e-07]
  [ 2.65524476e-07  3.91398393e-06  3.37626381e-05 ... -1.10139777e-05
    1.30901684e-04  4.52845690e-06]
  ...
  [-7.48678675e-08 -9.93071944e-07 -1.10139777e-05 ...  2.49604988e-04
    2.27945400e-06 -2.10130920e-04]
  [ 1.03578378e-06  1.53190952e-05  1.30901684e-04 ...  2.27945400e-06
    5.52938192e-04 -2.04465529e-06]
  [ 2.38417798e-08  2.50124817e-07  4.52845690e-06 ... -2.10130920e-04
   -2.04465529e-06  7.46013266e-04]]]
converged SCF energy = -150.226693714539  <S^2> = 2.0045398  2S+1 = 3.003025
dm0 check [[[ 1.14663927e-09  1.70906963e-08  1.38764383e-07 ... -8.06351991e-08
    6.25424907e-07  4.57094748e-08]
  [ 1.70906963e-08  2.56142401e-07  2.02970512e-06 ... -1.06203847e-06
    9.18297648e-06  7.18610580e-07]
  [ 1.38764383e-07  2.02970512e-06  1.80711277e-05 ... -1.26954868e-05
    8.12953223e-05  3.19992558e-06]
  ...
  [-8.06351991e-08 -1.06203847e-06 -1.26954868e-05 ...  2.39056590e-04
   -1.61628521e-06 -1.68273569e-04]
  [ 6.25424907e-07  9.18297648e-06  8.12953223e-05 ... -1.61628521e-06
    4.44991768e-04 -4.05797460e-06]
  [ 4.57094748e-08  7.18610580e-07  3.19992558e-06 ... -1.68273569e-04
   -4.05797460e-06  5.95720304e-04]]

 [[ 2.52991917e-08  3.84988468e-07  2.83081238e-06 ... -1.48521070e-07
    1.05980492e-07  7.43608024e-08]
  [ 3.84988468e-07  5.85993600e-06  4.30397100e-05 ... -2.17883477e-06
    1.18474495e-06  1.05238318e-06]
  [ 2.83081238e-06  4.30397100e-05  3.17944269e-04 ... -1.75046016e-05
    2.68826267e-05  9.38690533e-06]
  ...
  [-1.48521070e-07 -2.17883477e-06 -1.75046016e-05 ...  2.30576224e-04
    2.09094786e-07 -1.91668407e-04]
  [ 1.05980492e-07  1.18474495e-06  2.68826267e-05 ...  2.09094786e-07
    4.63234853e-04 -3.50197083e-06]
  [ 7.43608024e-08  1.05238318e-06  9.38690533e-06 ... -1.91668407e-04
   -3.50197083e-06  6.49562330e-04]]]
converged SCF energy = -150.244985829812  <S^2> = 0.92979458  2S+1 = 2.172367
[timing] left/O ensemble SCF = 14.0s
dm0 check [[ 3.79535278e-01  6.12226519e-01 -1.25220880e-01 ...  1.55253586e-06
  -2.26912458e-07 -4.27920529e-06]
 [ 6.12226519e-01  1.01515560e+00 -3.34031671e-01 ...  4.89244585e-06
  -1.40998715e-06 -1.21197811e-05]
 [-1.25220880e-01 -3.34031671e-01  6.75213752e-01 ... -1.12905955e-05
   3.29723542e-06  2.92473717e-05]
 ...
 [ 1.55253586e-06  4.89244585e-06 -1.12905955e-05 ...  7.95952510e-07
  -2.72379544e-07  1.31998460e-07]
 [-2.26912458e-07 -1.40998715e-06  3.29723542e-06 ... -2.72379544e-07
   5.96309399e-07  1.26912242e-08]
 [-4.27920529e-06 -1.21197811e-05  2.92473717e-05 ...  1.31998460e-07
   1.26912242e-08  6.33292155e-07]]


******** <class 'pyscf.scf.addons.SmearingDFRKS'> ********
method = SmearingDFRKS
initial guess = minao
damping factor = 0.15
level_shift factor = 0.2
DIIS = <class 'pyscf.scf.diis.CDIIS'>
diis_start_cycle = 1
diis_space = 12
diis_damp = 0
SCF conv_tol = 5e-05
SCF conv_tol_grad = None
SCF max_cycles = 200
direct_scf = True
direct_scf_tol = 1e-13
chkfile to save SCF result = /tmp/tmpdyswdckm
max_memory 4000 MB (current use 86888 MB)
XC library pyscf.dft.libxc version 6.1.0
    S. Lehtola, C. Steigemann, M. J.T. Oliveira, and M. A.L. Marques.,  SoftwareX 7, 1–5 (2018)
XC functionals = pbe
    J. P. Perdew, K. Burke, and M. Ernzerhof.,  Phys. Rev. Lett. 77, 3865 (1996)
    J. P. Perdew, K. Burke, and M. Ernzerhof.,  Phys. Rev. Lett. 78, 1396 (1997)
    J. P. Perdew, K. Burke, and M. Ernzerhof.,  Phys. Rev. Lett. 77, 3865 (1996)
    J. P. Perdew, K. Burke, and M. Ernzerhof.,  Phys. Rev. Lett. 78, 1396 (1997)
small_rho_cutoff = 1e-06
Set gradient conv threshold to 0.00707107
    Total E(T) = -12114.7875602423  Free energy = -12115.8075133309  E0 = -12115.2975367866
init E= -12114.7875602423
    sigma = 0.02  Optimized mu = -0.0518033109178  entropy = 1.50548432895
    Total E(T) = -12114.7875378005  Free energy = -12114.8176474871  E0 = -12114.8025926438
cycle= 1 E= -12114.7875378005  delta_E= 2.24e-05  |g|= 0.0316  |ddm|= 19.3
    sigma = 0.02  Optimized mu = -0.0519466690547  entropy = 1.50546397424
    Total E(T) = -12114.787268346  Free energy = -12114.8173776255  E0 = -12114.8023229858
cycle= 2 E= -12114.787268346  delta_E= 0.000269  |g|= 0.106  |ddm|= 89.1
    sigma = 0.02  Optimized mu = -0.0518595227637  entropy = 1.50520289386
    Total E(T) = -12114.7874243561  Free energy = -12114.817528414  E0 = -12114.802476385
cycle= 3 E= -12114.7874243561  delta_E= -0.000156  |g|= 0.0588  |ddm|= 37.7
    sigma = 0.02  Optimized mu = -0.0518544300182  entropy = 1.50521970521
    Total E(T) = -12114.7874920896  Free energy = -12114.8175964837  E0 = -12114.8025442866
cycle= 4 E= -12114.7874920896  delta_E= -6.77e-05  |g|= 0.0415  |ddm|= 13.4
    sigma = 0.02  Optimized mu = -0.0518531090877  entropy = 1.50522444079
    Total E(T) = -12114.7875252161  Free energy = -12114.8176297049  E0 = -12114.8025774605
cycle= 5 E= -12114.7875252161  delta_E= -3.31e-05  |g|= 0.0301  |ddm|= 8.03
    sigma = 0.02  Optimized mu = -0.0518502626656  entropy = 1.50523079632
    Total E(T) = -12114.7875417752  Free energy = -12114.8176463911  E0 = -12114.8025940832
cycle= 6 E= -12114.7875417752  delta_E= -1.66e-05  |g|= 0.0226  |ddm|= 5.78
    sigma = 0.02  Optimized mu = -0.0518513922053  entropy = 1.5052277923
    Total E(T) = -12114.7875508309  Free energy = -12114.8176553868  E0 = -12114.8026031089
cycle= 7 E= -12114.7875508309  delta_E= -9.06e-06  |g|= 0.017  |ddm|= 3.52
    sigma = 0.02  Optimized mu = -0.051849247803  entropy = 1.50523696955
    Total E(T) = -12114.7875559075  Free energy = -12114.8176606469  E0 = -12114.8026082772
cycle= 8 E= -12114.7875559075  delta_E= -5.08e-06  |g|= 0.013  |ddm|= 2.25
    sigma = 0.02  Optimized mu = -0.051852306117  entropy = 1.5052212435
    Total E(T) = -12114.7875588654  Free energy = -12114.8176632903  E0 = -12114.8026110778
cycle= 9 E= -12114.7875588654  delta_E= -2.96e-06  |g|= 0.00985  |ddm|= 1.71
    sigma = 0.02  Optimized mu = -0.0518502744012  entropy = 1.50523236859
    Total E(T) = -12114.7875604932  Free energy = -12114.8176651406  E0 = -12114.8026128169
cycle= 10 E= -12114.7875604932  delta_E= -1.63e-06  |g|= 0.00764  |ddm|= 1.38
    sigma = 0.02  Optimized mu = -0.0518508371835  entropy = 1.50522830611
    Total E(T) = -12114.7875614762  Free energy = -12114.8176660424  E0 = -12114.8026137593
cycle= 11 E= -12114.7875614762  delta_E= -9.83e-07  |g|= 0.006  |ddm|= 1.06
    sigma = 0.02  Optimized mu = -0.151792720163  entropy = 50.9988188129
    Total E(T) = -12114.2620804072  Free energy = -12115.2820567835  E0 = -12114.7720685954
Extra cycle  E= -12114.2620804072  delta_E= 0.525  |g|= 0.403  |ddm|= 4.1e+03
converged SCF energy = -12114.2620804072
dm0 check [[[ 1.89789230e-01  3.06171032e-01 -6.27460893e-02 ...  6.54898537e-07
   -1.23620240e-07 -2.10476811e-06]
  [ 3.06171032e-01  5.07731369e-01 -1.67374699e-01 ...  2.11996947e-06
   -7.33020444e-07 -5.96383902e-06]
  [-6.27460893e-02 -1.67374699e-01  3.38437126e-01 ... -4.86090090e-06
    1.72218941e-06  1.43685747e-05]
  ...
  [ 6.54898537e-07  2.11996947e-06 -4.86090090e-06 ...  4.22524846e-07
   -1.41861932e-07  6.83879299e-08]
  [-1.23620240e-07 -7.33020444e-07  1.72218941e-06 ... -1.41861932e-07
    3.02260452e-07  1.49586588e-08]
  [-2.10476811e-06 -5.96383902e-06  1.43685747e-05 ...  6.83879299e-08
    1.49586588e-08  3.17600129e-07]]

 [[ 1.89768496e-01  3.06114535e-01 -6.26178505e-02 ...  8.80823475e-07
   -9.52146871e-08 -1.98681231e-06]
  [ 3.06114535e-01  5.07580535e-01 -1.67036331e-01 ...  2.72749102e-06
   -6.54131085e-07 -5.64822213e-06]
  [-6.26178505e-02 -1.67036331e-01  3.37680824e-01 ... -6.31485880e-06
    1.51158385e-06  1.36281647e-05]
  ...
  [ 8.80823475e-07  2.72749102e-06 -6.31485880e-06 ...  4.07860563e-07
   -1.43370396e-07  7.11304588e-08]
  [-9.52146871e-08 -6.54131085e-07  1.51158385e-06 ... -1.43370396e-07
    3.03347998e-07  1.09071703e-08]
  [-1.98681231e-06 -5.64822213e-06  1.36281647e-05 ...  7.11304588e-08
    1.09071703e-08  3.06199328e-07]]]


******** <class 'pyscf.scf.addons.SmearingDFUKS'> ********
method = SmearingDFUKS
initial guess = minao
damping factor = 0.15
level_shift factor = 0.2
DIIS = <class 'pyscf.scf.diis.CDIIS'>
diis_start_cycle = 1
diis_space = 12
diis_damp = 0
SCF conv_tol = 5e-05
SCF conv_tol_grad = None
SCF max_cycles = 200
direct_scf = True
direct_scf_tol = 1e-13
chkfile to save SCF result = /tmp/tmpf7b_kaye
max_memory 4000 MB (current use 86925 MB)
number electrons alpha = 325  beta = 323
XC library pyscf.dft.libxc version 6.1.0
    S. Lehtola, C. Steigemann, M. J.T. Oliveira, and M. A.L. Marques.,  SoftwareX 7, 1–5 (2018)
XC functionals = pbe
    J. P. Perdew, K. Burke, and M. Ernzerhof.,  Phys. Rev. Lett. 77, 3865 (1996)
    J. P. Perdew, K. Burke, and M. Ernzerhof.,  Phys. Rev. Lett. 78, 1396 (1997)
    J. P. Perdew, K. Burke, and M. Ernzerhof.,  Phys. Rev. Lett. 77, 3865 (1996)
    J. P. Perdew, K. Burke, and M. Ernzerhof.,  Phys. Rev. Lett. 78, 1396 (1997)
small_rho_cutoff = 1e-06
Set gradient conv threshold to 0.00707107
    Total E(T) = -12114.3439655086  Free energy = -12114.4080664138  E0 = -12114.3760159612
init E= -12114.3439655086
    sigma = 0.005  Optimized mu_alpha = -0.196951767297  entropy = 3.35276847123e-07
    sigma = 0.005  Optimized mu_beta  = -0.199502242957  entropy = 3.35276847123e-07
    Total E(T) = -12114.3439551669  Free energy = -12114.3439551686  E0 = -12114.3439551678
cycle= 1 E= -12114.3439551669  delta_E= 1.03e-05  |g|= 0.0305  |ddm|= 10.6
    sigma = 0.005  Optimized mu_alpha = -0.197114006188  entropy = 3.34627750287e-07
    sigma = 0.005  Optimized mu_beta  = -0.199673983032  entropy = 3.34627750287e-07
    Total E(T) = -12114.3438388114  Free energy = -12114.343838813  E0 = -12114.3438388122
cycle= 2 E= -12114.3438388114  delta_E= 0.000116  |g|= 0.0976  |ddm|=   48
    sigma = 0.005  Optimized mu_alpha = -0.197013114537  entropy = 3.34846295748e-07
    sigma = 0.005  Optimized mu_beta  = -0.199566233328  entropy = 3.34846295748e-07
    Total E(T) = -12114.3439060081  Free energy = -12114.3439060098  E0 = -12114.3439060089
cycle= 3 E= -12114.3439060081  delta_E= -6.72e-05  |g|= 0.0536  |ddm|= 19.1
    sigma = 0.005  Optimized mu_alpha = -0.197009398277  entropy = 3.3487336377e-07
    sigma = 0.005  Optimized mu_beta  = -0.199562168689  entropy = 3.3487336377e-07
    Total E(T) = -12114.3439375157  Free energy = -12114.3439375174  E0 = -12114.3439375166
cycle= 4 E= -12114.3439375157  delta_E= -3.15e-05  |g|= 0.0367  |ddm|= 7.46
    sigma = 0.005  Optimized mu_alpha = -0.197004896599  entropy = 3.34891374768e-07
    sigma = 0.005  Optimized mu_beta  = -0.199557512517  entropy = 3.34891374768e-07
    Total E(T) = -12114.3439523976  Free energy = -12114.3439523993  E0 = -12114.3439523984
cycle= 5 E= -12114.3439523976  delta_E= -1.49e-05  |g|= 0.0258  |ddm|= 4.43
    sigma = 0.005  Optimized mu_alpha = -0.197008793794  entropy = 3.34874378682e-07
    sigma = 0.005  Optimized mu_beta  = -0.199561467359  entropy = 3.34874378682e-07
    Total E(T) = -12114.3439596108  Free energy = -12114.3439596124  E0 = -12114.3439596116
cycle= 6 E= -12114.3439596108  delta_E= -7.21e-06  |g|= 0.0184  |ddm|= 2.93
    sigma = 0.005  Optimized mu_alpha = -0.197004808284  entropy = 3.348840741e-07
    sigma = 0.005  Optimized mu_beta  = -0.199557439474  entropy = 3.348840741e-07
    Total E(T) = -12114.3439632254  Free energy = -12114.343963227  E0 = -12114.3439632262
cycle= 7 E= -12114.3439632254  delta_E= -3.61e-06  |g|= 0.0133  |ddm|= 1.92
    sigma = 0.005  Optimized mu_alpha = -0.197004893732  entropy = 3.34884009777e-07
    sigma = 0.005  Optimized mu_beta  = -0.199557508977  entropy = 3.34884009777e-07
    Total E(T) = -12114.3439651172  Free energy = -12114.3439651189  E0 = -12114.343965118
cycle= 8 E= -12114.3439651172  delta_E= -1.89e-06  |g|= 0.00966  |ddm|= 1.24
    sigma = 0.005  Optimized mu_alpha = -0.197005853097  entropy = 3.34885916465e-07
    sigma = 0.005  Optimized mu_beta  = -0.199558368155  entropy = 3.34885916465e-07
    Total E(T) = -12114.3439660776  Free energy = -12114.3439660793  E0 = -12114.3439660785
cycle= 9 E= -12114.3439660776  delta_E= -9.6e-07  |g|= 0.00723  |ddm|= 1.02
    sigma = 0.005  Optimized mu_alpha = -0.197005800086  entropy = 3.34879618058e-07
    sigma = 0.005  Optimized mu_beta  = -0.199558360687  entropy = 3.34879618058e-07
    Total E(T) = -12114.3439665995  Free energy = -12114.3439666012  E0 = -12114.3439666004
cycle= 10 E= -12114.3439665995  delta_E= -5.22e-07  |g|= 0.0054  |ddm|= 0.671
    sigma = 0.005  Optimized mu_alpha = -0.296542005699  entropy = 12.820890678
    sigma = 0.005  Optimized mu_beta  = -0.299431516057  entropy = 12.820890678
    Total E(T) = -12114.3086184071  Free energy = -12114.3727228605  E0 = -12114.3406706338
Extra cycle  E= -12114.3086184071  delta_E= 0.0353  |g|= 0.215  |ddm|=  895
converged SCF energy = -12114.3086184071  <S^2> = 3.7627429  2S+1 = 4.0063664
[timing] right/Al ensemble SCF = 1294.6s
[timing] collect state = 0.0s
[timing] grad contraction = 1.7s
Npdft 666.0000340587145
[timing] checkpoint save = 0.0s
[EVAL step=   2] L=-12265.38283500 Ef=-12265.38966834 L1=9.81607780e-01 |grad|=1.87089e-02 t=1510.5s
[EVAL step=3] |b|=5.168744e-01 max|b|=7.633100e-02
[timing] build AO Vp from S3 = 1.6s
[diagnostic] |vpl|=5.217497e-01 max|vpl|=7.598263e-02
[diagnostic] |vpr|=6.903797e-01 max|vpr|=5.952376e-02
[diagnostic] |vpref|=7.892314e-01 max|vpref|=7.593797e-02
dm0 check [[[ 1.51511142e-09  2.24391254e-08  1.89789561e-07 ... -1.14719027e-07
    7.42476491e-07  6.64943648e-08]
  [ 2.24391254e-08  3.34443992e-07  2.75066910e-06 ... -1.77767180e-06
    1.10110522e-05  1.04757955e-06]
  [ 1.89789561e-07  2.75066910e-06  2.57237476e-05 ... -1.02769946e-05
    9.27868755e-05  4.99876704e-06]
  ...
  [-1.14719027e-07 -1.77767180e-06 -1.02769946e-05 ...  2.27166708e-04
    1.81896838e-06 -1.91352285e-04]
  [ 7.42476491e-07  1.10110522e-05  9.27868755e-05 ...  1.81896838e-06
    4.79980334e-04 -1.62432356e-06]
  [ 6.64943648e-08  1.04757955e-06  4.99876704e-06 ... -1.91352285e-04
   -1.62432356e-06  6.55604999e-04]]

 [[ 2.14412007e-09  3.18475347e-08  2.65523309e-07 ... -7.48705567e-08
    1.03578174e-06  2.38437832e-08]
  [ 3.18475347e-08  4.74247460e-07  3.91396668e-06 ... -9.93113700e-07
    1.53190651e-05  2.50156053e-07]
  [ 2.65523309e-07  3.91396668e-06  3.37625059e-05 ... -1.10142815e-05
    1.30901449e-04  4.52867683e-06]
  ...
  [-7.48705567e-08 -9.93113700e-07 -1.10142815e-05 ...  2.49604219e-04
    2.27938802e-06 -2.10130234e-04]
  [ 1.03578174e-06  1.53190651e-05  1.30901449e-04 ...  2.27938802e-06
    5.52938805e-04 -2.04467203e-06]
  [ 2.38437832e-08  2.50156053e-07  4.52867683e-06 ... -2.10130234e-04
   -2.04467203e-06  7.46013382e-04]]]
converged SCF energy = -150.22669371454  <S^2> = 2.0045398  2S+1 = 3.003025
dm0 check [[[ 1.14644043e-09  1.70875533e-08  1.38757202e-07 ... -8.06195898e-08
    6.25424546e-07  4.56943851e-08]
  [ 1.70875533e-08  2.56093598e-07  2.02957957e-06 ... -1.06182913e-06
    9.18294702e-06  7.18429121e-07]
  [ 1.38757202e-07  2.02957957e-06  1.80710819e-05 ... -1.26945917e-05
    8.12960528e-05  3.19915114e-06]
  ...
  [-8.06195898e-08 -1.06182913e-06 -1.26945917e-05 ...  2.39058219e-04
   -1.61590734e-06 -1.68277561e-04]
  [ 6.25424546e-07  9.18294702e-06  8.12960528e-05 ... -1.61590734e-06
    4.44997716e-04 -4.05929866e-06]
  [ 4.56943851e-08  7.18429121e-07  3.19915114e-06 ... -1.68277561e-04
   -4.05929866e-06  5.95725214e-04]]

 [[ 2.53036790e-08  3.85050753e-07  2.83126579e-06 ... -1.48564615e-07
    1.05907478e-07  7.43836338e-08]
  [ 3.85050753e-07  5.86079318e-06  4.30459256e-05 ... -2.17962739e-06
    1.18345893e-06  1.05280689e-06]
  [ 2.83126579e-06  4.30459256e-05  3.17989580e-04 ... -1.75086853e-05
    2.68751830e-05  9.38988857e-06]
  ...
  [-1.48564615e-07 -2.17962739e-06 -1.75086853e-05 ...  2.30571795e-04
    2.09025570e-07 -1.91673883e-04]
  [ 1.05907478e-07  1.18345893e-06  2.68751830e-05 ...  2.09025570e-07
    4.63241178e-04 -3.50232729e-06]
  [ 7.43836338e-08  1.05280689e-06  9.38988857e-06 ... -1.91673883e-04
   -3.50232729e-06  6.49569815e-04]]]
converged SCF energy = -150.24498582983  <S^2> = 0.92979806  2S+1 = 2.1723702
[timing] left/O ensemble SCF = 12.3s
dm0 check [[ 3.79535119e-01  6.12226380e-01 -1.25220678e-01 ...  1.58974905e-06
  -1.97685096e-07 -4.38946971e-06]
 [ 6.12226380e-01  1.01515546e+00 -3.34030976e-01 ...  4.99290051e-06
  -1.33118032e-06 -1.24172463e-05]
 [-1.25220678e-01 -3.34030976e-01  6.75212115e-01 ... -1.15346688e-05
   3.10669733e-06  2.99683038e-05]
 ...
 [ 1.58974905e-06  4.99290051e-06 -1.15346688e-05 ...  7.91748090e-07
  -2.73200748e-07  1.33073954e-07]
 [-1.97685096e-07 -1.33118032e-06  3.10669733e-06 ... -2.73200748e-07
   5.98646188e-07  7.88084752e-09]
 [-4.38946971e-06 -1.24172463e-05  2.99683038e-05 ...  1.33073954e-07
   7.88084752e-09  6.58548841e-07]]


******** <class 'pyscf.scf.addons.SmearingDFRKS'> ********
method = SmearingDFRKS
initial guess = minao
damping factor = 0.15
level_shift factor = 0.2
DIIS = <class 'pyscf.scf.diis.CDIIS'>
diis_start_cycle = 1
diis_space = 12
diis_damp = 0
SCF conv_tol = 5e-05
SCF conv_tol_grad = None
SCF max_cycles = 200
direct_scf = True
direct_scf_tol = 1e-13
chkfile to save SCF result = /tmp/tmpdyswdckm
max_memory 4000 MB (current use 87224 MB)
XC library pyscf.dft.libxc version 6.1.0
    S. Lehtola, C. Steigemann, M. J.T. Oliveira, and M. A.L. Marques.,  SoftwareX 7, 1–5 (2018)
XC functionals = pbe
    J. P. Perdew, K. Burke, and M. Ernzerhof.,  Phys. Rev. Lett. 77, 3865 (1996)
    J. P. Perdew, K. Burke, and M. Ernzerhof.,  Phys. Rev. Lett. 78, 1396 (1997)
    J. P. Perdew, K. Burke, and M. Ernzerhof.,  Phys. Rev. Lett. 77, 3865 (1996)
    J. P. Perdew, K. Burke, and M. Ernzerhof.,  Phys. Rev. Lett. 78, 1396 (1997)
small_rho_cutoff = 1e-06
Set gradient conv threshold to 0.00707107
    Total E(T) = -12114.5249002817  Free energy = -12115.544876658  E0 = -12115.0348884698
init E= -12114.5249002817
    sigma = 0.02  Optimized mu = -0.0515192299825  entropy = 1.50847952304
    Total E(T) = -12114.5248576279  Free energy = -12114.5550272183  E0 = -12114.5399424231
cycle= 1 E= -12114.5248576279  delta_E= 4.27e-05  |g|= 0.0494  |ddm|= 53.7
    sigma = 0.02  Optimized mu = -0.0524404777727  entropy = 1.50592716725
    Total E(T) = -12114.5241261732  Free energy = -12114.5542447166  E0 = -12114.5391854449
cycle= 2 E= -12114.5241261732  delta_E= 0.000731  |g|= 0.158  |ddm|=  180
    sigma = 0.02  Optimized mu = -0.0518741471606  entropy = 1.50697740927
    Total E(T) = -12114.5246244644  Free energy = -12114.5547640126  E0 = -12114.5396942385
cycle= 3 E= -12114.5246244644  delta_E= -0.000498  |g|= 0.0772  |ddm|= 75.2
    sigma = 0.02  Optimized mu = -0.0518288500635  entropy = 1.50720084521
    Total E(T) = -12114.5248238743  Free energy = -12114.5549678912  E0 = -12114.5398958828
cycle= 4 E= -12114.5248238743  delta_E= -0.000199  |g|= 0.0454  |ddm|= 31.4
    sigma = 0.02  Optimized mu = -0.0517918152753  entropy = 1.50735287428
    Total E(T) = -12114.5248980012  Free energy = -12114.5550450587  E0 = -12114.5399715299
cycle= 5 E= -12114.5248980012  delta_E= -7.41e-05  |g|= 0.0262  |ddm|= 16.1
    sigma = 0.02  Optimized mu = -0.051830251176  entropy = 1.50710048746
    Total E(T) = -12114.5249258377  Free energy = -12114.5550678474  E0 = -12114.5399968426
cycle= 6 E= -12114.5249258377  delta_E= -2.78e-05  |g|= 0.0156  |ddm|= 14.2
    sigma = 0.02  Optimized mu = -0.0518361369996  entropy = 1.50711215709
    Total E(T) = -12114.524935465  Free energy = -12114.5550777081  E0 = -12114.5400065866
cycle= 7 E= -12114.524935465  delta_E= -9.63e-06  |g|= 0.00938  |ddm|= 9.17
    sigma = 0.02  Optimized mu = -0.0518459384736  entropy = 1.5070856861
    Total E(T) = -12114.5249388924  Free energy = -12114.5550806062  E0 = -12114.5400097493
cycle= 8 E= -12114.5249388924  delta_E= -3.43e-06  |g|= 0.00563  |ddm|=  4.6
    sigma = 0.02  Optimized mu = -0.151703319869  entropy = 51.012534891
    Total E(T) = -12113.9985218855  Free energy = -12115.0187725834  E0 = -12114.5086472345
Extra cycle  E= -12113.9985218855  delta_E= 0.526  |g|= 0.418  |ddm|= 4.06e+03
converged SCF energy = -12113.9985218855
dm0 check [[[ 1.89789151e-01  3.06170961e-01 -6.27459850e-02 ...  6.71592321e-07
   -1.10285830e-07 -2.15595295e-06]
  [ 3.06170961e-01  5.07731290e-01 -1.67374344e-01 ...  2.16501231e-06
   -6.97086339e-07 -6.10184772e-06]
  [-6.27459850e-02 -1.67374344e-01  3.38436301e-01 ... -4.97015690e-06
    1.63549191e-06  1.47023789e-05]
  ...
  [ 6.71592321e-07  2.16501231e-06 -4.97015690e-06 ...  4.20282599e-07
   -1.42373807e-07  6.92580151e-08]
  [-1.10285830e-07 -6.97086339e-07  1.63549191e-06 ... -1.42373807e-07
    3.03293521e-07  1.28941593e-08]
  [-2.15595295e-06 -6.10184772e-06  1.47023789e-05 ...  6.92580151e-08
    1.28941593e-08  3.29362099e-07]]

 [[ 1.89768402e-01  3.06114428e-01 -6.26176590e-02 ...  8.96686176e-07
   -8.16099344e-08 -2.03802313e-06]
  [ 3.06114428e-01  5.07580363e-01 -1.67035737e-01 ...  2.77033114e-06
   -6.17436637e-07 -5.78642094e-06]
  [-6.26176590e-02 -1.67035737e-01  3.37679397e-01 ... -6.41914303e-06
    1.42275248e-06  1.39635520e-05]
  ...
  [ 8.96686176e-07  2.77033114e-06 -6.41914303e-06 ...  4.05665604e-07
   -1.43844370e-07  7.19722841e-08]
  [-8.16099344e-08 -6.17436637e-07  1.42275248e-06 ... -1.43844370e-07
    3.04446662e-07  8.71616706e-09]
  [-2.03802313e-06 -5.78642094e-06  1.39635520e-05 ...  7.19722841e-08
    8.71616706e-09  3.17843130e-07]]]


******** <class 'pyscf.scf.addons.SmearingDFUKS'> ********
method = SmearingDFUKS
initial guess = minao
damping factor = 0.15
level_shift factor = 0.2
DIIS = <class 'pyscf.scf.diis.CDIIS'>
diis_start_cycle = 1
diis_space = 12
diis_damp = 0
SCF conv_tol = 5e-05
SCF conv_tol_grad = None
SCF max_cycles = 200
direct_scf = True
direct_scf_tol = 1e-13
chkfile to save SCF result = /tmp/tmpf7b_kaye
max_memory 4000 MB (current use 87224 MB)
number electrons alpha = 325  beta = 323
XC library pyscf.dft.libxc version 6.1.0
    S. Lehtola, C. Steigemann, M. J.T. Oliveira, and M. A.L. Marques.,  SoftwareX 7, 1–5 (2018)
XC functionals = pbe
    J. P. Perdew, K. Burke, and M. Ernzerhof.,  Phys. Rev. Lett. 77, 3865 (1996)
    J. P. Perdew, K. Burke, and M. Ernzerhof.,  Phys. Rev. Lett. 78, 1396 (1997)
    J. P. Perdew, K. Burke, and M. Ernzerhof.,  Phys. Rev. Lett. 77, 3865 (1996)
    J. P. Perdew, K. Burke, and M. Ernzerhof.,  Phys. Rev. Lett. 78, 1396 (1997)
small_rho_cutoff = 1e-06
Set gradient conv threshold to 0.00707107
    Total E(T) = -12114.081544359  Free energy = -12114.1456488124  E0 = -12114.1135965857
init E= -12114.081544359
    sigma = 0.005  Optimized mu_alpha = -0.196663642435  entropy = 3.38658344868e-07
    sigma = 0.005  Optimized mu_beta  = -0.199200367934  entropy = 3.38658344868e-07
    Total E(T) = -12114.0815207358  Free energy = -12114.0815207375  E0 = -12114.0815207367
cycle= 1 E= -12114.0815207358  delta_E= 2.36e-05  |g|= 0.06  |ddm|= 39.5
    sigma = 0.005  Optimized mu_alpha = -0.197547082034  entropy = 3.34757959619e-07
    sigma = 0.005  Optimized mu_beta  = -0.200119786284  entropy = 3.34757959619e-07
    Total E(T) = -12114.0809965704  Free energy = -12114.080996572  E0 = -12114.0809965712
cycle= 2 E= -12114.0809965704  delta_E= 0.000524  |g|= 0.181  |ddm|=  125
    sigma = 0.005  Optimized mu_alpha = -0.197000482982  entropy = 3.37082790141e-07
    sigma = 0.005  Optimized mu_beta  = -0.199544530493  entropy = 3.37082790141e-07
    Total E(T) = -12114.0813672433  Free energy = -12114.081367245  E0 = -12114.0813672442
cycle= 3 E= -12114.0813672433  delta_E= -0.000371  |g|= 0.0852  |ddm|= 50.9
    sigma = 0.005  Optimized mu_alpha = -0.196965668758  entropy = 3.37194634055e-07
    sigma = 0.005  Optimized mu_beta  = -0.199508596307  entropy = 3.37194634055e-07
    Total E(T) = -12114.0815148118  Free energy = -12114.0815148135  E0 = -12114.0815148126
cycle= 4 E= -12114.0815148118  delta_E= -0.000148  |g|= 0.0456  |ddm|= 22.6
    sigma = 0.005  Optimized mu_alpha = -0.196911998577  entropy = 3.37208631155e-07
    sigma = 0.005  Optimized mu_beta  = -0.199454696203  entropy = 3.37208631155e-07
    Total E(T) = -12114.0815614748  Free energy = -12114.0815614765  E0 = -12114.0815614756
cycle= 5 E= -12114.0815614748  delta_E= -4.67e-05  |g|= 0.0282  |ddm|= 11.8
    sigma = 0.005  Optimized mu_alpha = -0.196971972381  entropy = 3.36990509713e-07
    sigma = 0.005  Optimized mu_beta  = -0.199515253626  entropy = 3.36990509713e-07
    Total E(T) = -12114.0815779241  Free energy = -12114.0815779258  E0 = -12114.0815779249
cycle= 6 E= -12114.0815779241  delta_E= -1.64e-05  |g|= 0.0146  |ddm|= 8.55
    sigma = 0.005  Optimized mu_alpha = -0.196980673363  entropy = 3.37010401037e-07
    sigma = 0.005  Optimized mu_beta  = -0.199523855648  entropy = 3.37010401037e-07
    Total E(T) = -12114.0815831158  Free energy = -12114.0815831175  E0 = -12114.0815831166
cycle= 7 E= -12114.0815831158  delta_E= -5.19e-06  |g|= 0.00892  |ddm|= 6.16
    sigma = 0.005  Optimized mu_alpha = -0.196985971983  entropy = 3.36949184893e-07
    sigma = 0.005  Optimized mu_beta  = -0.199529847132  entropy = 3.36949184893e-07
    Total E(T) = -12114.0815849016  Free energy = -12114.0815849033  E0 = -12114.0815849024
cycle= 8 E= -12114.0815849016  delta_E= -1.79e-06  |g|= 0.00447  |ddm|= 2.75
    sigma = 0.005  Optimized mu_alpha = -0.296500709756  entropy = 12.8325163815
    sigma = 0.005  Optimized mu_beta  = -0.29938485152  entropy = 12.8325163815
    Total E(T) = -12114.0461937712  Free energy = -12114.1103563531  E0 = -12114.0782750622
Extra cycle  E= -12114.0461937712  delta_E= 0.0354  |g|= 0.215  |ddm|=  898
converged SCF energy = -12114.0461937712  <S^2> = 3.7627591  2S+1 = 4.0063745
[timing] right/Al ensemble SCF = 1048.8s
[timing] collect state = 0.0s
[timing] grad contraction = 1.6s
Npdft 666.0000340634602
[timing] checkpoint save = 0.0s
[EVAL step=   3] L=-12265.38620262 Ef=-12265.39283340 L1=9.51400845e-01 |grad|=1.86863e-02 t=1262.9s
[EVAL step=4] |b|=4.864377e-01 max|b|=7.633100e-02
[timing] build AO Vp from S3 = 1.6s
[diagnostic] |vpl|=5.123343e-01 max|vpl|=7.529121e-02
[diagnostic] |vpr|=6.507191e-01 max|vpr|=5.913634e-02
[diagnostic] |vpref|=7.524801e-01 max|vpref|=7.525109e-02
dm0 check [[[ 1.51511507e-09  2.24391764e-08  1.89790082e-07 ... -1.14718990e-07
    7.42477045e-07  6.64943306e-08]
  [ 2.24391764e-08  3.34444763e-07  2.75067587e-06 ... -1.77767125e-06
    1.10110602e-05  1.04757907e-06]
  [ 1.89790082e-07  2.75067587e-06  2.57238102e-05 ... -1.02769953e-05
    9.27869282e-05  4.99876750e-06]
  ...
  [-1.14718990e-07 -1.77767125e-06 -1.02769953e-05 ...  2.27166703e-04
    1.81897159e-06 -1.91352281e-04]
  [ 7.42477045e-07  1.10110602e-05  9.27869282e-05 ...  1.81897159e-06
    4.79980205e-04 -1.62432622e-06]
  [ 6.64943306e-08  1.04757907e-06  4.99876750e-06 ... -1.91352281e-04
   -1.62432622e-06  6.55604862e-04]]

 [[ 2.14412506e-09  3.18476057e-08  2.65523940e-07 ... -7.48707043e-08
    1.03578288e-06  2.38439018e-08]
  [ 3.18476057e-08  4.74248514e-07  3.91397520e-06 ... -9.93113263e-07
    1.53190814e-05  2.50155752e-07]
  [ 2.65523940e-07  3.91397520e-06  3.37625800e-05 ... -1.10142938e-05
    1.30901577e-04  4.52868661e-06]
  ...
  [-7.48707043e-08 -9.93113263e-07 -1.10142938e-05 ...  2.49604179e-04
    2.27939104e-06 -2.10130198e-04]
  [ 1.03578288e-06  1.53190814e-05  1.30901577e-04 ...  2.27939104e-06
    5.52938810e-04 -2.04467526e-06]
  [ 2.38439018e-08  2.50155752e-07  4.52868661e-06 ... -2.10130198e-04
   -2.04467526e-06  7.46013355e-04]]]
converged SCF energy = -150.226693714539  <S^2> = 2.0045398  2S+1 = 3.003025
dm0 check [[[ 1.14640389e-09  1.70870133e-08  1.38753939e-07 ... -8.06188010e-08
    6.25415508e-07  4.56897409e-08]
  [ 1.70870133e-08  2.56085856e-07  2.02952809e-06 ... -1.06182303e-06
    9.18280262e-06  7.18371405e-07]
  [ 1.38753939e-07  2.02952809e-06  1.80707535e-05 ... -1.26946238e-05
    8.12949622e-05  3.19865437e-06]
  ...
  [-8.06188010e-08 -1.06182303e-06 -1.26946238e-05 ...  2.39058491e-04
   -1.61625119e-06 -1.68274807e-04]
  [ 6.25415508e-07  9.18280262e-06  8.12949622e-05 ... -1.61625119e-06
    4.44994840e-04 -4.05993503e-06]
  [ 4.56897409e-08  7.18371405e-07  3.19865437e-06 ... -1.68274807e-04
   -4.05993503e-06  5.95722512e-04]]

 [[ 2.53036577e-08  3.85049032e-07  2.83126422e-06 ... -1.48564942e-07
    1.05891592e-07  7.43764912e-08]
  [ 3.85049032e-07  5.86074589e-06  4.30457436e-05 ... -2.17965303e-06
    1.18317950e-06  1.05272041e-06]
  [ 2.83126422e-06  4.30457436e-05  3.17989433e-04 ... -1.75089510e-05
    2.68727894e-05  9.38929285e-06]
  ...
  [-1.48564942e-07 -2.17965303e-06 -1.75089510e-05 ...  2.30571546e-04
    2.08965287e-07 -1.91670976e-04]
  [ 1.05891592e-07  1.18317950e-06  2.68727894e-05 ...  2.08965287e-07
    4.63237986e-04 -3.50230113e-06]
  [ 7.43764912e-08  1.05272041e-06  9.38929285e-06 ... -1.91670976e-04
   -3.50230113e-06  6.49568405e-04]]]
converged SCF energy = -150.244985829834  <S^2> = 0.92979734  2S+1 = 2.1723695
[timing] left/O ensemble SCF = 13.0s
dm0 check [[ 3.79545041e-01  6.12232050e-01 -1.25235873e-01 ...  1.66822775e-06
  -1.27066426e-07 -4.41315207e-06]
 [ 6.12232050e-01  1.01514710e+00 -3.34056333e-01 ...  5.20376465e-06
  -1.13969917e-06 -1.24799831e-05]
 [-1.25235873e-01 -3.34056333e-01  6.75279186e-01 ... -1.20435570e-05
   2.63929716e-06  3.01160040e-05]
 ...
 [ 1.66822775e-06  5.20376465e-06 -1.20435570e-05 ...  7.83273474e-07
  -2.74687639e-07  1.20238577e-07]
 [-1.27066426e-07 -1.13969917e-06  2.63929716e-06 ... -2.74687639e-07
   6.00804381e-07 -1.51958159e-09]
 [-4.41315207e-06 -1.24799831e-05  3.01160040e-05 ...  1.20238577e-07
  -1.51958159e-09  6.60108844e-07]]


******** <class 'pyscf.scf.addons.SmearingDFRKS'> ********
method = SmearingDFRKS
initial guess = minao
damping factor = 0.15
level_shift factor = 0.2
DIIS = <class 'pyscf.scf.diis.CDIIS'>
diis_start_cycle = 1
diis_space = 12
diis_damp = 0
SCF conv_tol = 5e-05
SCF conv_tol_grad = None
SCF max_cycles = 200
direct_scf = True
direct_scf_tol = 1e-13
chkfile to save SCF result = /tmp/tmpdyswdckm
max_memory 4000 MB (current use 87336 MB)
XC library pyscf.dft.libxc version 6.1.0
    S. Lehtola, C. Steigemann, M. J.T. Oliveira, and M. A.L. Marques.,  SoftwareX 7, 1–5 (2018)
XC functionals = pbe
    J. P. Perdew, K. Burke, and M. Ernzerhof.,  Phys. Rev. Lett. 77, 3865 (1996)
    J. P. Perdew, K. Burke, and M. Ernzerhof.,  Phys. Rev. Lett. 78, 1396 (1997)
    J. P. Perdew, K. Burke, and M. Ernzerhof.,  Phys. Rev. Lett. 77, 3865 (1996)
    J. P. Perdew, K. Burke, and M. Ernzerhof.,  Phys. Rev. Lett. 78, 1396 (1997)
small_rho_cutoff = 1e-06
Set gradient conv threshold to 0.00707107
    Total E(T) = -12114.7842818029  Free energy = -12115.8045325007  E0 = -12115.2944071518
init E= -12114.7842818029
    sigma = 0.02  Optimized mu = -0.052050047108  entropy = 1.5045962891
    Total E(T) = -12114.7843065519  Free energy = -12114.8143984777  E0 = -12114.7993525148
cycle= 1 E= -12114.7843065519  delta_E= -2.47e-05  |g|= 0.0155  |ddm|= 58.4
    sigma = 0.02  Optimized mu = -0.0516195639721  entropy = 1.50617848369
    Total E(T) = -12114.7842407162  Free energy = -12114.8143642859  E0 = -12114.7993025011
cycle= 2 E= -12114.7842407162  delta_E= 6.58e-05  |g|= 0.0427  |ddm|= 64.6
    sigma = 0.02  Optimized mu = -0.0518782509605  entropy = 1.50513293206
    Total E(T) = -12114.7843044888  Free energy = -12114.8144071474  E0 = -12114.7993558181
cycle= 3 E= -12114.7843044888  delta_E= -6.38e-05  |g|= 0.0111  |ddm|= 34.1
    sigma = 0.02  Optimized mu = -0.0518871371068  entropy = 1.5051219582
    Total E(T) = -12114.7843144387  Free energy = -12114.8144168779  E0 = -12114.7993656583
cycle= 4 E= -12114.7843144387  delta_E= -9.95e-06  |g|= 0.00632  |ddm|= 12.8
    sigma = 0.02  Optimized mu = -0.151934707321  entropy = 50.989028678
    Total E(T) = -12114.2614941593  Free energy = -12115.2812747329  E0 = -12114.7713844461
Extra cycle  E= -12114.2614941593  delta_E= 0.523  |g|= 0.351  |ddm|= 4.14e+03
converged SCF energy = -12114.2614941593
dm0 check [[[ 1.89794115e-01  3.06173800e-01 -6.27536013e-02 ...  7.09019183e-07
   -7.76692376e-08 -2.16667979e-06]
  [ 3.06173800e-01  5.07727116e-01 -1.67387061e-01 ...  2.26551107e-06
   -6.08656874e-07 -6.13020400e-06]
  [-6.27536013e-02 -1.67387061e-01  3.38469976e-01 ... -5.21219005e-06
    1.41995836e-06  1.47688508e-05]
  ...
  [ 7.09019183e-07  2.26551107e-06 -5.21219005e-06 ...  4.15421512e-07
   -1.43421843e-07  6.30952754e-08]
  [-7.76692376e-08 -6.08656874e-07  1.41995836e-06 ... -1.43421843e-07
    3.04000923e-07  8.50311731e-09]
  [-2.16667979e-06 -6.13020400e-06  1.47688508e-05 ...  6.30952754e-08
    8.50311731e-09  3.29906812e-07]]

 [[ 1.89773341e-01  3.06117199e-01 -6.26250942e-02 ...  9.31795927e-07
   -5.12886069e-08 -2.05007252e-06]
  [ 3.06117199e-01  5.07576004e-01 -1.67047961e-01 ...  2.86466671e-06
   -5.35140296e-07 -5.81836003e-06]
  [-6.26250942e-02 -1.67047961e-01  3.37711776e-01 ... -6.64716135e-06
    1.22146168e-06  1.40387942e-05]
  ...
  [ 9.31795927e-07  2.86466671e-06 -6.64716135e-06 ...  4.01056816e-07
   -1.44766670e-07  6.59005878e-08]
  [-5.12886069e-08 -5.35140296e-07  1.22146168e-06 ... -1.44766670e-07
    3.05344793e-07  4.37383191e-09]
  [-2.05007252e-06 -5.81836003e-06  1.40387942e-05 ...  6.59005878e-08
    4.37383191e-09  3.18414895e-07]]]


******** <class 'pyscf.scf.addons.SmearingDFUKS'> ********
method = SmearingDFUKS
initial guess = minao
damping factor = 0.15
level_shift factor = 0.2
DIIS = <class 'pyscf.scf.diis.CDIIS'>
diis_start_cycle = 1
diis_space = 12
diis_damp = 0
SCF conv_tol = 5e-05
SCF conv_tol_grad = None
SCF max_cycles = 200
direct_scf = True
direct_scf_tol = 1e-13
chkfile to save SCF result = /tmp/tmpf7b_kaye
max_memory 4000 MB (current use 87336 MB)
number electrons alpha = 325  beta = 323
XC library pyscf.dft.libxc version 6.1.0
    S. Lehtola, C. Steigemann, M. J.T. Oliveira, and M. A.L. Marques.,  SoftwareX 7, 1–5 (2018)
XC functionals = pbe
    J. P. Perdew, K. Burke, and M. Ernzerhof.,  Phys. Rev. Lett. 77, 3865 (1996)
    J. P. Perdew, K. Burke, and M. Ernzerhof.,  Phys. Rev. Lett. 78, 1396 (1997)
    J. P. Perdew, K. Burke, and M. Ernzerhof.,  Phys. Rev. Lett. 77, 3865 (1996)
    J. P. Perdew, K. Burke, and M. Ernzerhof.,  Phys. Rev. Lett. 78, 1396 (1997)
small_rho_cutoff = 1e-06
Set gradient conv threshold to 0.00707107
    Total E(T) = -12114.3406901632  Free energy = -12114.4048527451  E0 = -12114.3727714542
init E= -12114.3406901632
    sigma = 0.005  Optimized mu_alpha = -0.19725044028  entropy = 3.34045481122e-07
    sigma = 0.005  Optimized mu_beta  = -0.199806146534  entropy = 3.34045481122e-07
    Total E(T) = -12114.3407071762  Free energy = -12114.3407071779  E0 = -12114.340707177
cycle= 1 E= -12114.3407071762  delta_E= -1.7e-05  |g|= 0.0264  |ddm|=   39
    sigma = 0.005  Optimized mu_alpha = -0.196654972155  entropy = 3.3688401332e-07
    sigma = 0.005  Optimized mu_beta  = -0.199192827547  entropy = 3.3688401332e-07
    Total E(T) = -12114.3406060564  Free energy = -12114.3406060581  E0 = -12114.3406060573
cycle= 2 E= -12114.3406060564  delta_E= 0.000101  |g|= 0.0718  |ddm|= 58.3
    sigma = 0.005  Optimized mu_alpha = -0.197028672759  entropy = 3.34589022297e-07
    sigma = 0.005  Optimized mu_beta  = -0.199582654677  entropy = 3.34589022297e-07
    Total E(T) = -12114.3406960482  Free energy = -12114.3406960498  E0 = -12114.340696049
cycle= 3 E= -12114.3406960482  delta_E= -9e-05  |g|= 0.0254  |ddm|= 29.3
    sigma = 0.005  Optimized mu_alpha = -0.197062526581  entropy = 3.34708549224e-07
    sigma = 0.005  Optimized mu_beta  = -0.199615283992  entropy = 3.34708549224e-07
    Total E(T) = -12114.3407189227  Free energy = -12114.3407189243  E0 = -12114.3407189235
cycle= 4 E= -12114.3407189227  delta_E= -2.29e-05  |g|= 0.00983  |ddm|=   11
    sigma = 0.005  Optimized mu_alpha = -0.197058764373  entropy = 3.34781725237e-07
    sigma = 0.005  Optimized mu_beta  = -0.199611442478  entropy = 3.34781725237e-07
    Total E(T) = -12114.340722894  Free energy = -12114.3407228956  E0 = -12114.3407228948
cycle= 5 E= -12114.340722894  delta_E= -3.97e-06  |g|= 0.00536  |ddm|= 5.02
    sigma = 0.005  Optimized mu_alpha = -0.296592592813  entropy = 12.8139309225
    sigma = 0.005  Optimized mu_beta  = -0.299484989222  entropy = 12.8139309225
    Total E(T) = -12114.306069227  Free energy = -12114.3701388816  E0 = -12114.3381040543
Extra cycle  E= -12114.306069227  delta_E= 0.0347  |g|= 0.147  |ddm|=  888
converged SCF energy = -12114.306069227  <S^2> = 3.7627581  2S+1 = 4.0063739
[timing] right/Al ensemble SCF = 709.8s
[timing] collect state = 0.0s
[timing] grad contraction = 1.6s
Npdft 666.0000340522595
[timing] checkpoint save = 0.0s
[EVAL step=   4] L=-12265.38534439 Ef=-12265.39210961 L1=9.77266777e-01 |grad|=1.86772e-02 t=924.6s
[EVAL step=5] |b|=4.909330e-01 max|b|=7.633100e-02
[timing] build AO Vp from S3 = 1.6s
[diagnostic] |vpl|=5.146667e-01 max|vpl|=7.548701e-02
[diagnostic] |vpr|=6.559617e-01 max|vpr|=5.924438e-02
[diagnostic] |vpref|=7.577548e-01 max|vpref|=7.544660e-02
dm0 check [[[ 1.51511345e-09  2.24391537e-08  1.89789845e-07 ... -1.14719041e-07
    7.42476856e-07  6.64943793e-08]
  [ 2.24391537e-08  3.34444425e-07  2.75067274e-06 ... -1.77767171e-06
    1.10110573e-05  1.04757954e-06]
  [ 1.89789845e-07  2.75067274e-06  2.57237806e-05 ... -1.02769975e-05
    9.27869110e-05  4.99876992e-06]
  ...
  [-1.14719041e-07 -1.77767171e-06 -1.02769975e-05 ...  2.27166714e-04
    1.81897069e-06 -1.91352291e-04]
  [ 7.42476856e-07  1.10110573e-05  9.27869110e-05 ...  1.81897069e-06
    4.79980266e-04 -1.62432538e-06]
  [ 6.64943793e-08  1.04757954e-06  4.99876992e-06 ... -1.91352291e-04
   -1.62432538e-06  6.55604932e-04]]

 [[ 2.14412288e-09  3.18475751e-08  2.65523668e-07 ... -7.48706513e-08
    1.03578247e-06  2.38438681e-08]
  [ 3.18475751e-08  4.74248065e-07  3.91397161e-06 ... -9.93113945e-07
    1.53190755e-05  2.50156401e-07]
  [ 2.65523668e-07  3.91397161e-06  3.37625491e-05 ... -1.10142914e-05
    1.30901535e-04  4.52868544e-06]
  ...
  [-7.48706513e-08 -9.93113945e-07 -1.10142914e-05 ...  2.49604200e-04
    2.27939015e-06 -2.10130218e-04]
  [ 1.03578247e-06  1.53190755e-05  1.30901535e-04 ...  2.27939015e-06
    5.52938890e-04 -2.04467291e-06]
  [ 2.38438681e-08  2.50156401e-07  4.52868544e-06 ... -2.10130218e-04
   -2.04467291e-06  7.46013452e-04]]]
converged SCF energy = -150.226693714539  <S^2> = 2.0045398  2S+1 = 3.003025
dm0 check [[[ 1.14641745e-09  1.70871841e-08  1.38754813e-07 ... -8.06196941e-08
    6.25417120e-07  4.56926965e-08]
  [ 1.70871841e-08  2.56087717e-07  2.02954043e-06 ... -1.06182579e-06
    9.18282741e-06  7.18406974e-07]
  [ 1.38754813e-07  2.02954043e-06  1.80708466e-05 ... -1.26946806e-05
    8.12951703e-05  3.19891372e-06]
  ...
  [-8.06196941e-08 -1.06182579e-06 -1.26946806e-05 ...  2.39058742e-04
   -1.61627706e-06 -1.68275179e-04]
  [ 6.25417120e-07  9.18282741e-06  8.12951703e-05 ... -1.61627706e-06
    4.44995293e-04 -4.05994829e-06]
  [ 4.56926965e-08  7.18406974e-07  3.19891372e-06 ... -1.68275179e-04
   -4.05994829e-06  5.95722691e-04]]

 [[ 2.53030872e-08  3.85041148e-07  2.83121281e-06 ... -1.48564709e-07
    1.05890540e-07  7.43821276e-08]
  [ 3.85041148e-07  5.86063793e-06  4.30450523e-05 ... -2.17963110e-06
    1.18320858e-06  1.05278733e-06]
  [ 2.83121281e-06  4.30450523e-05  3.17985100e-04 ... -1.75088049e-05
    2.68728932e-05  9.38978176e-06]
  ...
  [-1.48564709e-07 -2.17963110e-06 -1.75088049e-05 ...  2.30571482e-04
    2.08982238e-07 -1.91671362e-04]
  [ 1.05890540e-07  1.18320858e-06  2.68728932e-05 ...  2.08982238e-07
    4.63238233e-04 -3.50223686e-06]
  [ 7.43821276e-08  1.05278733e-06  9.38978176e-06 ... -1.91671362e-04
   -3.50223686e-06  6.49568189e-04]]]
converged SCF energy = -150.244985829832  <S^2> = 0.92979752  2S+1 = 2.1723697
[timing] left/O ensemble SCF = 11.5s
dm0 check [[ 3.79535378e-01  6.12226697e-01 -1.25221617e-01 ...  1.59569364e-06
  -1.98430012e-07 -4.38995141e-06]
 [ 6.12226697e-01  1.01515587e+00 -3.34033107e-01 ...  5.00891680e-06
  -1.33316710e-06 -1.24185170e-05]
 [-1.25221617e-01 -3.34033107e-01  6.75217636e-01 ... -1.15734580e-05
   3.11142365e-06  2.99713189e-05]
 ...
 [ 1.59569364e-06  5.00891680e-06 -1.15734580e-05 ...  7.91430301e-07
  -2.73129423e-07  1.32704821e-07]
 [-1.98430012e-07 -1.33316710e-06  3.11142365e-06 ... -2.73129423e-07
   5.98596526e-07  7.78268901e-09]
 [-4.38995141e-06 -1.24185170e-05  2.99713189e-05 ...  1.32704821e-07
   7.78268901e-09  6.58545363e-07]]


******** <class 'pyscf.scf.addons.SmearingDFRKS'> ********
method = SmearingDFRKS
initial guess = minao
damping factor = 0.15
level_shift factor = 0.2
DIIS = <class 'pyscf.scf.diis.CDIIS'>
diis_start_cycle = 1
diis_space = 12
diis_damp = 0
SCF conv_tol = 5e-05
SCF conv_tol_grad = None
SCF max_cycles = 200
direct_scf = True
direct_scf_tol = 1e-13
chkfile to save SCF result = /tmp/tmpdyswdckm
max_memory 4000 MB (current use 87261 MB)
XC library pyscf.dft.libxc version 6.1.0
    S. Lehtola, C. Steigemann, M. J.T. Oliveira, and M. A.L. Marques.,  SoftwareX 7, 1–5 (2018)
XC functionals = pbe
    J. P. Perdew, K. Burke, and M. Ernzerhof.,  Phys. Rev. Lett. 77, 3865 (1996)
    J. P. Perdew, K. Burke, and M. Ernzerhof.,  Phys. Rev. Lett. 78, 1396 (1997)
    J. P. Perdew, K. Burke, and M. Ernzerhof.,  Phys. Rev. Lett. 77, 3865 (1996)
    J. P. Perdew, K. Burke, and M. Ernzerhof.,  Phys. Rev. Lett. 78, 1396 (1997)
small_rho_cutoff = 1e-06
Set gradient conv threshold to 0.00707107
    Total E(T) = -12114.762011897  Free energy = -12115.7817924705  E0 = -12115.2719021838
init E= -12114.762011897
    sigma = 0.02  Optimized mu = -0.0519403270363  entropy = 1.50500144367
    Total E(T) = -12114.7619910075  Free energy = -12114.7920910364  E0 = -12114.7770410219
cycle= 1 E= -12114.7619910075  delta_E= 2.09e-05  |g|= 0.0273  |ddm|=   36
    sigma = 0.02  Optimized mu = -0.0515331214264  entropy = 1.50733572665
    Total E(T) = -12114.7617281025  Free energy = -12114.7918748171  E0 = -12114.7768014598
cycle= 2 E= -12114.7617281025  delta_E= 0.000263  |g|= 0.0942  |ddm|=  111
    sigma = 0.02  Optimized mu = -0.0518387287049  entropy = 1.50554532816
    Total E(T) = -12114.7619060873  Free energy = -12114.7920169938  E0 = -12114.7769615406
cycle= 3 E= -12114.7619060873  delta_E= -0.000178  |g|= 0.0461  |ddm|= 40.6
    sigma = 0.02  Optimized mu = -0.0518393756244  entropy = 1.50545485811
    Total E(T) = -12114.7619677201  Free energy = -12114.7920768173  E0 = -12114.7770222687
cycle= 4 E= -12114.7619677201  delta_E= -6.16e-05  |g|= 0.03  |ddm|= 20.4
    sigma = 0.02  Optimized mu = -0.0518487015981  entropy = 1.5054030581
    Total E(T) = -12114.7619931052  Free energy = -12114.7921011664  E0 = -12114.7770471358
cycle= 5 E= -12114.7619931052  delta_E= -2.54e-05  |g|= 0.0204  |ddm|= 9.93
    sigma = 0.02  Optimized mu = -0.0518473235086  entropy = 1.5054092703
    Total E(T) = -12114.7620045635  Free energy = -12114.7921127489  E0 = -12114.7770586562
cycle= 6 E= -12114.7620045635  delta_E= -1.15e-05  |g|= 0.0135  |ddm|= 5.25
    sigma = 0.02  Optimized mu = -0.0518492103562  entropy = 1.5054013983
    Total E(T) = -12114.7620095767  Free energy = -12114.7921176047  E0 = -12114.7770635907
cycle= 7 E= -12114.7620095767  delta_E= -5.01e-06  |g|= 0.00984  |ddm|= 4.56
    sigma = 0.02  Optimized mu = -0.0518462444104  entropy = 1.50540996264
    Total E(T) = -12114.7620119266  Free energy = -12114.7921201259  E0 = -12114.7770660262
cycle= 8 E= -12114.7620119266  delta_E= -2.35e-06  |g|= 0.00691  |ddm|= 2.73
    sigma = 0.02  Optimized mu = -0.151893263626  entropy = 50.9917119519
    Total E(T) = -12114.2384515897  Free energy = -12115.2582858287  E0 = -12114.7483687092
Extra cycle  E= -12114.2384515897  delta_E= 0.524  |g|= 0.371  |ddm|= 4.12e+03
converged SCF energy = -12114.2384515897
dm0 check [[[ 1.89789267e-01  3.06171109e-01 -6.27464165e-02 ...  6.72464368e-07
   -1.10055917e-07 -2.15591217e-06]
  [ 3.06171109e-01  5.07731500e-01 -1.67375356e-01 ...  2.16735119e-06
   -6.96454776e-07 -6.10172953e-06]
  [-6.27464165e-02 -1.67375356e-01  3.38438965e-01 ... -4.97576888e-06
    1.63390077e-06  1.47021168e-05]
  ...
  [ 6.72464368e-07  2.16735119e-06 -4.97576888e-06 ...  4.20204296e-07
   -1.42358752e-07  6.92394489e-08]
  [-1.10055917e-07 -6.96454776e-07  1.63390077e-06 ... -1.42358752e-07
    3.03185790e-07  1.27939869e-08]
  [-2.15591217e-06 -6.10172953e-06  1.47021168e-05 ...  6.92394489e-08
    1.27939869e-08  3.29217539e-07]]

 [[ 1.89768512e-01  3.06114562e-01 -6.26180499e-02 ...  8.96771230e-07
   -8.22802093e-08 -2.03686900e-06]
  [ 3.06114562e-01  5.07580534e-01 -1.67036635e-01 ...  2.77055125e-06
   -6.19235623e-07 -5.78329654e-06]
  [-6.26180499e-02 -1.67036635e-01  3.37681750e-01 ... -6.41967028e-06
    1.42706882e-06  1.39559785e-05]
  ...
  [ 8.96771230e-07  2.77055125e-06 -6.41967028e-06 ...  4.05604402e-07
   -1.43815923e-07  7.19464347e-08]
  [-8.22802093e-08 -6.19235623e-07  1.42706882e-06 ... -1.43815923e-07
    3.04322897e-07  8.62267196e-09]
  [-2.03686900e-06 -5.78329654e-06  1.39559785e-05 ...  7.19464347e-08
    8.62267196e-09  3.17684261e-07]]]


******** <class 'pyscf.scf.addons.SmearingDFUKS'> ********
method = SmearingDFUKS
initial guess = minao
damping factor = 0.15
level_shift factor = 0.2
DIIS = <class 'pyscf.scf.diis.CDIIS'>
diis_start_cycle = 1
diis_space = 12
diis_damp = 0
SCF conv_tol = 5e-05
SCF conv_tol_grad = None
SCF max_cycles = 200
direct_scf = True
direct_scf_tol = 1e-13
chkfile to save SCF result = /tmp/tmpf7b_kaye
max_memory 4000 MB (current use 87261 MB)
number electrons alpha = 325  beta = 323
XC library pyscf.dft.libxc version 6.1.0
    S. Lehtola, C. Steigemann, M. J.T. Oliveira, and M. A.L. Marques.,  SoftwareX 7, 1–5 (2018)
XC functionals = pbe
    J. P. Perdew, K. Burke, and M. Ernzerhof.,  Phys. Rev. Lett. 77, 3865 (1996)
    J. P. Perdew, K. Burke, and M. Ernzerhof.,  Phys. Rev. Lett. 78, 1396 (1997)
    J. P. Perdew, K. Burke, and M. Ernzerhof.,  Phys. Rev. Lett. 77, 3865 (1996)
    J. P. Perdew, K. Burke, and M. Ernzerhof.,  Phys. Rev. Lett. 78, 1396 (1997)
small_rho_cutoff = 1e-06
Set gradient conv threshold to 0.00707107
    Total E(T) = -12114.3184530132  Free energy = -12114.3825226678  E0 = -12114.3504878405
init E= -12114.3184530132
    sigma = 0.005  Optimized mu_alpha = -0.196997366528  entropy = 3.34848360687e-07
    sigma = 0.005  Optimized mu_beta  = -0.199552085523  entropy = 3.34848360687e-07
    Total E(T) = -12114.3184497636  Free energy = -12114.3184497653  E0 = -12114.3184497644
cycle= 1 E= -12114.3184497636  delta_E= 3.25e-06  |g|= 0.0141  |ddm|= 20.5
    sigma = 0.005  Optimized mu_alpha = -0.196939702055  entropy = 3.36012699109e-07
    sigma = 0.005  Optimized mu_beta  = -0.199482734586  entropy = 3.36012699109e-07
    Total E(T) = -12114.3184186068  Free energy = -12114.3184186085  E0 = -12114.3184186076
cycle= 2 E= -12114.3184186068  delta_E= 3.12e-05  |g|= 0.0417  |ddm|= 38.3
    sigma = 0.005  Optimized mu_alpha = -0.197015627048  entropy = 3.35063220093e-07
    sigma = 0.005  Optimized mu_beta  = -0.199567297542  entropy = 3.35063220093e-07
    Total E(T) = -12114.3184418897  Free energy = -12114.3184418914  E0 = -12114.3184418906
cycle= 3 E= -12114.3184418897  delta_E= -2.33e-05  |g|= 0.0184  |ddm|= 12.3
    sigma = 0.005  Optimized mu_alpha = -0.197008444998  entropy = 3.35051466656e-07
    sigma = 0.005  Optimized mu_beta  = -0.199560502365  entropy = 3.35051466656e-07
    Total E(T) = -12114.3184498536  Free energy = -12114.3184498553  E0 = -12114.3184498545
cycle= 4 E= -12114.3184498536  delta_E= -7.96e-06  |g|= 0.0106  |ddm|= 6.28
    sigma = 0.005  Optimized mu_alpha = -0.196999751031  entropy = 3.35049334457e-07
    sigma = 0.005  Optimized mu_beta  = -0.199552083279  entropy = 3.35049334457e-07
    Total E(T) = -12114.3184524136  Free energy = -12114.3184524153  E0 = -12114.3184524145
cycle= 5 E= -12114.3184524136  delta_E= -2.56e-06  |g|= 0.00671  |ddm|= 3.99
    sigma = 0.005  Optimized mu_alpha = -0.296581413978  entropy = 12.811595609
    sigma = 0.005  Optimized mu_beta  = -0.299474820947  entropy = 12.811595609
    Total E(T) = -12114.2838544326  Free energy = -12114.3479124106  E0 = -12114.3158834216
Extra cycle  E= -12114.2838544326  delta_E= 0.0346  |g|= 0.147  |ddm|=  892
converged SCF energy = -12114.2838544326  <S^2> = 3.7627621  2S+1 = 4.0063759
[timing] right/Al ensemble SCF = 865.1s
[timing] collect state = 0.0s
[timing] grad contraction = 1.6s
Npdft 666.0000340607966
[timing] checkpoint save = 0.0s
[EVAL step=   5] L=-12265.38619759 Ef=-12265.39297407 L1=9.77295928e-01 |grad|=1.86531e-02 t=1078.5s
[EVAL step=6] |b|=4.860963e-01 max|b|=7.633100e-02
[timing] build AO Vp from S3 = 1.7s
[diagnostic] |vpl|=5.122266e-01 max|vpl|=7.528306e-02
[diagnostic] |vpr|=6.502560e-01 max|vpr|=5.913177e-02
[diagnostic] |vpref|=7.520535e-01 max|vpref|=7.524300e-02
dm0 check [[[ 1.51511415e-09  2.24391628e-08  1.89789947e-07 ... -1.14718984e-07
    7.42476838e-07  6.64943258e-08]
  [ 2.24391628e-08  3.34444541e-07  2.75067408e-06 ... -1.77767093e-06
    1.10110575e-05  1.04757877e-06]
  [ 1.89789947e-07  2.75067408e-06  2.57237936e-05 ... -1.02769919e-05
    9.27869045e-05  4.99876461e-06]
  ...
  [-1.14718984e-07 -1.77767093e-06 -1.02769919e-05 ...  2.27166733e-04
    1.81897134e-06 -1.91352306e-04]
  [ 7.42476838e-07  1.10110575e-05  9.27869045e-05 ...  1.81897134e-06
    4.79980259e-04 -1.62432546e-06]
  [ 6.64943258e-08  1.04757877e-06  4.99876461e-06 ... -1.91352306e-04
   -1.62432546e-06  6.55604939e-04]]

 [[ 2.14412378e-09  3.18475878e-08  2.65523769e-07 ... -7.48705966e-08
    1.03578261e-06  2.38438148e-08]
  [ 3.18475878e-08  4.74248243e-07  3.91397303e-06 ... -9.93113260e-07
    1.53190777e-05  2.50155737e-07]
  [ 2.65523769e-07  3.91397303e-06  3.37625602e-05 ... -1.10142876e-05
    1.30901546e-04  4.52868172e-06]
  ...
  [-7.48705966e-08 -9.93113260e-07 -1.10142876e-05 ...  2.49604209e-04
    2.27939089e-06 -2.10130225e-04]
  [ 1.03578261e-06  1.53190777e-05  1.30901546e-04 ...  2.27939089e-06
    5.52938841e-04 -2.04467317e-06]
  [ 2.38438148e-08  2.50155737e-07  4.52868172e-06 ... -2.10130225e-04
   -2.04467317e-06  7.46013408e-04]]]
converged SCF energy = -150.22669371454  <S^2> = 2.0045398  2S+1 = 3.003025
dm0 check [[[ 1.14640648e-09  1.70870363e-08  1.38753766e-07 ... -8.06181611e-08
    6.25414530e-07  4.56915041e-08]
  [ 1.70870363e-08  2.56085699e-07  2.02952709e-06 ... -1.06181952e-06
    9.18279720e-06  7.18389933e-07]
  [ 1.38753766e-07  2.02952709e-06  1.80707419e-05 ... -1.26946015e-05
    8.12948677e-05  3.19878429e-06]
  ...
  [-8.06181611e-08 -1.06181952e-06 -1.26946015e-05 ...  2.39058919e-04
   -1.61646206e-06 -1.68275036e-04]
  [ 6.25414530e-07  9.18279720e-06  8.12948677e-05 ... -1.61646206e-06
    4.44995046e-04 -4.06014496e-06]
  [ 4.56915041e-08  7.18389933e-07  3.19878429e-06 ... -1.68275036e-04
   -4.06014496e-06  5.95722908e-04]]

 [[ 2.53030893e-08  3.85040792e-07  2.83121159e-06 ... -1.48563626e-07
    1.05888903e-07  7.43804316e-08]
  [ 3.85040792e-07  5.86062650e-06  4.30449919e-05 ... -2.17962744e-06
    1.18318299e-06  1.05277454e-06]
  [ 2.83121159e-06  4.30449919e-05  3.17984803e-04 ... -1.75087729e-05
    2.68725759e-05  9.38968399e-06]
  ...
  [-1.48563626e-07 -2.17962744e-06 -1.75087729e-05 ...  2.30571627e-04
    2.08962394e-07 -1.91671233e-04]
  [ 1.05888903e-07  1.18318299e-06  2.68725759e-05 ...  2.08962394e-07
    4.63238037e-04 -3.50226009e-06]
  [ 7.43804316e-08  1.05277454e-06  9.38968399e-06 ... -1.91671233e-04
   -3.50226009e-06  6.49568165e-04]]]
converged SCF energy = -150.244985829816  <S^2> = 0.92980776  2S+1 = 2.1723791
[timing] left/O ensemble SCF = 11.0s
dm0 check [[ 3.79535083e-01  6.12226374e-01 -1.25220796e-01 ...  1.62786970e-06
  -1.67468199e-07 -4.39447098e-06]
 [ 6.12226374e-01  1.01515546e+00 -3.34031044e-01 ...  5.09577092e-06
  -1.24969372e-06 -1.24306973e-05]
 [-1.25220796e-01 -3.34031044e-01  6.75212366e-01 ... -1.17843573e-05
   2.90960130e-06  3.00004494e-05]
 ...
 [ 1.62786970e-06  5.09577092e-06 -1.17843573e-05 ...  7.88129752e-07
  -2.73824409e-07  1.28355802e-07]
 [-1.67468199e-07 -1.24969372e-06  2.90960130e-06 ... -2.73824409e-07
   6.00379414e-07  4.73751075e-09]
 [-4.39447098e-06 -1.24306973e-05  3.00004494e-05 ...  1.28355802e-07
   4.73751075e-09  6.60266205e-07]]


******** <class 'pyscf.scf.addons.SmearingDFRKS'> ********
method = SmearingDFRKS
initial guess = minao
damping factor = 0.15
level_shift factor = 0.2
DIIS = <class 'pyscf.scf.diis.CDIIS'>
diis_start_cycle = 1
diis_space = 12
diis_damp = 0
SCF conv_tol = 5e-05
SCF conv_tol_grad = None
SCF max_cycles = 200
direct_scf = True
direct_scf_tol = 1e-13
chkfile to save SCF result = /tmp/tmpdyswdckm
max_memory 4000 MB (current use 86930 MB)
XC library pyscf.dft.libxc version 6.1.0
    S. Lehtola, C. Steigemann, M. J.T. Oliveira, and M. A.L. Marques.,  SoftwareX 7, 1–5 (2018)
XC functionals = pbe
    J. P. Perdew, K. Burke, and M. Ernzerhof.,  Phys. Rev. Lett. 77, 3865 (1996)
    J. P. Perdew, K. Burke, and M. Ernzerhof.,  Phys. Rev. Lett. 78, 1396 (1997)
    J. P. Perdew, K. Burke, and M. Ernzerhof.,  Phys. Rev. Lett. 77, 3865 (1996)
    J. P. Perdew, K. Burke, and M. Ernzerhof.,  Phys. Rev. Lett. 78, 1396 (1997)
small_rho_cutoff = 1e-06
Set gradient conv threshold to 0.00707107
    Total E(T) = -12114.7874972833  Free energy = -12115.8073315223  E0 = -12115.2974144028
init E= -12114.7874972833
    sigma = 0.02  Optimized mu = -0.0519629754  entropy = 1.50475553974
    Total E(T) = -12114.7874777672  Free energy = -12114.817572878  E0 = -12114.8025253226
cycle= 1 E= -12114.7874777672  delta_E= 1.95e-05  |g|= 0.0279  |ddm|=   25
    sigma = 0.02  Optimized mu = -0.0515529893476  entropy = 1.50705913282
    Total E(T) = -12114.7872236211  Free energy = -12114.8173648038  E0 = -12114.8022942125
cycle= 2 E= -12114.7872236211  delta_E= 0.000254  |g|= 0.095  |ddm|= 99.4
    sigma = 0.02  Optimized mu = -0.0518310551436  entropy = 1.50540226258
    Total E(T) = -12114.787385732  Free energy = -12114.8174937773  E0 = -12114.8024397547
cycle= 3 E= -12114.787385732  delta_E= -0.000162  |g|= 0.0491  |ddm|= 38.8
    sigma = 0.02  Optimized mu = -0.0518404806468  entropy = 1.50528588552
    Total E(T) = -12114.7874472058  Free energy = -12114.8175529235  E0 = -12114.8025000646
cycle= 4 E= -12114.7874472058  delta_E= -6.15e-05  |g|= 0.033  |ddm|= 17.6
    sigma = 0.02  Optimized mu = -0.0518478176411  entropy = 1.50524477951
    Total E(T) = -12114.7874744699  Free energy = -12114.8175793655  E0 = -12114.8025269177
cycle= 5 E= -12114.7874744699  delta_E= -2.73e-05  |g|= 0.0228  |ddm|= 9.31
    sigma = 0.02  Optimized mu = -0.0518473062316  entropy = 1.50524709034
    Total E(T) = -12114.7874874164  Free energy = -12114.8175923582  E0 = -12114.8025398873
cycle= 6 E= -12114.7874874164  delta_E= -1.29e-05  |g|= 0.0157  |ddm|= 5.24
    sigma = 0.02  Optimized mu = -0.0518534137765  entropy = 1.50521487179
    Total E(T) = -12114.7874935952  Free energy = -12114.8175978927  E0 = -12114.8025457439
cycle= 7 E= -12114.7874935952  delta_E= -6.18e-06  |g|= 0.0115  |ddm|= 3.84
    sigma = 0.02  Optimized mu = -0.0518522046804  entropy = 1.50521795173
    Total E(T) = -12114.787496655  Free energy = -12114.817601014  E0 = -12114.8025488345
cycle= 8 E= -12114.787496655  delta_E= -3.06e-06  |g|= 0.00829  |ddm|= 2.32
    sigma = 0.02  Optimized mu = -0.0518499996541  entropy = 1.50522744599
    Total E(T) = -12114.7874981856  Free energy = -12114.8176027345  E0 = -12114.80255046
cycle= 9 E= -12114.7874981856  delta_E= -1.53e-06  |g|= 0.00603  |ddm|= 1.61
    sigma = 0.02  Optimized mu = -0.151885198132  entropy = 50.9924651404
    Total E(T) = -12114.2637437385  Free energy = -12115.2835930413  E0 = -12114.7736683899
Extra cycle  E= -12114.2637437385  delta_E= 0.524  |g|= 0.373  |ddm|= 4.12e+03
converged SCF energy = -12114.2637437385
dm0 check [[[ 1.89789137e-01  3.06170972e-01 -6.27460696e-02 ...  6.88687355e-07
   -9.55606577e-08 -2.15833874e-06]
  [ 3.06170972e-01  5.07731339e-01 -1.67374463e-01 ...  2.21112035e-06
   -6.57398798e-07 -6.10826195e-06]
  [-6.27460696e-02 -1.67374463e-01  3.38436631e-01 ... -5.08186285e-06
    1.53969352e-06  1.47176756e-05]
  ...
  [ 6.88687355e-07  2.21112035e-06 -5.08186285e-06 ...  4.18279451e-07
   -1.42798447e-07  6.70971976e-08]
  [-9.55606577e-08 -6.57398798e-07  1.53969352e-06 ... -1.42798447e-07
    3.03937168e-07  1.14192334e-08]
  [-2.15833874e-06 -6.10826195e-06  1.47176756e-05 ...  6.70971976e-08
    1.14192334e-08  3.30090520e-07]]

 [[ 1.89768403e-01  3.06114485e-01 -6.26178457e-02 ...  9.12654890e-07
   -6.72449276e-08 -2.03965862e-06]
  [ 3.06114485e-01  5.07580533e-01 -1.67036126e-01 ...  2.81344089e-06
   -5.78688816e-07 -5.79081081e-06]
  [-6.26178457e-02 -1.67036126e-01  3.37680330e-01 ... -6.52395852e-06
    1.32892996e-06  1.39739427e-05]
  ...
  [ 9.12654890e-07  2.81344089e-06 -6.52395852e-06 ...  4.03736335e-07
   -1.44215780e-07  6.98444903e-08]
  [-6.72449276e-08 -5.78688816e-07  1.32892996e-06 ... -1.44215780e-07
    3.05142637e-07  7.25203206e-09]
  [-2.03965862e-06 -5.79081081e-06  1.39739427e-05 ...  6.98444903e-08
    7.25203206e-09  3.18540894e-07]]]


******** <class 'pyscf.scf.addons.SmearingDFUKS'> ********
method = SmearingDFUKS
initial guess = minao
damping factor = 0.15
level_shift factor = 0.2
DIIS = <class 'pyscf.scf.diis.CDIIS'>
diis_start_cycle = 1
diis_space = 12
diis_damp = 0
SCF conv_tol = 5e-05
SCF conv_tol_grad = None
SCF max_cycles = 200
direct_scf = True
direct_scf_tol = 1e-13
chkfile to save SCF result = /tmp/tmpf7b_kaye
max_memory 4000 MB (current use 87173 MB)
number electrons alpha = 325  beta = 323
XC library pyscf.dft.libxc version 6.1.0
    S. Lehtola, C. Steigemann, M. J.T. Oliveira, and M. A.L. Marques.,  SoftwareX 7, 1–5 (2018)
XC functionals = pbe
    J. P. Perdew, K. Burke, and M. Ernzerhof.,  Phys. Rev. Lett. 77, 3865 (1996)
    J. P. Perdew, K. Burke, and M. Ernzerhof.,  Phys. Rev. Lett. 78, 1396 (1997)
    J. P. Perdew, K. Burke, and M. Ernzerhof.,  Phys. Rev. Lett. 77, 3865 (1996)
    J. P. Perdew, K. Burke, and M. Ernzerhof.,  Phys. Rev. Lett. 78, 1396 (1997)
small_rho_cutoff = 1e-06
Set gradient conv threshold to 0.00707107
    Total E(T) = -12114.3439017934  Free energy = -12114.4079597714  E0 = -12114.3759307824
init E= -12114.3439017934
    sigma = 0.005  Optimized mu_alpha = -0.197048779754  entropy = 3.34205154098e-07
    sigma = 0.005  Optimized mu_beta  = -0.199608400128  entropy = 3.34205154098e-07
    Total E(T) = -12114.3438860982  Free energy = -12114.3438860999  E0 = -12114.3438860991
cycle= 1 E= -12114.3438860982  delta_E= 1.57e-05  |g|= 0.0308  |ddm|= 19.8
    sigma = 0.005  Optimized mu_alpha = -0.196881701611  entropy = 3.36837768109e-07
    sigma = 0.005  Optimized mu_beta  = -0.199417344244  entropy = 3.36837768109e-07
    Total E(T) = -12114.3437444724  Free energy = -12114.3437444741  E0 = -12114.3437444733
cycle= 2 E= -12114.3437444724  delta_E= 0.000142  |g|= 0.0912  |ddm|=   70
    sigma = 0.005  Optimized mu_alpha = -0.197016543614  entropy = 3.34884255132e-07
    sigma = 0.005  Optimized mu_beta  = -0.199568442372  entropy = 3.34884255132e-07
    Total E(T) = -12114.3438433174  Free energy = -12114.343843319  E0 = -12114.3438433182
cycle= 3 E= -12114.3438433174  delta_E= -9.88e-05  |g|= 0.0431  |ddm|= 24.3
    sigma = 0.005  Optimized mu_alpha = -0.197010493048  entropy = 3.34847884164e-07
    sigma = 0.005  Optimized mu_beta  = -0.199563143445  entropy = 3.34847884164e-07
    Total E(T) = -12114.3438800633  Free energy = -12114.343880065  E0 = -12114.3438800642
cycle= 4 E= -12114.3438800633  delta_E= -3.67e-05  |g|= 0.0269  |ddm|= 11.8
    sigma = 0.005  Optimized mu_alpha = -0.197007258338  entropy = 3.3482370521e-07
    sigma = 0.005  Optimized mu_beta  = -0.199560434565  entropy = 3.3482370521e-07
    Total E(T) = -12114.3438941813  Free energy = -12114.343894183  E0 = -12114.3438941821
cycle= 5 E= -12114.3438941813  delta_E= -1.41e-05  |g|= 0.0173  |ddm|= 6.72
    sigma = 0.005  Optimized mu_alpha = -0.19700463954  entropy = 3.34832787666e-07
    sigma = 0.005  Optimized mu_beta  = -0.199557793572  entropy = 3.34832787666e-07
    Total E(T) = -12114.3438999886  Free energy = -12114.3438999903  E0 = -12114.3438999895
cycle= 6 E= -12114.3438999886  delta_E= -5.81e-06  |g|= 0.0111  |ddm|= 3.94
    sigma = 0.005  Optimized mu_alpha = -0.197005631814  entropy = 3.34846598042e-07
    sigma = 0.005  Optimized mu_beta  = -0.199558559827  entropy = 3.34846598042e-07
    Total E(T) = -12114.3439024071  Free energy = -12114.3439024088  E0 = -12114.3439024079
cycle= 7 E= -12114.3439024071  delta_E= -2.42e-06  |g|= 0.00747  |ddm|= 2.63
    sigma = 0.005  Optimized mu_alpha = -0.197005105676  entropy = 3.34841752812e-07
    sigma = 0.005  Optimized mu_beta  = -0.199558175236  entropy = 3.34841752812e-07
    Total E(T) = -12114.3439034431  Free energy = -12114.3439034448  E0 = -12114.3439034439
cycle= 8 E= -12114.3439034431  delta_E= -1.04e-06  |g|= 0.005  |ddm|= 1.85
    sigma = 0.005  Optimized mu_alpha = -0.296578850381  entropy = 12.8135909773
    sigma = 0.005  Optimized mu_beta  = -0.299471688339  entropy = 12.8135909773
    Total E(T) = -12114.3092077983  Free energy = -12114.3732757532  E0 = -12114.3412417758
Extra cycle  E= -12114.3092077983  delta_E= 0.0347  |g|= 0.154  |ddm|=  894
converged SCF energy = -12114.3092077983  <S^2> = 3.7627522  2S+1 = 4.006371
[timing] right/Al ensemble SCF = 1102.0s
[timing] collect state = 0.0s
[timing] grad contraction = 1.6s
Npdft 666.0000340591824
[timing] checkpoint save = 0.1s
[EVAL step=   6] L=-12265.38445480 Ef=-12265.39124554 L1=9.80656702e-01 |grad|=1.86889e-02 t=1315.1s
[accepted eval] res.x was not the last evaluated point; evaluating accepted b
dm0 check [[[ 1.51511371e-09  2.24391580e-08  1.89789887e-07 ... -1.14719069e-07
    7.42477006e-07  6.64944054e-08]
  [ 2.24391580e-08  3.34444508e-07  2.75067329e-06 ... -1.77767227e-06
    1.10110590e-05  1.04758010e-06]
  [ 1.89789887e-07  2.75067329e-06  2.57237857e-05 ... -1.02770025e-05
    9.27869319e-05  4.99877429e-06]
  ...
  [-1.14719069e-07 -1.77767227e-06 -1.02770025e-05 ...  2.27166703e-04
    1.81897077e-06 -1.91352282e-04]
  [ 7.42477006e-07  1.10110590e-05  9.27869319e-05 ...  1.81897077e-06
    4.79980259e-04 -1.62432551e-06]
  [ 6.64944054e-08  1.04758010e-06  4.99877429e-06 ... -1.91352282e-04
   -1.62432551e-06  6.55604917e-04]]

 [[ 2.14412331e-09  3.18475813e-08  2.65523732e-07 ... -7.48707309e-08
    1.03578263e-06  2.38439329e-08]
  [ 3.18475813e-08  4.74248164e-07  3.91397240e-06 ... -9.93114326e-07
    1.53190777e-05  2.50156711e-07]
  [ 2.65523732e-07  3.91397240e-06  3.37625569e-05 ... -1.10142968e-05
    1.30901555e-04  4.52868971e-06]
  ...
  [-7.48707309e-08 -9.93114326e-07 -1.10142968e-05 ...  2.49604192e-04
    2.27939038e-06 -2.10130211e-04]
  [ 1.03578263e-06  1.53190777e-05  1.30901555e-04 ...  2.27939038e-06
    5.52938935e-04 -2.04467318e-06]
  [ 2.38439329e-08  2.50156711e-07  4.52868971e-06 ... -2.10130211e-04
   -2.04467318e-06  7.46013492e-04]]]
converged SCF energy = -150.226693714539  <S^2> = 2.0045398  2S+1 = 3.003025
dm0 check [[[ 1.14641743e-09  1.70872016e-08  1.38754795e-07 ... -8.06220413e-08
    6.25416970e-07  4.56939038e-08]
  [ 1.70872016e-08  2.56088311e-07  2.02954148e-06 ... -1.06184704e-06
    9.18282865e-06  7.18422805e-07]
  [ 1.38754795e-07  2.02954148e-06  1.80708409e-05 ... -1.26948103e-05
    8.12953043e-05  3.19903514e-06]
  ...
  [-8.06220413e-08 -1.06184704e-06 -1.26948103e-05 ...  2.39057533e-04
   -1.61662264e-06 -1.68275226e-04]
  [ 6.25416970e-07  9.18282865e-06  8.12953043e-05 ... -1.61662264e-06
    4.44995820e-04 -4.06039411e-06]
  [ 4.56939038e-08  7.18422805e-07  3.19903514e-06 ... -1.68275226e-04
   -4.06039411e-06  5.95723545e-04]]

 [[ 2.53044811e-08  3.85062148e-07  2.83136626e-06 ... -1.48569177e-07
    1.05892141e-07  7.43850887e-08]
  [ 3.85062148e-07  5.86095441e-06  4.30473626e-05 ... -2.17968487e-06
    1.18322372e-06  1.05281906e-06]
  [ 2.83136626e-06  4.30473626e-05  3.18001967e-04 ... -1.75092932e-05
    2.68730217e-05  9.39007715e-06]
  ...
  [-1.48569177e-07 -2.17968487e-06 -1.75092932e-05 ...  2.30571790e-04
    2.08841136e-07 -1.91671315e-04]
  [ 1.05892141e-07  1.18322372e-06  2.68730217e-05 ...  2.08841136e-07
    4.63239567e-04 -3.50241762e-06]
  [ 7.43850887e-08  1.05281906e-06  9.39007715e-06 ... -1.91671315e-04
   -3.50241762e-06  6.49570878e-04]]]
converged SCF energy = -150.244985829827  <S^2> = 0.92979832  2S+1 = 2.1723704
[timing] left/O ensemble SCF = 16.4s
dm0 check [[ 3.79535129e-01  6.12226407e-01 -1.25220737e-01 ...  1.59088719e-06
  -1.99084489e-07 -4.38883138e-06]
 [ 6.12226407e-01  1.01515553e+00 -3.34031133e-01 ...  4.99597426e-06
  -1.33495688e-06 -1.24155231e-05]
 [-1.25220737e-01 -3.34031133e-01  6.75212459e-01 ... -1.15421465e-05
   3.11586325e-06  2.99641091e-05]
 ...
 [ 1.59088719e-06  4.99597426e-06 -1.15421465e-05 ...  7.91676016e-07
  -2.73147183e-07  1.33035363e-07]
 [-1.99084489e-07 -1.33495688e-06  3.11586325e-06 ... -2.73147183e-07
   5.98498974e-07  7.90061667e-09]
 [-4.38883138e-06 -1.24155231e-05  2.99641091e-05 ...  1.33035363e-07
   7.90061667e-09  6.58504908e-07]]


******** <class 'pyscf.scf.addons.SmearingDFRKS'> ********
method = SmearingDFRKS
initial guess = minao
damping factor = 0.15
level_shift factor = 0.2
DIIS = <class 'pyscf.scf.diis.CDIIS'>
diis_start_cycle = 1
diis_space = 12
diis_damp = 0
SCF conv_tol = 5e-05
SCF conv_tol_grad = None
SCF max_cycles = 200
direct_scf = True
direct_scf_tol = 1e-13
chkfile to save SCF result = /tmp/tmpdyswdckm
max_memory 4000 MB (current use 87266 MB)
XC library pyscf.dft.libxc version 6.1.0
    S. Lehtola, C. Steigemann, M. J.T. Oliveira, and M. A.L. Marques.,  SoftwareX 7, 1–5 (2018)
XC functionals = pbe
    J. P. Perdew, K. Burke, and M. Ernzerhof.,  Phys. Rev. Lett. 77, 3865 (1996)
    J. P. Perdew, K. Burke, and M. Ernzerhof.,  Phys. Rev. Lett. 78, 1396 (1997)
    J. P. Perdew, K. Burke, and M. Ernzerhof.,  Phys. Rev. Lett. 77, 3865 (1996)
    J. P. Perdew, K. Burke, and M. Ernzerhof.,  Phys. Rev. Lett. 78, 1396 (1997)
small_rho_cutoff = 1e-06
Set gradient conv threshold to 0.00707107
    Total E(T) = -12114.7875613342  Free energy = -12115.807410637  E0 = -12115.2974859856
init E= -12114.7875613342
    sigma = 0.02  Optimized mu = -0.0519220517658  entropy = 1.50493508914
    Total E(T) = -12114.7875459343  Free energy = -12114.8176446361  E0 = -12114.8025952852
cycle= 1 E= -12114.7875459343  delta_E= 1.54e-05  |g|= 0.0257  |ddm|= 19.6
    sigma = 0.02  Optimized mu = -0.0516530838566  entropy = 1.50655656117
    Total E(T) = -12114.7873480634  Free energy = -12114.8174791947  E0 = -12114.8024136291
cycle= 2 E= -12114.7873480634  delta_E= 0.000198  |g|= 0.0874  |ddm|= 82.3
    sigma = 0.02  Optimized mu = -0.0518340017579  entropy = 1.50537237444
    Total E(T) = -12114.787468576  Free energy = -12114.8175760235  E0 = -12114.8025222998
cycle= 3 E= -12114.787468576  delta_E= -0.000121  |g|= 0.0467  |ddm|= 33.1
    sigma = 0.02  Optimized mu = -0.0518427237074  entropy = 1.50528089671
    Total E(T) = -12114.7875170613  Free energy = -12114.8176226792  E0 = -12114.8025698702
cycle= 4 E= -12114.7875170613  delta_E= -4.85e-05  |g|= 0.0322  |ddm|= 13.7
    sigma = 0.02  Optimized mu = -0.0518468619779  entropy = 1.50525501699
    Total E(T) = -12114.787539721  Free energy = -12114.8176448213  E0 = -12114.8025922712
cycle= 5 E= -12114.787539721  delta_E= -2.27e-05  |g|= 0.0228  |ddm|= 7.65
    sigma = 0.02  Optimized mu = -0.0518478220102  entropy = 1.50524908302
    Total E(T) = -12114.7875507779  Free energy = -12114.8176557596  E0 = -12114.8026032688
cycle= 6 E= -12114.7875507779  delta_E= -1.11e-05  |g|= 0.0165  |ddm|= 4.74
    sigma = 0.02  Optimized mu = -0.0518487787898  entropy = 1.50523963897
    Total E(T) = -12114.7875565565  Free energy = -12114.8176613493  E0 = -12114.8026089529
cycle= 7 E= -12114.7875565565  delta_E= -5.78e-06  |g|= 0.0119  |ddm|= 3.01
    sigma = 0.02  Optimized mu = -0.051850438105  entropy = 1.50523160517
    Total E(T) = -12114.7875595219  Free energy = -12114.817664154  E0 = -12114.8026118379
cycle= 8 E= -12114.7875595219  delta_E= -2.97e-06  |g|= 0.00886  |ddm|= 2.34
    sigma = 0.02  Optimized mu = -0.0518488680798  entropy = 1.5052353994
    Total E(T) = -12114.7875610942  Free energy = -12114.8176658022  E0 = -12114.8026134482
cycle= 9 E= -12114.7875610942  delta_E= -1.57e-06  |g|= 0.00656  |ddm|= 1.37
    sigma = 0.02  Optimized mu = -0.151879905415  entropy = 50.9924360171
    Total E(T) = -12114.2636695444  Free energy = -12115.2835182648  E0 = -12114.7735939046
Extra cycle  E= -12114.2636695444  delta_E= 0.524  |g|= 0.377  |ddm|= 4.12e+03
converged SCF energy = -12114.2636695444
dm0 check [[[ 1.89789162e-01  3.06170990e-01 -6.27460634e-02 ...  6.72465948e-07
   -1.10073351e-07 -2.15608102e-06]
  [ 3.06170990e-01  5.07731371e-01 -1.67374563e-01 ...  2.16736627e-06
   -6.96514046e-07 -6.10219378e-06]
  [-6.27460634e-02 -1.67374563e-01  3.38436888e-01 ... -4.97583632e-06
    1.63411581e-06  1.47032163e-05]
  ...
  [ 6.72465948e-07  2.16736627e-06 -4.97583632e-06 ...  4.20241068e-07
   -1.42363066e-07  6.92628168e-08]
  [-1.10073351e-07 -6.96514046e-07  1.63411581e-06 ... -1.42363066e-07
    3.03192123e-07  1.29009044e-08]
  [-2.15608102e-06 -6.10219378e-06  1.47032163e-05 ...  6.92628168e-08
    1.29009044e-08  3.29290342e-07]]

 [[ 1.89768451e-01  3.06114560e-01 -6.26179807e-02 ...  8.95600640e-07
   -8.18859957e-08 -2.03697531e-06]
  [ 3.06114560e-01  5.07580721e-01 -1.67036606e-01 ...  2.76740118e-06
   -6.18183557e-07 -5.78358950e-06]
  [-6.26179807e-02 -1.67036606e-01  3.37681514e-01 ... -6.41203423e-06
    1.42458270e-06  1.39566424e-05]
  ...
  [ 8.95600640e-07  2.76740118e-06 -6.41203423e-06 ...  4.05659516e-07
   -1.43823221e-07  7.19797226e-08]
  [-8.18859957e-08 -6.18183557e-07  1.42458270e-06 ... -1.43823221e-07
    3.04333313e-07  8.73042690e-09]
  [-2.03697531e-06 -5.78358950e-06  1.39566424e-05 ...  7.19797226e-08
    8.73042690e-09  3.17749166e-07]]]


******** <class 'pyscf.scf.addons.SmearingDFUKS'> ********
method = SmearingDFUKS
initial guess = minao
damping factor = 0.15
level_shift factor = 0.2
DIIS = <class 'pyscf.scf.diis.CDIIS'>
diis_start_cycle = 1
diis_space = 12
diis_damp = 0
SCF conv_tol = 5e-05
SCF conv_tol_grad = None
SCF max_cycles = 200
direct_scf = True
direct_scf_tol = 1e-13
chkfile to save SCF result = /tmp/tmpf7b_kaye
max_memory 4000 MB (current use 87285 MB)
number electrons alpha = 325  beta = 323
XC library pyscf.dft.libxc version 6.1.0
    S. Lehtola, C. Steigemann, M. J.T. Oliveira, and M. A.L. Marques.,  SoftwareX 7, 1–5 (2018)
XC functionals = pbe
    J. P. Perdew, K. Burke, and M. Ernzerhof.,  Phys. Rev. Lett. 77, 3865 (1996)
    J. P. Perdew, K. Burke, and M. Ernzerhof.,  Phys. Rev. Lett. 78, 1396 (1997)
    J. P. Perdew, K. Burke, and M. Ernzerhof.,  Phys. Rev. Lett. 77, 3865 (1996)
    J. P. Perdew, K. Burke, and M. Ernzerhof.,  Phys. Rev. Lett. 78, 1396 (1997)
small_rho_cutoff = 1e-06
Set gradient conv threshold to 0.00707107
    Total E(T) = -12114.3439665046  Free energy = -12114.4080344595  E0 = -12114.376000482
init E= -12114.3439665046
    sigma = 0.005  Optimized mu_alpha = -0.197013203808  entropy = 3.34511572041e-07
    sigma = 0.005  Optimized mu_beta  = -0.19957055995  entropy = 3.34511572041e-07
    Total E(T) = -12114.3439608242  Free energy = -12114.3439608259  E0 = -12114.3439608251
cycle= 1 E= -12114.3439608242  delta_E= 5.68e-06  |g|= 0.0192  |ddm|= 12.2
    sigma = 0.005  Optimized mu_alpha = -0.196975702262  entropy = 3.35841843191e-07
    sigma = 0.005  Optimized mu_beta  = -0.199518954295  entropy = 3.35841843191e-07
    Total E(T) = -12114.3439107943  Free energy = -12114.3439107959  E0 = -12114.3439107951
cycle= 2 E= -12114.3439107943  delta_E= 5e-05  |g|= 0.0562  |ddm|= 39.3
    sigma = 0.005  Optimized mu_alpha = -0.197009239161  entropy = 3.34902336507e-07
    sigma = 0.005  Optimized mu_beta  = -0.199561352762  entropy = 3.34902336507e-07
    Total E(T) = -12114.3439450242  Free energy = -12114.3439450259  E0 = -12114.343945025
cycle= 3 E= -12114.3439450242  delta_E= -3.42e-05  |g|= 0.0268  |ddm|= 13.4
    sigma = 0.005  Optimized mu_alpha = -0.197005226828  entropy = 3.34863926669e-07
    sigma = 0.005  Optimized mu_beta  = -0.199558047267  entropy = 3.34863926669e-07
    Total E(T) = -12114.3439582907  Free energy = -12114.3439582924  E0 = -12114.3439582916
cycle= 4 E= -12114.3439582907  delta_E= -1.33e-05  |g|= 0.0168  |ddm|= 6.42
    sigma = 0.005  Optimized mu_alpha = -0.197005181167  entropy = 3.34840595401e-07
    sigma = 0.005  Optimized mu_beta  = -0.199558343126  entropy = 3.34840595401e-07
    Total E(T) = -12114.3439635483  Free energy = -12114.34396355  E0 = -12114.3439635492
cycle= 5 E= -12114.3439635483  delta_E= -5.26e-06  |g|= 0.0108  |ddm|= 3.85
    sigma = 0.005  Optimized mu_alpha = -0.197003283039  entropy = 3.34851739111e-07
    sigma = 0.005  Optimized mu_beta  = -0.199556379318  entropy = 3.34851739111e-07
    Total E(T) = -12114.3439657388  Free energy = -12114.3439657404  E0 = -12114.3439657396
cycle= 6 E= -12114.3439657388  delta_E= -2.19e-06  |g|= 0.00694  |ddm|= 2.34
    sigma = 0.005  Optimized mu_alpha = -0.296578094459  entropy = 12.8112812837
    sigma = 0.005  Optimized mu_beta  = -0.299471891962  entropy = 12.8112812837
    Total E(T) = -12114.3092843716  Free energy = -12114.373340778  E0 = -12114.3413125748
Extra cycle  E= -12114.3092843716  delta_E= 0.0347  |g|= 0.157  |ddm|=  894
converged SCF energy = -12114.3092843716  <S^2> = 3.7627552  2S+1 = 4.0063725
[timing] right/Al ensemble SCF = 936.6s
[timing] collect state = 0.0s
[timing] checkpoint save = 0.0s
[phase2 outer 1] |db| = 1.21780e-02
[phase2 outer 1] |grad| = 1.87089e-02
[phase2 outer 1] last_Ef = -12265.391126867744
[phase2 outer 1] adaptive max_step_norm = 1.000000e-01
[phase2 outer 1] delta = 2.735878e-03
[phase2 outer 1] raw_step_norm = 1.217804e-02
[phase2 outer 1] capped_step_norm = 1.217804e-02
[phase2 outer 1] dL = nan
[phase2 outer 1] dEf = nan
[phase2 outer 1] |grad| = 1.870888e-02
[phase2 outer 1] raw_step_norm=1.217804e-02 capped_step_norm=1.217804e-02 raw_max_abs_step=2.735878e-03 capped_max_abs_step=2.735878e-03 step_cap=1.000000e-01 line_search_alpha=n/a
[phase2 outer 1] res.fun = 12265.38445480
[phase2 outer 1] res.message = ABNORMAL_TERMINATION_IN_LNSRCH
=== Python finished ===
All done.
