pyscf max mem 1048594
SLURM_CPUS_PER_TASK = 64
OMP_NUM_THREADS = 64
MKL_NUM_THREADS = 64
OPENBLAS_NUM_THREADS = 64
PySCF lib.num_threads() = 64
left ensemble electron number ([9, 9], [7, 8])
right ensemble electron number ([325, 325], [325, 323])
[setup] build_system t=1.6s
building grid (level 3)...
[setup] grid t=4.6s
computing S3 tensors (DF)...
S3 shapes: left=(116, 116, 1336) right=(1528, 1528, 1336) ref=(1544, 1544, 1336) t=771.2s
[warm-start] loaded pdft_optimizer4.pkl
[warm-start] rdft1.D ← pickle dm_ig1
[warm-start] rdft2.D ← pickle dm_ig2
[init] b0 from optimizer checkpoint, npbs=1336
[warm-start] Lagrangian x0 ready, |b0| = 2.32991e+00
[setup] warm-start t=0.1s
starting phase 1: damped ascent
[phase1] damped ascent: 5 steps, alpha=1.0, max_step=1.0
[phase1] step 1 SCF: dm0 from dm_ig1/dm_ig2 on rdft1/rdft2
dm0 check None
converged SCF energy = -150.226693714537  <S^2> = 2.0045399  2S+1 = 3.003025
dm0 check None
converged SCF energy = -150.244985829666  <S^2> = 0.9297856  2S+1 = 2.1723587
[timing] left/O ensemble SCF = 241.9s
dm0 check [[ 3.79515810e-01  6.12202478e-01 -1.25170803e-01 ...  2.70169688e-05
   1.31731785e-05 -5.02539910e-05]
 [ 6.12202478e-01  1.01511836e+00 -3.33900682e-01 ...  7.35604831e-05
   3.47188522e-05 -1.36104576e-04]
 [-1.25170803e-01 -3.33900682e-01  6.74900425e-01 ... -1.77490174e-04
  -8.40590941e-05  3.29307803e-04]
 ...
 [ 2.70169688e-05  7.35604831e-05 -1.77490174e-04 ...  2.12945235e-05
   8.93178541e-06 -3.90485167e-05]
 [ 1.31731785e-05  3.47188522e-05 -8.40590941e-05 ...  8.93178541e-06
   5.10909066e-06 -1.81198735e-05]
 [-5.02539910e-05 -1.36104576e-04  3.29307803e-04 ... -3.90485167e-05
  -1.81198735e-05  7.87935953e-05]]


******** <class 'pyscf.scf.addons.SmearingDFRKS'> ********
method = SmearingDFRKS
initial guess = minao
damping factor = 0.15
level_shift factor = 0.2
DIIS = <class 'pyscf.scf.diis.CDIIS'>
diis_start_cycle = 1
diis_space = 12
diis_damp = 0
SCF conv_tol = 5e-05
SCF conv_tol_grad = None
SCF max_cycles = 200
direct_scf = True
direct_scf_tol = 1e-13
chkfile to save SCF result = /tmp/tmpxylvzcgl
max_memory 4000 MB (current use 85866 MB)
XC library pyscf.dft.libxc version 6.1.0
    S. Lehtola, C. Steigemann, M. J.T. Oliveira, and M. A.L. Marques.,  SoftwareX 7, 1–5 (2018)
XC functionals = pbe
    J. P. Perdew, K. Burke, and M. Ernzerhof.,  Phys. Rev. Lett. 77, 3865 (1996)
    J. P. Perdew, K. Burke, and M. Ernzerhof.,  Phys. Rev. Lett. 78, 1396 (1997)
    J. P. Perdew, K. Burke, and M. Ernzerhof.,  Phys. Rev. Lett. 77, 3865 (1996)
    J. P. Perdew, K. Burke, and M. Ernzerhof.,  Phys. Rev. Lett. 78, 1396 (1997)
small_rho_cutoff = 1e-06
Set gradient conv threshold to 0.00707107
init E= -12114.1428068949
    sigma = 0.02  Optimized mu = -0.0531965930547  entropy = 1.54528810442
    Total E(T) = -12114.1428170347  Free energy = -12114.1737227968  E0 = -12114.1582699157
cycle= 1 E= -12114.1428170347  delta_E= -1.01e-05  |g|= 0.0248  |ddm|= 43.7
    sigma = 0.02  Optimized mu = -0.0535448732852  entropy = 1.5458076747
    Total E(T) = -12114.1426259694  Free energy = -12114.1735421229  E0 = -12114.1580840461
cycle= 2 E= -12114.1426259694  delta_E= 0.000191  |g|= 0.0797  |ddm|= 95.9
    sigma = 0.02  Optimized mu = -0.0531958111426  entropy = 1.54580106006
    Total E(T) = -12114.142786183  Free energy = -12114.1737022042  E0 = -12114.1582441936
cycle= 3 E= -12114.142786183  delta_E= -0.00016  |g|= 0.0314  |ddm|= 51.9
    sigma = 0.02  Optimized mu = -0.0531890299883  entropy = 1.54572753932
    Total E(T) = -12114.1428347374  Free energy = -12114.1737492882  E0 = -12114.1582920128
cycle= 4 E= -12114.1428347374  delta_E= -4.86e-05  |g|= 0.0142  |ddm|= 21.5
    sigma = 0.02  Optimized mu = -0.0531901953664  entropy = 1.54601463073
    Total E(T) = -12114.1428461749  Free energy = -12114.1737664676  E0 = -12114.1583063213
cycle= 5 E= -12114.1428461749  delta_E= -1.14e-05  |g|= 0.0067  |ddm|= 15.9
    sigma = 0.02  Optimized mu = -0.153214565584  entropy = 51.7790774475
    Total E(T) = -12113.6017834106  Free energy = -12114.6373649595  E0 = -12114.119574185
Extra cycle  E= -12113.6017834106  delta_E= 0.541  |g|= 0.479  |ddm|= 4.48e+03
converged SCF energy = -12113.6017834106
dm0 check [[[ 1.89779979e-01  3.06160408e-01 -6.27242567e-02 ...  1.06064895e-05
    5.11634018e-06 -2.19266709e-05]
  [ 3.06160408e-01  5.07716574e-01 -1.67317746e-01 ...  2.89454389e-05
    1.33880675e-05 -5.93949669e-05]
  [-6.27242567e-02 -1.67317746e-01  3.38299732e-01 ... -6.96922433e-05
   -3.23572146e-05  1.43447204e-04]
  ...
  [ 1.06064895e-05  2.89454389e-05 -6.96922433e-05 ...  5.48549526e-06
    2.11593161e-06 -1.13560554e-05]
  [ 5.11634018e-06  1.33880675e-05 -3.23572146e-05 ...  2.11593161e-06
    1.46015724e-06 -5.25254570e-06]
  [-2.19266709e-05 -5.93949669e-05  1.43447204e-04 ... -1.13560554e-05
   -5.25254570e-06  2.69629170e-05]]

 [[ 1.89759091e-01  3.06103349e-01 -6.25949676e-02 ...  1.32973639e-05
    6.57327706e-06 -2.58374091e-05]
  [ 3.06103349e-01  5.07564111e-01 -1.66976642e-01 ...  3.62217736e-05
    1.73318319e-05 -6.99906545e-05]
  [-6.25949676e-02 -1.66976642e-01  3.37539395e-01 ... -8.74891160e-05
   -4.20392691e-05  1.69561385e-04]
  ...
  [ 1.32973639e-05  3.62217736e-05 -8.74891160e-05 ...  8.85251701e-06
    3.64276965e-06 -1.72563573e-05]
  [ 6.57327706e-06  1.73318319e-05 -4.20392691e-05 ...  3.64276965e-06
    2.18862549e-06 -8.02726835e-06]
  [-2.58374091e-05 -6.99906545e-05  1.69561385e-04 ... -1.72563573e-05
   -8.02726835e-06  3.72979353e-05]]]


******** <class 'pyscf.scf.addons.SmearingDFUKS'> ********
method = SmearingDFUKS
initial guess = minao
damping factor = 0.15
level_shift factor = 0.2
DIIS = <class 'pyscf.scf.diis.CDIIS'>
diis_start_cycle = 1
diis_space = 12
diis_damp = 0
SCF conv_tol = 5e-05
SCF conv_tol_grad = None
SCF max_cycles = 200
direct_scf = True
direct_scf_tol = 1e-13
chkfile to save SCF result = /tmp/tmpkx7vnvjx
max_memory 4000 MB (current use 86528 MB)
number electrons alpha = 325  beta = 323
XC library pyscf.dft.libxc version 6.1.0
    S. Lehtola, C. Steigemann, M. J.T. Oliveira, and M. A.L. Marques.,  SoftwareX 7, 1–5 (2018)
XC functionals = pbe
    J. P. Perdew, K. Burke, and M. Ernzerhof.,  Phys. Rev. Lett. 77, 3865 (1996)
    J. P. Perdew, K. Burke, and M. Ernzerhof.,  Phys. Rev. Lett. 78, 1396 (1997)
    J. P. Perdew, K. Burke, and M. Ernzerhof.,  Phys. Rev. Lett. 77, 3865 (1996)
    J. P. Perdew, K. Burke, and M. Ernzerhof.,  Phys. Rev. Lett. 78, 1396 (1997)
small_rho_cutoff = 1e-06
Set gradient conv threshold to 0.00707107
init E= -12113.6991085981
    sigma = 0.005  Optimized mu_alpha = -0.197589674352  entropy = 3.45403435703e-07
    sigma = 0.005  Optimized mu_beta  = -0.200144604304  entropy = 3.45403435703e-07
    Total E(T) = -12113.699130132  Free energy = -12113.6991301337  E0 = -12113.6991301328
cycle= 1 E= -12113.699130132  delta_E= -2.15e-05  |g|= 0.0116  |ddm|= 14.8
    sigma = 0.005  Optimized mu_alpha = -0.197521639853  entropy = 3.45681990334e-07
    sigma = 0.005  Optimized mu_beta  = -0.200073615888  entropy = 3.45681990334e-07
    Total E(T) = -12113.699128052  Free energy = -12113.6991280537  E0 = -12113.6991280528
cycle= 2 E= -12113.699128052  delta_E= 2.08e-06  |g|= 0.0259  |ddm|= 23.5
    sigma = 0.005  Optimized mu_alpha = -0.197500388746  entropy = 3.45167945798e-07
    sigma = 0.005  Optimized mu_beta  = -0.200058214868  entropy = 3.45167945798e-07
    Total E(T) = -12113.6991460436  Free energy = -12113.6991460454  E0 = -12113.6991460445
cycle= 3 E= -12113.6991460436  delta_E= -1.8e-05  |g|= 0.00527  |ddm|= 15.8
    sigma = 0.005  Optimized mu_alpha = -0.297119032073  entropy = 12.9285417469
    sigma = 0.005  Optimized mu_beta  = -0.300016252782  entropy = 12.9285417469
    Total E(T) = -12113.6640680399  Free energy = -12113.7287107486  E0 = -12113.6963893942
Extra cycle  E= -12113.6640680399  delta_E= 0.0351  |g|= 0.184  |ddm|=  950
converged SCF energy = -12113.6640680399  <S^2> = 2.0173086  2S+1 = 3.011517
[timing] right/Al ensemble SCF = 637.9s
[timing] collect state = 0.0s
[timing] checkpoint save = 0.0s
[phase1] step=1/5 L=-12260.90481181 Ef=-12260.89866278 |grad|=2.21819e-02 |db|=2.21819e-02 t=885.1s
dm0 check [[[ 1.51510539e-09  2.24390407e-08  1.89788584e-07 ... -1.14716793e-07
    7.42480591e-07  6.64925537e-08]
  [ 2.24390407e-08  3.34442860e-07  2.75065447e-06 ... -1.77763476e-06
    1.10111116e-05  1.04754946e-06]
  [ 1.89788584e-07  2.75065447e-06  2.57236015e-05 ... -1.02767709e-05
    9.27874012e-05  4.99858660e-06]
  ...
  [-1.14716793e-07 -1.77763476e-06 -1.02767709e-05 ...  2.27166818e-04
    1.81897022e-06 -1.91352427e-04]
  [ 7.42480591e-07  1.10111116e-05  9.27874012e-05 ...  1.81897022e-06
    4.79983561e-04 -1.62425374e-06]
  [ 6.64925537e-08  1.04754946e-06  4.99858660e-06 ... -1.91352427e-04
   -1.62425374e-06  6.55608417e-04]]

 [[ 2.14412926e-09  3.18476687e-08  2.65524476e-07 ... -7.48678675e-08
    1.03578378e-06  2.38417798e-08]
  [ 3.18476687e-08  4.74249422e-07  3.91398393e-06 ... -9.93071944e-07
    1.53190952e-05  2.50124817e-07]
  [ 2.65524476e-07  3.91398393e-06  3.37626381e-05 ... -1.10139777e-05
    1.30901684e-04  4.52845690e-06]
  ...
  [-7.48678675e-08 -9.93071944e-07 -1.10139777e-05 ...  2.49604988e-04
    2.27945400e-06 -2.10130920e-04]
  [ 1.03578378e-06  1.53190952e-05  1.30901684e-04 ...  2.27945400e-06
    5.52938192e-04 -2.04465529e-06]
  [ 2.38417798e-08  2.50124817e-07  4.52845690e-06 ... -2.10130920e-04
   -2.04465529e-06  7.46013266e-04]]]
converged SCF energy = -150.226693714539  <S^2> = 2.0045398  2S+1 = 3.003025
dm0 check [[[ 1.14663927e-09  1.70906963e-08  1.38764383e-07 ... -8.06351991e-08
    6.25424907e-07  4.57094748e-08]
  [ 1.70906963e-08  2.56142401e-07  2.02970512e-06 ... -1.06203847e-06
    9.18297648e-06  7.18610580e-07]
  [ 1.38764383e-07  2.02970512e-06  1.80711277e-05 ... -1.26954868e-05
    8.12953223e-05  3.19992558e-06]
  ...
  [-8.06351991e-08 -1.06203847e-06 -1.26954868e-05 ...  2.39056590e-04
   -1.61628521e-06 -1.68273569e-04]
  [ 6.25424907e-07  9.18297648e-06  8.12953223e-05 ... -1.61628521e-06
    4.44991768e-04 -4.05797460e-06]
  [ 4.57094748e-08  7.18610580e-07  3.19992558e-06 ... -1.68273569e-04
   -4.05797460e-06  5.95720304e-04]]

 [[ 2.52991917e-08  3.84988468e-07  2.83081238e-06 ... -1.48521070e-07
    1.05980492e-07  7.43608024e-08]
  [ 3.84988468e-07  5.85993600e-06  4.30397100e-05 ... -2.17883477e-06
    1.18474495e-06  1.05238318e-06]
  [ 2.83081238e-06  4.30397100e-05  3.17944269e-04 ... -1.75046016e-05
    2.68826267e-05  9.38690533e-06]
  ...
  [-1.48521070e-07 -2.17883477e-06 -1.75046016e-05 ...  2.30576224e-04
    2.09094786e-07 -1.91668407e-04]
  [ 1.05980492e-07  1.18474495e-06  2.68826267e-05 ...  2.09094786e-07
    4.63234853e-04 -3.50197083e-06]
  [ 7.43608024e-08  1.05238318e-06  9.38690533e-06 ... -1.91668407e-04
   -3.50197083e-06  6.49562330e-04]]]
converged SCF energy = -150.244985829812  <S^2> = 0.92979458  2S+1 = 2.172367
[timing] left/O ensemble SCF = 13.9s
dm0 check [[ 3.79538372e-01  6.12213417e-01 -1.25191941e-01 ...  2.65726060e-05
   1.32330504e-05 -4.99026677e-05]
 [ 6.12213417e-01  1.01509484e+00 -3.33932871e-01 ...  7.23584182e-05
   3.48805003e-05 -1.35151153e-04]
 [-1.25191941e-01 -3.33932871e-01  6.74976704e-01 ... -1.74586558e-04
  -8.44615754e-05  3.27017973e-04]
 ...
 [ 2.65726060e-05  7.23584182e-05 -1.74586558e-04 ...  1.96919050e-05
   8.42180542e-06 -3.66789051e-05]
 [ 1.32330504e-05  3.48805003e-05 -8.44615754e-05 ...  8.42180542e-06
   4.98338719e-06 -1.74414039e-05]
 [-4.99026677e-05 -1.35151153e-04  3.27017973e-04 ... -3.66789051e-05
  -1.74414039e-05  7.55841614e-05]]


******** <class 'pyscf.scf.addons.SmearingDFRKS'> ********
method = SmearingDFRKS
initial guess = minao
damping factor = 0.15
level_shift factor = 0.2
DIIS = <class 'pyscf.scf.diis.CDIIS'>
diis_start_cycle = 1
diis_space = 12
diis_damp = 0
SCF conv_tol = 5e-05
SCF conv_tol_grad = None
SCF max_cycles = 200
direct_scf = True
direct_scf_tol = 1e-13
chkfile to save SCF result = /tmp/tmpxylvzcgl
max_memory 4000 MB (current use 86696 MB)
XC library pyscf.dft.libxc version 6.1.0
    S. Lehtola, C. Steigemann, M. J.T. Oliveira, and M. A.L. Marques.,  SoftwareX 7, 1–5 (2018)
XC functionals = pbe
    J. P. Perdew, K. Burke, and M. Ernzerhof.,  Phys. Rev. Lett. 77, 3865 (1996)
    J. P. Perdew, K. Burke, and M. Ernzerhof.,  Phys. Rev. Lett. 78, 1396 (1997)
    J. P. Perdew, K. Burke, and M. Ernzerhof.,  Phys. Rev. Lett. 77, 3865 (1996)
    J. P. Perdew, K. Burke, and M. Ernzerhof.,  Phys. Rev. Lett. 78, 1396 (1997)
small_rho_cutoff = 1e-06
Set gradient conv threshold to 0.00707107
    Total E(T) = -12114.1916435689  Free energy = -12115.2272251179  E0 = -12114.7094343434
init E= -12114.1916435689
    sigma = 0.02  Optimized mu = -0.0530910937481  entropy = 1.54386873739
    Total E(T) = -12114.1916309787  Free energy = -12114.2225083535  E0 = -12114.2070696661
cycle= 1 E= -12114.1916309787  delta_E= 1.26e-05  |g|= 0.0327  |ddm|= 64.6
    sigma = 0.02  Optimized mu = -0.0535751547109  entropy = 1.54503893306
    Total E(T) = -12114.1912502125  Free energy = -12114.2221509912  E0 = -12114.2067006018
cycle= 2 E= -12114.1912502125  delta_E= 0.000381  |g|= 0.109  |ddm|=  157
    sigma = 0.02  Optimized mu = -0.0531598565724  entropy = 1.54439410067
    Total E(T) = -12114.1915262713  Free energy = -12114.2224141533  E0 = -12114.2069702123
cycle= 3 E= -12114.1915262713  delta_E= -0.000276  |g|= 0.05  |ddm|= 62.8
    sigma = 0.02  Optimized mu = -0.053144815764  entropy = 1.54429861707
    Total E(T) = -12114.1916279436  Free energy = -12114.2225139159  E0 = -12114.2070709298
cycle= 4 E= -12114.1916279436  delta_E= -0.000102  |g|= 0.0288  |ddm|= 31.4
    sigma = 0.02  Optimized mu = -0.0531220733496  entropy = 1.54447933914
    Total E(T) = -12114.1916645655  Free energy = -12114.2225541523  E0 = -12114.2071093589
cycle= 5 E= -12114.1916645655  delta_E= -3.66e-05  |g|= 0.0152  |ddm|= 22.1
    sigma = 0.02  Optimized mu = -0.0531349303995  entropy = 1.54451734231
    Total E(T) = -12114.1916765973  Free energy = -12114.2225669441  E0 = -12114.2071217707
cycle= 6 E= -12114.1916765973  delta_E= -1.2e-05  |g|= 0.0086  |ddm|= 14.7
    sigma = 0.02  Optimized mu = -0.0531418134811  entropy = 1.54459211708
    Total E(T) = -12114.1916801425  Free energy = -12114.2225719848  E0 = -12114.2071260637
cycle= 7 E= -12114.1916801425  delta_E= -3.55e-06  |g|= 0.00469  |ddm|=  9.1
    sigma = 0.02  Optimized mu = -0.153197574699  entropy = 51.7662068305
    Total E(T) = -12113.6517680096  Free energy = -12114.6870921462  E0 = -12114.1694300779
Extra cycle  E= -12113.6517680096  delta_E= 0.54  |g|= 0.473  |ddm|= 4.48e+03
converged SCF energy = -12113.6517680096
dm0 check [[[ 1.89791146e-01  3.06165634e-01 -6.27341115e-02 ...  1.04151786e-05
    5.13686716e-06 -2.17511406e-05]
  [ 3.06165634e-01  5.07704236e-01 -1.67332024e-01 ...  2.84281483e-05
    1.34436699e-05 -5.89191543e-05]
  [-6.27341115e-02 -1.67332024e-01  3.38333211e-01 ... -6.84448485e-05
   -3.24972542e-05  1.42306351e-04]
  ...
  [ 1.04151786e-05  2.84281483e-05 -6.84448485e-05 ...  5.17724180e-06
    2.03273232e-06 -1.08600637e-05]
  [ 5.13686716e-06  1.34436699e-05 -3.24972542e-05 ...  2.03273232e-06
    1.45110007e-06 -5.14758346e-06]
  [-2.17511406e-05 -5.89191543e-05  1.42306351e-04 ... -1.08600637e-05
   -5.14758346e-06  2.63010468e-05]]

 [[ 1.89770267e-01  3.06108609e-01 -6.26048846e-02 ...  1.29351203e-05
    6.55385639e-06 -2.54540764e-05]
  [ 3.06108609e-01  5.07551883e-01 -1.66991097e-01 ...  3.52427544e-05
    1.72795702e-05 -6.89534854e-05]
  [-6.26048846e-02 -1.66991097e-01  3.37573108e-01 ... -8.51198149e-05
   -4.19185456e-05  1.67056803e-04]
  ...
  [ 1.29351203e-05  3.52427544e-05 -8.51198149e-05 ...  8.07777348e-06
    3.38743636e-06 -1.60306837e-05]
  [ 6.55385639e-06  1.72795702e-05 -4.19185456e-05 ...  3.38743636e-06
    2.11972965e-06 -7.65910018e-06]
  [-2.54540764e-05 -6.89534854e-05  1.67056803e-04 ... -1.60306837e-05
   -7.65910018e-06  3.55178846e-05]]]


******** <class 'pyscf.scf.addons.SmearingDFUKS'> ********
method = SmearingDFUKS
initial guess = minao
damping factor = 0.15
level_shift factor = 0.2
DIIS = <class 'pyscf.scf.diis.CDIIS'>
diis_start_cycle = 1
diis_space = 12
diis_damp = 0
SCF conv_tol = 5e-05
SCF conv_tol_grad = None
SCF max_cycles = 200
direct_scf = True
direct_scf_tol = 1e-13
chkfile to save SCF result = /tmp/tmpkx7vnvjx
max_memory 4000 MB (current use 86977 MB)
number electrons alpha = 325  beta = 323
XC library pyscf.dft.libxc version 6.1.0
    S. Lehtola, C. Steigemann, M. J.T. Oliveira, and M. A.L. Marques.,  SoftwareX 7, 1–5 (2018)
XC functionals = pbe
    J. P. Perdew, K. Burke, and M. Ernzerhof.,  Phys. Rev. Lett. 77, 3865 (1996)
    J. P. Perdew, K. Burke, and M. Ernzerhof.,  Phys. Rev. Lett. 78, 1396 (1997)
    J. P. Perdew, K. Burke, and M. Ernzerhof.,  Phys. Rev. Lett. 77, 3865 (1996)
    J. P. Perdew, K. Burke, and M. Ernzerhof.,  Phys. Rev. Lett. 78, 1396 (1997)
small_rho_cutoff = 1e-06
Set gradient conv threshold to 0.00707107
    Total E(T) = -12113.7479974398  Free energy = -12113.8126401485  E0 = -12113.7803187942
init E= -12113.7479974398
    sigma = 0.005  Optimized mu_alpha = -0.197585263472  entropy = 3.45144779135e-07
    sigma = 0.005  Optimized mu_beta  = -0.200134148649  entropy = 3.45144779135e-07
    Total E(T) = -12113.7480142037  Free energy = -12113.7480142055  E0 = -12113.7480142046
cycle= 1 E= -12113.7480142037  delta_E= -1.68e-05  |g|= 0.0167  |ddm|= 24.2
    sigma = 0.005  Optimized mu_alpha = -0.197436120661  entropy = 3.45609402283e-07
    sigma = 0.005  Optimized mu_beta  = -0.199989609923  entropy = 3.45609402283e-07
    Total E(T) = -12113.7480035296  Free energy = -12113.7480035314  E0 = -12113.7480035305
cycle= 2 E= -12113.7480035296  delta_E= 1.07e-05  |g|= 0.0356  |ddm|= 30.1
    sigma = 0.005  Optimized mu_alpha = -0.197503049825  entropy = 3.452111777e-07
    sigma = 0.005  Optimized mu_beta  = -0.20005172417  entropy = 3.452111777e-07
    Total E(T) = -12113.7480292496  Free energy = -12113.7480292514  E0 = -12113.7480292505
cycle= 3 E= -12113.7480292496  delta_E= -2.57e-05  |g|= 0.00945  |ddm|= 19.5
    sigma = 0.005  Optimized mu_alpha = -0.197489999403  entropy = 3.4511680171e-07
    sigma = 0.005  Optimized mu_beta  = -0.200039847815  entropy = 3.4511680171e-07
    Total E(T) = -12113.7480376608  Free energy = -12113.7480376626  E0 = -12113.7480376617
cycle= 4 E= -12113.7480376608  delta_E= -8.41e-06  |g|= 0.00513  |ddm|= 10.1
    sigma = 0.005  Optimized mu_alpha = -0.29709370252  entropy = 12.9142965663
    sigma = 0.005  Optimized mu_beta  = -0.299985092152  entropy = 12.9142965663
    Total E(T) = -12113.7128346761  Free energy = -12113.7774061589  E0 = -12113.7451204175
Extra cycle  E= -12113.7128346761  delta_E= 0.0352  |g|= 0.203  |ddm|=  944
converged SCF energy = -12113.7128346761  <S^2> = 2.0163011  2S+1 = 3.0108478
[timing] right/Al ensemble SCF = 773.8s
[timing] collect state = 0.0s
[timing] checkpoint save = 0.5s
[phase1] step=2/5 L=-12261.06376744 Ef=-12261.06075986 |grad|=2.04875e-02 |db|=2.04875e-02 t=793.0s
dm0 check [[[ 1.51511142e-09  2.24391254e-08  1.89789561e-07 ... -1.14719027e-07
    7.42476491e-07  6.64943648e-08]
  [ 2.24391254e-08  3.34443992e-07  2.75066910e-06 ... -1.77767180e-06
    1.10110522e-05  1.04757955e-06]
  [ 1.89789561e-07  2.75066910e-06  2.57237476e-05 ... -1.02769946e-05
    9.27868755e-05  4.99876704e-06]
  ...
  [-1.14719027e-07 -1.77767180e-06 -1.02769946e-05 ...  2.27166708e-04
    1.81896838e-06 -1.91352285e-04]
  [ 7.42476491e-07  1.10110522e-05  9.27868755e-05 ...  1.81896838e-06
    4.79980334e-04 -1.62432356e-06]
  [ 6.64943648e-08  1.04757955e-06  4.99876704e-06 ... -1.91352285e-04
   -1.62432356e-06  6.55604999e-04]]

 [[ 2.14412007e-09  3.18475347e-08  2.65523309e-07 ... -7.48705567e-08
    1.03578174e-06  2.38437832e-08]
  [ 3.18475347e-08  4.74247460e-07  3.91396668e-06 ... -9.93113700e-07
    1.53190651e-05  2.50156053e-07]
  [ 2.65523309e-07  3.91396668e-06  3.37625059e-05 ... -1.10142815e-05
    1.30901449e-04  4.52867683e-06]
  ...
  [-7.48705567e-08 -9.93113700e-07 -1.10142815e-05 ...  2.49604219e-04
    2.27938802e-06 -2.10130234e-04]
  [ 1.03578174e-06  1.53190651e-05  1.30901449e-04 ...  2.27938802e-06
    5.52938805e-04 -2.04467203e-06]
  [ 2.38437832e-08  2.50156053e-07  4.52867683e-06 ... -2.10130234e-04
   -2.04467203e-06  7.46013382e-04]]]
converged SCF energy = -150.22669371454  <S^2> = 2.0045398  2S+1 = 3.003025
dm0 check [[[ 1.14644043e-09  1.70875533e-08  1.38757202e-07 ... -8.06195898e-08
    6.25424546e-07  4.56943851e-08]
  [ 1.70875533e-08  2.56093598e-07  2.02957957e-06 ... -1.06182913e-06
    9.18294702e-06  7.18429121e-07]
  [ 1.38757202e-07  2.02957957e-06  1.80710819e-05 ... -1.26945917e-05
    8.12960528e-05  3.19915114e-06]
  ...
  [-8.06195898e-08 -1.06182913e-06 -1.26945917e-05 ...  2.39058219e-04
   -1.61590734e-06 -1.68277561e-04]
  [ 6.25424546e-07  9.18294702e-06  8.12960528e-05 ... -1.61590734e-06
    4.44997716e-04 -4.05929866e-06]
  [ 4.56943851e-08  7.18429121e-07  3.19915114e-06 ... -1.68277561e-04
   -4.05929866e-06  5.95725214e-04]]

 [[ 2.53036790e-08  3.85050753e-07  2.83126579e-06 ... -1.48564615e-07
    1.05907478e-07  7.43836338e-08]
  [ 3.85050753e-07  5.86079318e-06  4.30459256e-05 ... -2.17962739e-06
    1.18345893e-06  1.05280689e-06]
  [ 2.83126579e-06  4.30459256e-05  3.17989580e-04 ... -1.75086853e-05
    2.68751830e-05  9.38988857e-06]
  ...
  [-1.48564615e-07 -2.17962739e-06 -1.75086853e-05 ...  2.30571795e-04
    2.09025570e-07 -1.91673883e-04]
  [ 1.05907478e-07  1.18345893e-06  2.68751830e-05 ...  2.09025570e-07
    4.63241178e-04 -3.50232729e-06]
  [ 7.43836338e-08  1.05280689e-06  9.38988857e-06 ... -1.91673883e-04
   -3.50232729e-06  6.49569815e-04]]]
converged SCF energy = -150.244985829829  <S^2> = 0.92979806  2S+1 = 2.1723702
[timing] left/O ensemble SCF = 11.4s
dm0 check [[ 3.79524022e-01  6.12206926e-01 -1.25180127e-01 ...  2.61585059e-05
   1.32840469e-05 -4.96040738e-05]
 [ 6.12206926e-01  1.01511263e+00 -3.33920703e-01 ...  7.12452229e-05
   3.50179937e-05 -1.34350846e-04]
 [-1.25180127e-01 -3.33920703e-01  6.74952110e-01 ... -1.71887330e-04
  -8.47879101e-05  3.25069944e-04]
 ...
 [ 2.61585059e-05  7.12452229e-05 -1.71887330e-04 ...  1.81754074e-05
   7.91255807e-06 -3.44269743e-05]
 [ 1.32840469e-05  3.50179937e-05 -8.47879101e-05 ...  7.91255807e-06
   4.84481992e-06 -1.67550872e-05]
 [-4.96040738e-05 -1.34350846e-04  3.25069944e-04 ... -3.44269743e-05
  -1.67550872e-05  7.25446325e-05]]


******** <class 'pyscf.scf.addons.SmearingDFRKS'> ********
method = SmearingDFRKS
initial guess = minao
damping factor = 0.15
level_shift factor = 0.2
DIIS = <class 'pyscf.scf.diis.CDIIS'>
diis_start_cycle = 1
diis_space = 12
diis_damp = 0
SCF conv_tol = 5e-05
SCF conv_tol_grad = None
SCF max_cycles = 200
direct_scf = True
direct_scf_tol = 1e-13
chkfile to save SCF result = /tmp/tmpxylvzcgl
max_memory 4000 MB (current use 87201 MB)
XC library pyscf.dft.libxc version 6.1.0
    S. Lehtola, C. Steigemann, M. J.T. Oliveira, and M. A.L. Marques.,  SoftwareX 7, 1–5 (2018)
XC functionals = pbe
    J. P. Perdew, K. Burke, and M. Ernzerhof.,  Phys. Rev. Lett. 77, 3865 (1996)
    J. P. Perdew, K. Burke, and M. Ernzerhof.,  Phys. Rev. Lett. 78, 1396 (1997)
    J. P. Perdew, K. Burke, and M. Ernzerhof.,  Phys. Rev. Lett. 77, 3865 (1996)
    J. P. Perdew, K. Burke, and M. Ernzerhof.,  Phys. Rev. Lett. 78, 1396 (1997)
small_rho_cutoff = 1e-06
Set gradient conv threshold to 0.00707107
    Total E(T) = -12114.232848065  Free energy = -12115.2681722016  E0 = -12114.7505101333
init E= -12114.232848065
    sigma = 0.02  Optimized mu = -0.0530781305297  entropy = 1.54260957598
    Total E(T) = -12114.2328485093  Free energy = -12114.2637007008  E0 = -12114.2482746051
cycle= 1 E= -12114.2328485093  delta_E= -4.44e-07  |g|= 0.0236  |ddm|= 39.9
    sigma = 0.02  Optimized mu = -0.0533570295376  entropy = 1.54374739803
    Total E(T) = -12114.2326770403  Free energy = -12114.2635519883  E0 = -12114.2481145143
cycle= 2 E= -12114.2326770403  delta_E= 0.000171  |g|= 0.074  |ddm|=  101
    sigma = 0.02  Optimized mu = -0.0530977105323  entropy = 1.54318249096
    Total E(T) = -12114.2328090528  Free energy = -12114.2636727026  E0 = -12114.2482408777
cycle= 3 E= -12114.2328090528  delta_E= -0.000132  |g|= 0.0315  |ddm|= 46.5
    sigma = 0.02  Optimized mu = -0.0530957837761  entropy = 1.54306958815
    Total E(T) = -12114.2328542693  Free energy = -12114.2637156611  E0 = -12114.2482849652
cycle= 4 E= -12114.2328542693  delta_E= -4.52e-05  |g|= 0.0171  |ddm|= 21.6
    sigma = 0.02  Optimized mu = -0.0530811574864  entropy = 1.5431929155
    Total E(T) = -12114.2328677975  Free energy = -12114.2637316558  E0 = -12114.2482997267
cycle= 5 E= -12114.2328677975  delta_E= -1.35e-05  |g|= 0.00932  |ddm|= 15.4
    sigma = 0.02  Optimized mu = -0.0530882498265  entropy = 1.54321243884
    Total E(T) = -12114.232872769  Free energy = -12114.2637370178  E0 = -12114.2483048934
cycle= 6 E= -12114.232872769  delta_E= -4.97e-06  |g|= 0.00476  |ddm|= 8.25
    sigma = 0.02  Optimized mu = -0.15317078184  entropy = 51.7529308083
    Total E(T) = -12113.6942333226  Free energy = -12114.7292919387  E0 = -12114.2117626306
Extra cycle  E= -12113.6942333226  delta_E= 0.539  |g|= 0.457  |ddm|= 4.46e+03
converged SCF energy = -12113.6942333226
dm0 check [[[ 1.89784079e-01  3.06162576e-01 -6.27288736e-02 ...  1.02175872e-05
    5.15254716e-06 -2.15841717e-05]
  [ 3.06162576e-01  5.07713513e-01 -1.67327611e-01 ...  2.78970896e-05
    1.34858825e-05 -5.84714327e-05]
  [-6.27288736e-02 -1.67327611e-01  3.38325668e-01 ... -6.71620521e-05
   -3.25978451e-05  1.41223958e-04]
  ...
  [ 1.02175872e-05  2.78970896e-05 -6.71620521e-05 ...  4.85918210e-06
    1.93963141e-06 -1.03464942e-05]
  [ 5.15254716e-06  1.34858825e-05 -3.25978451e-05 ...  1.93963141e-06
    1.43705616e-06 -5.02704679e-06]
  [-2.15841717e-05 -5.84714327e-05  1.41223958e-04 ... -1.03464942e-05
   -5.02704679e-06  2.56219997e-05]]

 [[ 1.89763214e-01  3.06105600e-01 -6.25997431e-02 ...  1.25097533e-05
    6.49185376e-06 -2.49971989e-05]
  [ 3.06105600e-01  5.07561291e-01 -1.66986923e-01 ...  3.40970945e-05
    1.71123689e-05 -6.77235899e-05]
  [-6.25997431e-02 -1.66986923e-01  3.37565963e-01 ... -8.23430308e-05
   -4.15112499e-05  1.64073065e-04]
  ...
  [ 1.25097533e-05  3.40970945e-05 -8.23430308e-05 ...  7.21311115e-06
    3.07312627e-06 -1.46352011e-05]
  [ 6.49185376e-06  1.71123689e-05 -4.15112499e-05 ...  3.07312627e-06
    2.01783228e-06 -7.18274275e-06]
  [-2.49971989e-05 -6.77235899e-05  1.64073065e-04 ... -1.46352011e-05
   -7.18274275e-06  3.34380762e-05]]]


******** <class 'pyscf.scf.addons.SmearingDFUKS'> ********
method = SmearingDFUKS
initial guess = minao
damping factor = 0.15
level_shift factor = 0.2
DIIS = <class 'pyscf.scf.diis.CDIIS'>
diis_start_cycle = 1
diis_space = 12
diis_damp = 0
SCF conv_tol = 5e-05
SCF conv_tol_grad = None
SCF max_cycles = 200
direct_scf = True
direct_scf_tol = 1e-13
chkfile to save SCF result = /tmp/tmpkx7vnvjx
max_memory 4000 MB (current use 87201 MB)
number electrons alpha = 325  beta = 323
XC library pyscf.dft.libxc version 6.1.0
    S. Lehtola, C. Steigemann, M. J.T. Oliveira, and M. A.L. Marques.,  SoftwareX 7, 1–5 (2018)
XC functionals = pbe
    J. P. Perdew, K. Burke, and M. Ernzerhof.,  Phys. Rev. Lett. 77, 3865 (1996)
    J. P. Perdew, K. Burke, and M. Ernzerhof.,  Phys. Rev. Lett. 78, 1396 (1997)
    J. P. Perdew, K. Burke, and M. Ernzerhof.,  Phys. Rev. Lett. 77, 3865 (1996)
    J. P. Perdew, K. Burke, and M. Ernzerhof.,  Phys. Rev. Lett. 78, 1396 (1997)
small_rho_cutoff = 1e-06
Set gradient conv threshold to 0.00707107
    Total E(T) = -12113.7892474894  Free energy = -12113.8538189722  E0 = -12113.8215332308
init E= -12113.7892474894
    sigma = 0.005  Optimized mu_alpha = -0.197564193856  entropy = 3.45140088604e-07
    sigma = 0.005  Optimized mu_beta  = -0.200107941505  entropy = 3.45140088604e-07
    Total E(T) = -12113.7892538035  Free energy = -12113.7892538053  E0 = -12113.7892538044
cycle= 1 E= -12113.7892538035  delta_E= -6.31e-06  |g|= 0.0247  |ddm|=   28
    sigma = 0.005  Optimized mu_alpha = -0.197365980135  entropy = 3.45491953983e-07
    sigma = 0.005  Optimized mu_beta  = -0.199920588919  entropy = 3.45491953983e-07
    Total E(T) = -12113.7891933284  Free energy = -12113.7891933302  E0 = -12113.7891933293
cycle= 2 E= -12113.7891933284  delta_E= 6.05e-05  |g|= 0.0681  |ddm|= 51.6
    sigma = 0.005  Optimized mu_alpha = -0.197469692052  entropy = 3.4515571588e-07
    sigma = 0.005  Optimized mu_beta  = -0.200014950275  entropy = 3.4515571588e-07
    Total E(T) = -12113.7892528717  Free energy = -12113.7892528734  E0 = -12113.7892528725
cycle= 3 E= -12113.7892528717  delta_E= -5.95e-05  |g|= 0.0249  |ddm|= 23.4
    sigma = 0.005  Optimized mu_alpha = -0.197474309659  entropy = 3.45143511669e-07
    sigma = 0.005  Optimized mu_beta  = -0.200018299071  entropy = 3.45143511669e-07
    Total E(T) = -12113.7892730542  Free energy = -12113.789273056  E0 = -12113.7892730551
cycle= 4 E= -12113.7892730542  delta_E= -2.02e-05  |g|= 0.0127  |ddm|= 12.9
    sigma = 0.005  Optimized mu_alpha = -0.19746398228  entropy = 3.45048586639e-07
    sigma = 0.005  Optimized mu_beta  = -0.200009263178  entropy = 3.45048586639e-07
    Total E(T) = -12113.7892792774  Free energy = -12113.7892792791  E0 = -12113.7892792782
cycle= 5 E= -12113.7892792774  delta_E= -6.22e-06  |g|= 0.00711  |ddm|=   11
    sigma = 0.005  Optimized mu_alpha = -0.197451577829  entropy = 3.4510744756e-07
    sigma = 0.005  Optimized mu_beta  = -0.199996921735  entropy = 3.4510744756e-07
    Total E(T) = -12113.7892823937  Free energy = -12113.7892823954  E0 = -12113.7892823945
cycle= 6 E= -12113.7892823937  delta_E= -3.12e-06  |g|= 0.00358  |ddm|= 5.42
    sigma = 0.005  Optimized mu_alpha = -0.297033208888  entropy = 12.9012840783
    sigma = 0.005  Optimized mu_beta  = -0.299921061237  entropy = 12.9012840783
    Total E(T) = -12113.7541678887  Free energy = -12113.8186743091  E0 = -12113.7864210989
Extra cycle  E= -12113.7541678887  delta_E= 0.0351  |g|= 0.197  |ddm|=  941
converged SCF energy = -12113.7541678887  <S^2> = 2.0152353  2S+1 = 3.0101397
[timing] right/Al ensemble SCF = 853.4s
[timing] collect state = 0.0s
[timing] checkpoint save = 0.0s
[phase1] step=3/5 L=-12261.20957317 Ef=-12261.20904793 |grad|=1.91420e-02 |db|=1.91420e-02 t=870.2s
dm0 check [[[ 1.51511507e-09  2.24391764e-08  1.89790082e-07 ... -1.14718990e-07
    7.42477045e-07  6.64943306e-08]
  [ 2.24391764e-08  3.34444763e-07  2.75067587e-06 ... -1.77767125e-06
    1.10110602e-05  1.04757907e-06]
  [ 1.89790082e-07  2.75067587e-06  2.57238102e-05 ... -1.02769953e-05
    9.27869282e-05  4.99876750e-06]
  ...
  [-1.14718990e-07 -1.77767125e-06 -1.02769953e-05 ...  2.27166703e-04
    1.81897159e-06 -1.91352281e-04]
  [ 7.42477045e-07  1.10110602e-05  9.27869282e-05 ...  1.81897159e-06
    4.79980205e-04 -1.62432622e-06]
  [ 6.64943306e-08  1.04757907e-06  4.99876750e-06 ... -1.91352281e-04
   -1.62432622e-06  6.55604862e-04]]

 [[ 2.14412506e-09  3.18476057e-08  2.65523940e-07 ... -7.48707043e-08
    1.03578288e-06  2.38439018e-08]
  [ 3.18476057e-08  4.74248514e-07  3.91397520e-06 ... -9.93113263e-07
    1.53190814e-05  2.50155752e-07]
  [ 2.65523940e-07  3.91397520e-06  3.37625800e-05 ... -1.10142938e-05
    1.30901577e-04  4.52868661e-06]
  ...
  [-7.48707043e-08 -9.93113263e-07 -1.10142938e-05 ...  2.49604179e-04
    2.27939104e-06 -2.10130198e-04]
  [ 1.03578288e-06  1.53190814e-05  1.30901577e-04 ...  2.27939104e-06
    5.52938810e-04 -2.04467526e-06]
  [ 2.38439018e-08  2.50155752e-07  4.52868661e-06 ... -2.10130198e-04
   -2.04467526e-06  7.46013355e-04]]]
converged SCF energy = -150.22669371454  <S^2> = 2.0045398  2S+1 = 3.003025
dm0 check [[[ 1.14640389e-09  1.70870133e-08  1.38753939e-07 ... -8.06188010e-08
    6.25415508e-07  4.56897409e-08]
  [ 1.70870133e-08  2.56085856e-07  2.02952809e-06 ... -1.06182303e-06
    9.18280262e-06  7.18371405e-07]
  [ 1.38753939e-07  2.02952809e-06  1.80707535e-05 ... -1.26946238e-05
    8.12949622e-05  3.19865437e-06]
  ...
  [-8.06188010e-08 -1.06182303e-06 -1.26946238e-05 ...  2.39058491e-04
   -1.61625119e-06 -1.68274807e-04]
  [ 6.25415508e-07  9.18280262e-06  8.12949622e-05 ... -1.61625119e-06
    4.44994840e-04 -4.05993503e-06]
  [ 4.56897409e-08  7.18371405e-07  3.19865437e-06 ... -1.68274807e-04
   -4.05993503e-06  5.95722512e-04]]

 [[ 2.53036577e-08  3.85049032e-07  2.83126422e-06 ... -1.48564942e-07
    1.05891592e-07  7.43764912e-08]
  [ 3.85049032e-07  5.86074589e-06  4.30457436e-05 ... -2.17965303e-06
    1.18317950e-06  1.05272041e-06]
  [ 2.83126422e-06  4.30457436e-05  3.17989433e-04 ... -1.75089510e-05
    2.68727894e-05  9.38929285e-06]
  ...
  [-1.48564942e-07 -2.17965303e-06 -1.75089510e-05 ...  2.30571546e-04
    2.08965287e-07 -1.91670976e-04]
  [ 1.05891592e-07  1.18317950e-06  2.68727894e-05 ...  2.08965287e-07
    4.63237986e-04 -3.50230113e-06]
  [ 7.43764912e-08  1.05272041e-06  9.38929285e-06 ... -1.91670976e-04
   -3.50230113e-06  6.49568405e-04]]]
converged SCF energy = -150.244985829834  <S^2> = 0.92979734  2S+1 = 2.1723695
[timing] left/O ensemble SCF = 13.3s
dm0 check [[ 3.79533969e-01  6.12212108e-01 -1.25190566e-01 ...  2.58103894e-05
   1.33476557e-05 -4.93148354e-05]
 [ 6.12212108e-01  1.01510395e+00 -3.33939254e-01 ...  7.03053698e-05
   3.51897335e-05 -1.33568934e-04]
 [-1.25190566e-01 -3.33939254e-01  6.74997824e-01 ... -1.69617245e-04
  -8.52100921e-05  3.23190041e-04]
 ...
 [ 2.58103894e-05  7.03053698e-05 -1.69617245e-04 ...  1.70870298e-05
   7.56671875e-06 -3.27809346e-05]
 [ 1.33476557e-05  3.51897335e-05 -8.52100921e-05 ...  7.56671875e-06
   4.76804793e-06 -1.62965697e-05]
 [-4.93148354e-05 -1.33568934e-04  3.23190041e-04 ... -3.27809346e-05
  -1.62965697e-05  7.02976153e-05]]


******** <class 'pyscf.scf.addons.SmearingDFRKS'> ********
method = SmearingDFRKS
initial guess = minao
damping factor = 0.15
level_shift factor = 0.2
DIIS = <class 'pyscf.scf.diis.CDIIS'>
diis_start_cycle = 1
diis_space = 12
diis_damp = 0
SCF conv_tol = 5e-05
SCF conv_tol_grad = None
SCF max_cycles = 200
direct_scf = True
direct_scf_tol = 1e-13
chkfile to save SCF result = /tmp/tmpxylvzcgl
max_memory 4000 MB (current use 87033 MB)
XC library pyscf.dft.libxc version 6.1.0
    S. Lehtola, C. Steigemann, M. J.T. Oliveira, and M. A.L. Marques.,  SoftwareX 7, 1–5 (2018)
XC functionals = pbe
    J. P. Perdew, K. Burke, and M. Ernzerhof.,  Phys. Rev. Lett. 77, 3865 (1996)
    J. P. Perdew, K. Burke, and M. Ernzerhof.,  Phys. Rev. Lett. 78, 1396 (1997)
    J. P. Perdew, K. Burke, and M. Ernzerhof.,  Phys. Rev. Lett. 77, 3865 (1996)
    J. P. Perdew, K. Burke, and M. Ernzerhof.,  Phys. Rev. Lett. 78, 1396 (1997)
small_rho_cutoff = 1e-06
Set gradient conv threshold to 0.00707107
    Total E(T) = -12114.2756104947  Free energy = -12115.3106691109  E0 = -12114.7931398028
init E= -12114.2756104947
    sigma = 0.02  Optimized mu = -0.0530537188294  entropy = 1.54145077331
    Total E(T) = -12114.27560819  Free energy = -12114.3064372055  E0 = -12114.2910226977
cycle= 1 E= -12114.27560819  delta_E= 2.3e-06  |g|= 0.0233  |ddm|= 41.6
    sigma = 0.02  Optimized mu = -0.0532418191541  entropy = 1.5429513419
    Total E(T) = -12114.2754429325  Free energy = -12114.3063019594  E0 = -12114.2908724459
cycle= 2 E= -12114.2754429325  delta_E= 0.000165  |g|= 0.0727  |ddm|= 98.2
    sigma = 0.02  Optimized mu = -0.0530566289893  entropy = 1.54205280095
    Total E(T) = -12114.2755656297  Free energy = -12114.3064066857  E0 = -12114.2909861577
cycle= 3 E= -12114.2755656297  delta_E= -0.000123  |g|= 0.0323  |ddm|= 41.7
    sigma = 0.02  Optimized mu = -0.0530630187484  entropy = 1.54193311811
    Total E(T) = -12114.2756094314  Free energy = -12114.3064480938  E0 = -12114.2910287626
cycle= 4 E= -12114.2756094314  delta_E= -4.38e-05  |g|= 0.0186  |ddm|= 19.3
    sigma = 0.02  Optimized mu = -0.0530470084957  entropy = 1.54200508989
    Total E(T) = -12114.275624871  Free energy = -12114.3064649728  E0 = -12114.2910449219
cycle= 5 E= -12114.275624871  delta_E= -1.54e-05  |g|= 0.0099  |ddm|= 14.7
    sigma = 0.02  Optimized mu = -0.0530479259178  entropy = 1.5420356817
    Total E(T) = -12114.2756302857  Free energy = -12114.3064709993  E0 = -12114.2910506425
cycle= 6 E= -12114.2756302857  delta_E= -5.41e-06  |g|= 0.00533  |ddm|= 9.48
    sigma = 0.02  Optimized mu = -0.153140891149  entropy = 51.7405977409
    Total E(T) = -12113.7380681924  Free energy = -12114.7728801472  E0 = -12114.2554741698
Extra cycle  E= -12113.7380681924  delta_E= 0.538  |g|= 0.443  |ddm|= 4.45e+03
converged SCF energy = -12113.7380681924
dm0 check [[[ 1.89788971e-01  3.06164963e-01 -6.27335391e-02 ...  1.00669626e-05
    5.18699842e-06 -2.15122929e-05]
  [ 3.06164963e-01  5.07708643e-01 -1.67335426e-01 ...  2.74905432e-05
    1.35789228e-05 -5.82767485e-05]
  [-6.27335391e-02 -1.67335426e-01  3.38344838e-01 ... -6.61811220e-05
   -3.28260095e-05  1.40759008e-04]
  ...
  [ 1.00669626e-05  2.74905432e-05 -6.61811220e-05 ...  4.59665440e-06
    1.86608575e-06 -9.94073981e-06]
  [ 5.18699842e-06  1.35789228e-05 -3.28260095e-05 ...  1.86608575e-06
    1.43238054e-06 -4.95049158e-06]
  [-2.15122929e-05 -5.82767485e-05  1.40759008e-04 ... -9.94073981e-06
   -4.95049158e-06  2.51728901e-05]]

 [[ 1.89768162e-01  3.06108155e-01 -6.26047803e-02 ...  1.20435621e-05
    6.38886414e-06 -2.44979037e-05]
  [ 3.06108155e-01  5.07556888e-01 -1.66995720e-01 ...  3.28389219e-05
    1.68346385e-05 -6.63754475e-05]
  [-6.26047803e-02 -1.66995720e-01  3.37587189e-01 ... -7.92953056e-05
   -4.08411213e-05  1.60808983e-04]
  ...
  [ 1.20435621e-05  3.28389219e-05 -7.92953056e-05 ...  6.32151619e-06
    2.72538753e-06 -1.31705434e-05]
  [ 6.38886414e-06  1.68346385e-05 -4.08411213e-05 ...  2.72538753e-06
    1.89151913e-06 -6.63528854e-06]
  [-2.44979037e-05 -6.63754475e-05  1.60808983e-04 ... -1.31705434e-05
   -6.63528854e-06  3.12138176e-05]]]


******** <class 'pyscf.scf.addons.SmearingDFUKS'> ********
method = SmearingDFUKS
initial guess = minao
damping factor = 0.15
level_shift factor = 0.2
DIIS = <class 'pyscf.scf.diis.CDIIS'>
diis_start_cycle = 1
diis_space = 12
diis_damp = 0
SCF conv_tol = 5e-05
SCF conv_tol_grad = None
SCF max_cycles = 200
direct_scf = True
direct_scf_tol = 1e-13
chkfile to save SCF result = /tmp/tmpkx7vnvjx
max_memory 4000 MB (current use 87033 MB)
number electrons alpha = 325  beta = 323
XC library pyscf.dft.libxc version 6.1.0
    S. Lehtola, C. Steigemann, M. J.T. Oliveira, and M. A.L. Marques.,  SoftwareX 7, 1–5 (2018)
XC functionals = pbe
    J. P. Perdew, K. Burke, and M. Ernzerhof.,  Phys. Rev. Lett. 77, 3865 (1996)
    J. P. Perdew, K. Burke, and M. Ernzerhof.,  Phys. Rev. Lett. 78, 1396 (1997)
    J. P. Perdew, K. Burke, and M. Ernzerhof.,  Phys. Rev. Lett. 77, 3865 (1996)
    J. P. Perdew, K. Burke, and M. Ernzerhof.,  Phys. Rev. Lett. 78, 1396 (1997)
small_rho_cutoff = 1e-06
Set gradient conv threshold to 0.00707107
    Total E(T) = -12113.8320568441  Free energy = -12113.8965632645  E0 = -12113.8643100543
init E= -12113.8320568441
    sigma = 0.005  Optimized mu_alpha = -0.197500295344  entropy = 3.45116303706e-07
    sigma = 0.005  Optimized mu_beta  = -0.200041906131  entropy = 3.45116303706e-07
    Total E(T) = -12113.8320618869  Free energy = -12113.8320618887  E0 = -12113.8320618878
cycle= 1 E= -12113.8320618869  delta_E= -5.04e-06  |g|= 0.0173  |ddm|= 17.7
    sigma = 0.005  Optimized mu_alpha = -0.197385933134  entropy = 3.45158468346e-07
    sigma = 0.005  Optimized mu_beta  = -0.199934923841  entropy = 3.45158468346e-07
    Total E(T) = -12113.8320329706  Free energy = -12113.8320329723  E0 = -12113.8320329715
cycle= 2 E= -12113.8320329706  delta_E= 2.89e-05  |g|= 0.0476  |ddm|= 33.8
    sigma = 0.005  Optimized mu_alpha = -0.197449059032  entropy = 3.45033343924e-07
    sigma = 0.005  Optimized mu_beta  = -0.19999170922  entropy = 3.45033343924e-07
    Total E(T) = -12113.8320619961  Free energy = -12113.8320619978  E0 = -12113.832061997
cycle= 3 E= -12113.8320619961  delta_E= -2.9e-05  |g|= 0.018  |ddm|= 16.5
    sigma = 0.005  Optimized mu_alpha = -0.197444682486  entropy = 3.45049635409e-07
    sigma = 0.005  Optimized mu_beta  = -0.199986577674  entropy = 3.45049635409e-07
    Total E(T) = -12113.8320724972  Free energy = -12113.8320724989  E0 = -12113.832072498
cycle= 4 E= -12113.8320724972  delta_E= -1.05e-05  |g|= 0.00929  |ddm|= 8.86
    sigma = 0.005  Optimized mu_alpha = -0.197436332916  entropy = 3.44973725903e-07
    sigma = 0.005  Optimized mu_beta  = -0.199978969064  entropy = 3.44973725903e-07
    Total E(T) = -12113.8320760082  Free energy = -12113.8320760099  E0 = -12113.8320760091
cycle= 5 E= -12113.8320760082  delta_E= -3.51e-06  |g|= 0.00507  |ddm|= 7.59
    sigma = 0.005  Optimized mu_alpha = -0.297026208748  entropy = 12.8949896175
    sigma = 0.005  Optimized mu_beta  = -0.299910772939  entropy = 12.8949896175
    Total E(T) = -12113.7967735783  Free energy = -12113.8612485264  E0 = -12113.8290110524
Extra cycle  E= -12113.7967735783  delta_E= 0.0353  |g|= 0.216  |ddm|=  940
converged SCF energy = -12113.7967735783  <S^2> = 2.0146781  2S+1 = 3.0097695
[timing] right/Al ensemble SCF = 777.2s
[timing] collect state = 0.0s
[timing] checkpoint save = 0.0s
[phase1] step=4/5 L=-12261.34437249 Ef=-12261.34596091 |grad|=1.80311e-02 |db|=1.80311e-02 t=795.8s
dm0 check [[[ 1.51511345e-09  2.24391537e-08  1.89789845e-07 ... -1.14719041e-07
    7.42476856e-07  6.64943793e-08]
  [ 2.24391537e-08  3.34444425e-07  2.75067274e-06 ... -1.77767171e-06
    1.10110573e-05  1.04757954e-06]
  [ 1.89789845e-07  2.75067274e-06  2.57237806e-05 ... -1.02769975e-05
    9.27869110e-05  4.99876992e-06]
  ...
  [-1.14719041e-07 -1.77767171e-06 -1.02769975e-05 ...  2.27166714e-04
    1.81897069e-06 -1.91352291e-04]
  [ 7.42476856e-07  1.10110573e-05  9.27869110e-05 ...  1.81897069e-06
    4.79980266e-04 -1.62432538e-06]
  [ 6.64943793e-08  1.04757954e-06  4.99876992e-06 ... -1.91352291e-04
   -1.62432538e-06  6.55604932e-04]]

 [[ 2.14412288e-09  3.18475751e-08  2.65523668e-07 ... -7.48706513e-08
    1.03578247e-06  2.38438681e-08]
  [ 3.18475751e-08  4.74248065e-07  3.91397161e-06 ... -9.93113945e-07
    1.53190755e-05  2.50156401e-07]
  [ 2.65523668e-07  3.91397161e-06  3.37625491e-05 ... -1.10142914e-05
    1.30901535e-04  4.52868544e-06]
  ...
  [-7.48706513e-08 -9.93113945e-07 -1.10142914e-05 ...  2.49604200e-04
    2.27939015e-06 -2.10130218e-04]
  [ 1.03578247e-06  1.53190755e-05  1.30901535e-04 ...  2.27939015e-06
    5.52938890e-04 -2.04467291e-06]
  [ 2.38438681e-08  2.50156401e-07  4.52868544e-06 ... -2.10130218e-04
   -2.04467291e-06  7.46013452e-04]]]
converged SCF energy = -150.226693714539  <S^2> = 2.0045398  2S+1 = 3.003025
dm0 check [[[ 1.14641745e-09  1.70871841e-08  1.38754813e-07 ... -8.06196941e-08
    6.25417120e-07  4.56926965e-08]
  [ 1.70871841e-08  2.56087717e-07  2.02954043e-06 ... -1.06182579e-06
    9.18282741e-06  7.18406974e-07]
  [ 1.38754813e-07  2.02954043e-06  1.80708466e-05 ... -1.26946806e-05
    8.12951703e-05  3.19891372e-06]
  ...
  [-8.06196941e-08 -1.06182579e-06 -1.26946806e-05 ...  2.39058742e-04
   -1.61627706e-06 -1.68275179e-04]
  [ 6.25417120e-07  9.18282741e-06  8.12951703e-05 ... -1.61627706e-06
    4.44995293e-04 -4.05994829e-06]
  [ 4.56926965e-08  7.18406974e-07  3.19891372e-06 ... -1.68275179e-04
   -4.05994829e-06  5.95722691e-04]]

 [[ 2.53030872e-08  3.85041148e-07  2.83121281e-06 ... -1.48564709e-07
    1.05890540e-07  7.43821276e-08]
  [ 3.85041148e-07  5.86063793e-06  4.30450523e-05 ... -2.17963110e-06
    1.18320858e-06  1.05278733e-06]
  [ 2.83121281e-06  4.30450523e-05  3.17985100e-04 ... -1.75088049e-05
    2.68728932e-05  9.38978175e-06]
  ...
  [-1.48564709e-07 -2.17963110e-06 -1.75088049e-05 ...  2.30571482e-04
    2.08982238e-07 -1.91671362e-04]
  [ 1.05890540e-07  1.18320858e-06  2.68728932e-05 ...  2.08982238e-07
    4.63238233e-04 -3.50223686e-06]
  [ 7.43821276e-08  1.05278733e-06  9.38978175e-06 ... -1.91671362e-04
   -3.50223686e-06  6.49568189e-04]]]
converged SCF energy = -150.244985829831  <S^2> = 0.92979752  2S+1 = 2.1723697
[timing] left/O ensemble SCF = 11.0s
dm0 check [[ 3.79527000e-01  6.12208971e-01 -1.25184786e-01 ...  2.54845050e-05
   1.34040672e-05 -4.90536734e-05]
 [ 6.12208971e-01  1.01511297e+00 -3.33934404e-01 ...  6.94286329e-05
   3.53419295e-05 -1.32867508e-04]
 [-1.25184786e-01 -3.33934404e-01  6.74989003e-01 ... -1.67494587e-04
  -8.55763547e-05  3.21490223e-04]
 ...
 [ 2.54845050e-05  6.94286329e-05 -1.67494587e-04 ...  1.61491752e-05
   7.26474881e-06 -3.13605175e-05]
 [ 1.34040672e-05  3.53419295e-05 -8.55763547e-05 ...  7.26474881e-06
   4.70216503e-06 -1.59002102e-05]
 [-4.90536734e-05 -1.32867508e-04  3.21490223e-04 ... -3.13605175e-05
  -1.59002102e-05  6.83847279e-05]]


******** <class 'pyscf.scf.addons.SmearingDFRKS'> ********
method = SmearingDFRKS
initial guess = minao
damping factor = 0.15
level_shift factor = 0.2
DIIS = <class 'pyscf.scf.diis.CDIIS'>
diis_start_cycle = 1
diis_space = 12
diis_damp = 0
SCF conv_tol = 5e-05
SCF conv_tol_grad = None
SCF max_cycles = 200
direct_scf = True
direct_scf_tol = 1e-13
chkfile to save SCF result = /tmp/tmpxylvzcgl
max_memory 4000 MB (current use 86921 MB)
XC library pyscf.dft.libxc version 6.1.0
    S. Lehtola, C. Steigemann, M. J.T. Oliveira, and M. A.L. Marques.,  SoftwareX 7, 1–5 (2018)
XC functionals = pbe
    J. P. Perdew, K. Burke, and M. Ernzerhof.,  Phys. Rev. Lett. 77, 3865 (1996)
    J. P. Perdew, K. Burke, and M. Ernzerhof.,  Phys. Rev. Lett. 78, 1396 (1997)
    J. P. Perdew, K. Burke, and M. Ernzerhof.,  Phys. Rev. Lett. 77, 3865 (1996)
    J. P. Perdew, K. Burke, and M. Ernzerhof.,  Phys. Rev. Lett. 78, 1396 (1997)
small_rho_cutoff = 1e-06
Set gradient conv threshold to 0.00707107
    Total E(T) = -12114.311705165  Free energy = -12115.3465171198  E0 = -12114.8291111424
init E= -12114.311705165
    sigma = 0.02  Optimized mu = -0.0530270330111  entropy = 1.54040305646
    Total E(T) = -12114.3116977284  Free energy = -12114.3425057895  E0 = -12114.3271017589
cycle= 1 E= -12114.3116977284  delta_E= 7.44e-06  |g|= 0.0261  |ddm|= 42.4
    sigma = 0.02  Optimized mu = -0.0531686711396  entropy = 1.54227138171
    Total E(T) = -12114.3114989072  Free energy = -12114.3423443348  E0 = -12114.326921621
cycle= 2 E= -12114.3114989072  delta_E= 0.000199  |g|= 0.0811  |ddm|=  106
    sigma = 0.02  Optimized mu = -0.0530193741629  entropy = 1.54104290624
    Total E(T) = -12114.3116449439  Free energy = -12114.3424658021  E0 = -12114.327055373
cycle= 3 E= -12114.3116449439  delta_E= -0.000146  |g|= 0.0361  |ddm|= 44.1
    sigma = 0.02  Optimized mu = -0.0530259417471  entropy = 1.5409259766
    Total E(T) = -12114.3116965289  Free energy = -12114.3425150484  E0 = -12114.3271057886
cycle= 4 E= -12114.3116965289  delta_E= -5.16e-05  |g|= 0.0208  |ddm|= 20.3
    sigma = 0.02  Optimized mu = -0.0530146273644  entropy = 1.5409702426
    Total E(T) = -12114.3117144448  Free energy = -12114.3425338496  E0 = -12114.3271241472
cycle= 5 E= -12114.3117144448  delta_E= -1.79e-05  |g|= 0.0117  |ddm|= 15.4
    sigma = 0.02  Optimized mu = -0.0530178806946  entropy = 1.5409746223
    Total E(T) = -12114.3117210368  Free energy = -12114.3425405293  E0 = -12114.3271307831
cycle= 6 E= -12114.3117210368  delta_E= -6.59e-06  |g|= 0.00669  |ddm|= 8.62
    sigma = 0.02  Optimized mu = -0.153105877445  entropy = 51.7281623731
    Total E(T) = -12113.7752089525  Free energy = -12114.8097722  E0 = -12114.2924905763
Extra cycle  E= -12113.7752089525  delta_E= 0.537  |g|= 0.428  |ddm|= 4.43e+03
converged SCF energy = -12113.7752089525
dm0 check [[[ 1.89785450e-01  3.06163294e-01 -6.27304322e-02 ...  9.96857412e-06
    5.23140181e-06 -2.14598905e-05]
  [ 3.06163294e-01  5.07712887e-01 -1.67332441e-01 ...  2.72262188e-05
    1.36986219e-05 -5.81368292e-05]
  [-6.27304322e-02 -1.67332441e-01  3.38339263e-01 ... -6.55429786e-05
   -3.31150477e-05  1.40421730e-04]
  ...
  [ 9.96857412e-06  2.72262188e-05 -6.55429786e-05 ...  4.43030319e-06
    1.82687138e-06 -9.67920203e-06]
  [ 5.23140181e-06  1.36986219e-05 -3.31150477e-05 ...  1.82687138e-06
    1.43834598e-06 -4.91877504e-06]
  [-2.14598905e-05 -5.81368292e-05  1.40421730e-04 ... -9.67920203e-06
   -4.91877504e-06  2.48884396e-05]]

 [[ 1.89764672e-01  3.06106581e-01 -6.26018820e-02 ...  1.17334775e-05
    6.34524708e-06 -2.41446755e-05]
  [ 3.06106581e-01  5.07561394e-01 -1.66993278e-01 ...  3.20034472e-05
    1.67170149e-05 -6.54239394e-05]
  [-6.26018820e-02 -1.66993278e-01  3.37582717e-01 ... -7.72707279e-05
   -4.05552557e-05  1.58501594e-04]
  ...
  [ 1.17334775e-05  3.20034472e-05 -7.72707279e-05 ...  5.77875405e-06
    2.52176531e-06 -1.22560824e-05]
  [ 6.34524708e-06  1.67170149e-05 -4.05552557e-05 ...  2.52176531e-06
    1.82422841e-06 -6.31332167e-06]
  [-2.41446755e-05 -6.54239394e-05  1.58501594e-04 ... -1.22560824e-05
   -6.31332167e-06  2.98001902e-05]]]


******** <class 'pyscf.scf.addons.SmearingDFUKS'> ********
method = SmearingDFUKS
initial guess = minao
damping factor = 0.15
level_shift factor = 0.2
DIIS = <class 'pyscf.scf.diis.CDIIS'>
diis_start_cycle = 1
diis_space = 12
diis_damp = 0
SCF conv_tol = 5e-05
SCF conv_tol_grad = None
SCF max_cycles = 200
direct_scf = True
direct_scf_tol = 1e-13
chkfile to save SCF result = /tmp/tmpkx7vnvjx
max_memory 4000 MB (current use 86921 MB)
number electrons alpha = 325  beta = 323
XC library pyscf.dft.libxc version 6.1.0
    S. Lehtola, C. Steigemann, M. J.T. Oliveira, and M. A.L. Marques.,  SoftwareX 7, 1–5 (2018)
XC functionals = pbe
    J. P. Perdew, K. Burke, and M. Ernzerhof.,  Phys. Rev. Lett. 77, 3865 (1996)
    J. P. Perdew, K. Burke, and M. Ernzerhof.,  Phys. Rev. Lett. 78, 1396 (1997)
    J. P. Perdew, K. Burke, and M. Ernzerhof.,  Phys. Rev. Lett. 77, 3865 (1996)
    J. P. Perdew, K. Burke, and M. Ernzerhof.,  Phys. Rev. Lett. 78, 1396 (1997)
small_rho_cutoff = 1e-06
Set gradient conv threshold to 0.00707107
    Total E(T) = -12113.868178179  Free energy = -12113.9326531271  E0 = -12113.9004156531
init E= -12113.868178179
    sigma = 0.005  Optimized mu_alpha = -0.197494926456  entropy = 3.45198371096e-07
    sigma = 0.005  Optimized mu_beta  = -0.200032964589  entropy = 3.45198371096e-07
    Total E(T) = -12113.8681761214  Free energy = -12113.8681761232  E0 = -12113.8681761223
cycle= 1 E= -12113.8681761214  delta_E= 2.06e-06  |g|= 0.0244  |ddm|= 20.9
    sigma = 0.005  Optimized mu_alpha = -0.197357467276  entropy = 3.447274936e-07
    sigma = 0.005  Optimized mu_beta  = -0.199909277433  entropy = 3.447274936e-07
    Total E(T) = -12113.868104045  Free energy = -12113.8681040467  E0 = -12113.8681040459
cycle= 2 E= -12113.868104045  delta_E= 7.21e-05  |g|= 0.0676  |ddm|=   46
    sigma = 0.005  Optimized mu_alpha = -0.197429163016  entropy = 3.45025869025e-07
    sigma = 0.005  Optimized mu_beta  = -0.199969569663  entropy = 3.45025869025e-07
    Total E(T) = -12113.8681636151  Free energy = -12113.8681636168  E0 = -12113.8681636159
cycle= 3 E= -12113.8681636151  delta_E= -5.96e-05  |g|= 0.0283  |ddm|= 18.4
    sigma = 0.005  Optimized mu_alpha = -0.197434208536  entropy = 3.45050406056e-07
    sigma = 0.005  Optimized mu_beta  = -0.199973216767  entropy = 3.45050406056e-07
    Total E(T) = -12113.8681853946  Free energy = -12113.8681853963  E0 = -12113.8681853955
cycle= 4 E= -12113.8681853946  delta_E= -2.18e-05  |g|= 0.0147  |ddm|= 10.8
    sigma = 0.005  Optimized mu_alpha = -0.197421812972  entropy = 3.44975015047e-07
    sigma = 0.005  Optimized mu_beta  = -0.199962188713  entropy = 3.44975015047e-07
    Total E(T) = -12113.8681921911  Free energy = -12113.8681921929  E0 = -12113.868192192
cycle= 5 E= -12113.8681921911  delta_E= -6.8e-06  |g|= 0.00824  |ddm|= 7.22
    sigma = 0.005  Optimized mu_alpha = -0.197418477175  entropy = 3.4494195089e-07
    sigma = 0.005  Optimized mu_beta  = -0.199959081554  entropy = 3.4494195089e-07
    Total E(T) = -12113.868194854  Free energy = -12113.8681948557  E0 = -12113.8681948549
cycle= 6 E= -12113.868194854  delta_E= -2.66e-06  |g|= 0.00447  |ddm|= 4.11
    sigma = 0.005  Optimized mu_alpha = -0.296998795943  entropy = 12.8886846259
    sigma = 0.005  Optimized mu_beta  = -0.29988152279  entropy = 12.8886846259
    Total E(T) = -12113.8329212931  Free energy = -12113.8973647162  E0 = -12113.8651430046
Extra cycle  E= -12113.8329212931  delta_E= 0.0353  |g|= 0.214  |ddm|=  940
converged SCF energy = -12113.8329212931  <S^2> = 2.0142838  2S+1 = 3.0095075
[timing] right/Al ensemble SCF = 852.2s
[timing] collect state = 0.0s
[timing] checkpoint save = 0.0s
[phase1] step=5/5 L=-12261.47002550 Ef=-12261.47345766 |grad|=1.70823e-02 |db|=1.70823e-02 t=868.4s
[phase1] finished, |b| = 2.32831e+00 t=4213.2s
starting phase 2: L-BFGS-B optimization
=== Python finished ===
All done.
