pyscf max mem 1060474
begin fragment ensemble
left ensemble electron number ([9, 9], [7, 8])
right ensemble electron number ([325, 325], [325, 323])
dm0 check None
converged SCF energy = -150.226693714537  <S^2> = 2.0045399  2S+1 = 3.003025
dm0 check None
converged SCF energy = -150.244985829666  <S^2> = 0.9297856  2S+1 = 2.1723587
dm0 check [[ 3.79537911e-01  6.12188731e-01 -1.25088178e-01 ... -2.74947307e-05
  -2.53424526e-05 -5.86486443e-06]
 [ 6.12188731e-01  1.01498708e+00 -3.33609634e-01 ... -7.34109445e-05
  -6.91507358e-05 -1.64033367e-05]
 [-1.25088178e-01 -3.33609634e-01  6.74152940e-01 ...  1.78198159e-04
   1.67618456e-04  3.97605354e-05]
 ...
 [-2.74947307e-05 -7.34109445e-05  1.78198159e-04 ...  3.09222459e-05
   2.56197909e-05  4.11005684e-06]
 [-2.53424526e-05 -6.91507358e-05  1.67618456e-04 ...  2.56197909e-05
   2.35902348e-05  2.86722556e-06]
 [-5.86486443e-06 -1.64033367e-05  3.97605354e-05 ...  4.11005684e-06
   2.86722556e-06  1.46756337e-06]]


******** <class 'pyscf.scf.addons.SmearingDFRKS'> ********
method = SmearingDFRKS
initial guess = minao
damping factor = 0.15
level_shift factor = 0.2
DIIS = <class 'pyscf.scf.diis.CDIIS'>
diis_start_cycle = 1
diis_space = 12
diis_damp = 0
SCF conv_tol = 1e-06
SCF conv_tol_grad = None
SCF max_cycles = 200
direct_scf = True
direct_scf_tol = 1e-13
chkfile to save SCF result = /tmp/tmp1wji8wvr
max_memory 4000 MB (current use 147462 MB)
XC library pyscf.dft.libxc version 6.1.0
    S. Lehtola, C. Steigemann, M. J.T. Oliveira, and M. A.L. Marques.,  SoftwareX 7, 1–5 (2018)
XC functionals = pbe
    J. P. Perdew, K. Burke, and M. Ernzerhof.,  Phys. Rev. Lett. 77, 3865 (1996)
    J. P. Perdew, K. Burke, and M. Ernzerhof.,  Phys. Rev. Lett. 78, 1396 (1997)
    J. P. Perdew, K. Burke, and M. Ernzerhof.,  Phys. Rev. Lett. 77, 3865 (1996)
    J. P. Perdew, K. Burke, and M. Ernzerhof.,  Phys. Rev. Lett. 78, 1396 (1997)
small_rho_cutoff = 1e-06
Set gradient conv threshold to 0.001
init E= -12116.2152286065
    sigma = 0.02  Optimized mu = -0.0563132359492  entropy = 1.50046934214
    Total E(T) = -12116.194148349  Free energy = -12116.2241577358  E0 = -12116.2091530424
cycle= 1 E= -12116.194148349  delta_E= 0.0211  |g|= 0.966  |ddm|= 2.14e+03
    sigma = 0.02  Optimized mu = -0.0341079247616  entropy = 1.94885576767
    Total E(T) = -12115.8314341352  Free energy = -12115.8704112506  E0 = -12115.8509226929
cycle= 2 E= -12115.8314341352  delta_E= 0.363  |g|= 2.84  |ddm|= 3.71e+03
    sigma = 0.02  Optimized mu = -0.0523524557012  entropy = 1.51272141366
    Total E(T) = -12116.1021172837  Free energy = -12116.1323717119  E0 = -12116.1172444978
cycle= 3 E= -12116.1021172837  delta_E= -0.271  |g|= 1.32  |ddm|= 1.55e+03
    sigma = 0.02  Optimized mu = -0.0521196075979  entropy = 1.49492673147
    Total E(T) = -12116.1942496234  Free energy = -12116.224148158  E0 = -12116.2091988907
cycle= 4 E= -12116.1942496234  delta_E= -0.0921  |g|= 0.731  |ddm|=  676
    sigma = 0.02  Optimized mu = -0.0525668258115  entropy = 1.48736711473
    Total E(T) = -12116.2251049091  Free energy = -12116.2548522514  E0 = -12116.2399785802
cycle= 5 E= -12116.2251049091  delta_E= -0.0309  |g|= 0.412  |ddm|=  339
    sigma = 0.02  Optimized mu = -0.0518542527252  entropy = 1.48664128402
    Total E(T) = -12116.2349446442  Free energy = -12116.2646774699  E0 = -12116.249811057
cycle= 6 E= -12116.2349446442  delta_E= -0.00984  |g|= 0.221  |ddm|=  267
    sigma = 0.02  Optimized mu = -0.0514471322473  entropy = 1.48723930518
    Total E(T) = -12116.2378830949  Free energy = -12116.267627881  E0 = -12116.252755488
cycle= 7 E= -12116.2378830949  delta_E= -0.00294  |g|= 0.127  |ddm|=  185
    sigma = 0.02  Optimized mu = -0.0514642852343  entropy = 1.48657032813
    Total E(T) = -12116.2388605342  Free energy = -12116.2685919407  E0 = -12116.2537262374
cycle= 8 E= -12116.2388605342  delta_E= -0.000977  |g|= 0.0784  |ddm|= 86.5
    sigma = 0.02  Optimized mu = -0.0513660891025  entropy = 1.4867472532
    Total E(T) = -12116.2392117209  Free energy = -12116.268946666  E0 = -12116.2540791935
cycle= 9 E= -12116.2392117209  delta_E= -0.000351  |g|= 0.0418  |ddm|= 45.8
    sigma = 0.02  Optimized mu = -0.05132131885  entropy = 1.4868005707
    Total E(T) = -12116.2393373471  Free energy = -12116.2690733585  E0 = -12116.2542053528
cycle= 10 E= -12116.2393373471  delta_E= -0.000126  |g|= 0.0248  |ddm|= 27.1
    sigma = 0.02  Optimized mu = -0.0512841075979  entropy = 1.4869899243
    Total E(T) = -12116.2393846923  Free energy = -12116.2691244908  E0 = -12116.2542545916
cycle= 11 E= -12116.2393846923  delta_E= -4.73e-05  |g|= 0.0157  |ddm|= 19.5
    sigma = 0.02  Optimized mu = -0.0512969533129  entropy = 1.48698982932
    Total E(T) = -12116.2394074167  Free energy = -12116.2691472133  E0 = -12116.254277315
cycle= 12 E= -12116.2394074167  delta_E= -2.27e-05  |g|= 0.0119  |ddm|=   15
    sigma = 0.02  Optimized mu = -0.0512991740545  entropy = 1.48698195093
    Total E(T) = -12116.2394211164  Free energy = -12116.2691607555  E0 = -12116.2542909359
cycle= 13 E= -12116.2394211164  delta_E= -1.37e-05  |g|= 0.00861  |ddm|= 11.5
    sigma = 0.02  Optimized mu = -0.0512840779769  entropy = 1.4870375708
    Total E(T) = -12116.2394293284  Free energy = -12116.2691700798  E0 = -12116.2542997041
cycle= 14 E= -12116.2394293284  delta_E= -8.21e-06  |g|= 0.00708  |ddm|= 8.66
    sigma = 0.02  Optimized mu = -0.0512764853626  entropy = 1.48705592695
    Total E(T) = -12116.2394349553  Free energy = -12116.2691760738  E0 = -12116.2543055145
cycle= 15 E= -12116.2394349553  delta_E= -5.63e-06  |g|= 0.00675  |ddm|= 6.64
    sigma = 0.02  Optimized mu = -0.0512853959805  entropy = 1.4870324438
    Total E(T) = -12116.2394398862  Free energy = -12116.2691805351  E0 = -12116.2543102107
cycle= 16 E= -12116.2394398862  delta_E= -4.93e-06  |g|= 0.00565  |ddm|= 6.13
    sigma = 0.02  Optimized mu = -0.0512877462744  entropy = 1.48705544481
    Total E(T) = -12116.2394434161  Free energy = -12116.269184525  E0 = -12116.2543139705
cycle= 17 E= -12116.2394434161  delta_E= -3.53e-06  |g|= 0.00549  |ddm|= 5.27
    sigma = 0.02  Optimized mu = -0.0512882797434  entropy = 1.48704506908
    Total E(T) = -12116.239446389  Free energy = -12116.2691872904  E0 = -12116.2543168397
cycle= 18 E= -12116.239446389  delta_E= -2.97e-06  |g|= 0.00501  |ddm|= 4.36
    sigma = 0.02  Optimized mu = -0.0512876947048  entropy = 1.48706013099
    Total E(T) = -12116.2394488122  Free energy = -12116.2691900148  E0 = -12116.2543194135
cycle= 19 E= -12116.2394488122  delta_E= -2.42e-06  |g|= 0.00465  |ddm|= 4.45
    sigma = 0.02  Optimized mu = -0.05129429968  entropy = 1.48703786901
    Total E(T) = -12116.2394509007  Free energy = -12116.2691916581  E0 = -12116.2543212794
cycle= 20 E= -12116.2394509007  delta_E= -2.09e-06  |g|= 0.00475  |ddm|= 3.67
    sigma = 0.02  Optimized mu = -0.0512898931831  entropy = 1.4870450537
    Total E(T) = -12116.2394528151  Free energy = -12116.2691937162  E0 = -12116.2543232656
cycle= 21 E= -12116.2394528151  delta_E= -1.91e-06  |g|= 0.00394  |ddm|= 3.98
    sigma = 0.02  Optimized mu = -0.0512943991268  entropy = 1.48703678808
    Total E(T) = -12116.2394543086  Free energy = -12116.2691950444  E0 = -12116.2543246765
cycle= 22 E= -12116.2394543086  delta_E= -1.49e-06  |g|= 0.004  |ddm|= 4.46
    sigma = 0.02  Optimized mu = -0.0512969582295  entropy = 1.48703561477
    Total E(T) = -12116.2394555986  Free energy = -12116.2691963109  E0 = -12116.2543259548
cycle= 23 E= -12116.2394555986  delta_E= -1.29e-06  |g|= 0.00385  |ddm|= 3.57
    sigma = 0.02  Optimized mu = -0.0512941926327  entropy = 1.48704223328
    Total E(T) = -12116.2394566915  Free energy = -12116.2691975362  E0 = -12116.2543271139
cycle= 24 E= -12116.2394566915  delta_E= -1.09e-06  |g|= 0.00404  |ddm|= 2.83
    sigma = 0.02  Optimized mu = -0.0512984764059  entropy = 1.48700402622
    Total E(T) = -12116.2394578224  Free energy = -12116.2691979029  E0 = -12116.2543278627
cycle= 25 E= -12116.2394578224  delta_E= -1.13e-06  |g|= 0.00412  |ddm|= 4.33
    sigma = 0.02  Optimized mu = -0.0512970822045  entropy = 1.48700525584
    Total E(T) = -12116.2394589604  Free energy = -12116.2691990655  E0 = -12116.254329013
cycle= 26 E= -12116.2394589604  delta_E= -1.14e-06  |g|= 0.00311  |ddm|= 2.84
    sigma = 0.02  Optimized mu = -0.0512961658497  entropy = 1.48702636402
    Total E(T) = -12116.2394598742  Free energy = -12116.2692004015  E0 = -12116.2543301379
cycle= 27 E= -12116.2394598742  delta_E= -9.14e-07  |g|= 0.00264  |ddm|= 2.66
    sigma = 0.02  Optimized mu = -0.0512983278819  entropy = 1.48701391553
    Total E(T) = -12116.2394607095  Free energy = -12116.2692009878  E0 = -12116.2543308486
cycle= 28 E= -12116.2394607095  delta_E= -8.35e-07  |g|= 0.00236  |ddm|= 2.22
    sigma = 0.02  Optimized mu = -0.0512934832595  entropy = 1.48701210427
    Total E(T) = -12116.2394613293  Free energy = -12116.2692015714  E0 = -12116.2543314504
cycle= 29 E= -12116.2394613293  delta_E= -6.2e-07  |g|= 0.00249  |ddm|= 2.91
    sigma = 0.02  Optimized mu = -0.0512962559891  entropy = 1.48701011916
    Total E(T) = -12116.2394619813  Free energy = -12116.2692021837  E0 = -12116.2543320825
cycle= 30 E= -12116.2394619813  delta_E= -6.52e-07  |g|= 0.00255  |ddm|= 2.14
    sigma = 0.02  Optimized mu = -0.051298732669  entropy = 1.4870131643
    Total E(T) = -12116.2394624806  Free energy = -12116.2692027439  E0 = -12116.2543326122
cycle= 31 E= -12116.2394624806  delta_E= -4.99e-07  |g|= 0.00265  |ddm|= 2.09
    sigma = 0.02  Optimized mu = -0.0512919636597  entropy = 1.48703620145
    Total E(T) = -12116.2394629041  Free energy = -12116.2692036281  E0 = -12116.2543332661
cycle= 32 E= -12116.2394629041  delta_E= -4.24e-07  |g|= 0.00228  |ddm|= 2.38
    sigma = 0.02  Optimized mu = -0.0512985347561  entropy = 1.48701079105
    Total E(T) = -12116.2394634897  Free energy = -12116.2692037055  E0 = -12116.2543335976
cycle= 33 E= -12116.2394634897  delta_E= -5.86e-07  |g|= 0.00234  |ddm|= 1.83
    sigma = 0.02  Optimized mu = -0.0513005286416  entropy = 1.48700362199
    Total E(T) = -12116.2394639529  Free energy = -12116.2692040253  E0 = -12116.2543339891
cycle= 34 E= -12116.2394639529  delta_E= -4.63e-07  |g|= 0.0024  |ddm|= 1.59
    sigma = 0.02  Optimized mu = -0.0513028095633  entropy = 1.48699295157
    Total E(T) = -12116.2394643184  Free energy = -12116.2692041774  E0 = -12116.2543342479
cycle= 35 E= -12116.2394643184  delta_E= -3.66e-07  |g|= 0.00246  |ddm|= 2.36
    sigma = 0.02  Optimized mu = -0.0513026292399  entropy = 1.48697255127
    Total E(T) = -12116.2394646008  Free energy = -12116.2692040518  E0 = -12116.2543343263
cycle= 36 E= -12116.2394646008  delta_E= -2.82e-07  |g|= 0.00357  |ddm|= 3.85
    sigma = 0.02  Optimized mu = -0.0512953316253  entropy = 1.48698908472
    Total E(T) = -12116.2394651273  Free energy = -12116.269204909  E0 = -12116.2543350181
cycle= 37 E= -12116.2394651273  delta_E= -5.26e-07  |g|= 0.002  |ddm|= 4.68
    sigma = 0.02  Optimized mu = -0.051297826901  entropy = 1.48698788079
    Total E(T) = -12116.2394655646  Free energy = -12116.2692053222  E0 = -12116.2543354434
cycle= 38 E= -12116.2394655646  delta_E= -4.37e-07  |g|= 0.00176  |ddm|= 1.71
    sigma = 0.02  Optimized mu = -0.0512972476996  entropy = 1.48700577545
    Total E(T) = -12116.2394658427  Free energy = -12116.2692059582  E0 = -12116.2543359005
cycle= 39 E= -12116.2394658427  delta_E= -2.78e-07  |g|= 0.00173  |ddm|= 2.46
    sigma = 0.02  Optimized mu = -0.0512994178533  entropy = 1.48698974373
    Total E(T) = -12116.2394661739  Free energy = -12116.2692059687  E0 = -12116.2543360713
cycle= 40 E= -12116.2394661739  delta_E= -3.31e-07  |g|= 0.0017  |ddm|= 1.38
    sigma = 0.02  Optimized mu = -0.0512989308794  entropy = 1.48699463846
    Total E(T) = -12116.2394663652  Free energy = -12116.269206258  E0 = -12116.2543363116
cycle= 41 E= -12116.2394663652  delta_E= -1.91e-07  |g|= 0.00202  |ddm|= 1.33
    sigma = 0.02  Optimized mu = -0.0512991435268  entropy = 1.48699371321
    Total E(T) = -12116.2394665792  Free energy = -12116.2692064535  E0 = -12116.2543365164
cycle= 42 E= -12116.2394665792  delta_E= -2.14e-07  |g|= 0.00212  |ddm|= 1.13
    sigma = 0.02  Optimized mu = -0.0513019682472  entropy = 1.48698938086
    Total E(T) = -12116.2394667164  Free energy = -12116.269206504  E0 = -12116.2543366102
cycle= 43 E= -12116.2394667164  delta_E= -1.37e-07  |g|= 0.00255  |ddm|=    2
    sigma = 0.02  Optimized mu = -0.0513141600621  entropy = 1.48694611375
    Total E(T) = -12116.2394669936  Free energy = -12116.2692059159  E0 = -12116.2543364547
cycle= 44 E= -12116.2394669936  delta_E= -2.77e-07  |g|= 0.00288  |ddm|= 6.04
    sigma = 0.02  Optimized mu = -0.0512998534893  entropy = 1.48699364684
    Total E(T) = -12116.2394673068  Free energy = -12116.2692071797  E0 = -12116.2543372433
cycle= 45 E= -12116.2394673068  delta_E= -3.13e-07  |g|= 0.00131  |ddm|= 3.17
    sigma = 0.02  Optimized mu = -0.0512901286528  entropy = 1.48701221621
    Total E(T) = -12116.2394674109  Free energy = -12116.2692076552  E0 = -12116.2543375331
cycle= 46 E= -12116.2394674109  delta_E= -1.04e-07  |g|= 0.0013  |ddm|= 2.03
    sigma = 0.02  Optimized mu = -0.0512990600027  entropy = 1.4869737979
    Total E(T) = -12116.2394678177  Free energy = -12116.2692072937  E0 = -12116.2543375557
cycle= 47 E= -12116.2394678177  delta_E= -4.07e-07  |g|= 0.000808  |ddm|= 1.57
    sigma = 0.02  Optimized mu = -0.151279350569  entropy = 50.9858493585
    Total E(T) = -12115.7108054877  Free energy = -12116.7305224749  E0 = -12116.2206639813
Extra cycle  E= -12115.7108054877  delta_E= 0.529  |g|= 0.372  |ddm|= 4.14e+03
converged SCF energy = -12115.7108054877
dm0 check (array([[ 1.89790306e-01,  3.06151030e-01, -6.26771251e-02, ...,
        -1.30467539e-05, -1.20539871e-05, -2.68487527e-06],
       [ 3.06151030e-01,  5.07643630e-01, -1.67156391e-01, ...,
        -3.47946546e-05, -3.28929034e-05, -7.53076174e-06],
       [-6.26771251e-02, -1.67156391e-01,  3.37889691e-01, ...,
         8.42809494e-05,  7.95717355e-05,  1.82209727e-05],
       ...,
       [-1.30467539e-05, -3.47946546e-05,  8.42809494e-05, ...,
         1.44319787e-05,  1.19677582e-05,  1.90240079e-06],
       [-1.20539871e-05, -3.28929034e-05,  7.95717355e-05, ...,
         1.19677582e-05,  1.11188934e-05,  1.34555958e-06],
       [-2.68487527e-06, -7.53076174e-06,  1.82209727e-05, ...,
         1.90240079e-06,  1.34555958e-06,  6.87068746e-07]]), array([[ 1.89766479e-01,  3.06086746e-01, -6.25303764e-02, ...,
        -1.24135881e-05, -1.15351405e-05, -2.50897461e-06],
       [ 3.06086746e-01,  5.07472381e-01, -1.66768311e-01, ...,
        -3.31227104e-05, -3.15214423e-05, -7.06113012e-06],
       [-6.25303764e-02, -1.66768311e-01,  3.37013659e-01, ...,
         8.05579039e-05,  7.65069709e-05,  1.71267048e-05],
       ...,
       [-1.24135881e-05, -3.31227104e-05,  8.05579039e-05, ...,
         1.43949855e-05,  1.19072069e-05,  1.87687573e-06],
       [-1.15351405e-05, -3.15214423e-05,  7.65069709e-05, ...,
         1.19072069e-05,  1.10265626e-05,  1.33731271e-06],
       [-2.50897461e-06, -7.06113012e-06,  1.71267048e-05, ...,
         1.87687573e-06,  1.33731271e-06,  6.03546515e-07]]))


******** <class 'pyscf.scf.addons.SmearingDFUKS'> ********
method = SmearingDFUKS
initial guess = minao
damping factor = 0.15
level_shift factor = 0.2
DIIS = <class 'pyscf.scf.diis.CDIIS'>
diis_start_cycle = 1
diis_space = 12
diis_damp = 0
SCF conv_tol = 1e-06
SCF conv_tol_grad = None
SCF max_cycles = 200
direct_scf = True
direct_scf_tol = 1e-13
chkfile to save SCF result = /tmp/tmpl591um9q
max_memory 4000 MB (current use 148339 MB)
number electrons alpha = 325  beta = 323
XC library pyscf.dft.libxc version 6.1.0
    S. Lehtola, C. Steigemann, M. J.T. Oliveira, and M. A.L. Marques.,  SoftwareX 7, 1–5 (2018)
XC functionals = pbe
    J. P. Perdew, K. Burke, and M. Ernzerhof.,  Phys. Rev. Lett. 77, 3865 (1996)
    J. P. Perdew, K. Burke, and M. Ernzerhof.,  Phys. Rev. Lett. 78, 1396 (1997)
    J. P. Perdew, K. Burke, and M. Ernzerhof.,  Phys. Rev. Lett. 77, 3865 (1996)
    J. P. Perdew, K. Burke, and M. Ernzerhof.,  Phys. Rev. Lett. 78, 1396 (1997)
small_rho_cutoff = 1e-06
Set gradient conv threshold to 0.001
init E= -12115.7700538617
    sigma = 0.005  Optimized mu_alpha = -0.201173946638  entropy = 3.54685129996e-07
    sigma = 0.005  Optimized mu_beta  = -0.204465087926  entropy = 3.54685129996e-07
    Total E(T) = -12115.7508872206  Free energy = -12115.7508872224  E0 = -12115.7508872215
cycle= 1 E= -12115.7508872206  delta_E= 0.0192  |g|= 1.34  |ddm|= 1.49e+03
    sigma = 0.005  Optimized mu_alpha = -0.180513601355  entropy = 1.55783340875e-06
    sigma = 0.005  Optimized mu_beta  = -0.181256193806  entropy = 1.55783340875e-06
    Total E(T) = -12115.4331813119  Free energy = -12115.4331813197  E0 = -12115.4331813158
cycle= 2 E= -12115.4331813119  delta_E= 0.318  |g|= 3.81  |ddm|= 2.69e+03
    sigma = 0.005  Optimized mu_alpha = -0.197309048488  entropy = 3.27101131833e-07
    sigma = 0.005  Optimized mu_beta  = -0.200150624069  entropy = 3.27101131833e-07
    Total E(T) = -12115.6685601723  Free energy = -12115.6685601739  E0 = -12115.6685601731
cycle= 3 E= -12115.6685601723  delta_E= -0.235  |g|= 1.77  |ddm|= 1.09e+03
    sigma = 0.005  Optimized mu_alpha = -0.197305556363  entropy = 3.26150160122e-07
    sigma = 0.005  Optimized mu_beta  = -0.200083051149  entropy = 3.26150160122e-07
    Total E(T) = -12115.7535361413  Free energy = -12115.7535361429  E0 = -12115.7535361421
cycle= 4 E= -12115.7535361413  delta_E= -0.085  |g|= 0.966  |ddm|=  484
    sigma = 0.005  Optimized mu_alpha = -0.197744666399  entropy = 3.22892234435e-07
    sigma = 0.005  Optimized mu_beta  = -0.200533169759  entropy = 3.22892234435e-07
    Total E(T) = -12115.7811079473  Free energy = -12115.7811079489  E0 = -12115.7811079481
cycle= 5 E= -12115.7811079473  delta_E= -0.0276  |g|= 0.55  |ddm|=  244
    sigma = 0.005  Optimized mu_alpha = -0.196895257187  entropy = 3.17378420517e-07
    sigma = 0.005  Optimized mu_beta  = -0.199662622391  entropy = 3.17378420517e-07
    Total E(T) = -12115.7899158293  Free energy = -12115.7899158309  E0 = -12115.7899158301
cycle= 6 E= -12115.7899158293  delta_E= -0.00881  |g|= 0.288  |ddm|=  189
    sigma = 0.005  Optimized mu_alpha = -0.196578428935  entropy = 3.18780807272e-07
    sigma = 0.005  Optimized mu_beta  = -0.199321087165  entropy = 3.18780807272e-07
    Total E(T) = -12115.7924849391  Free energy = -12115.7924849406  E0 = -12115.7924849399
cycle= 7 E= -12115.7924849391  delta_E= -0.00257  |g|= 0.167  |ddm|=  132
    sigma = 0.005  Optimized mu_alpha = -0.196520496403  entropy = 3.18404200324e-07
    sigma = 0.005  Optimized mu_beta  = -0.199251946907  entropy = 3.18404200324e-07
    Total E(T) = -12115.7933132889  Free energy = -12115.7933132905  E0 = -12115.7933132897
cycle= 8 E= -12115.7933132889  delta_E= -0.000828  |g|= 0.102  |ddm|= 57.6
    sigma = 0.005  Optimized mu_alpha = -0.196486474698  entropy = 3.18258003895e-07
    sigma = 0.005  Optimized mu_beta  = -0.199219806046  entropy = 3.18258003895e-07
    Total E(T) = -12115.7936418626  Free energy = -12115.7936418642  E0 = -12115.7936418634
cycle= 9 E= -12115.7936418626  delta_E= -0.000329  |g|= 0.0558  |ddm|= 30.9
    sigma = 0.005  Optimized mu_alpha = -0.196428072186  entropy = 3.17819045605e-07
    sigma = 0.005  Optimized mu_beta  = -0.199164747189  entropy = 3.17819045605e-07
    Total E(T) = -12115.7937735854  Free energy = -12115.7937735869  E0 = -12115.7937735862
cycle= 10 E= -12115.7937735854  delta_E= -0.000132  |g|= 0.0332  |ddm|= 20.9
    sigma = 0.005  Optimized mu_alpha = -0.196402288652  entropy = 3.17717021649e-07
    sigma = 0.005  Optimized mu_beta  = -0.199136057545  entropy = 3.17717021649e-07
    Total E(T) = -12115.7938358537  Free energy = -12115.7938358553  E0 = -12115.7938358545
cycle= 11 E= -12115.7938358537  delta_E= -6.23e-05  |g|= 0.0214  |ddm|= 17.3
    sigma = 0.005  Optimized mu_alpha = -0.196431474917  entropy = 3.17916935854e-07
    sigma = 0.005  Optimized mu_beta  = -0.199162334955  entropy = 3.17916935854e-07
    Total E(T) = -12115.7938737684  Free energy = -12115.79387377  E0 = -12115.7938737692
cycle= 12 E= -12115.7938737684  delta_E= -3.79e-05  |g|= 0.0166  |ddm|= 14.3
    sigma = 0.005  Optimized mu_alpha = -0.196410974711  entropy = 3.177446783e-07
    sigma = 0.005  Optimized mu_beta  = -0.199142584597  entropy = 3.177446783e-07
    Total E(T) = -12115.7939020618  Free energy = -12115.7939020634  E0 = -12115.7939020626
cycle= 13 E= -12115.7939020618  delta_E= -2.83e-05  |g|= 0.0138  |ddm|= 12.3
    sigma = 0.005  Optimized mu_alpha = -0.196407594642  entropy = 3.17667628727e-07
    sigma = 0.005  Optimized mu_beta  = -0.199140120628  entropy = 3.17667628727e-07
    Total E(T) = -12115.7939254329  Free energy = -12115.7939254344  E0 = -12115.7939254337
cycle= 14 E= -12115.7939254329  delta_E= -2.34e-05  |g|= 0.0137  |ddm|= 10.8
    sigma = 0.005  Optimized mu_alpha = -0.196400644593  entropy = 3.17568955296e-07
    sigma = 0.005  Optimized mu_beta  = -0.199133117161  entropy = 3.17568955296e-07
    Total E(T) = -12115.793946325  Free energy = -12115.7939463266  E0 = -12115.7939463258
cycle= 15 E= -12115.793946325  delta_E= -2.09e-05  |g|= 0.0114  |ddm|= 10.3
    sigma = 0.005  Optimized mu_alpha = -0.196413307363  entropy = 3.17488063022e-07
    sigma = 0.005  Optimized mu_beta  = -0.199146285334  entropy = 3.17488063022e-07
    Total E(T) = -12115.7939650346  Free energy = -12115.7939650362  E0 = -12115.7939650354
cycle= 16 E= -12115.7939650346  delta_E= -1.87e-05  |g|= 0.0103  |ddm|= 9.99
    sigma = 0.005  Optimized mu_alpha = -0.196411165587  entropy = 3.17419848086e-07
    sigma = 0.005  Optimized mu_beta  = -0.199145206221  entropy = 3.17419848086e-07
    Total E(T) = -12115.7939819514  Free energy = -12115.793981953  E0 = -12115.7939819522
cycle= 17 E= -12115.7939819514  delta_E= -1.69e-05  |g|= 0.00972  |ddm|= 10.1
    sigma = 0.005  Optimized mu_alpha = -0.196404393865  entropy = 3.17266821554e-07
    sigma = 0.005  Optimized mu_beta  = -0.199139328223  entropy = 3.17266821554e-07
    Total E(T) = -12115.7939976455  Free energy = -12115.7939976471  E0 = -12115.7939976463
cycle= 18 E= -12115.7939976455  delta_E= -1.57e-05  |g|= 0.00855  |ddm|= 8.21
    sigma = 0.005  Optimized mu_alpha = -0.196417872065  entropy = 3.17292255726e-07
    sigma = 0.005  Optimized mu_beta  = -0.199152783285  entropy = 3.17292255726e-07
    Total E(T) = -12115.7940117584  Free energy = -12115.79401176  E0 = -12115.7940117592
cycle= 19 E= -12115.7940117584  delta_E= -1.41e-05  |g|= 0.00904  |ddm|= 8.56
    sigma = 0.005  Optimized mu_alpha = -0.196418457634  entropy = 3.17299094648e-07
    sigma = 0.005  Optimized mu_beta  = -0.199153904991  entropy = 3.17299094648e-07
    Total E(T) = -12115.7940246451  Free energy = -12115.7940246466  E0 = -12115.7940246458
cycle= 20 E= -12115.7940246451  delta_E= -1.29e-05  |g|= 0.00945  |ddm|=   11
    sigma = 0.005  Optimized mu_alpha = -0.196411590995  entropy = 3.17134614062e-07
    sigma = 0.005  Optimized mu_beta  = -0.199146892382  entropy = 3.17134614062e-07
    Total E(T) = -12115.7940372622  Free energy = -12115.7940372638  E0 = -12115.794037263
cycle= 21 E= -12115.7940372622  delta_E= -1.26e-05  |g|= 0.00887  |ddm|= 7.58
    sigma = 0.005  Optimized mu_alpha = -0.196423407176  entropy = 3.17080874987e-07
    sigma = 0.005  Optimized mu_beta  = -0.199161212716  entropy = 3.17080874987e-07
    Total E(T) = -12115.7940484931  Free energy = -12115.7940484947  E0 = -12115.7940484939
cycle= 22 E= -12115.7940484931  delta_E= -1.12e-05  |g|= 0.00913  |ddm|= 11.4
    sigma = 0.005  Optimized mu_alpha = -0.196421225907  entropy = 3.17004797237e-07
    sigma = 0.005  Optimized mu_beta  = -0.199159460166  entropy = 3.17004797237e-07
    Total E(T) = -12115.7940588348  Free energy = -12115.7940588364  E0 = -12115.7940588356
cycle= 23 E= -12115.7940588348  delta_E= -1.03e-05  |g|= 0.0111  |ddm|=  7.2
    sigma = 0.005  Optimized mu_alpha = -0.196403780973  entropy = 3.16882562661e-07
    sigma = 0.005  Optimized mu_beta  = -0.199142900786  entropy = 3.16882562661e-07
    Total E(T) = -12115.7940690091  Free energy = -12115.7940690106  E0 = -12115.7940690098
cycle= 24 E= -12115.7940690091  delta_E= -1.02e-05  |g|= 0.0103  |ddm|= 8.24
    sigma = 0.005  Optimized mu_alpha = -0.196406775213  entropy = 3.16845886385e-07
    sigma = 0.005  Optimized mu_beta  = -0.199146033783  entropy = 3.16845886385e-07
    Total E(T) = -12115.794079164  Free energy = -12115.7940791655  E0 = -12115.7940791648
cycle= 25 E= -12115.794079164  delta_E= -1.02e-05  |g|= 0.00869  |ddm|= 6.13
    sigma = 0.005  Optimized mu_alpha = -0.196416578911  entropy = 3.16805942209e-07
    sigma = 0.005  Optimized mu_beta  = -0.199157362334  entropy = 3.16805942209e-07
    Total E(T) = -12115.7940886007  Free energy = -12115.7940886023  E0 = -12115.7940886015
cycle= 26 E= -12115.7940886007  delta_E= -9.44e-06  |g|= 0.00752  |ddm|=  7.3
    sigma = 0.005  Optimized mu_alpha = -0.196407181214  entropy = 3.16745472715e-07
    sigma = 0.005  Optimized mu_beta  = -0.199148455852  entropy = 3.16745472715e-07
    Total E(T) = -12115.7940972307  Free energy = -12115.7940972323  E0 = -12115.7940972315
cycle= 27 E= -12115.7940972307  delta_E= -8.63e-06  |g|= 0.00769  |ddm|= 6.74
    sigma = 0.005  Optimized mu_alpha = -0.196411366863  entropy = 3.16673485268e-07
    sigma = 0.005  Optimized mu_beta  = -0.199153564091  entropy = 3.16673485268e-07
    Total E(T) = -12115.7941052719  Free energy = -12115.7941052735  E0 = -12115.7941052727
cycle= 28 E= -12115.7941052719  delta_E= -8.04e-06  |g|= 0.00787  |ddm|=  6.4
    sigma = 0.005  Optimized mu_alpha = -0.19641306032  entropy = 3.16635101223e-07
    sigma = 0.005  Optimized mu_beta  = -0.199155861316  entropy = 3.16635101223e-07
    Total E(T) = -12115.7941128144  Free energy = -12115.794112816  E0 = -12115.7941128152
cycle= 29 E= -12115.7941128144  delta_E= -7.54e-06  |g|= 0.008  |ddm|= 6.56
    sigma = 0.005  Optimized mu_alpha = -0.196413089614  entropy = 3.16591518378e-07
    sigma = 0.005  Optimized mu_beta  = -0.199156070057  entropy = 3.16591518378e-07
    Total E(T) = -12115.794120316  Free energy = -12115.7941203176  E0 = -12115.7941203168
cycle= 30 E= -12115.794120316  delta_E= -7.5e-06  |g|= 0.00759  |ddm|=  5.3
    sigma = 0.005  Optimized mu_alpha = -0.196419392328  entropy = 3.16513654848e-07
    sigma = 0.005  Optimized mu_beta  = -0.19916270562  entropy = 3.16513654848e-07
    Total E(T) = -12115.7941276247  Free energy = -12115.7941276263  E0 = -12115.7941276255
cycle= 31 E= -12115.7941276247  delta_E= -7.31e-06  |g|= 0.00701  |ddm|= 5.22
    sigma = 0.005  Optimized mu_alpha = -0.196408757696  entropy = 3.16407832427e-07
    sigma = 0.005  Optimized mu_beta  = -0.199154004748  entropy = 3.16407832427e-07
    Total E(T) = -12115.7941337849  Free energy = -12115.7941337865  E0 = -12115.7941337857
cycle= 32 E= -12115.7941337849  delta_E= -6.16e-06  |g|= 0.00764  |ddm|= 6.76
    sigma = 0.005  Optimized mu_alpha = -0.196405067754  entropy = 3.16435750867e-07
    sigma = 0.005  Optimized mu_beta  = -0.199149943975  entropy = 3.16435750867e-07
    Total E(T) = -12115.7941389587  Free energy = -12115.7941389603  E0 = -12115.7941389595
cycle= 33 E= -12115.7941389587  delta_E= -5.17e-06  |g|= 0.00839  |ddm|= 8.07
    sigma = 0.005  Optimized mu_alpha = -0.196394904558  entropy = 3.16468334654e-07
    sigma = 0.005  Optimized mu_beta  = -0.199139489558  entropy = 3.16468334654e-07
    Total E(T) = -12115.7941438078  Free energy = -12115.7941438094  E0 = -12115.7941438086
cycle= 34 E= -12115.7941438078  delta_E= -4.85e-06  |g|= 0.00977  |ddm|= 6.72
    sigma = 0.005  Optimized mu_alpha = -0.196407623986  entropy = 3.16449049152e-07
    sigma = 0.005  Optimized mu_beta  = -0.199152597997  entropy = 3.16449049152e-07
    Total E(T) = -12115.7941484381  Free energy = -12115.7941484397  E0 = -12115.7941484389
cycle= 35 E= -12115.7941484381  delta_E= -4.63e-06  |g|= 0.00995  |ddm|= 7.44
    sigma = 0.005  Optimized mu_alpha = -0.196413425767  entropy = 3.16352870467e-07
    sigma = 0.005  Optimized mu_beta  = -0.199159627933  entropy = 3.16352870467e-07
    Total E(T) = -12115.7941533642  Free energy = -12115.7941533658  E0 = -12115.794153365
cycle= 36 E= -12115.7941533642  delta_E= -4.93e-06  |g|= 0.00947  |ddm|= 7.12
    sigma = 0.005  Optimized mu_alpha = -0.196396042084  entropy = 3.16094936646e-07
    sigma = 0.005  Optimized mu_beta  = -0.19914310768  entropy = 3.16094936646e-07
    Total E(T) = -12115.7941587631  Free energy = -12115.7941587647  E0 = -12115.7941587639
cycle= 37 E= -12115.7941587631  delta_E= -5.4e-06  |g|= 0.013  |ddm|= 12.4
    sigma = 0.005  Optimized mu_alpha = -0.196403163323  entropy = 3.16165548311e-07
    sigma = 0.005  Optimized mu_beta  = -0.199148048102  entropy = 3.16165548311e-07
    Total E(T) = -12115.7941654603  Free energy = -12115.7941654619  E0 = -12115.7941654611
cycle= 38 E= -12115.7941654603  delta_E= -6.7e-06  |g|= 0.00768  |ddm|= 6.58
    sigma = 0.005  Optimized mu_alpha = -0.196430886107  entropy = 3.16246188711e-07
    sigma = 0.005  Optimized mu_beta  = -0.199175858577  entropy = 3.16246188711e-07
    Total E(T) = -12115.7941702436  Free energy = -12115.7941702452  E0 = -12115.7941702444
cycle= 39 E= -12115.7941702436  delta_E= -4.78e-06  |g|= 0.00643  |ddm|= 5.49
    sigma = 0.005  Optimized mu_alpha = -0.196419957535  entropy = 3.16089016822e-07
    sigma = 0.005  Optimized mu_beta  = -0.199165536331  entropy = 3.16089016822e-07
    Total E(T) = -12115.7941735805  Free energy = -12115.7941735821  E0 = -12115.7941735813
cycle= 40 E= -12115.7941735805  delta_E= -3.34e-06  |g|= 0.0115  |ddm|= 6.32
    sigma = 0.005  Optimized mu_alpha = -0.196416930842  entropy = 3.16141191413e-07
    sigma = 0.005  Optimized mu_beta  = -0.19916182354  entropy = 3.16141191413e-07
    Total E(T) = -12115.7941775574  Free energy = -12115.7941775589  E0 = -12115.7941775581
cycle= 41 E= -12115.7941775574  delta_E= -3.98e-06  |g|= 0.00948  |ddm|=  4.7
    sigma = 0.005  Optimized mu_alpha = -0.196414851994  entropy = 3.16170373593e-07
    sigma = 0.005  Optimized mu_beta  = -0.19915989285  entropy = 3.16170373593e-07
    Total E(T) = -12115.7941809723  Free energy = -12115.7941809738  E0 = -12115.7941809731
cycle= 42 E= -12115.7941809723  delta_E= -3.41e-06  |g|= 0.00875  |ddm|= 5.96
    sigma = 0.005  Optimized mu_alpha = -0.196433704592  entropy = 3.15775938308e-07
    sigma = 0.005  Optimized mu_beta  = -0.19918146483  entropy = 3.15775938308e-07
    Total E(T) = -12115.794184652  Free energy = -12115.7941846536  E0 = -12115.7941846528
cycle= 43 E= -12115.794184652  delta_E= -3.68e-06  |g|= 0.00843  |ddm|= 8.33
    sigma = 0.005  Optimized mu_alpha = -0.196411283251  entropy = 3.15975556877e-07
    sigma = 0.005  Optimized mu_beta  = -0.199155822814  entropy = 3.15975556877e-07
    Total E(T) = -12115.7941887885  Free energy = -12115.7941887901  E0 = -12115.7941887893
cycle= 44 E= -12115.7941887885  delta_E= -4.14e-06  |g|= 0.00449  |ddm|= 4.66
    sigma = 0.005  Optimized mu_alpha = -0.196410339146  entropy = 3.15925547987e-07
    sigma = 0.005  Optimized mu_beta  = -0.199155202069  entropy = 3.15925547987e-07
    Total E(T) = -12115.7941919804  Free energy = -12115.794191982  E0 = -12115.7941919812
cycle= 45 E= -12115.7941919804  delta_E= -3.19e-06  |g|= 0.0027  |ddm|= 3.07
    sigma = 0.005  Optimized mu_alpha = -0.196410170359  entropy = 3.15893473088e-07
    sigma = 0.005  Optimized mu_beta  = -0.199154766996  entropy = 3.15893473088e-07
    Total E(T) = -12115.7941945882  Free energy = -12115.7941945897  E0 = -12115.7941945889
cycle= 46 E= -12115.7941945882  delta_E= -2.61e-06  |g|= 0.00296  |ddm|= 3.63
    sigma = 0.005  Optimized mu_alpha = -0.196417364218  entropy = 3.15865317186e-07
    sigma = 0.005  Optimized mu_beta  = -0.199161837697  entropy = 3.15865317186e-07
    Total E(T) = -12115.794197019  Free energy = -12115.7941970205  E0 = -12115.7941970197
cycle= 47 E= -12115.794197019  delta_E= -2.43e-06  |g|= 0.00213  |ddm|= 2.99
    sigma = 0.005  Optimized mu_alpha = -0.196411553424  entropy = 3.15816861341e-07
    sigma = 0.005  Optimized mu_beta  = -0.199156407521  entropy = 3.15816861341e-07
    Total E(T) = -12115.7941992747  Free energy = -12115.7941992763  E0 = -12115.7941992755
cycle= 48 E= -12115.7941992747  delta_E= -2.26e-06  |g|= 0.0016  |ddm|= 3.03
    sigma = 0.005  Optimized mu_alpha = -0.196409632558  entropy = 3.15837535501e-07
    sigma = 0.005  Optimized mu_beta  = -0.199154072733  entropy = 3.15837535501e-07
    Total E(T) = -12115.7942013642  Free energy = -12115.7942013658  E0 = -12115.794201365
cycle= 49 E= -12115.7942013642  delta_E= -2.09e-06  |g|= 0.00141  |ddm|= 2.68
    sigma = 0.005  Optimized mu_alpha = -0.196417556219  entropy = 3.15830680305e-07
    sigma = 0.005  Optimized mu_beta  = -0.199162019257  entropy = 3.15830680305e-07
    Total E(T) = -12115.7942033333  Free energy = -12115.7942033349  E0 = -12115.7942033341
cycle= 50 E= -12115.7942033333  delta_E= -1.97e-06  |g|= 0.00137  |ddm|= 2.85
    sigma = 0.005  Optimized mu_alpha = -0.196417522305  entropy = 3.15817396773e-07
    sigma = 0.005  Optimized mu_beta  = -0.199161966754  entropy = 3.15817396773e-07
    Total E(T) = -12115.7942051641  Free energy = -12115.7942051657  E0 = -12115.7942051649
cycle= 51 E= -12115.7942051641  delta_E= -1.83e-06  |g|= 0.00187  |ddm|= 2.36
    sigma = 0.005  Optimized mu_alpha = -0.196412744967  entropy = 3.15795264992e-07
    sigma = 0.005  Optimized mu_beta  = -0.199157358515  entropy = 3.15795264992e-07
    Total E(T) = -12115.7942068427  Free energy = -12115.7942068442  E0 = -12115.7942068435
cycle= 52 E= -12115.7942068427  delta_E= -1.68e-06  |g|= 0.00329  |ddm|= 3.36
    sigma = 0.005  Optimized mu_alpha = -0.196415197172  entropy = 3.1579784714e-07
    sigma = 0.005  Optimized mu_beta  = -0.199159556809  entropy = 3.1579784714e-07
    Total E(T) = -12115.7942084226  Free energy = -12115.7942084241  E0 = -12115.7942084233
cycle= 53 E= -12115.7942084226  delta_E= -1.58e-06  |g|= 0.0036  |ddm|= 3.18
    sigma = 0.005  Optimized mu_alpha = -0.196412809822  entropy = 3.15776909007e-07
    sigma = 0.005  Optimized mu_beta  = -0.199157792115  entropy = 3.15776909007e-07
    Total E(T) = -12115.7942099598  Free energy = -12115.7942099613  E0 = -12115.7942099606
cycle= 54 E= -12115.7942099598  delta_E= -1.54e-06  |g|= 0.00449  |ddm|= 3.54
    sigma = 0.005  Optimized mu_alpha = -0.196416302551  entropy = 3.1574869724e-07
    sigma = 0.005  Optimized mu_beta  = -0.199161264169  entropy = 3.1574869724e-07
    Total E(T) = -12115.7942115757  Free energy = -12115.7942115773  E0 = -12115.7942115765
cycle= 55 E= -12115.7942115757  delta_E= -1.62e-06  |g|= 0.0028  |ddm|= 2.99
    sigma = 0.005  Optimized mu_alpha = -0.196418682064  entropy = 3.15700084722e-07
    sigma = 0.005  Optimized mu_beta  = -0.199164238762  entropy = 3.15700084722e-07
    Total E(T) = -12115.7942130167  Free energy = -12115.7942130183  E0 = -12115.7942130175
cycle= 56 E= -12115.7942130167  delta_E= -1.44e-06  |g|= 0.00269  |ddm|= 2.98
    sigma = 0.005  Optimized mu_alpha = -0.196415949085  entropy = 3.15713467921e-07
    sigma = 0.005  Optimized mu_beta  = -0.199161264527  entropy = 3.15713467921e-07
    Total E(T) = -12115.794214337  Free energy = -12115.7942143386  E0 = -12115.7942143378
cycle= 57 E= -12115.794214337  delta_E= -1.32e-06  |g|= 0.00259  |ddm|= 3.57
    sigma = 0.005  Optimized mu_alpha = -0.196411526729  entropy = 3.15719709317e-07
    sigma = 0.005  Optimized mu_beta  = -0.199156489627  entropy = 3.15719709317e-07
    Total E(T) = -12115.7942156483  Free energy = -12115.7942156499  E0 = -12115.7942156491
cycle= 58 E= -12115.7942156483  delta_E= -1.31e-06  |g|= 0.00239  |ddm|=  2.9
    sigma = 0.005  Optimized mu_alpha = -0.196413245474  entropy = 3.15707845721e-07
    sigma = 0.005  Optimized mu_beta  = -0.199158379019  entropy = 3.15707845721e-07
    Total E(T) = -12115.7942168053  Free energy = -12115.7942168069  E0 = -12115.7942168061
cycle= 59 E= -12115.7942168053  delta_E= -1.16e-06  |g|= 0.00269  |ddm|= 3.01
    sigma = 0.005  Optimized mu_alpha = -0.19640477515  entropy = 3.15677267482e-07
    sigma = 0.005  Optimized mu_beta  = -0.19915052382  entropy = 3.15677267482e-07
    Total E(T) = -12115.7942178842  Free energy = -12115.7942178858  E0 = -12115.794217885
cycle= 60 E= -12115.7942178842  delta_E= -1.08e-06  |g|= 0.00304  |ddm|= 3.54
    sigma = 0.005  Optimized mu_alpha = -0.196408072565  entropy = 3.15770768317e-07
    sigma = 0.005  Optimized mu_beta  = -0.19915325313  entropy = 3.15770768317e-07
    Total E(T) = -12115.7942186904  Free energy = -12115.794218692  E0 = -12115.7942186912
cycle= 61 E= -12115.7942186904  delta_E= -8.06e-07  |g|= 0.00442  |ddm|= 4.88
    sigma = 0.005  Optimized mu_alpha = -0.196423863702  entropy = 3.15736636696e-07
    sigma = 0.005  Optimized mu_beta  = -0.199169814816  entropy = 3.15736636696e-07
    Total E(T) = -12115.7942193499  Free energy = -12115.7942193515  E0 = -12115.7942193507
cycle= 62 E= -12115.7942193499  delta_E= -6.59e-07  |g|= 0.00624  |ddm|= 3.43
    sigma = 0.005  Optimized mu_alpha = -0.196414481896  entropy = 3.15683044957e-07
    sigma = 0.005  Optimized mu_beta  = -0.199160088206  entropy = 3.15683044957e-07
    Total E(T) = -12115.7942208837  Free energy = -12115.7942208853  E0 = -12115.7942208845
cycle= 63 E= -12115.7942208837  delta_E= -1.53e-06  |g|= 0.00476  |ddm|= 4.67
    sigma = 0.005  Optimized mu_alpha = -0.196411282114  entropy = 3.15666372676e-07
    sigma = 0.005  Optimized mu_beta  = -0.199157372802  entropy = 3.15666372676e-07
    Total E(T) = -12115.7942219004  Free energy = -12115.7942219019  E0 = -12115.7942219012
cycle= 64 E= -12115.7942219004  delta_E= -1.02e-06  |g|= 0.00459  |ddm|=  2.1
    sigma = 0.005  Optimized mu_alpha = -0.196413647252  entropy = 3.15663962502e-07
    sigma = 0.005  Optimized mu_beta  = -0.199159862968  entropy = 3.15663962502e-07
    Total E(T) = -12115.7942227697  Free energy = -12115.7942227712  E0 = -12115.7942227704
cycle= 65 E= -12115.7942227697  delta_E= -8.69e-07  |g|= 0.00452  |ddm|= 2.32
    sigma = 0.005  Optimized mu_alpha = -0.196416973614  entropy = 3.1564340789e-07
    sigma = 0.005  Optimized mu_beta  = -0.199162715963  entropy = 3.1564340789e-07
