pyscf max mem 1052345
SLURM_CPUS_PER_TASK = 64
OMP_NUM_THREADS = 64
MKL_NUM_THREADS = 64
OPENBLAS_NUM_THREADS = 64
PySCF lib.num_threads() = 64
left ensemble electron number ([9, 9], [7, 8])
right ensemble electron number ([325, 325], [325, 323])
[setup] build_system t=1.6s
building grid (level 3)...
[setup] grid t=4.6s
computing S3 tensors (DF)...
S3 shapes: left=(116, 116, 1336) right=(1528, 1528, 1336) ref=(1544, 1544, 1336) t=770.4s
[warm-start] loaded pdft_optimizer5.pkl
[warm-start] rdft1.D ← pickle dm_ig1
[warm-start] rdft2.D ← pickle dm_ig2
[init] b0 from optimizer checkpoint, npbs=1336
[warm-start] Lagrangian x0 ready, |b0| = 2.32831e+00
[setup] warm-start t=0.1s
starting phase 1: damped ascent
[phase1] damped ascent: 5 steps, alpha=1.0, max_step=1.0
[phase1] step 1 SCF: dm0 from dm_ig1/dm_ig2 on rdft1/rdft2
dm0 check None
converged SCF energy = -150.226693714538  <S^2> = 2.0045399  2S+1 = 3.003025
dm0 check None
converged SCF energy = -150.244985829666  <S^2> = 0.9297856  2S+1 = 2.1723587
[timing] left/O ensemble SCF = 239.8s
dm0 check [[ 3.79532862e-01  6.12212074e-01 -1.25191180e-01 ...  2.51978243e-05
   1.34644106e-05 -4.88303325e-05]
 [ 6.12212074e-01  1.01510825e+00 -3.33946732e-01 ...  6.86551790e-05
   3.55048358e-05 -1.32264434e-04]
 [-1.25191180e-01 -3.33946732e-01  6.75020149e-01 ... -1.65626685e-04
  -8.59754508e-05  3.20040879e-04]
 ...
 [ 2.51978243e-05  6.86551790e-05 -1.65626685e-04 ...  1.53547827e-05
   7.01091768e-06 -3.01532880e-05]
 [ 1.34644106e-05  3.55048358e-05 -8.59754508e-05 ...  7.01091768e-06
   4.65212149e-06 -1.55732459e-05]
 [-4.88303325e-05 -1.32264434e-04  3.20040879e-04 ... -3.01532880e-05
  -1.55732459e-05  6.67768599e-05]]


******** <class 'pyscf.scf.addons.SmearingDFRKS'> ********
method = SmearingDFRKS
initial guess = minao
damping factor = 0.15
level_shift factor = 0.2
DIIS = <class 'pyscf.scf.diis.CDIIS'>
diis_start_cycle = 1
diis_space = 12
diis_damp = 0
SCF conv_tol = 5e-05
SCF conv_tol_grad = None
SCF max_cycles = 200
direct_scf = True
direct_scf_tol = 1e-13
chkfile to save SCF result = /tmp/tmpdp58o2sx
max_memory 4000 MB (current use 85916 MB)
XC library pyscf.dft.libxc version 6.1.0
    S. Lehtola, C. Steigemann, M. J.T. Oliveira, and M. A.L. Marques.,  SoftwareX 7, 1–5 (2018)
XC functionals = pbe
    J. P. Perdew, K. Burke, and M. Ernzerhof.,  Phys. Rev. Lett. 77, 3865 (1996)
    J. P. Perdew, K. Burke, and M. Ernzerhof.,  Phys. Rev. Lett. 78, 1396 (1997)
    J. P. Perdew, K. Burke, and M. Ernzerhof.,  Phys. Rev. Lett. 77, 3865 (1996)
    J. P. Perdew, K. Burke, and M. Ernzerhof.,  Phys. Rev. Lett. 78, 1396 (1997)
small_rho_cutoff = 1e-06
Set gradient conv threshold to 0.00707107
init E= -12114.3481291564
    sigma = 0.02  Optimized mu = -0.0529945982069  entropy = 1.53943820918
    Total E(T) = -12114.348111397  Free energy = -12114.3789001612  E0 = -12114.3635057791
cycle= 1 E= -12114.348111397  delta_E= 1.78e-05  |g|= 0.0312  |ddm|= 46.2
    sigma = 0.02  Optimized mu = -0.0531235296972  entropy = 1.54185594575
    Total E(T) = -12114.3478194831  Free energy = -12114.378656602  E0 = -12114.3632380425
cycle= 2 E= -12114.3478194831  delta_E= 0.000292  |g|= 0.0987  |ddm|=  124
    sigma = 0.02  Optimized mu = -0.0529922601573  entropy = 1.54014496753
    Total E(T) = -12114.3480256015  Free energy = -12114.3788285009  E0 = -12114.3634270512
cycle= 3 E= -12114.3480256015  delta_E= -0.000206  |g|= 0.0456  |ddm|= 48.6
    sigma = 0.02  Optimized mu = -0.0529975783244  entropy = 1.54002383832
    Total E(T) = -12114.3481008467  Free energy = -12114.3789013234  E0 = -12114.3635010851
cycle= 4 E= -12114.3481008467  delta_E= -7.52e-05  |g|= 0.0276  |ddm|= 22.2
    sigma = 0.02  Optimized mu = -0.0529888516347  entropy = 1.5400345019
    Total E(T) = -12114.3481300833  Free energy = -12114.3789307734  E0 = -12114.3635304283
cycle= 5 E= -12114.3481300833  delta_E= -2.92e-05  |g|= 0.0157  |ddm|= 15.7
    sigma = 0.02  Optimized mu = -0.0529877062832  entropy = 1.54003831614
    Total E(T) = -12114.3481407014  Free energy = -12114.3789414678  E0 = -12114.3635410846
cycle= 6 E= -12114.3481407014  delta_E= -1.06e-05  |g|= 0.00972  |ddm|= 10.8
    sigma = 0.02  Optimized mu = -0.0529861618158  entropy = 1.54006816502
    Total E(T) = -12114.3481446437  Free energy = -12114.378946007  E0 = -12114.3635453253
cycle= 7 E= -12114.3481446437  delta_E= -3.94e-06  |g|= 0.00534  |ddm|= 5.95
    sigma = 0.02  Optimized mu = -0.153080756972  entropy = 51.7199499529
    Total E(T) = -12113.8118384786  Free energy = -12114.8462374776  E0 = -12114.3290379781
Extra cycle  E= -12113.8118384786  delta_E= 0.536  |g|= 0.432  |ddm|= 4.43e+03
converged SCF energy = -12113.8118384786
dm0 check [[[ 1.89788352e-01  3.06164753e-01 -6.27334122e-02 ...  9.86852428e-06
    5.27169203e-06 -2.14150972e-05]
  [ 3.06164753e-01  5.07710263e-01 -1.67338011e-01 ...  2.69563476e-05
    1.38073653e-05 -5.80157265e-05]
  [-6.27334122e-02 -1.67338011e-01  3.38353448e-01 ... -6.48926337e-05
   -3.33804729e-05  1.40134434e-04]
  ...
  [ 9.86852428e-06  2.69563476e-05 -6.48926337e-05 ...  4.26981081e-06
    1.78707398e-06 -9.42941162e-06]
  [ 5.27169203e-06  1.38073653e-05 -3.33804729e-05 ...  1.78707398e-06
    1.44377922e-06 -4.88777786e-06]
  [-2.14150972e-05 -5.80157265e-05  1.40134434e-04 ... -9.42941162e-06
   -4.88777786e-06  2.46353231e-05]]

 [[ 1.89767598e-01  3.06108119e-01 -6.26050209e-02 ...  1.14178682e-05
    6.28855370e-06 -2.37856546e-05]
  [ 3.06108119e-01  5.07558991e-01 -1.66999259e-01 ...  3.11518722e-05
    1.65641664e-05 -6.44548933e-05]
  [-6.26050209e-02 -1.66999259e-01  3.37597634e-01 ... -7.52088198e-05
   -4.01871400e-05  1.56156736e-04]
  ...
  [ 1.14178682e-05  3.11518722e-05 -7.52088198e-05 ...  5.28160259e-06
    2.32895986e-06 -1.14087635e-05]
  [ 6.28855370e-06  1.65641664e-05 -4.01871400e-05 ...  2.32895986e-06
    1.75762362e-06 -6.00334272e-06]
  [-2.37856546e-05 -6.44548933e-05  1.56156736e-04 ... -1.14087635e-05
   -6.00334272e-06  2.84849285e-05]]]


******** <class 'pyscf.scf.addons.SmearingDFUKS'> ********
method = SmearingDFUKS
initial guess = minao
damping factor = 0.15
level_shift factor = 0.2
DIIS = <class 'pyscf.scf.diis.CDIIS'>
diis_start_cycle = 1
diis_space = 12
diis_damp = 0
SCF conv_tol = 5e-05
SCF conv_tol_grad = None
SCF max_cycles = 200
direct_scf = True
direct_scf_tol = 1e-13
chkfile to save SCF result = /tmp/tmp5mgz6xne
max_memory 4000 MB (current use 86625 MB)
number electrons alpha = 325  beta = 323
XC library pyscf.dft.libxc version 6.1.0
    S. Lehtola, C. Steigemann, M. J.T. Oliveira, and M. A.L. Marques.,  SoftwareX 7, 1–5 (2018)
XC functionals = pbe
    J. P. Perdew, K. Burke, and M. Ernzerhof.,  Phys. Rev. Lett. 77, 3865 (1996)
    J. P. Perdew, K. Burke, and M. Ernzerhof.,  Phys. Rev. Lett. 78, 1396 (1997)
    J. P. Perdew, K. Burke, and M. Ernzerhof.,  Phys. Rev. Lett. 77, 3865 (1996)
    J. P. Perdew, K. Burke, and M. Ernzerhof.,  Phys. Rev. Lett. 78, 1396 (1997)
small_rho_cutoff = 1e-06
Set gradient conv threshold to 0.00707107
init E= -12113.9046233112
    sigma = 0.005  Optimized mu_alpha = -0.197466604054  entropy = 3.45198749262e-07
    sigma = 0.005  Optimized mu_beta  = -0.200002320694  entropy = 3.45198749262e-07
    Total E(T) = -12113.9046205479  Free energy = -12113.9046205497  E0 = -12113.9046205488
cycle= 1 E= -12113.9046205479  delta_E= 2.76e-06  |g|= 0.0226  |ddm|=   21
    sigma = 0.005  Optimized mu_alpha = -0.197387497456  entropy = 3.44533025799e-07
    sigma = 0.005  Optimized mu_beta  = -0.199938152354  entropy = 3.44533025799e-07
    Total E(T) = -12113.9045576537  Free energy = -12113.9045576555  E0 = -12113.9045576546
cycle= 2 E= -12113.9045576537  delta_E= 6.29e-05  |g|= 0.0633  |ddm|= 46.5
    sigma = 0.005  Optimized mu_alpha = -0.197413350614  entropy = 3.44963502375e-07
    sigma = 0.005  Optimized mu_beta  = -0.199952619954  entropy = 3.44963502375e-07
    Total E(T) = -12113.9046081764  Free energy = -12113.9046081781  E0 = -12113.9046081772
cycle= 3 E= -12113.9046081764  delta_E= -5.05e-05  |g|= 0.0269  |ddm|= 18.4
    sigma = 0.005  Optimized mu_alpha = -0.19742377297  entropy = 3.44969346245e-07
    sigma = 0.005  Optimized mu_beta  = -0.199961683097  entropy = 3.44969346245e-07
    Total E(T) = -12113.9046269139  Free energy = -12113.9046269156  E0 = -12113.9046269148
cycle= 4 E= -12113.9046269139  delta_E= -1.87e-05  |g|= 0.0145  |ddm|= 9.84
    sigma = 0.005  Optimized mu_alpha = -0.197407255595  entropy = 3.44966150653e-07
    sigma = 0.005  Optimized mu_beta  = -0.199945538271  entropy = 3.44966150653e-07
    Total E(T) = -12113.9046331167  Free energy = -12113.9046331184  E0 = -12113.9046331176
cycle= 5 E= -12113.9046331167  delta_E= -6.2e-06  |g|= 0.00805  |ddm|= 8.21
    sigma = 0.005  Optimized mu_alpha = -0.197411392309  entropy = 3.44890128661e-07
    sigma = 0.005  Optimized mu_beta  = -0.199950527033  entropy = 3.44890128661e-07
    Total E(T) = -12113.9046354713  Free energy = -12113.9046354731  E0 = -12113.9046354722
cycle= 6 E= -12113.9046354713  delta_E= -2.35e-06  |g|= 0.0041  |ddm|= 3.77
    sigma = 0.005  Optimized mu_alpha = -0.296993733839  entropy = 12.8824131502
    sigma = 0.005  Optimized mu_beta  = -0.299876096554  entropy = 12.8824131502
    Total E(T) = -12113.8694632816  Free energy = -12113.9338753474  E0 = -12113.9016693145
Extra cycle  E= -12113.8694632816  delta_E= 0.0352  |g|= 0.209  |ddm|=  939
converged SCF energy = -12113.8694632816  <S^2> = 2.0140866  2S+1 = 3.0093764
[timing] right/Al ensemble SCF = 904.2s
[timing] collect state = 0.0s
[timing] checkpoint save = 0.1s
[phase1] step=1/5 L=-12261.58693527 Ef=-12261.59199454 |grad|=1.62441e-02 |db|=1.62441e-02 t=1149.2s
dm0 check [[[ 1.51510539e-09  2.24390407e-08  1.89788584e-07 ... -1.14716793e-07
    7.42480591e-07  6.64925537e-08]
  [ 2.24390407e-08  3.34442860e-07  2.75065447e-06 ... -1.77763476e-06
    1.10111116e-05  1.04754946e-06]
  [ 1.89788584e-07  2.75065447e-06  2.57236015e-05 ... -1.02767709e-05
    9.27874012e-05  4.99858660e-06]
  ...
  [-1.14716793e-07 -1.77763476e-06 -1.02767709e-05 ...  2.27166818e-04
    1.81897022e-06 -1.91352427e-04]
  [ 7.42480591e-07  1.10111116e-05  9.27874012e-05 ...  1.81897022e-06
    4.79983561e-04 -1.62425374e-06]
  [ 6.64925537e-08  1.04754946e-06  4.99858660e-06 ... -1.91352427e-04
   -1.62425374e-06  6.55608417e-04]]

 [[ 2.14412926e-09  3.18476687e-08  2.65524476e-07 ... -7.48678675e-08
    1.03578378e-06  2.38417798e-08]
  [ 3.18476687e-08  4.74249422e-07  3.91398393e-06 ... -9.93071944e-07
    1.53190952e-05  2.50124817e-07]
  [ 2.65524476e-07  3.91398393e-06  3.37626381e-05 ... -1.10139777e-05
    1.30901684e-04  4.52845690e-06]
  ...
  [-7.48678675e-08 -9.93071944e-07 -1.10139777e-05 ...  2.49604988e-04
    2.27945400e-06 -2.10130920e-04]
  [ 1.03578378e-06  1.53190952e-05  1.30901684e-04 ...  2.27945400e-06
    5.52938192e-04 -2.04465529e-06]
  [ 2.38417798e-08  2.50124817e-07  4.52845690e-06 ... -2.10130920e-04
   -2.04465529e-06  7.46013266e-04]]]
converged SCF energy = -150.226693714539  <S^2> = 2.0045398  2S+1 = 3.003025
dm0 check [[[ 1.14663927e-09  1.70906963e-08  1.38764383e-07 ... -8.06351991e-08
    6.25424907e-07  4.57094748e-08]
  [ 1.70906963e-08  2.56142401e-07  2.02970512e-06 ... -1.06203847e-06
    9.18297648e-06  7.18610580e-07]
  [ 1.38764383e-07  2.02970512e-06  1.80711277e-05 ... -1.26954868e-05
    8.12953223e-05  3.19992558e-06]
  ...
  [-8.06351991e-08 -1.06203847e-06 -1.26954868e-05 ...  2.39056590e-04
   -1.61628521e-06 -1.68273569e-04]
  [ 6.25424907e-07  9.18297648e-06  8.12953223e-05 ... -1.61628521e-06
    4.44991768e-04 -4.05797460e-06]
  [ 4.57094748e-08  7.18610580e-07  3.19992558e-06 ... -1.68273569e-04
   -4.05797460e-06  5.95720304e-04]]

 [[ 2.52991917e-08  3.84988468e-07  2.83081238e-06 ... -1.48521070e-07
    1.05980492e-07  7.43608024e-08]
  [ 3.84988468e-07  5.85993600e-06  4.30397100e-05 ... -2.17883477e-06
    1.18474495e-06  1.05238318e-06]
  [ 2.83081238e-06  4.30397100e-05  3.17944269e-04 ... -1.75046016e-05
    2.68826267e-05  9.38690534e-06]
  ...
  [-1.48521070e-07 -2.17883477e-06 -1.75046016e-05 ...  2.30576224e-04
    2.09094786e-07 -1.91668407e-04]
  [ 1.05980492e-07  1.18474495e-06  2.68826267e-05 ...  2.09094786e-07
    4.63234853e-04 -3.50197083e-06]
  [ 7.43608024e-08  1.05238318e-06  9.38690534e-06 ... -1.91668407e-04
   -3.50197083e-06  6.49562330e-04]]]
converged SCF energy = -150.244985829812  <S^2> = 0.92979458  2S+1 = 2.172367
[timing] left/O ensemble SCF = 14.2s
dm0 check [[ 3.79529078e-01  6.12210513e-01 -1.25188541e-01 ...  2.49223164e-05
   1.35177132e-05 -4.86220756e-05]
 [ 6.12210513e-01  1.01511392e+00 -3.33946317e-01 ...  6.79136126e-05
   3.56486791e-05 -1.31704726e-04]
 [-1.25188541e-01 -3.33946317e-01  6.75021702e-01 ... -1.63832905e-04
  -8.63234212e-05  3.18688065e-04]
 ...
 [ 2.49223164e-05  6.79136126e-05 -1.63832905e-04 ...  1.46269380e-05
   6.77255723e-06 -2.90446749e-05]
 [ 1.35177132e-05  3.56486791e-05 -8.63234212e-05 ...  6.77255723e-06
   4.60327983e-06 -1.52661873e-05]
 [-4.86220756e-05 -1.31704726e-04  3.18688065e-04 ... -2.90446749e-05
  -1.52661873e-05  6.53131191e-05]]


******** <class 'pyscf.scf.addons.SmearingDFRKS'> ********
method = SmearingDFRKS
initial guess = minao
damping factor = 0.15
level_shift factor = 0.2
DIIS = <class 'pyscf.scf.diis.CDIIS'>
diis_start_cycle = 1
diis_space = 12
diis_damp = 0
SCF conv_tol = 5e-05
SCF conv_tol_grad = None
SCF max_cycles = 200
direct_scf = True
direct_scf_tol = 1e-13
chkfile to save SCF result = /tmp/tmpdp58o2sx
max_memory 4000 MB (current use 86663 MB)
XC library pyscf.dft.libxc version 6.1.0
    S. Lehtola, C. Steigemann, M. J.T. Oliveira, and M. A.L. Marques.,  SoftwareX 7, 1–5 (2018)
XC functionals = pbe
    J. P. Perdew, K. Burke, and M. Ernzerhof.,  Phys. Rev. Lett. 77, 3865 (1996)
    J. P. Perdew, K. Burke, and M. Ernzerhof.,  Phys. Rev. Lett. 78, 1396 (1997)
    J. P. Perdew, K. Burke, and M. Ernzerhof.,  Phys. Rev. Lett. 77, 3865 (1996)
    J. P. Perdew, K. Burke, and M. Ernzerhof.,  Phys. Rev. Lett. 78, 1396 (1997)
small_rho_cutoff = 1e-06
Set gradient conv threshold to 0.00707107
    Total E(T) = -12114.3793447065  Free energy = -12115.4137437055  E0 = -12114.896544206
init E= -12114.3793447065
    sigma = 0.02  Optimized mu = -0.0529703017497  entropy = 1.53872646996
    Total E(T) = -12114.3793351796  Free energy = -12114.410109709  E0 = -12114.3947224443
cycle= 1 E= -12114.3793351796  delta_E= 9.53e-06  |g|= 0.0255  |ddm|=   38
    sigma = 0.02  Optimized mu = -0.0530862247036  entropy = 1.5405361432
    Total E(T) = -12114.3791413336  Free energy = -12114.4099520565  E0 = -12114.3945466951
cycle= 2 E= -12114.3791413336  delta_E= 0.000194  |g|= 0.0804  |ddm|=  102
    sigma = 0.02  Optimized mu = -0.0529636112625  entropy = 1.53931755889
    Total E(T) = -12114.3792797197  Free energy = -12114.4100660709  E0 = -12114.3946728953
cycle= 3 E= -12114.3792797197  delta_E= -0.000138  |g|= 0.0367  |ddm|= 41.1
    sigma = 0.02  Optimized mu = -0.0529693846645  entropy = 1.5392050136
    Total E(T) = -12114.3793294887  Free energy = -12114.410113589  E0 = -12114.3947215389
cycle= 4 E= -12114.3793294887  delta_E= -4.98e-05  |g|= 0.0218  |ddm|= 18.7
    sigma = 0.02  Optimized mu = -0.0529624312928  entropy = 1.53921339812
    Total E(T) = -12114.3793479976  Free energy = -12114.4101322655  E0 = -12114.3947401316
cycle= 5 E= -12114.3793479976  delta_E= -1.85e-05  |g|= 0.0124  |ddm|= 13.5
    sigma = 0.02  Optimized mu = -0.0529636358058  entropy = 1.53920845043
    Total E(T) = -12114.3793547301  Free energy = -12114.4101388991  E0 = -12114.3947468146
cycle= 6 E= -12114.3793547301  delta_E= -6.73e-06  |g|= 0.00759  |ddm|=  8.5
    sigma = 0.02  Optimized mu = -0.0529592184343  entropy = 1.53924158238
    Total E(T) = -12114.3793571868  Free energy = -12114.4101420184  E0 = -12114.3947496026
cycle= 7 E= -12114.3793571868  delta_E= -2.46e-06  |g|= 0.00412  |ddm|=  4.9
    sigma = 0.02  Optimized mu = -0.153063202157  entropy = 51.7118361303
    Total E(T) = -12113.8432574057  Free energy = -12114.8774941284  E0 = -12114.360375767
Extra cycle  E= -12113.8432574057  delta_E= 0.536  |g|= 0.435  |ddm|= 4.42e+03
converged SCF energy = -12113.8432574057
dm0 check [[[ 1.89786443e-01  3.06163937e-01 -6.27319893e-02 ...  9.77814729e-06
    5.30657075e-06 -2.13556157e-05]
  [ 3.06163937e-01  5.07713022e-01 -1.67337572e-01 ...  2.67133444e-05
    1.39014245e-05 -5.78563041e-05]
  [-6.27319893e-02 -1.67337572e-01  3.38353712e-01 ... -6.43065133e-05
   -3.36082460e-05  1.39751368e-04]
  ...
  [ 9.77814729e-06  2.67133444e-05 -6.43065133e-05 ...  4.13134506e-06
    1.75261236e-06 -9.20578409e-06]
  [ 5.30657075e-06  1.39014245e-05 -3.36082460e-05 ...  1.75261236e-06
    1.44843643e-06 -4.85693017e-06]
  [-2.13556157e-05 -5.78563041e-05  1.39751368e-04 ... -9.20578409e-06
   -4.85693017e-06  2.43823855e-05]]

 [[ 1.89765707e-01  3.06107363e-01 -6.26037269e-02 ...  1.11803123e-05
    6.26009634e-06 -2.35083077e-05]
  [ 3.06107363e-01  5.07561921e-01 -1.66999154e-01 ...  3.05117406e-05
    1.64874627e-05 -6.37076617e-05]
  [-6.26037269e-02 -1.66999154e-01  3.37598537e-01 ... -7.36586158e-05
   -4.00014499e-05  1.54346894e-04]
  ...
  [ 1.11803123e-05  3.05117406e-05 -7.36586158e-05 ...  4.92462219e-06
    2.19449762e-06 -1.07923149e-05]
  [ 6.26009634e-06  1.64874627e-05 -4.00014499e-05 ...  2.19449762e-06
    1.71531178e-06 -5.78916758e-06]
  [-2.35083077e-05 -6.37076617e-05  1.54346894e-04 ... -1.07923149e-05
   -5.78916758e-06  2.75277063e-05]]]


******** <class 'pyscf.scf.addons.SmearingDFUKS'> ********
method = SmearingDFUKS
initial guess = minao
damping factor = 0.15
level_shift factor = 0.2
DIIS = <class 'pyscf.scf.diis.CDIIS'>
diis_start_cycle = 1
diis_space = 12
diis_damp = 0
SCF conv_tol = 5e-05
SCF conv_tol_grad = None
SCF max_cycles = 200
direct_scf = True
direct_scf_tol = 1e-13
chkfile to save SCF result = /tmp/tmp5mgz6xne
max_memory 4000 MB (current use 86944 MB)
number electrons alpha = 325  beta = 323
XC library pyscf.dft.libxc version 6.1.0
    S. Lehtola, C. Steigemann, M. J.T. Oliveira, and M. A.L. Marques.,  SoftwareX 7, 1–5 (2018)
XC functionals = pbe
    J. P. Perdew, K. Burke, and M. Ernzerhof.,  Phys. Rev. Lett. 77, 3865 (1996)
    J. P. Perdew, K. Burke, and M. Ernzerhof.,  Phys. Rev. Lett. 78, 1396 (1997)
    J. P. Perdew, K. Burke, and M. Ernzerhof.,  Phys. Rev. Lett. 77, 3865 (1996)
    J. P. Perdew, K. Burke, and M. Ernzerhof.,  Phys. Rev. Lett. 78, 1396 (1997)
small_rho_cutoff = 1e-06
Set gradient conv threshold to 0.00707107
    Total E(T) = -12113.9358490289  Free energy = -12114.0002610947  E0 = -12113.9680550618
init E= -12113.9358490289
    sigma = 0.005  Optimized mu_alpha = -0.197460554988  entropy = 3.45091343939e-07
    sigma = 0.005  Optimized mu_beta  = -0.199995644189  entropy = 3.45091343939e-07
    Total E(T) = -12113.9358468956  Free energy = -12113.9358468973  E0 = -12113.9358468965
cycle= 1 E= -12113.9358468956  delta_E= 2.13e-06  |g|= 0.0202  |ddm|= 17.7
    sigma = 0.005  Optimized mu_alpha = -0.197365753814  entropy = 3.44603264541e-07
    sigma = 0.005  Optimized mu_beta  = -0.199913413397  entropy = 3.44603264541e-07
    Total E(T) = -12113.935799137  Free energy = -12113.9357991387  E0 = -12113.9357991379
cycle= 2 E= -12113.935799137  delta_E= 4.78e-05  |g|= 0.0553  |ddm|= 39.1
    sigma = 0.005  Optimized mu_alpha = -0.197409292282  entropy = 3.44903500262e-07
    sigma = 0.005  Optimized mu_beta  = -0.199947374986  entropy = 3.44903500262e-07
    Total E(T) = -12113.9358377862  Free energy = -12113.935837788  E0 = -12113.9358377871
cycle= 3 E= -12113.9358377862  delta_E= -3.86e-05  |g|= 0.0233  |ddm|= 15.8
    sigma = 0.005  Optimized mu_alpha = -0.197415707946  entropy = 3.44911644024e-07
    sigma = 0.005  Optimized mu_beta  = -0.199952683911  entropy = 3.44911644024e-07
    Total E(T) = -12113.9358519956  Free energy = -12113.9358519974  E0 = -12113.9358519965
cycle= 4 E= -12113.9358519956  delta_E= -1.42e-05  |g|= 0.0124  |ddm|= 8.46
    sigma = 0.005  Optimized mu_alpha = -0.197403708544  entropy = 3.44881340847e-07
    sigma = 0.005  Optimized mu_beta  = -0.199941277263  entropy = 3.44881340847e-07
    Total E(T) = -12113.9358565104  Free energy = -12113.9358565122  E0 = -12113.9358565113
cycle= 5 E= -12113.9358565104  delta_E= -4.51e-06  |g|= 0.00707  |ddm|= 6.76
    sigma = 0.005  Optimized mu_alpha = -0.297018600344  entropy = 12.8809595315
    sigma = 0.005  Optimized mu_beta  = -0.299899371348  entropy = 12.8809595315
    Total E(T) = -12113.9004131034  Free energy = -12113.9648179011  E0 = -12113.9326155022
Extra cycle  E= -12113.9004131034  delta_E= 0.0354  |g|= 0.232  |ddm|=  936
converged SCF energy = -12113.9004131034  <S^2> = 2.0139883  2S+1 = 3.0093111
[timing] right/Al ensemble SCF = 831.2s
[timing] collect state = 0.0s
[timing] checkpoint save = 0.2s
[phase1] step=2/5 L=-12261.69647997 Ef=-12261.70292461 |grad|=1.55432e-02 |db|=1.55432e-02 t=850.9s
dm0 check [[[ 1.51511142e-09  2.24391254e-08  1.89789561e-07 ... -1.14719027e-07
    7.42476491e-07  6.64943648e-08]
  [ 2.24391254e-08  3.34443992e-07  2.75066910e-06 ... -1.77767180e-06
    1.10110522e-05  1.04757955e-06]
  [ 1.89789561e-07  2.75066910e-06  2.57237476e-05 ... -1.02769946e-05
    9.27868755e-05  4.99876704e-06]
  ...
  [-1.14719027e-07 -1.77767180e-06 -1.02769946e-05 ...  2.27166708e-04
    1.81896838e-06 -1.91352285e-04]
  [ 7.42476491e-07  1.10110522e-05  9.27868755e-05 ...  1.81896838e-06
    4.79980334e-04 -1.62432356e-06]
  [ 6.64943648e-08  1.04757955e-06  4.99876704e-06 ... -1.91352285e-04
   -1.62432356e-06  6.55604999e-04]]

 [[ 2.14412007e-09  3.18475347e-08  2.65523309e-07 ... -7.48705567e-08
    1.03578174e-06  2.38437832e-08]
  [ 3.18475347e-08  4.74247460e-07  3.91396668e-06 ... -9.93113700e-07
    1.53190651e-05  2.50156053e-07]
  [ 2.65523309e-07  3.91396668e-06  3.37625059e-05 ... -1.10142815e-05
    1.30901449e-04  4.52867683e-06]
  ...
  [-7.48705567e-08 -9.93113700e-07 -1.10142815e-05 ...  2.49604219e-04
    2.27938802e-06 -2.10130234e-04]
  [ 1.03578174e-06  1.53190651e-05  1.30901449e-04 ...  2.27938802e-06
    5.52938805e-04 -2.04467203e-06]
  [ 2.38437832e-08  2.50156053e-07  4.52867683e-06 ... -2.10130234e-04
   -2.04467203e-06  7.46013382e-04]]]
converged SCF energy = -150.226693714539  <S^2> = 2.0045398  2S+1 = 3.003025
dm0 check [[[ 1.14644043e-09  1.70875533e-08  1.38757202e-07 ... -8.06195898e-08
    6.25424546e-07  4.56943851e-08]
  [ 1.70875533e-08  2.56093598e-07  2.02957957e-06 ... -1.06182913e-06
    9.18294702e-06  7.18429121e-07]
  [ 1.38757202e-07  2.02957957e-06  1.80710819e-05 ... -1.26945917e-05
    8.12960528e-05  3.19915114e-06]
  ...
  [-8.06195898e-08 -1.06182913e-06 -1.26945917e-05 ...  2.39058219e-04
   -1.61590734e-06 -1.68277561e-04]
  [ 6.25424546e-07  9.18294702e-06  8.12960528e-05 ... -1.61590734e-06
    4.44997716e-04 -4.05929866e-06]
  [ 4.56943851e-08  7.18429121e-07  3.19915114e-06 ... -1.68277561e-04
   -4.05929866e-06  5.95725214e-04]]

 [[ 2.53036790e-08  3.85050753e-07  2.83126579e-06 ... -1.48564615e-07
    1.05907478e-07  7.43836338e-08]
  [ 3.85050753e-07  5.86079318e-06  4.30459256e-05 ... -2.17962739e-06
    1.18345893e-06  1.05280689e-06]
  [ 2.83126579e-06  4.30459256e-05  3.17989580e-04 ... -1.75086853e-05
    2.68751830e-05  9.38988857e-06]
  ...
  [-1.48564615e-07 -2.17962739e-06 -1.75086853e-05 ...  2.30571795e-04
    2.09025570e-07 -1.91673883e-04]
  [ 1.05907478e-07  1.18345893e-06  2.68751830e-05 ...  2.09025570e-07
    4.63241178e-04 -3.50232729e-06]
  [ 7.43836338e-08  1.05280689e-06  9.38988857e-06 ... -1.91673883e-04
   -3.50232729e-06  6.49569815e-04]]]
converged SCF energy = -150.24498582983  <S^2> = 0.92979806  2S+1 = 2.1723702
[timing] left/O ensemble SCF = 12.5s
dm0 check [[ 3.79532171e-01  6.12212296e-01 -1.25192367e-01 ...  2.46882122e-05
   1.35789711e-05 -4.84429284e-05]
 [ 6.12212296e-01  1.01511223e+00 -3.33954995e-01 ...  6.72824172e-05
   3.58140370e-05 -1.31221627e-04]
 [-1.25192367e-01 -3.33954995e-01  6.75044308e-01 ... -1.62308840e-04
  -8.67271881e-05  3.17527537e-04]
 ...
 [ 2.46882122e-05  6.72824172e-05 -1.62308840e-04 ...  1.40330948e-05
   6.58480979e-06 -2.81347139e-05]
 [ 1.35789711e-05  3.58140370e-05 -8.67271881e-05 ...  6.58480979e-06
   4.57319830e-06 -1.50318495e-05]
 [-4.84429284e-05 -1.31221627e-04  3.17527537e-04 ... -2.81347139e-05
  -1.50318495e-05  6.41211293e-05]]


******** <class 'pyscf.scf.addons.SmearingDFRKS'> ********
method = SmearingDFRKS
initial guess = minao
damping factor = 0.15
level_shift factor = 0.2
DIIS = <class 'pyscf.scf.diis.CDIIS'>
diis_start_cycle = 1
diis_space = 12
diis_damp = 0
SCF conv_tol = 5e-05
SCF conv_tol_grad = None
SCF max_cycles = 200
direct_scf = True
direct_scf_tol = 1e-13
chkfile to save SCF result = /tmp/tmpdp58o2sx
max_memory 4000 MB (current use 87093 MB)
XC library pyscf.dft.libxc version 6.1.0
    S. Lehtola, C. Steigemann, M. J.T. Oliveira, and M. A.L. Marques.,  SoftwareX 7, 1–5 (2018)
XC functionals = pbe
    J. P. Perdew, K. Burke, and M. Ernzerhof.,  Phys. Rev. Lett. 77, 3865 (1996)
    J. P. Perdew, K. Burke, and M. Ernzerhof.,  Phys. Rev. Lett. 78, 1396 (1997)
    J. P. Perdew, K. Burke, and M. Ernzerhof.,  Phys. Rev. Lett. 77, 3865 (1996)
    J. P. Perdew, K. Burke, and M. Ernzerhof.,  Phys. Rev. Lett. 78, 1396 (1997)
small_rho_cutoff = 1e-06
Set gradient conv threshold to 0.00707107
    Total E(T) = -12114.4111840239  Free energy = -12115.4454207465  E0 = -12114.9283023852
init E= -12114.4111840239
    sigma = 0.02  Optimized mu = -0.0529534179274  entropy = 1.53805985243
    Total E(T) = -12114.411180407  Free energy = -12114.441941604  E0 = -12114.4265610055
cycle= 1 E= -12114.411180407  delta_E= 3.62e-06  |g|= 0.0198  |ddm|= 30.7
    sigma = 0.02  Optimized mu = -0.0530319183715  entropy = 1.53948726398
    Total E(T) = -12114.4110603244  Free energy = -12114.4418500696  E0 = -12114.426455197
cycle= 2 E= -12114.4110603244  delta_E= 0.00012  |g|= 0.0626  |ddm|= 79.4
    sigma = 0.02  Optimized mu = -0.0529427773245  entropy = 1.53856389888
    Total E(T) = -12114.411146613  Free energy = -12114.441917891  E0 = -12114.426532252
cycle= 3 E= -12114.411146613  delta_E= -8.63e-05  |g|= 0.0283  |ddm|= 32.4
    sigma = 0.02  Optimized mu = -0.0529480262912  entropy = 1.53846326648
    Total E(T) = -12114.4111774279  Free energy = -12114.4419466932  E0 = -12114.4265620606
cycle= 4 E= -12114.4111774279  delta_E= -3.08e-05  |g|= 0.0168  |ddm|= 14.8
    sigma = 0.02  Optimized mu = -0.0529421680913  entropy = 1.53846418928
    Total E(T) = -12114.4111888877  Free energy = -12114.4419581715  E0 = -12114.4265735296
cycle= 5 E= -12114.4111888877  delta_E= -1.15e-05  |g|= 0.00928  |ddm|= 10.8
    sigma = 0.02  Optimized mu = -0.0529398147045  entropy = 1.53847209374
    Total E(T) = -12114.4111928301  Free energy = -12114.441962272  E0 = -12114.4265775511
cycle= 6 E= -12114.4111928301  delta_E= -3.94e-06  |g|= 0.00578  |ddm|= 7.63
    sigma = 0.02  Optimized mu = -0.153043243555  entropy = 51.7014560642
    Total E(T) = -12113.8759304687  Free energy = -12114.90995959  E0 = -12114.3929450294
Extra cycle  E= -12113.8759304687  delta_E= 0.535  |g|= 0.421  |ddm|= 4.41e+03
converged SCF energy = -12113.8759304687
dm0 check [[[ 1.89787971e-01  3.06164775e-01 -6.27337887e-02 ...  9.69843716e-06
    5.33963528e-06 -2.12996607e-05]
  [ 3.06164775e-01  5.07712033e-01 -1.67341613e-01 ...  2.64985364e-05
    1.39906623e-05 -5.77055087e-05]
  [-6.27337887e-02 -1.67341613e-01  3.38364408e-01 ... -6.37892844e-05
   -3.38259098e-05  1.39391799e-04]
  ...
  [ 9.69843716e-06  2.64985364e-05 -6.37892844e-05 ...  4.01163486e-06
    1.72351836e-06 -9.01039932e-06]
  [ 5.33963528e-06  1.39906623e-05 -3.38259098e-05 ...  1.72351836e-06
    1.45395488e-06 -4.83194131e-06]
  [-2.12996607e-05 -5.77055087e-05  1.39391799e-04 ... -9.01039932e-06
   -4.83194131e-06  2.41605393e-05]]

 [[ 1.89767223e-01  3.06108180e-01 -6.26054580e-02 ...  1.10078822e-05
    6.25635085e-06 -2.33096354e-05]
  [ 3.06108180e-01  5.07560883e-01 -1.67003005e-01 ...  3.00466775e-05
    1.64774636e-05 -6.31717347e-05]
  [-6.26054580e-02 -1.67003005e-01  3.37608622e-01 ... -7.25336923e-05
   -3.99791938e-05  1.53052525e-04]
  ...
  [ 1.10078822e-05  3.00466775e-05 -7.25336923e-05 ...  4.67612461e-06
    2.10658420e-06 -1.03634923e-05]
  [ 6.25635085e-06  1.64774636e-05 -3.99791938e-05 ...  2.10658420e-06
    1.69350349e-06 -5.65589730e-06]
  [-2.33096354e-05 -6.31717347e-05  1.53052525e-04 ... -1.03634923e-05
   -5.65589730e-06  2.68829465e-05]]]


******** <class 'pyscf.scf.addons.SmearingDFUKS'> ********
method = SmearingDFUKS
initial guess = minao
damping factor = 0.15
level_shift factor = 0.2
DIIS = <class 'pyscf.scf.diis.CDIIS'>
diis_start_cycle = 1
diis_space = 12
diis_damp = 0
SCF conv_tol = 5e-05
SCF conv_tol_grad = None
SCF max_cycles = 200
direct_scf = True
direct_scf_tol = 1e-13
chkfile to save SCF result = /tmp/tmp5mgz6xne
max_memory 4000 MB (current use 87093 MB)
number electrons alpha = 325  beta = 323
XC library pyscf.dft.libxc version 6.1.0
    S. Lehtola, C. Steigemann, M. J.T. Oliveira, and M. A.L. Marques.,  SoftwareX 7, 1–5 (2018)
XC functionals = pbe
    J. P. Perdew, K. Burke, and M. Ernzerhof.,  Phys. Rev. Lett. 77, 3865 (1996)
    J. P. Perdew, K. Burke, and M. Ernzerhof.,  Phys. Rev. Lett. 78, 1396 (1997)
    J. P. Perdew, K. Burke, and M. Ernzerhof.,  Phys. Rev. Lett. 77, 3865 (1996)
    J. P. Perdew, K. Burke, and M. Ernzerhof.,  Phys. Rev. Lett. 78, 1396 (1997)
small_rho_cutoff = 1e-06
Set gradient conv threshold to 0.00707107
    Total E(T) = -12113.9676912381  Free energy = -12114.0320960358  E0 = -12113.999893637
init E= -12113.9676912381
    sigma = 0.005  Optimized mu_alpha = -0.197486164062  entropy = 3.45098171934e-07
    sigma = 0.005  Optimized mu_beta  = -0.200018368188  entropy = 3.45098171934e-07
    Total E(T) = -12113.9676794184  Free energy = -12113.9676794201  E0 = -12113.9676794193
cycle= 1 E= -12113.9676794184  delta_E= 1.18e-05  |g|= 0.0309  |ddm|= 22.4
    sigma = 0.005  Optimized mu_alpha = -0.197271631437  entropy = 3.44723266126e-07
    sigma = 0.005  Optimized mu_beta  = -0.199822643597  entropy = 3.44723266126e-07
    Total E(T) = -12113.967557623  Free energy = -12113.9675576248  E0 = -12113.9675576239
cycle= 2 E= -12113.967557623  delta_E= 0.000122  |g|= 0.0866  |ddm|=   55
    sigma = 0.005  Optimized mu_alpha = -0.197411186722  entropy = 3.44845705539e-07
    sigma = 0.005  Optimized mu_beta  = -0.199948499772  entropy = 3.44845705539e-07
    Total E(T) = -12113.9676485835  Free energy = -12113.9676485852  E0 = -12113.9676485844
cycle= 3 E= -12113.9676485835  delta_E= -9.1e-05  |g|= 0.0386  |ddm|= 19.5
    sigma = 0.005  Optimized mu_alpha = -0.197414367862  entropy = 3.44919530033e-07
    sigma = 0.005  Optimized mu_beta  = -0.199949739336  entropy = 3.44919530033e-07
    Total E(T) = -12113.9676828427  Free energy = -12113.9676828444  E0 = -12113.9676828435
cycle= 4 E= -12113.9676828427  delta_E= -3.43e-05  |g|= 0.0219  |ddm|= 10.9
    sigma = 0.005  Optimized mu_alpha = -0.197416785331  entropy = 3.44802592423e-07
    sigma = 0.005  Optimized mu_beta  = -0.199953308538  entropy = 3.44802592423e-07
    Total E(T) = -12113.9676945333  Free energy = -12113.9676945351  E0 = -12113.9676945342
cycle= 5 E= -12113.9676945333  delta_E= -1.17e-05  |g|= 0.0133  |ddm|= 6.25
    sigma = 0.005  Optimized mu_alpha = -0.197401963517  entropy = 3.44843985268e-07
    sigma = 0.005  Optimized mu_beta  = -0.199938331156  entropy = 3.44843985268e-07
    Total E(T) = -12113.9676990755  Free energy = -12113.9676990772  E0 = -12113.9676990764
cycle= 6 E= -12113.9676990755  delta_E= -4.54e-06  |g|= 0.00758  |ddm|=    5
    sigma = 0.005  Optimized mu_alpha = -0.197398324289  entropy = 3.44824493695e-07
    sigma = 0.005  Optimized mu_beta  = -0.199934858002  entropy = 3.44824493695e-07
    Total E(T) = -12113.9677008887  Free energy = -12113.9677008904  E0 = -12113.9677008895
cycle= 7 E= -12113.9677008887  delta_E= -1.81e-06  |g|= 0.00402  |ddm|= 2.79
    sigma = 0.005  Optimized mu_alpha = -0.296998072329  entropy = 12.8744559536
    sigma = 0.005  Optimized mu_beta  = -0.299879805744  entropy = 12.8744559536
    Total E(T) = -12113.9325841279  Free energy = -12113.9969564076  E0 = -12113.9647702677
Extra cycle  E= -12113.9325841279  delta_E= 0.0351  |g|= 0.208  |ddm|=  937
converged SCF energy = -12113.9325841279  <S^2> = 2.0139183  2S+1 = 3.0092645
[timing] right/Al ensemble SCF = 942.2s
[timing] collect state = 0.0s
[timing] checkpoint save = 0.0s
[phase1] step=3/5 L=-12261.80035083 Ef=-12261.80800261 |grad|=1.49598e-02 |db|=1.49598e-02 t=960.0s
dm0 check [[[ 1.51511507e-09  2.24391764e-08  1.89790082e-07 ... -1.14718990e-07
    7.42477045e-07  6.64943306e-08]
  [ 2.24391764e-08  3.34444763e-07  2.75067587e-06 ... -1.77767125e-06
    1.10110602e-05  1.04757907e-06]
  [ 1.89790082e-07  2.75067587e-06  2.57238102e-05 ... -1.02769953e-05
    9.27869282e-05  4.99876750e-06]
  ...
  [-1.14718990e-07 -1.77767125e-06 -1.02769953e-05 ...  2.27166703e-04
    1.81897159e-06 -1.91352281e-04]
  [ 7.42477045e-07  1.10110602e-05  9.27869282e-05 ...  1.81897159e-06
    4.79980205e-04 -1.62432622e-06]
  [ 6.64943306e-08  1.04757907e-06  4.99876750e-06 ... -1.91352281e-04
   -1.62432622e-06  6.55604862e-04]]

 [[ 2.14412506e-09  3.18476057e-08  2.65523940e-07 ... -7.48707043e-08
    1.03578288e-06  2.38439018e-08]
  [ 3.18476057e-08  4.74248514e-07  3.91397520e-06 ... -9.93113263e-07
    1.53190814e-05  2.50155752e-07]
  [ 2.65523940e-07  3.91397520e-06  3.37625800e-05 ... -1.10142938e-05
    1.30901577e-04  4.52868661e-06]
  ...
  [-7.48707043e-08 -9.93113263e-07 -1.10142938e-05 ...  2.49604179e-04
    2.27939104e-06 -2.10130198e-04]
  [ 1.03578288e-06  1.53190814e-05  1.30901577e-04 ...  2.27939104e-06
    5.52938810e-04 -2.04467526e-06]
  [ 2.38439018e-08  2.50155752e-07  4.52868661e-06 ... -2.10130198e-04
   -2.04467526e-06  7.46013355e-04]]]
converged SCF energy = -150.22669371454  <S^2> = 2.0045398  2S+1 = 3.003025
dm0 check [[[ 1.14640389e-09  1.70870133e-08  1.38753939e-07 ... -8.06188010e-08
    6.25415508e-07  4.56897409e-08]
  [ 1.70870133e-08  2.56085856e-07  2.02952809e-06 ... -1.06182303e-06
    9.18280262e-06  7.18371405e-07]
  [ 1.38753939e-07  2.02952809e-06  1.80707535e-05 ... -1.26946238e-05
    8.12949622e-05  3.19865437e-06]
  ...
  [-8.06188010e-08 -1.06182303e-06 -1.26946238e-05 ...  2.39058491e-04
   -1.61625119e-06 -1.68274807e-04]
  [ 6.25415508e-07  9.18280262e-06  8.12949622e-05 ... -1.61625119e-06
    4.44994840e-04 -4.05993503e-06]
  [ 4.56897409e-08  7.18371405e-07  3.19865437e-06 ... -1.68274807e-04
   -4.05993503e-06  5.95722512e-04]]

 [[ 2.53036577e-08  3.85049032e-07  2.83126422e-06 ... -1.48564942e-07
    1.05891592e-07  7.43764912e-08]
  [ 3.85049032e-07  5.86074589e-06  4.30457436e-05 ... -2.17965303e-06
    1.18317950e-06  1.05272041e-06]
  [ 2.83126422e-06  4.30457436e-05  3.17989433e-04 ... -1.75089510e-05
    2.68727894e-05  9.38929285e-06]
  ...
  [-1.48564942e-07 -2.17965303e-06 -1.75089510e-05 ...  2.30571546e-04
    2.08965287e-07 -1.91670976e-04]
  [ 1.05891592e-07  1.18317950e-06  2.68727894e-05 ...  2.08965287e-07
    4.63237986e-04 -3.50230113e-06]
  [ 7.43764912e-08  1.05272041e-06  9.38929285e-06 ... -1.91670976e-04
   -3.50230113e-06  6.49568405e-04]]]
converged SCF energy = -150.244985829834  <S^2> = 0.92979734  2S+1 = 2.1723695
[timing] left/O ensemble SCF = 14.2s
dm0 check [[ 3.79530056e-01  6.12211491e-01 -1.25191046e-01 ...  2.45019775e-05
   1.36542354e-05 -4.83066215e-05]
 [ 6.12211491e-01  1.01511589e+00 -3.33956063e-01 ...  6.67812291e-05
   3.60171199e-05 -1.30855499e-04]
 [-1.25191046e-01 -3.33956063e-01  6.75048937e-01 ... -1.61097755e-04
  -8.72194123e-05  3.16645487e-04]
 ...
 [ 2.45019775e-05  6.67812291e-05 -1.61097755e-04 ...  1.35684197e-05
   6.44893373e-06 -2.74235757e-05]
 [ 1.36542354e-05  3.60171199e-05 -8.72194123e-05 ...  6.44893373e-06
   4.56396444e-06 -1.48755886e-05]
 [-4.83066215e-05 -1.30855499e-04  3.16645487e-04 ... -2.74235757e-05
  -1.48755886e-05  6.32145043e-05]]


******** <class 'pyscf.scf.addons.SmearingDFRKS'> ********
method = SmearingDFRKS
initial guess = minao
damping factor = 0.15
level_shift factor = 0.2
DIIS = <class 'pyscf.scf.diis.CDIIS'>
diis_start_cycle = 1
diis_space = 12
diis_damp = 0
SCF conv_tol = 5e-05
SCF conv_tol_grad = None
SCF max_cycles = 200
direct_scf = True
direct_scf_tol = 1e-13
chkfile to save SCF result = /tmp/tmpdp58o2sx
max_memory 4000 MB (current use 87224 MB)
XC library pyscf.dft.libxc version 6.1.0
    S. Lehtola, C. Steigemann, M. J.T. Oliveira, and M. A.L. Marques.,  SoftwareX 7, 1–5 (2018)
XC functionals = pbe
    J. P. Perdew, K. Burke, and M. Ernzerhof.,  Phys. Rev. Lett. 77, 3865 (1996)
    J. P. Perdew, K. Burke, and M. Ernzerhof.,  Phys. Rev. Lett. 78, 1396 (1997)
    J. P. Perdew, K. Burke, and M. Ernzerhof.,  Phys. Rev. Lett. 77, 3865 (1996)
    J. P. Perdew, K. Burke, and M. Ernzerhof.,  Phys. Rev. Lett. 78, 1396 (1997)
small_rho_cutoff = 1e-06
Set gradient conv threshold to 0.00707107
    Total E(T) = -12114.4390956719  Free energy = -12115.4731247932  E0 = -12114.9561102325
init E= -12114.4390956719
    sigma = 0.02  Optimized mu = -0.0529359227631  entropy = 1.53733206963
    Total E(T) = -12114.4390835952  Free energy = -12114.4698302366  E0 = -12114.4544569159
cycle= 1 E= -12114.4390835952  delta_E= 1.21e-05  |g|= 0.0263  |ddm|= 36.3
    sigma = 0.02  Optimized mu = -0.0530065802038  entropy = 1.53929599177
    Total E(T) = -12114.4388779656  Free energy = -12114.4696638855  E0 = -12114.4542709255
cycle= 2 E= -12114.4388779656  delta_E= 0.000206  |g|= 0.0842  |ddm|=  101
    sigma = 0.02  Optimized mu = -0.0529253933808  entropy = 1.53791214453
    Total E(T) = -12114.4390209616  Free energy = -12114.4697792044  E0 = -12114.454400083
cycle= 3 E= -12114.4390209616  delta_E= -0.000143  |g|= 0.0394  |ddm|= 39.8
    sigma = 0.02  Optimized mu = -0.0529296667588  entropy = 1.53780421369
    Total E(T) = -12114.4390733037  Free energy = -12114.469829388  E0 = -12114.4544513459
cycle= 4 E= -12114.4390733037  delta_E= -5.23e-05  |g|= 0.0241  |ddm|= 17.8
    sigma = 0.02  Optimized mu = -0.0529257873244  entropy = 1.5377932835
    Total E(T) = -12114.4390938381  Free energy = -12114.4698497037  E0 = -12114.4544717709
cycle= 5 E= -12114.4390938381  delta_E= -2.05e-05  |g|= 0.0142  |ddm|= 12.6
    sigma = 0.02  Optimized mu = -0.0529256443656  entropy = 1.53778102317
    Total E(T) = -12114.4391016797  Free energy = -12114.4698573002  E0 = -12114.45447949
cycle= 6 E= -12114.4391016797  delta_E= -7.84e-06  |g|= 0.00895  |ddm|= 8.19
    sigma = 0.02  Optimized mu = -0.0529205675206  entropy = 1.5378079425
    Total E(T) = -12114.4391046978  Free energy = -12114.4698608566  E0 = -12114.4544827772
cycle= 7 E= -12114.4391046978  delta_E= -3.02e-06  |g|= 0.00519  |ddm|= 4.74
    sigma = 0.02  Optimized mu = -0.153028184594  entropy = 51.6937874205
    Total E(T) = -12113.9041221917  Free energy = -12114.9379979401  E0 = -12114.4210600659
Extra cycle  E= -12113.9041221917  delta_E= 0.535  |g|= 0.421  |ddm|= 4.4e+03
converged SCF energy = -12113.9041221917
dm0 check [[[ 1.89786931e-01  3.06164397e-01 -6.27332168e-02 ...  9.60448037e-06
    5.36424226e-06 -2.12341155e-05]
  [ 3.06164397e-01  5.07713905e-01 -1.67342360e-01 ...  2.62457095e-05
    1.40570433e-05 -5.75294658e-05]
  [-6.27332168e-02 -1.67342360e-01  3.38367314e-01 ... -6.31794403e-05
   -3.39870479e-05  1.38968727e-04]
  ...
  [ 9.60448037e-06  2.62457095e-05 -6.31794403e-05 ...  3.87681986e-06
    1.68543227e-06 -8.78897105e-06]
  [ 5.36424226e-06  1.40570433e-05 -3.39870479e-05 ...  1.68543227e-06
    1.45507880e-06 -4.79194097e-06]
  [-2.12341155e-05 -5.75294658e-05  1.38968727e-04 ... -8.78897105e-06
   -4.79194097e-06  2.39028252e-05]]

 [[ 1.89766182e-01  3.06107814e-01 -6.26048982e-02 ...  1.08120049e-05
    6.23627008e-06 -2.30868244e-05]
  [ 3.06107814e-01  5.07562794e-01 -1.67003772e-01 ...  2.95187781e-05
    1.64233591e-05 -6.25713309e-05]
  [-6.26048982e-02 -1.67003772e-01  3.37611424e-01 ... -7.12556519e-05
   -3.98486646e-05  1.51599169e-04]
  ...
  [ 1.08120049e-05  2.95187781e-05 -7.12556519e-05 ...  4.41356040e-06
    2.00761662e-06 -9.90690759e-06]
  [ 6.23627008e-06  1.64233591e-05 -3.98486646e-05 ...  2.00761662e-06
    1.66457094e-06 -5.50092338e-06]
  [-2.30868244e-05 -6.25713309e-05  1.51599169e-04 ... -9.90690759e-06
   -5.50092338e-06  2.61906264e-05]]]


******** <class 'pyscf.scf.addons.SmearingDFUKS'> ********
method = SmearingDFUKS
initial guess = minao
damping factor = 0.15
level_shift factor = 0.2
DIIS = <class 'pyscf.scf.diis.CDIIS'>
diis_start_cycle = 1
diis_space = 12
diis_damp = 0
SCF conv_tol = 5e-05
SCF conv_tol_grad = None
SCF max_cycles = 200
direct_scf = True
direct_scf_tol = 1e-13
chkfile to save SCF result = /tmp/tmp5mgz6xne
max_memory 4000 MB (current use 87224 MB)
number electrons alpha = 325  beta = 323
XC library pyscf.dft.libxc version 6.1.0
    S. Lehtola, C. Steigemann, M. J.T. Oliveira, and M. A.L. Marques.,  SoftwareX 7, 1–5 (2018)
XC functionals = pbe
    J. P. Perdew, K. Burke, and M. Ernzerhof.,  Phys. Rev. Lett. 77, 3865 (1996)
    J. P. Perdew, K. Burke, and M. Ernzerhof.,  Phys. Rev. Lett. 78, 1396 (1997)
    J. P. Perdew, K. Burke, and M. Ernzerhof.,  Phys. Rev. Lett. 77, 3865 (1996)
    J. P. Perdew, K. Burke, and M. Ernzerhof.,  Phys. Rev. Lett. 78, 1396 (1997)
small_rho_cutoff = 1e-06
Set gradient conv threshold to 0.00707107
    Total E(T) = -12113.9956081553  Free energy = -12114.0599804351  E0 = -12114.0277942952
init E= -12113.9956081553
    sigma = 0.005  Optimized mu_alpha = -0.197463936596  entropy = 3.44945787448e-07
    sigma = 0.005  Optimized mu_beta  = -0.199997393735  entropy = 3.44945787448e-07
    Total E(T) = -12113.9956043896  Free energy = -12113.9956043913  E0 = -12113.9956043904
cycle= 1 E= -12113.9956043896  delta_E= 3.77e-06  |g|= 0.0202  |ddm|= 16.1
    sigma = 0.005  Optimized mu_alpha = -0.197318331203  entropy = 3.44633572514e-07
    sigma = 0.005  Optimized mu_beta  = -0.199863409842  entropy = 3.44633572514e-07
    Total E(T) = -12113.9955527002  Free energy = -12113.9955527019  E0 = -12113.995552701
cycle= 2 E= -12113.9955527002  delta_E= 5.17e-05  |g|= 0.0568  |ddm|= 36.7
    sigma = 0.005  Optimized mu_alpha = -0.19740467221  entropy = 3.44802639521e-07
    sigma = 0.005  Optimized mu_beta  = -0.199940894149  entropy = 3.44802639521e-07
    Total E(T) = -12113.9955925403  Free energy = -12113.995592542  E0 = -12113.9955925412
cycle= 3 E= -12113.9955925403  delta_E= -3.98e-05  |g|= 0.0246  |ddm|= 13.6
    sigma = 0.005  Optimized mu_alpha = -0.197409303517  entropy = 3.44840412152e-07
    sigma = 0.005  Optimized mu_beta  = -0.199944231497  entropy = 3.44840412152e-07
    Total E(T) = -12113.9956073746  Free energy = -12113.9956073764  E0 = -12113.9956073755
cycle= 4 E= -12113.9956073746  delta_E= -1.48e-05  |g|= 0.0134  |ddm|= 7.76
    sigma = 0.005  Optimized mu_alpha = -0.197408885084  entropy = 3.44739872045e-07
    sigma = 0.005  Optimized mu_beta  = -0.199945082949  entropy = 3.44739872045e-07
    Total E(T) = -12113.9956121292  Free energy = -12113.9956121309  E0 = -12113.9956121301
cycle= 5 E= -12113.9956121292  delta_E= -4.75e-06  |g|= 0.008  |ddm|=  4.9
    sigma = 0.005  Optimized mu_alpha = -0.197395682538  entropy = 3.44788293881e-07
    sigma = 0.005  Optimized mu_beta  = -0.199931615087  entropy = 3.44788293881e-07
    Total E(T) = -12113.9956139546  Free energy = -12113.9956139563  E0 = -12113.9956139555
cycle= 6 E= -12113.9956139546  delta_E= -1.83e-06  |g|= 0.00453  |ddm|= 3.12
    sigma = 0.005  Optimized mu_alpha = -0.297006626227  entropy = 12.8721070905
    sigma = 0.005  Optimized mu_beta  = -0.299887997399  entropy = 12.8721070905
    Total E(T) = -12113.9604969055  Free energy = -12114.024857441  E0 = -12113.9926771733
Extra cycle  E= -12113.9604969055  delta_E= 0.0351  |g|= 0.209  |ddm|=  936
converged SCF energy = -12113.9604969055  <S^2> = 2.0138888  2S+1 = 3.0092449
[timing] right/Al ensemble SCF = 899.9s
[timing] collect state = 0.0s
[timing] checkpoint save = 0.0s
[phase1] step=4/5 L=-12261.89834834 Ef=-12261.90710314 |grad|=1.44358e-02 |db|=1.44358e-02 t=919.3s
dm0 check [[[ 1.51511345e-09  2.24391537e-08  1.89789845e-07 ... -1.14719041e-07
    7.42476856e-07  6.64943793e-08]
  [ 2.24391537e-08  3.34444425e-07  2.75067274e-06 ... -1.77767171e-06
    1.10110573e-05  1.04757954e-06]
  [ 1.89789845e-07  2.75067274e-06  2.57237806e-05 ... -1.02769975e-05
    9.27869110e-05  4.99876992e-06]
  ...
  [-1.14719041e-07 -1.77767171e-06 -1.02769975e-05 ...  2.27166714e-04
    1.81897069e-06 -1.91352291e-04]
  [ 7.42476856e-07  1.10110573e-05  9.27869110e-05 ...  1.81897069e-06
    4.79980266e-04 -1.62432538e-06]
  [ 6.64943793e-08  1.04757954e-06  4.99876992e-06 ... -1.91352291e-04
   -1.62432538e-06  6.55604932e-04]]

 [[ 2.14412288e-09  3.18475751e-08  2.65523668e-07 ... -7.48706513e-08
    1.03578247e-06  2.38438681e-08]
  [ 3.18475751e-08  4.74248065e-07  3.91397161e-06 ... -9.93113945e-07
    1.53190755e-05  2.50156401e-07]
  [ 2.65523668e-07  3.91397161e-06  3.37625491e-05 ... -1.10142914e-05
    1.30901535e-04  4.52868544e-06]
  ...
  [-7.48706513e-08 -9.93113945e-07 -1.10142914e-05 ...  2.49604200e-04
    2.27939015e-06 -2.10130218e-04]
  [ 1.03578247e-06  1.53190755e-05  1.30901535e-04 ...  2.27939015e-06
    5.52938890e-04 -2.04467291e-06]
  [ 2.38438681e-08  2.50156401e-07  4.52868544e-06 ... -2.10130218e-04
   -2.04467291e-06  7.46013452e-04]]]
converged SCF energy = -150.226693714539  <S^2> = 2.0045398  2S+1 = 3.003025
dm0 check [[[ 1.14641745e-09  1.70871841e-08  1.38754813e-07 ... -8.06196941e-08
    6.25417120e-07  4.56926965e-08]
  [ 1.70871841e-08  2.56087717e-07  2.02954043e-06 ... -1.06182579e-06
    9.18282741e-06  7.18406974e-07]
  [ 1.38754813e-07  2.02954043e-06  1.80708466e-05 ... -1.26946806e-05
    8.12951703e-05  3.19891372e-06]
  ...
  [-8.06196941e-08 -1.06182579e-06 -1.26946806e-05 ...  2.39058742e-04
   -1.61627706e-06 -1.68275179e-04]
  [ 6.25417120e-07  9.18282741e-06  8.12951703e-05 ... -1.61627706e-06
    4.44995293e-04 -4.05994829e-06]
  [ 4.56926965e-08  7.18406974e-07  3.19891372e-06 ... -1.68275179e-04
   -4.05994829e-06  5.95722691e-04]]

 [[ 2.53030872e-08  3.85041148e-07  2.83121281e-06 ... -1.48564709e-07
    1.05890540e-07  7.43821276e-08]
  [ 3.85041148e-07  5.86063793e-06  4.30450523e-05 ... -2.17963110e-06
    1.18320858e-06  1.05278733e-06]
  [ 2.83121281e-06  4.30450523e-05  3.17985100e-04 ... -1.75088049e-05
    2.68728932e-05  9.38978176e-06]
  ...
  [-1.48564709e-07 -2.17963110e-06 -1.75088049e-05 ...  2.30571482e-04
    2.08982238e-07 -1.91671362e-04]
  [ 1.05890540e-07  1.18320858e-06  2.68728932e-05 ...  2.08982238e-07
    4.63238233e-04 -3.50223686e-06]
  [ 7.43821276e-08  1.05278733e-06  9.38978176e-06 ... -1.91671362e-04
   -3.50223686e-06  6.49568189e-04]]]
converged SCF energy = -150.244985829832  <S^2> = 0.92979752  2S+1 = 2.1723697
[timing] left/O ensemble SCF = 11.2s
dm0 check [[ 3.79532191e-01  6.12212743e-01 -1.25193742e-01 ...  2.43155942e-05
   1.37215819e-05 -4.81786199e-05]
 [ 6.12212743e-01  1.01511495e+00 -3.33962702e-01 ...  6.62788103e-05
   3.61988675e-05 -1.30510495e-04]
 [-1.25193742e-01 -3.33962702e-01  6.75066422e-01 ... -1.59884853e-04
  -8.76621457e-05  3.15817843e-04]
 ...
 [ 2.43155942e-05  6.62788103e-05 -1.59884853e-04 ...  1.31169766e-05
   6.31178135e-06 -2.67353164e-05]
 [ 1.37215819e-05  3.61988675e-05 -8.76621457e-05 ...  6.31178135e-06
   4.55175804e-06 -1.47179567e-05]
 [-4.81786199e-05 -1.30510495e-04  3.15817843e-04 ... -2.67353164e-05
  -1.47179567e-05  6.23544710e-05]]


******** <class 'pyscf.scf.addons.SmearingDFRKS'> ********
method = SmearingDFRKS
initial guess = minao
damping factor = 0.15
level_shift factor = 0.2
DIIS = <class 'pyscf.scf.diis.CDIIS'>
diis_start_cycle = 1
diis_space = 12
diis_damp = 0
SCF conv_tol = 5e-05
SCF conv_tol_grad = None
SCF max_cycles = 200
direct_scf = True
direct_scf_tol = 1e-13
chkfile to save SCF result = /tmp/tmpdp58o2sx
max_memory 4000 MB (current use 87057 MB)
XC library pyscf.dft.libxc version 6.1.0
    S. Lehtola, C. Steigemann, M. J.T. Oliveira, and M. A.L. Marques.,  SoftwareX 7, 1–5 (2018)
XC functionals = pbe
    J. P. Perdew, K. Burke, and M. Ernzerhof.,  Phys. Rev. Lett. 77, 3865 (1996)
    J. P. Perdew, K. Burke, and M. Ernzerhof.,  Phys. Rev. Lett. 78, 1396 (1997)
    J. P. Perdew, K. Burke, and M. Ernzerhof.,  Phys. Rev. Lett. 77, 3865 (1996)
    J. P. Perdew, K. Burke, and M. Ernzerhof.,  Phys. Rev. Lett. 78, 1396 (1997)
small_rho_cutoff = 1e-06
Set gradient conv threshold to 0.00707107
    Total E(T) = -12114.4668423634  Free energy = -12115.5007181118  E0 = -12114.9837802376
init E= -12114.4668423634
    sigma = 0.02  Optimized mu = -0.0529217492233  entropy = 1.5367566482
    Total E(T) = -12114.4668327376  Free energy = -12114.4975678706  E0 = -12114.4822003041
cycle= 1 E= -12114.4668327376  delta_E= 9.63e-06  |g|= 0.0241  |ddm|= 33.6
    sigma = 0.02  Optimized mu = -0.0529783739427  entropy = 1.53853706263
    Total E(T) = -12114.4666563866  Free energy = -12114.4974271278  E0 = -12114.4820417572
cycle= 2 E= -12114.4666563866  delta_E= 0.000176  |g|= 0.0784  |ddm|=   94
    sigma = 0.02  Optimized mu = -0.0529095059005  entropy = 1.53731059942
    Total E(T) = -12114.4667777161  Free energy = -12114.4975239281  E0 = -12114.4821508221
cycle= 3 E= -12114.4667777161  delta_E= -0.000121  |g|= 0.037  |ddm|= 36.7
    sigma = 0.02  Optimized mu = -0.0529137076445  entropy = 1.53720104756
    Total E(T) = -12114.4668225604  Free energy = -12114.4975665813  E0 = -12114.4821945708
cycle= 4 E= -12114.4668225604  delta_E= -4.48e-05  |g|= 0.0228  |ddm|= 16.3
    sigma = 0.02  Optimized mu = -0.0529111411769  entropy = 1.53718413377
    Total E(T) = -12114.4668404503  Free energy = -12114.497584133  E0 = -12114.4822122917
cycle= 5 E= -12114.4668404503  delta_E= -1.79e-05  |g|= 0.0134  |ddm|= 11.6
    sigma = 0.02  Optimized mu = -0.0529097919694  entropy = 1.53717316905
    Total E(T) = -12114.4668472102  Free energy = -12114.4975906736  E0 = -12114.4822189419
cycle= 6 E= -12114.4668472102  delta_E= -6.76e-06  |g|= 0.00869  |ddm|= 8.19
    sigma = 0.02  Optimized mu = -0.0529062840311  entropy = 1.53718901731
    Total E(T) = -12114.4668499113  Free energy = -12114.4975936916  E0 = -12114.4822218014
cycle= 7 E= -12114.4668499113  delta_E= -2.7e-06  |g|= 0.00507  |ddm|= 4.48
    sigma = 0.02  Optimized mu = -0.153012925554  entropy = 51.6869591438
    Total E(T) = -12113.9320789379  Free energy = -12114.9658181208  E0 = -12114.4489485294
Extra cycle  E= -12113.9320789379  delta_E= 0.535  |g|= 0.42  |ddm|= 4.4e+03
converged SCF energy = -12113.9320789379
dm0 check [[[ 1.89787984e-01  3.06164979e-01 -6.27344595e-02 ...  9.53483302e-06
    5.39432301e-06 -2.11848496e-05]
  [ 3.06164979e-01  5.07713313e-01 -1.67345410e-01 ...  2.60580580e-05
    1.41382118e-05 -5.73967566e-05]
  [-6.27344595e-02 -1.67345410e-01  3.38375476e-01 ... -6.27274538e-05
   -3.41847638e-05  1.38651850e-04]
  ...
  [ 9.53483302e-06  2.60580580e-05 -6.27274538e-05 ...  3.77370002e-06
    1.65934243e-06 -8.61813163e-06]
  [ 5.39432301e-06  1.41382118e-05 -3.41847638e-05 ...  1.65934243e-06
    1.45985059e-06 -4.76852134e-06]
  [-2.11848496e-05 -5.73967566e-05  1.38651850e-04 ... -8.61813163e-06
   -4.76852134e-06  2.37068704e-05]]

 [[ 1.89767220e-01  3.06108365e-01 -6.26060541e-02 ...  1.06844774e-05
    6.24524164e-06 -2.29447403e-05]
  [ 3.06108365e-01  5.07562128e-01 -1.67006583e-01 ...  2.91748805e-05
    1.64476498e-05 -6.21881480e-05]
  [-6.26060541e-02 -1.67006583e-01  3.37618891e-01 ... -7.04240179e-05
   -3.99091331e-05  1.50674281e-04]
  ...
  [ 1.06844774e-05  2.91748805e-05 -7.04240179e-05 ...  4.23942487e-06
    1.94837362e-06 -9.60510326e-06]
  [ 6.24524164e-06  1.64476498e-05 -3.99091331e-05 ...  1.94837362e-06
    1.65379335e-06 -5.41587482e-06]
  [-2.29447403e-05 -6.21881480e-05  1.50674281e-04 ... -9.60510326e-06
   -5.41587482e-06  2.57531054e-05]]]


******** <class 'pyscf.scf.addons.SmearingDFUKS'> ********
method = SmearingDFUKS
initial guess = minao
damping factor = 0.15
level_shift factor = 0.2
DIIS = <class 'pyscf.scf.diis.CDIIS'>
diis_start_cycle = 1
diis_space = 12
diis_damp = 0
SCF conv_tol = 5e-05
SCF conv_tol_grad = None
SCF max_cycles = 200
direct_scf = True
direct_scf_tol = 1e-13
chkfile to save SCF result = /tmp/tmp5mgz6xne
max_memory 4000 MB (current use 87113 MB)
number electrons alpha = 325  beta = 323
XC library pyscf.dft.libxc version 6.1.0
    S. Lehtola, C. Steigemann, M. J.T. Oliveira, and M. A.L. Marques.,  SoftwareX 7, 1–5 (2018)
XC functionals = pbe
    J. P. Perdew, K. Burke, and M. Ernzerhof.,  Phys. Rev. Lett. 77, 3865 (1996)
    J. P. Perdew, K. Burke, and M. Ernzerhof.,  Phys. Rev. Lett. 78, 1396 (1997)
    J. P. Perdew, K. Burke, and M. Ernzerhof.,  Phys. Rev. Lett. 77, 3865 (1996)
    J. P. Perdew, K. Burke, and M. Ernzerhof.,  Phys. Rev. Lett. 78, 1396 (1997)
small_rho_cutoff = 1e-06
Set gradient conv threshold to 0.00707107
    Total E(T) = -12114.0233521922  Free energy = -12114.0877127276  E0 = -12114.0555324599
init E= -12114.0233521922
    sigma = 0.005  Optimized mu_alpha = -0.19747205274  entropy = 3.44883622782e-07
    sigma = 0.005  Optimized mu_beta  = -0.200004268691  entropy = 3.44883622782e-07
    Total E(T) = -12114.0233474313  Free energy = -12114.023347433  E0 = -12114.0233474321
cycle= 1 E= -12114.0233474313  delta_E= 4.76e-06  |g|= 0.0211  |ddm|= 15.7
    sigma = 0.005  Optimized mu_alpha = -0.19728334816  entropy = 3.44732890689e-07
    sigma = 0.005  Optimized mu_beta  = -0.199827994043  entropy = 3.44732890689e-07
    Total E(T) = -12114.0232902003  Free energy = -12114.023290202  E0 = -12114.0232902012
cycle= 2 E= -12114.0232902003  delta_E= 5.72e-05  |g|= 0.0597  |ddm|= 36.8
    sigma = 0.005  Optimized mu_alpha = -0.197406329355  entropy = 3.44729320871e-07
    sigma = 0.005  Optimized mu_beta  = -0.199942212751  entropy = 3.44729320871e-07
    Total E(T) = -12114.0233328334  Free energy = -12114.0233328351  E0 = -12114.0233328342
cycle= 3 E= -12114.0233328334  delta_E= -4.26e-05  |g|= 0.0268  |ddm|=   13
    sigma = 0.005  Optimized mu_alpha = -0.19740938836  entropy = 3.44796518145e-07
    sigma = 0.005  Optimized mu_beta  = -0.199943700476  entropy = 3.44796518145e-07
    Total E(T) = -12114.0233491489  Free energy = -12114.0233491506  E0 = -12114.0233491497
cycle= 4 E= -12114.0233491489  delta_E= -1.63e-05  |g|= 0.0151  |ddm|= 7.45
    sigma = 0.005  Optimized mu_alpha = -0.197415092206  entropy = 3.44692032646e-07
    sigma = 0.005  Optimized mu_beta  = -0.199950275007  entropy = 3.44692032646e-07
    Total E(T) = -12114.0233547448  Free energy = -12114.0233547466  E0 = -12114.0233547457
cycle= 5 E= -12114.0233547448  delta_E= -5.6e-06  |g|= 0.00913  |ddm|= 4.88
    sigma = 0.005  Optimized mu_alpha = -0.197399172529  entropy = 3.44741623709e-07
    sigma = 0.005  Optimized mu_beta  = -0.199934333963  entropy = 3.44741623709e-07
    Total E(T) = -12114.0233569217  Free energy = -12114.0233569234  E0 = -12114.0233569226
cycle= 6 E= -12114.0233569217  delta_E= -2.18e-06  |g|= 0.00528  |ddm|= 3.32
    sigma = 0.005  Optimized mu_alpha = -0.297009643964  entropy = 12.8707015587
    sigma = 0.005  Optimized mu_beta  = -0.299890470951  entropy = 12.8707015587
    Total E(T) = -12113.9881615978  Free energy = -12114.0525151056  E0 = -12114.0203383517
Extra cycle  E= -12113.9881615978  delta_E= 0.0352  |g|= 0.216  |ddm|=  935
converged SCF energy = -12113.9881615978  <S^2> = 2.0138731  2S+1 = 3.0092345
[timing] right/Al ensemble SCF = 888.4s
[timing] collect state = 0.0s
[timing] checkpoint save = 0.0s
[phase1] step=5/5 L=-12261.99126213 Ef=-12262.00098726 |grad|=1.39858e-02 |db|=1.39858e-02 t=904.9s
[phase1] finished, |b| = 2.34466e+00 t=4784.7s
starting phase 2: L-BFGS-B optimization
=== Python finished ===
All done.
