Exc = -943.1179535249213
Excl = -16.85305442961654 Excr = -926.2177142877626
Excna = -0.047184807542066665
Nl = 16.205852634553136
Nr = 649.7940993925151
N = 665.9999520270676
Ehartreel = 100.0498398661761
Ehartreer = 24357.89744208909
Ehartreetot = 25341.933858508568
Ehartree nad = 883.9865765532995
T_kineticl = 149.89159805090327 T_kineticr = 12092.798861680218
T_kinetic = 12242.69045973112
rVnuclear = -66361.98485736191 lVnuclear = -409.8449509626007
V_nuclear = -68529.02880033452
Vnuclearnad = -1757.1989920100095
Enuc_grid_l = -409.8448977193258 Enuc_grid_r = -66361.98847281814
Enuc_grid_nf = -68529.0342830933
Enuc_nad_grid = -1757.2009125558252
=== Python finished ===
All done.
