n2v PySCFGrider memory patch: active
n2v get_S3: chunked (chunk=4096); DF wrapper (INVERSION_S3_DF=True)
n2v from: /home/x-wmiao/.conda/envs/n2v_envi/lib/python3.8/site-packages/n2v/__init__.py
Optimization Successful within 42 iterations! |grad|=9.94e-03
Inversion (WuYang) wall time: 4617.809 s
Ne_inv = 668.0000002595133
T (electronic kinetic, Ha) = 12203.677704319214
V (nuclear attraction, Ha) = -68614.09655220424
E_hartree (Ha) = 25466.93451083245
E_xc (PBE, Ha) = -943.2837860167762
E_nn (nuclear repulsion, Ha) = 19621.038651232662
E_ks_total (Ha) = -12265.72947183669
============================================================
Electron-count comparison
------------------------------------------------------------
nref (al2.7.chk)              = 666.000000
nf   (pkl projected to mol)   = 665.999952
nf2  (pkl in fragment AOs)    = 666.000000  (L=16.205854, R=649.794146)
ninv (inverted density)       = 668.000000
------------------------------------------------------------
nf   - nref = -4.796e-05
nf2  - nref = -4.150e-11
ninv - nref = +2.000e+00
nf   - nf2  = -4.796e-05
ninv - nf   = +2.000e+00
============================================================
============================================================
Density (real-space) comparison on mol grid (level=3)
------------------------------------------------------------
int rho_ref = 666.000033
int rho_f   = 665.999986
int rho_f2  = 666.000034  (L=16.205841, R=649.794193)
int rho_inv = 668.000036
------------------------------------------------------------
rho_f   - rho_ref       int|dρ|=5.6601e-01  max|dρ|=1.6007e-01
rho_f2  - rho_ref       int|dρ|=5.6575e-01  max|dρ|=1.6003e-01
rho_inv - rho_ref       int|dρ|=5.6430e+00  max|dρ|=1.1790e+01
rho_f   - rho_f2        int|dρ|=5.5254e-03  max|dρ|=3.3366e-03
rho_inv - rho_f         int|dρ|=5.5228e+00  max|dρ|=1.1791e+01
rho_inv - rho_f2        int|dρ|=5.5233e+00  max|dρ|=1.1791e+01
============================================================
=== Python finished ===
All done.
