n2v PySCFGrider memory patch: active
n2v get_S3: chunked (chunk=4096); DF wrapper (INVERSION_S3_DF=True)
n2v from: /home/x-wmiao/.conda/envs/n2v_envi/lib/python3.8/site-packages/n2v/__init__.py
[warm-start skipped] inversion_ks_for_energy3.pkl: len(v_pbs)=1544, need 2672 (run npbs=1336, pickle ref=1).
  → Length mismatch: pickle is not from this set_system (PBS/basis/ref differ). Use V_PBS_WARMSTART_PKL = None, or a pickle from a completed inversion with the same mol/basis/PBS.
Optimization Successful within 19 iterations! |grad|=6.00e-02
Inversion (WuYang) wall time: 864.853 s
nalpha = 334
nbeta = 332
Ne_a = 334.0000001293721
Ne_b = 332.0000001291092
Ne_inv = 666.0000002584659
T (electronic kinetic, Ha) = 12242.868758959241
V (nuclear attraction, Ha) = -68519.82578033021
E_hartree (Ha) = 25332.521104537325
E_xc (PBE, Ha) = -942.9662272497901
E_nn (nuclear repulsion, Ha) = 19621.038651232662
E_ks_total (Ha) = -12266.36349285077
============================================================
Electron-count comparison
------------------------------------------------------------
nref (al2.7.chk)              = 666.000000
nf   (pkl projected to mol)   = 665.999952
nf2  (pkl in fragment AOs)    = 666.000000  (L=16.205854, R=649.794146)
ninv (inverted density)       = 666.000000
------------------------------------------------------------
nf   - nref = -4.796e-05
nf2  - nref = -4.150e-11
ninv - nref = +2.585e-07
nf   - nf2  = -4.796e-05
ninv - nf   = +4.822e-05
============================================================
============================================================
Density (real-space) comparison on mol grid (level=3)
------------------------------------------------------------
int rho_ref = 666.000033
int rho_f   = 665.999986
int rho_f2  = 666.000034  (L=16.205841, R=649.794193)
int rho_inv = 666.000035
------------------------------------------------------------
rho_f   - rho_ref       int|dρ|=5.6601e-01  max|dρ|=1.6007e-01
rho_f2  - rho_ref       int|dρ|=5.6575e-01  max|dρ|=1.6003e-01
rho_inv - rho_ref       int|dρ|=5.4747e+00  max|dρ|=2.1998e+00
rho_f   - rho_f2        int|dρ|=5.5254e-03  max|dρ|=3.3366e-03
rho_inv - rho_f         int|dρ|=5.3225e+00  max|dρ|=2.2022e+00
rho_inv - rho_f2        int|dρ|=5.3229e+00  max|dρ|=2.2009e+00
============================================================
=== Python finished ===
All done.
