n2v PySCFGrider memory patch: active
n2v get_S3: chunked (chunk=4096); DF wrapper (INVERSION_S3_DF=True)
n2v from: /home/x-wmiao/.conda/envs/n2v_envi/lib/python3.8/site-packages/n2v/__init__.py
tot grids = 314808
Optimization Successful within 15 iterations! |grad|=1.16e-01
Inversion (WuYang) wall time: 286.843 s
nalpha = 334
nbeta = 332
Ne_a = 334.00000012865917
Ne_b = 332.0000001287444
Ne_inv = 666.0000002573971
T (electronic kinetic, Ha) = 12234.24797126025
V (nuclear attraction, Ha) = -68542.01651060421
E_hartree (Ha) = 25363.384624090333
tot grids = 948528
E_xc (PBE, Ha) = -942.8913922651304
E_nn (nuclear repulsion, Ha) = 19621.038651232662
E_ks_total (Ha) = -12266.236656286095
============================================================
Electron-count comparison
------------------------------------------------------------
nref (dftref sigma=0.002 DM)  = 666.000000
nf   (pkl projected to mol)   = 665.999994
nf2  (pkl in fragment AOs)    = 666.000000  (L=16.205854, R=649.794146)
ninv (inverted density)       = 666.000000
------------------------------------------------------------
nf   - nref = -5.640e-06
nf2  - nref = -4.218e-11
ninv - nref = +2.574e-07
nf   - nf2  = -5.640e-06
ninv - nf   = +5.897e-06
============================================================
tot grids = 948528
============================================================
Density (real-space) comparison on mol grid (level=3)
------------------------------------------------------------
int rho_ref = 666.000034
int rho_f   = 666.000029
int rho_f2  = 666.000034  (L=16.205841, R=649.794193)
int rho_inv = 666.000039
------------------------------------------------------------
rho_f   - rho_ref       int|dρ|=4.6833e-01  max|dρ|=9.7927e-02
rho_f2  - rho_ref       int|dρ|=4.6789e-01  max|dρ|=9.7912e-02
rho_inv - rho_ref       int|dρ|=8.4911e+00  max|dρ|=4.0463e+00
rho_f   - rho_f2        int|dρ|=1.6874e-03  max|dρ|=6.8256e-04
rho_inv - rho_f         int|dρ|=8.4170e+00  max|dρ|=4.0458e+00
rho_inv - rho_f2        int|dρ|=8.4169e+00  max|dρ|=4.0458e+00
============================================================
=== Python finished ===
All done.
