pyscf max mem (MB) = 237328
#INFO: **** input file is /anvil/scratch/x-wmiao/alcluster50/Al_cluster/anew/newbasis/2.1dftref/dftref_restart.py ****
"""
Restart the un-converged Al50+O2 UKS reference at d=2.1 A, sigma=0.002.

The original ``dftref.py`` run for 2.1 (job 17144924) hit ``max_cycle = 200``
without converging:

    cycle 199:  delta_E = -2.6e-6 Eh   (good; below conv_tol = 1e-6 not quite met)
    cycle 199:  |g|     =  2.2e-3       (above default conv_tol_grad ~ 7e-4)
    cycle 199:  |ddm|   =  4-15         (oscillating)

Energy is at micro-Hartree level, but the density matrix is still bouncing
around.  We restart SCF with the saved last-normal-cycle DM as initial
guess, and apply heavier convergence aids:

    - max_cycle      : 200  -> 400
    - damp           : 0.15 -> 0.30      (heavier mixing)
    - level_shift    : 0.20 -> 0.30      (stronger virtual shift)
    - diis_space     : 12   -> 16
    - conv_tol_grad  : default -> 1e-3   (loosen gradient tol slightly,
                                          matching what we've actually seen
                                          for the other distances)

We write to NEW filenames so the originals are preserved:

    al2.1_sigma0.002_restart.chk
    al2.1_sigma0.002_restart_last_dm.pkl

Pass ``--from-restart`` on the CLI to chain another restart (uses the new
pkl as the warm-start input).
"""

import argparse
import os
import pickle
import sys
import time

import numpy as np
import psutil

from pyscf import gto, dft, lib
from pyscf.scf import chkfile as scfchk
from pyscf.scf.addons import remove_linear_dep_, smearing_
from pyscf.dft.gen_grid import treutler_prune


MAX_MEMORY = int(psutil.virtual_memory().available / 1e6)
print(f"pyscf max mem (MB) = {MAX_MEMORY}", flush=True)


obasis = gto.basis.parse('''O    S
   8588.500                  0.00189515
   1297.230                  0.0143859
    299.2960                 0.0707320
     87.37710                0.2400010
     25.67890                0.5947970
      3.740040               0.2808020
O    SP
     42.11750                0.113889               0.0365114
      9.628370               0.920811               0.237153
      2.853320              -0.00327447             0.819702
O    SP
      0.905661               1.000000               1.000000
O    SP
      0.255611               1.000000               1.000000
O    SP
      0.0845000              1.0000000              1.0000000
O    D
      1.292                  1.000000''')

albasis = gto.basis.parse('''Al    S
  54866.489                  0.000839
   8211.7665                 0.006527
   1866.1761                 0.033666
    531.12934                0.132902
    175.11797                0.401266
     64.005500               0.531338
Al    S
     64.005500               0.202305
     25.292507               0.624790
     10.534910               0.227439
Al    S
      3.2067110              1.000000
Al    S
      1.152555               1.000000
Al    S
      0.1766780              1.000000
Al    S
      0.0652370              1.000000
Al    P
    259.28362                0.009448
     61.076870               0.070974
     19.303237               0.295636
      7.0108820              0.728219
Al    P
      2.6738650              0.644467
      1.0365960              0.417413
Al    P
      0.3168190              1.000000
Al    P
      0.1142570              1.000000
Al    SP
      0.0318000              1.0000000              1.0000000
Al    P
      0.041397               1.000000
Al    D
      0.3250000              1.0000000''')


def build_mol():
    mol = gto.Mole()
    mol.atom = "2.xyz"
    mol.unit = "angstrom"
    mol.basis = {'O': obasis, 'Al': albasis}
    mol.charge = 0
    mol.spin = 2
    mol.cart = False
    mol.max_memory = MAX_MEMORY
    mol.verbose = 4
    mol.build()
    print(f"NAO = {mol.nao_nr()}, nelec = {mol.nelec}", flush=True)
    return mol


def make_last_cycle_callback(store):
    """Cache dm/mo_* from each last *normal* SCF cycle (envs['cycle'] >= 0)."""
    def cb(envs):
        cyc = envs.get("cycle", None)
        if cyc is None or cyc < 0:
            return
        dm = envs.get("dm", None)
        if dm is None:
            return
        arr = np.asarray(dm)
        if arr.ndim == 3 and arr.shape[0] == 2:
            Da, Db = arr[0], arr[1]
        elif arr.ndim == 2:
            Da = Db = 0.5 * arr
        else:
            return
        store["cycle"] = int(cyc)
        store["Da"] = np.array(Da, copy=True)
        store["Db"] = np.array(Db, copy=True)
        for k in ("mo_coeff", "mo_occ", "mo_energy", "fock"):
            v = envs.get(k, None)
            if v is not None:
                store[k] = np.array(v, copy=True)
    return cb


def load_warm_start_dm(pkl_path):
    with open(pkl_path, "rb") as f:
        data = pickle.load(f)
    Da = np.asarray(data["Da_last_normal"])
    Db = np.asarray(data["Db_last_normal"])
    print(f"[warm-start] from {pkl_path}", flush=True)
    print(f"             sigma={data.get('sigma')}  "
          f"converged={data.get('converged')}  "
          f"last_cycle={data.get('last_cycle')}  "
          f"E_tot={data.get('e_tot'):.10f}", flush=True)
    print(f"             dm shapes: Da={Da.shape}  Db={Db.shape}", flush=True)
    return np.stack([Da, Db], axis=0)


def run_restart(mol, dm0, sigma, *, max_cycle, damp, level_shift,
                diis_space, conv_tol, conv_tol_grad, out_chk, out_pkl):
    print(f"\n========== sigma = {sigma:g}  (restart) ==========", flush=True)
    print(f"  max_cycle      = {max_cycle}", flush=True)
    print(f"  damp           = {damp}", flush=True)
    print(f"  level_shift    = {level_shift}", flush=True)
    print(f"  diis_space     = {diis_space}", flush=True)
    print(f"  conv_tol       = {conv_tol}", flush=True)
    print(f"  conv_tol_grad  = {conv_tol_grad}", flush=True)

    mf = dft.UKS(mol)
    mf.xc = 'pbe'
    mf = mf.density_fit(auxbasis='weigend')
    mf = remove_linear_dep_(mf, lindep=1e-4)
    mf.direct_scf = True
    mf.max_cycle = max_cycle
    mf.conv_tol = conv_tol
    mf.conv_tol_grad = conv_tol_grad
    mf.verbose = 4
    mf.grids.level = 3
    mf.grids.prune = treutler_prune
    mf.small_rho_cutoff = 1e-6
    mf.diis_space = diis_space
    mf.max_memory = MAX_MEMORY

    mf = smearing_(mf, sigma=sigma, method="fermi", fix_spin=(mol.spin != 0))
    mf.level_shift = level_shift
    mf.damp = damp

    last = {}
    mf.callback = make_last_cycle_callback(last)

    t0 = time.time()
    e_tot = mf.kernel(dm0=dm0)
    dt = time.time() - t0
    converged = bool(mf.converged)
    last_cycle = last.get("cycle", -1)

    print(
        f"[sigma={sigma:g}] E_tot = {e_tot:.10f} Eh | converged = {converged}"
        f" | last_cycle = {last_cycle} | time = {dt:.1f} s",
        flush=True,
    )

    scfchk.dump_scf(
        mol, out_chk,
        e_tot=e_tot,
        mo_coeff=mf.mo_coeff,
        mo_occ=mf.mo_occ,
        mo_energy=mf.mo_energy,
    )
    print(f"  -> wrote {out_chk}", flush=True)

    extra = {
        "sigma": sigma,
        "converged": converged,
        "e_tot": e_tot,
        "last_cycle": last_cycle,
        "Da_last_normal": last.get("Da"),
        "Db_last_normal": last.get("Db"),
        "mo_coeff_last_normal": last.get("mo_coeff"),
        "mo_occ_last_normal": last.get("mo_occ"),
        "mo_energy_last_normal": last.get("mo_energy"),
        "mo_coeff_final": mf.mo_coeff,
        "mo_occ_final": mf.mo_occ,
        "mo_energy_final": mf.mo_energy,
        "restart_settings": {
            "max_cycle": max_cycle, "damp": damp,
            "level_shift": level_shift, "diis_space": diis_space,
            "conv_tol": conv_tol, "conv_tol_grad": conv_tol_grad,
        },
    }
    with open(out_pkl, "wb") as f:
        pickle.dump(extra, f)
    print(f"  -> wrote {out_pkl}", flush=True)

    return {
        "sigma": sigma,
        "e_tot": e_tot,
        "converged": converged,
        "last_cycle": last_cycle,
        "time_s": dt,
    }


def main():
    ap = argparse.ArgumentParser()
    ap.add_argument("--input-pkl",
                    default="al2.1_sigma0.002_last_dm.pkl",
                    help="pkl with Da_last_normal / Db_last_normal to warm-start from")
    ap.add_argument("--sigma", type=float, default=0.002)
    ap.add_argument("--max-cycle", type=int, default=400)
    ap.add_argument("--damp", type=float, default=0.30)
    ap.add_argument("--level-shift", type=float, default=0.30)
    ap.add_argument("--diis-space", type=int, default=16)
    ap.add_argument("--conv-tol", type=float, default=1e-6)
    ap.add_argument("--conv-tol-grad", type=float, default=1e-3)
    ap.add_argument("--out-chk", default="al2.1_sigma0.002_restart.chk")
    ap.add_argument("--out-pkl", default="al2.1_sigma0.002_restart_last_dm.pkl")
    args = ap.parse_args()

    if not os.path.exists(args.input_pkl):
        sys.exit(f"input pkl not found: {args.input_pkl}")

    mol = build_mol()
    dm0 = load_warm_start_dm(args.input_pkl)

    r = run_restart(
        mol, dm0, args.sigma,
        max_cycle=args.max_cycle, damp=args.damp,
        level_shift=args.level_shift, diis_space=args.diis_space,
        conv_tol=args.conv_tol, conv_tol_grad=args.conv_tol_grad,
        out_chk=args.out_chk, out_pkl=args.out_pkl,
    )

    print("\n========== Summary ==========", flush=True)
    print(f"{'sigma':>8s}  {'E_tot (Eh)':>18s}  {'converged':>10s}  "
          f"{'last_cyc':>9s}  {'time (s)':>10s}")
    print(
        f"{r['sigma']:>8.4f}  {r['e_tot']:>18.10f}  {str(r['converged']):>10s}"
        f"  {r['last_cycle']:>9d}  {r['time_s']:>10.1f}"
    )

    with open("dftref_restart_summary.pkl", "wb") as f:
        pickle.dump([r], f)
    print("Wrote dftref_restart_summary.pkl", flush=True)


if __name__ == "__main__":
    main()
#INFO: ******************** input file end ********************


System: uname_result(system='Linux', node='a039.anvil.rcac.purdue.edu', release='4.18.0-553.81.1.el8_10.x86_64', version='#1 SMP Fri Oct 31 12:43:44 UTC 2025', machine='x86_64', processor='x86_64')  Threads 70
Python 3.8.5 (default, Sep  4 2020, 07:30:14) 
[GCC 7.3.0]
numpy 1.24.4  scipy 1.10.1  h5py 3.11.0
Date: Mon May 11 15:39:16 2026
PySCF version 2.6.2
PySCF path  /home/x-wmiao/.conda/envs/n2v_envi/lib/python3.8/site-packages/pyscf

[CONFIG] conf_file None
[INPUT] verbose = 4
[INPUT] num. atoms = 52
[INPUT] num. electrons = 666
[INPUT] charge = 0
[INPUT] spin (= nelec alpha-beta = 2S) = 2
[INPUT] symmetry False subgroup None
[INPUT] Mole.unit = angstrom
[INPUT] Symbol           X                Y                Z      unit          X                Y                Z       unit  Magmom
[INPUT]  1 Al    -0.000002500000  -0.000003930000   0.000010140000 AA   -0.000004724315  -0.000007426624   0.000019161823 Bohr   0.0
[INPUT]  2 Al    -0.000010350000  -3.297768200000   2.331885930000 AA   -0.000019558665  -6.231878720300   4.406625761427 Bohr   0.0
[INPUT]  3 Al     0.000002710000  -6.595540880000   4.663754650000 AA    0.000005121158 -12.463765906573   8.813219000667 Bohr   0.0
[INPUT]  4 Al     0.000000280000  -9.893308950000   6.995628040000 AA    0.000000529123 -18.695644381208  13.219821064928 Bohr   0.0
[INPUT]  5 Al    -2.855944250000   1.648877440000   2.331868000000 AA   -5.396952459526   3.115926774574   4.406591878637 Bohr   0.0
[INPUT]  6 Al    -2.855919820000  -1.648850210000   4.663682450000 AA   -5.396906293517  -3.115875317332   8.813082562441 Bohr   0.0
[INPUT]  7 Al    -2.855936380000  -4.946657660000   6.995596520000 AA   -5.396937587382  -9.347828209382  13.219761500760 Bohr   0.0
[INPUT]  8 Al    -5.711919480000   3.297763300000   4.663757560000 AA  -10.793963462768   6.231869460642   8.813224499770 Bohr   0.0
[INPUT]  9 Al    -5.711903010000   0.000011440000   6.995729820000 AA  -10.793932338979   0.000021618467  13.220013401253 Bohr   0.0
[INPUT] 10 Al    -8.567861930000   4.946655500000   6.995660400000 AA  -16.190912520787   9.347824127573  13.219882216465 Bohr   0.0
[INPUT] 11 Al     2.855941970000   1.648876180000   2.331874800000 AA    5.396948150951   3.115924393519   4.406604728775 Bohr   0.0
[INPUT] 12 Al     2.855911020000  -1.648875280000   4.663708300000 AA    5.396889663927  -3.115922692766   8.813131411861 Bohr   0.0
[INPUT] 13 Al     2.855941920000  -4.946662280000   6.995716120000 AA    5.396948056465  -9.347836939917  13.219987512005 Bohr   0.0
[INPUT] 14 Al     0.000019810000   3.297729320000   4.663699710000 AA    0.000037435475   6.231805247748   8.813115179114 Bohr   0.0
[INPUT] 15 Al     0.000600730000   0.000874300000   7.081730270000 AA    0.001135215175   0.001652187551  13.382530698342 Bohr   0.0
[INPUT] 16 Al    -2.855954140000   4.946652730000   6.995571990000 AA   -5.396971148918   9.347818893032  13.219715145779 Bohr   0.0
[INPUT] 17 Al     5.711899020000   3.297775690000   4.663758470000 AA   10.793924798972   6.231892874349   8.813226219421 Bohr   0.0
[INPUT] 18 Al     5.711910520000   0.000002700000   6.995581580000 AA   10.793946530822   0.000005102261  13.219733268252 Bohr   0.0
[INPUT] 19 Al     2.855962660000   4.946654320000   6.995708860000 AA    5.396987249384   9.347821897697  13.219973792593 Bohr   0.0
[INPUT] 20 Al     8.567859500000   4.946657500000   6.995664680000 AA   16.190907928753   9.347827907026  13.219890304493 Bohr   0.0
[INPUT] 21 Al    -1.427951460000  -0.824424240000   2.331847360000 AA   -2.698437178573  -1.557936024053   4.406552874690 Bohr   0.0
[INPUT] 22 Al    -1.427956620000  -4.122226910000   4.663692190000 AA   -2.698446929560  -7.789879883212   8.813100968373 Bohr   0.0
[INPUT] 23 Al    -1.427965660000  -7.419967340000   6.995546870000 AA   -2.698464012684 -14.021706125818  13.219667675858 Bohr   0.0
[INPUT] 24 Al    -4.283951960000   0.824458900000   4.663689150000 AA   -8.095495935194   1.558001521960   8.813095223606 Bohr   0.0
[INPUT] 25 Al    -4.283916820000  -2.473328910000   6.995646180000 AA   -8.095429530218  -4.673914255869  13.219855344560 Bohr   0.0
[INPUT] 26 Al    -7.139869040000   2.473326710000   6.995622890000 AA  -13.492397050861   4.673910098472  13.219811332838 Bohr   0.0
[INPUT] 27 Al     1.398530700000   0.807866590000   4.649365060000 AA    2.642839999796   1.526646600286   8.786026616522 Bohr   0.0
[INPUT] 28 Al     1.374978020000  -2.393857030000   6.988808370000 AA    2.598331885097  -4.523734168065  13.206933756368 Bohr   0.0
[INPUT] 29 Al    -1.386023340000   2.387960340000   6.988764270000 AA   -2.619204514855   4.512591038923  13.206850419446 Bohr   0.0
[INPUT] 30 Al     4.131889010000   2.385729180000   7.085001150000 AA    7.808138606000   4.508374757583  13.388711765729 Bohr   0.0
[INPUT] 31 Al     1.427940540000  -0.824425310000   2.331852280000 AA    2.698416542764  -1.557938046060   4.406562172143 Bohr   0.0
[INPUT] 32 Al     1.427972170000  -4.122254770000   4.663725830000 AA    2.698476314801  -7.789932530982   8.813164538760 Bohr   0.0
[INPUT] 33 Al     1.427969190000  -7.419966860000   6.995598810000 AA    2.698470683417 -14.021705218749  13.219765828233 Bohr   0.0
[INPUT] 34 Al    -1.397667640000   0.808010060000   4.649176180000 AA   -2.641209052767   1.526917719293   8.785669685052 Bohr   0.0
[INPUT] 35 Al    -1.374293350000  -2.393812340000   6.989198730000 AA   -2.597038046311  -4.523649716204  13.207671429858 Bohr   0.0
[INPUT] 36 Al    -4.131608020000   2.385906830000   7.085396470000 AA   -7.807607611857   4.508710467429  13.389458812260 Bohr   0.0
[INPUT] 37 Al     4.283927260000   0.824465900000   4.663715730000 AA    8.095449258958   1.558014750043   8.813145452526 Bohr   0.0
[INPUT] 38 Al     4.283930840000  -2.473325040000   6.995660580000 AA    8.095456024178  -4.673906942629  13.219882556616 Bohr   0.0
[INPUT] 39 Al     1.386985260000   2.388086930000   6.988449540000 AA    2.621022280209   4.512830259353  13.206255665943 Bohr   0.0
[INPUT] 40 Al     7.139873180000   2.473319990000   6.995590050000 AA   13.492404874327   4.673897399512  13.219749274232 Bohr   0.0
[INPUT] 41 Al    -0.000007350000   1.648846440000   2.331867480000 AA   -0.000013889487   3.115868193064   4.406590895980 Bohr   0.0
[INPUT] 42 Al     0.000549460000  -1.613918390000   4.648885460000 AA    0.001038328916  -3.049863744499   8.785120303873 Bohr   0.0
[INPUT] 43 Al     0.000160150000  -4.771102120000   7.086589750000 AA    0.000302639639  -9.016076319132  13.391713784650 Bohr   0.0
[INPUT] 44 Al    -2.855983910000   3.297765430000   4.663716620000 AA   -5.397027406064   6.231873485759   8.813147134382 Bohr   0.0
[INPUT] 45 Al    -2.760635490000   0.007297290000   6.989302210000 AA   -5.216845005854   0.013789879552  13.207866978717 Bohr   0.0
[INPUT] 46 Al    -5.711893280000   4.946648280000   6.995593200000 AA  -10.793913951944   9.347810483751  13.219755226870 Bohr   0.0
[INPUT] 47 Al     2.855990810000   3.297783090000   4.663729280000 AA    5.397040445175   6.231906858322   8.813171058315 Bohr   0.0
[INPUT] 48 Al     2.761370670000   0.007544740000   6.988582360000 AA    5.218234294707   0.014257492281  13.206506659367 Bohr   0.0
[INPUT] 49 Al    -0.000000980000   4.946652890000   6.995660630000 AA   -0.000001851932   9.347819195388  13.219882651102 Bohr   0.0
[INPUT] 50 Al     5.711898000000   4.946649930000   6.995634650000 AA   10.793922871451   9.347813601799  13.219833556018 Bohr   0.0
[INPUT] 51 O     -1.720770000000   1.749260000000   9.185590000000 AA   -3.251784023368   3.305622320657  17.358249392544 Bohr   0.0
[INPUT] 52 O     -2.360370000000   0.626580000000   9.182730000000 AA   -4.460452852640   1.184064595130  17.352844775827 Bohr   0.0

nuclear repulsion = 19676.7127700975
number of shells = 720
number of NR pGTOs = 2520
number of NR cGTOs = 1544
basis = {'O': [[0, [8588.5, 0.00189515], [1297.23, 0.0143859], [299.296, 0.070732], [87.3771, 0.240001], [25.6789, 0.594797], [3.74004, 0.280802]], [0, [42.1175, 0.113889], [9.62837, 0.920811], [2.85332, -0.00327447]], [0, [0.905661, 1.0]], [0, [0.255611, 1.0]], [0, [0.0845, 1.0]], [1, [42.1175, 0.0365114], [9.62837, 0.237153], [2.85332, 0.819702]], [1, [0.905661, 1.0]], [1, [0.255611, 1.0]], [1, [0.0845, 1.0]], [2, [1.292, 1.0]]], 'Al': [[0, [54866.489, 0.000839], [8211.7665, 0.006527], [1866.1761, 0.033666], [531.12934, 0.132902], [175.11797, 0.401266], [64.0055, 0.531338]], [0, [64.0055, 0.202305], [25.292507, 0.62479], [10.53491, 0.227439]], [0, [3.206711, 1.0]], [0, [1.152555, 1.0]], [0, [0.176678, 1.0]], [0, [0.065237, 1.0]], [0, [0.0318, 1.0]], [1, [259.28362, 0.009448], [61.07687, 0.070974], [19.303237, 0.295636], [7.010882, 0.728219]], [1, [2.673865, 0.644467], [1.036596, 0.417413]], [1, [0.316819, 1.0]], [1, [0.114257, 1.0]], [1, [0.0318, 1.0]], [1, [0.041397, 1.0]], [2, [0.325, 1.0]]]}
ecp = {}
CPU time:         0.44
NAO = 1544, nelec = (334, 332)
[warm-start] from al2.1_sigma0.002_last_dm.pkl
             sigma=0.002  converged=False  last_cycle=199  E_tot=-12266.4998075182
             dm shapes: Da=(1544, 1544)  Db=(1544, 1544)

========== sigma = 0.002  (restart) ==========
  max_cycle      = 400
  damp           = 0.3
  level_shift    = 0.3
  diis_space     = 16
  conv_tol       = 1e-06
  conv_tol_grad  = 0.001
Applying remove_linear_dep_ on SCF object.
Using canonical orthogonalization with threshold 1e-08


******** <class 'pyscf.scf.addons.SmearingDFUKS'> ********
method = SmearingDFUKS
initial guess = minao
damping factor = 0.3
level_shift factor = 0.3
DIIS = <class 'pyscf.scf.diis.CDIIS'>
diis_start_cycle = 1
diis_space = 16
diis_damp = 0
SCF conv_tol = 1e-06
SCF conv_tol_grad = 0.001
SCF max_cycles = 400
direct_scf = True
direct_scf_tol = 1e-13
chkfile to save SCF result = /tmp/tmp9o5nbctm
max_memory 237328 MB (current use 245 MB)
number electrons alpha = 334  beta = 332
XC library pyscf.dft.libxc version 6.1.0
    S. Lehtola, C. Steigemann, M. J.T. Oliveira, and M. A.L. Marques.,  SoftwareX 7, 1–5 (2018)
XC functionals = pbe
    J. P. Perdew, K. Burke, and M. Ernzerhof.,  Phys. Rev. Lett. 77, 3865 (1996)
    J. P. Perdew, K. Burke, and M. Ernzerhof.,  Phys. Rev. Lett. 78, 1396 (1997)
    J. P. Perdew, K. Burke, and M. Ernzerhof.,  Phys. Rev. Lett. 77, 3865 (1996)
    J. P. Perdew, K. Burke, and M. Ernzerhof.,  Phys. Rev. Lett. 78, 1396 (1997)
radial grids: 
    Treutler-Ahlrichs [JCP 102, 346 (1995); DOI:10.1063/1.469408] (M4) radial grids
    
becke partition: Becke, JCP 88, 2547 (1988); DOI:10.1063/1.454033
pruning grids: <function treutler_prune at 0x145d435ec790>
grids dens level: 3
symmetrized grids: False
atomic radii adjust function: <function treutler_atomic_radii_adjust at 0x145d43c2edc0>
small_rho_cutoff = 1e-06
tot grids = 946056
init E= -12266.4998075125
    sigma = 0.002  Optimized mu_alpha = -0.0226005439915  entropy = -0
    sigma = 0.002  Optimized mu_beta  = -0.0283927745982  entropy = -0
    Total E(T) = -12266.4998090757  Free energy = -12266.4998090757  E0 = -12266.4998090757
cycle= 1 E= -12266.4998090757  delta_E= -1.56e-06  |g|= 0.00428  |ddm|= 5.95
    sigma = 0.002  Optimized mu_alpha = -0.0226288990752  entropy = -0
    sigma = 0.002  Optimized mu_beta  = -0.0284057521586  entropy = -0
    Total E(T) = -12266.4998102802  Free energy = -12266.4998102802  E0 = -12266.4998102802
cycle= 2 E= -12266.4998102802  delta_E= -1.2e-06  |g|= 0.00729  |ddm|= 6.95
    sigma = 0.002  Optimized mu_alpha = -0.0226126373672  entropy = -0
    sigma = 0.002  Optimized mu_beta  = -0.0284032153152  entropy = -0
    Total E(T) = -12266.4998123901  Free energy = -12266.4998123901  E0 = -12266.4998123901
cycle= 3 E= -12266.4998123901  delta_E= -2.11e-06  |g|= 0.00292  |ddm|= 2.72
    sigma = 0.002  Optimized mu_alpha = -0.0226102358652  entropy = -0
    sigma = 0.002  Optimized mu_beta  = -0.0284010175781  entropy = -0
    Total E(T) = -12266.4998142125  Free energy = -12266.4998142125  E0 = -12266.4998142125
cycle= 4 E= -12266.4998142125  delta_E= -1.82e-06  |g|= 0.00159  |ddm|= 2.45
    sigma = 0.002  Optimized mu_alpha = -0.0226094031785  entropy = -0
    sigma = 0.002  Optimized mu_beta  = -0.0284009922376  entropy = -0
    Total E(T) = -12266.4998158857  Free energy = -12266.4998158857  E0 = -12266.4998158857
cycle= 5 E= -12266.4998158857  delta_E= -1.67e-06  |g|= 0.00125  |ddm|= 2.27
    sigma = 0.002  Optimized mu_alpha = -0.0226012814999  entropy = -0
    sigma = 0.002  Optimized mu_beta  = -0.0284046512448  entropy = -0
    Total E(T) = -12266.4998175276  Free energy = -12266.4998175276  E0 = -12266.4998175276
cycle= 6 E= -12266.4998175276  delta_E= -1.64e-06  |g|= 0.0011  |ddm|= 3.43
    sigma = 0.002  Optimized mu_alpha = -0.0225992438134  entropy = -0
    sigma = 0.002  Optimized mu_beta  = -0.0284011368977  entropy = -0
    Total E(T) = -12266.4998191153  Free energy = -12266.4998191153  E0 = -12266.4998191153
cycle= 7 E= -12266.4998191153  delta_E= -1.59e-06  |g|= 0.00124  |ddm|= 3.42
    sigma = 0.002  Optimized mu_alpha = -0.0225929570453  entropy = -0
    sigma = 0.002  Optimized mu_beta  = -0.0284026780496  entropy = -0
    Total E(T) = -12266.4998206461  Free energy = -12266.4998206461  E0 = -12266.4998206461
cycle= 8 E= -12266.4998206461  delta_E= -1.53e-06  |g|= 0.00174  |ddm|= 2.84
    sigma = 0.002  Optimized mu_alpha = -0.0225898976396  entropy = -0
    sigma = 0.002  Optimized mu_beta  = -0.0284058840452  entropy = -0
    Total E(T) = -12266.4998220923  Free energy = -12266.4998220923  E0 = -12266.4998220923
cycle= 9 E= -12266.4998220923  delta_E= -1.45e-06  |g|= 0.00224  |ddm|= 3.57
    sigma = 0.002  Optimized mu_alpha = -0.0225847213169  entropy = -0
    sigma = 0.002  Optimized mu_beta  = -0.0284051037533  entropy = -0
    Total E(T) = -12266.4998235365  Free energy = -12266.4998235365  E0 = -12266.4998235365
cycle= 10 E= -12266.4998235365  delta_E= -1.44e-06  |g|= 0.00256  |ddm|= 2.98
    sigma = 0.002  Optimized mu_alpha = -0.0225839932999  entropy = -0
    sigma = 0.002  Optimized mu_beta  = -0.0284055236614  entropy = -0
    Total E(T) = -12266.4998250177  Free energy = -12266.4998250177  E0 = -12266.4998250177
cycle= 11 E= -12266.4998250177  delta_E= -1.48e-06  |g|= 0.00273  |ddm|= 2.25
    sigma = 0.002  Optimized mu_alpha = -0.0225831128035  entropy = -0
    sigma = 0.002  Optimized mu_beta  = -0.0284050463457  entropy = -0
    Total E(T) = -12266.4998264575  Free energy = -12266.4998264575  E0 = -12266.4998264575
cycle= 12 E= -12266.4998264575  delta_E= -1.44e-06  |g|= 0.00299  |ddm|= 2.41
    sigma = 0.002  Optimized mu_alpha = -0.0225828560935  entropy = -0
    sigma = 0.002  Optimized mu_beta  = -0.028405115835  entropy = -0
    Total E(T) = -12266.499827944  Free energy = -12266.499827944  E0 = -12266.499827944
cycle= 13 E= -12266.499827944  delta_E= -1.49e-06  |g|= 0.00309  |ddm|= 2.11
    sigma = 0.002  Optimized mu_alpha = -0.0225804539479  entropy = -0
    sigma = 0.002  Optimized mu_beta  = -0.0284053241341  entropy = -0
    Total E(T) = -12266.4998294362  Free energy = -12266.4998294362  E0 = -12266.4998294362
cycle= 14 E= -12266.4998294362  delta_E= -1.49e-06  |g|= 0.0031  |ddm|= 2.04
    sigma = 0.002  Optimized mu_alpha = -0.0225788028176  entropy = -0
    sigma = 0.002  Optimized mu_beta  = -0.0284086144724  entropy = -0
    Total E(T) = -12266.4998307658  Free energy = -12266.4998307658  E0 = -12266.4998307658
cycle= 15 E= -12266.4998307658  delta_E= -1.33e-06  |g|= 0.0034  |ddm|= 2.86
    sigma = 0.002  Optimized mu_alpha = -0.0225710665941  entropy = -0
    sigma = 0.002  Optimized mu_beta  = -0.0284071742776  entropy = -0
    Total E(T) = -12266.4998319853  Free energy = -12266.4998319853  E0 = -12266.4998319853
cycle= 16 E= -12266.4998319853  delta_E= -1.22e-06  |g|= 0.00378  |ddm|= 3.58
    sigma = 0.002  Optimized mu_alpha = -0.0225702205585  entropy = -0
    sigma = 0.002  Optimized mu_beta  = -0.0284095536009  entropy = -0
    Total E(T) = -12266.499833279  Free energy = -12266.499833279  E0 = -12266.499833279
cycle= 17 E= -12266.499833279  delta_E= -1.29e-06  |g|= 0.00397  |ddm|= 2.62
    sigma = 0.002  Optimized mu_alpha = -0.0225773038437  entropy = -0
    sigma = 0.002  Optimized mu_beta  = -0.0284070739021  entropy = -0
    Total E(T) = -12266.4998352534  Free energy = -12266.4998352534  E0 = -12266.4998352534
cycle= 18 E= -12266.4998352534  delta_E= -1.97e-06  |g|= 0.00267  |ddm|= 4.43
    sigma = 0.002  Optimized mu_alpha = -0.0225786929549  entropy = -0
    sigma = 0.002  Optimized mu_beta  = -0.0284063589654  entropy = -0
    Total E(T) = -12266.4998368999  Free energy = -12266.4998368999  E0 = -12266.4998368999
cycle= 19 E= -12266.4998368999  delta_E= -1.65e-06  |g|= 0.00224  |ddm|= 2.64
    sigma = 0.002  Optimized mu_alpha = -0.022568312565  entropy = -0
    sigma = 0.002  Optimized mu_beta  = -0.0284093341912  entropy = -0
    Total E(T) = -12266.4998381653  Free energy = -12266.4998381653  E0 = -12266.4998381653
cycle= 20 E= -12266.4998381653  delta_E= -1.27e-06  |g|= 0.0028  |ddm|= 3.12
    sigma = 0.002  Optimized mu_alpha = -0.0225740965303  entropy = -0
    sigma = 0.002  Optimized mu_beta  = -0.0284108906555  entropy = -0
    Total E(T) = -12266.4998396043  Free energy = -12266.4998396043  E0 = -12266.4998396043
cycle= 21 E= -12266.4998396043  delta_E= -1.44e-06  |g|= 0.00242  |ddm|= 2.13
    sigma = 0.002  Optimized mu_alpha = -0.0225654533354  entropy = -0
    sigma = 0.002  Optimized mu_beta  = -0.0284095236438  entropy = -0
    Total E(T) = -12266.4998408821  Free energy = -12266.4998408821  E0 = -12266.4998408821
cycle= 22 E= -12266.4998408821  delta_E= -1.28e-06  |g|= 0.0027  |ddm|= 2.53
    sigma = 0.002  Optimized mu_alpha = -0.0225663997985  entropy = -0
    sigma = 0.002  Optimized mu_beta  = -0.0284093270372  entropy = -0
    Total E(T) = -12266.4998421589  Free energy = -12266.4998421589  E0 = -12266.4998421589
cycle= 23 E= -12266.4998421589  delta_E= -1.28e-06  |g|= 0.00295  |ddm|= 2.12
    sigma = 0.002  Optimized mu_alpha = -0.0225617466071  entropy = -0
    sigma = 0.002  Optimized mu_beta  = -0.0284120293895  entropy = -0
    Total E(T) = -12266.4998433148  Free energy = -12266.4998433148  E0 = -12266.4998433148
cycle= 24 E= -12266.4998433148  delta_E= -1.16e-06  |g|= 0.0033  |ddm|= 2.66
    sigma = 0.002  Optimized mu_alpha = -0.0225619875756  entropy = -0
    sigma = 0.002  Optimized mu_beta  = -0.02841076105  entropy = -0
    Total E(T) = -12266.4998445799  Free energy = -12266.4998445799  E0 = -12266.4998445799
cycle= 25 E= -12266.4998445799  delta_E= -1.27e-06  |g|= 0.00337  |ddm|=  2.2
    sigma = 0.002  Optimized mu_alpha = -0.0225559290141  entropy = -0
    sigma = 0.002  Optimized mu_beta  = -0.0284127634543  entropy = -0
    Total E(T) = -12266.4998455725  Free energy = -12266.4998455725  E0 = -12266.4998455725
cycle= 26 E= -12266.4998455725  delta_E= -9.93e-07  |g|= 0.00396  |ddm|= 3.24
    sigma = 0.002  Optimized mu_alpha = -0.0225544536263  entropy = -0
    sigma = 0.002  Optimized mu_beta  = -0.0284137168336  entropy = -0
    Total E(T) = -12266.4998466883  Free energy = -12266.4998466883  E0 = -12266.4998466883
cycle= 27 E= -12266.4998466883  delta_E= -1.12e-06  |g|= 0.00412  |ddm|= 2.33
    sigma = 0.002  Optimized mu_alpha = -0.0225667039915  entropy = -0
    sigma = 0.002  Optimized mu_beta  = -0.0284086090185  entropy = -0
    Total E(T) = -12266.4998484605  Free energy = -12266.4998484605  E0 = -12266.4998484605
cycle= 28 E= -12266.4998484605  delta_E= -1.77e-06  |g|= 0.00313  |ddm|= 4.72
    sigma = 0.002  Optimized mu_alpha = -0.0225628487455  entropy = -0
    sigma = 0.002  Optimized mu_beta  = -0.0284123941021  entropy = -0
    Total E(T) = -12266.4998499713  Free energy = -12266.4998499713  E0 = -12266.4998499713
cycle= 29 E= -12266.4998499713  delta_E= -1.51e-06  |g|= 0.00243  |ddm|= 2.97
    sigma = 0.002  Optimized mu_alpha = -0.0225526530953  entropy = -0
    sigma = 0.002  Optimized mu_beta  = -0.0284119135883  entropy = -0
    Total E(T) = -12266.4998510394  Free energy = -12266.4998510394  E0 = -12266.4998510394
cycle= 30 E= -12266.4998510394  delta_E= -1.07e-06  |g|= 0.00315  |ddm|= 2.79
    sigma = 0.002  Optimized mu_alpha = -0.0225563137991  entropy = -0
    sigma = 0.002  Optimized mu_beta  = -0.0284159181656  entropy = -0
    Total E(T) = -12266.4998519578  Free energy = -12266.4998519578  E0 = -12266.4998519578
cycle= 31 E= -12266.4998519578  delta_E= -9.18e-07  |g|= 0.00355  |ddm|= 3.67
    sigma = 0.002  Optimized mu_alpha = -0.0225423855687  entropy = -0
    sigma = 0.002  Optimized mu_beta  = -0.0284173785623  entropy = -0
    Total E(T) = -12266.4998523645  Free energy = -12266.4998523645  E0 = -12266.4998523645
cycle= 32 E= -12266.4998523645  delta_E= -4.07e-07  |g|= 0.00516  |ddm|= 5.79
    sigma = 0.002  Optimized mu_alpha = -0.0225431217311  entropy = -0
    sigma = 0.002  Optimized mu_beta  = -0.0284158048552  entropy = -0
    Total E(T) = -12266.4998532165  Free energy = -12266.4998532165  E0 = -12266.4998532165
cycle= 33 E= -12266.4998532165  delta_E= -8.52e-07  |g|= 0.00565  |ddm|= 2.44
    sigma = 0.002  Optimized mu_alpha = -0.0225440074223  entropy = -0
    sigma = 0.002  Optimized mu_beta  = -0.028414931523  entropy = -0
    Total E(T) = -12266.4998543352  Free energy = -12266.4998543352  E0 = -12266.4998543352
cycle= 34 E= -12266.4998543352  delta_E= -1.12e-06  |g|= 0.00581  |ddm|= 2.01
    sigma = 0.002  Optimized mu_alpha = -0.0225683287725  entropy = -0
    sigma = 0.002  Optimized mu_beta  = -0.0284001370156  entropy = -0
    Total E(T) = -12266.4998566779  Free energy = -12266.4998566779  E0 = -12266.4998566779
cycle= 35 E= -12266.4998566779  delta_E= -2.34e-06  |g|= 0.00446  |ddm|= 8.96
    sigma = 0.002  Optimized mu_alpha = -0.0225600286658  entropy = -0
    sigma = 0.002  Optimized mu_beta  = -0.0284129643488  entropy = -0
    Total E(T) = -12266.4998581046  Free energy = -12266.4998581046  E0 = -12266.4998581046
cycle= 36 E= -12266.4998581046  delta_E= -1.43e-06  |g|= 0.00367  |ddm|= 3.14
    sigma = 0.002  Optimized mu_alpha = -0.0225702494402  entropy = -0
    sigma = 0.002  Optimized mu_beta  = -0.0284096728116  entropy = -0
    Total E(T) = -12266.4998596212  Free energy = -12266.4998596212  E0 = -12266.4998596212
cycle= 37 E= -12266.4998596212  delta_E= -1.52e-06  |g|= 0.00224  |ddm|= 5.89
    sigma = 0.002  Optimized mu_alpha = -0.0225662989056  entropy = -0
    sigma = 0.002  Optimized mu_beta  = -0.0284093260231  entropy = -0
    Total E(T) = -12266.4998607871  Free energy = -12266.4998607871  E0 = -12266.4998607871
cycle= 38 E= -12266.4998607871  delta_E= -1.17e-06  |g|= 0.00146  |ddm|= 2.42
    sigma = 0.002  Optimized mu_alpha = -0.0225644412955  entropy = -0
    sigma = 0.002  Optimized mu_beta  = -0.0284112173395  entropy = -0
    Total E(T) = -12266.4998618334  Free energy = -12266.4998618334  E0 = -12266.4998618334
cycle= 39 E= -12266.4998618334  delta_E= -1.05e-06  |g|= 0.00148  |ddm|= 2.25
    sigma = 0.002  Optimized mu_alpha = -0.0225497958536  entropy = -0
    sigma = 0.002  Optimized mu_beta  = -0.0284139992406  entropy = -0
    Total E(T) = -12266.4998626782  Free energy = -12266.4998626782  E0 = -12266.4998626782
cycle= 40 E= -12266.4998626782  delta_E= -8.45e-07  |g|= 0.00237  |ddm|= 5.62
    sigma = 0.002  Optimized mu_alpha = -0.0225498881536  entropy = -0
    sigma = 0.002  Optimized mu_beta  = -0.028415291293  entropy = -0
    Total E(T) = -12266.499863561  Free energy = -12266.499863561  E0 = -12266.499863561
cycle= 41 E= -12266.499863561  delta_E= -8.83e-07  |g|= 0.00257  |ddm|= 2.97
    sigma = 0.002  Optimized mu_alpha = -0.0225412792577  entropy = -0
    sigma = 0.002  Optimized mu_beta  = -0.0284206093621  entropy = -0
    Total E(T) = -12266.4998641384  Free energy = -12266.4998641384  E0 = -12266.4998641384
cycle= 42 E= -12266.4998641384  delta_E= -5.77e-07  |g|= 0.00373  |ddm|=  4.7
    sigma = 0.002  Optimized mu_alpha = -0.0225527320708  entropy = -0
    sigma = 0.002  Optimized mu_beta  = -0.028420959196  entropy = -0
    Total E(T) = -12266.4998654131  Free energy = -12266.4998654131  E0 = -12266.4998654131
cycle= 43 E= -12266.4998654131  delta_E= -1.27e-06  |g|= 0.00272  |ddm|= 3.69
    sigma = 0.002  Optimized mu_alpha = -0.0225486313571  entropy = -0
    sigma = 0.002  Optimized mu_beta  = -0.0284155545783  entropy = -0
    Total E(T) = -12266.4998664236  Free energy = -12266.4998664236  E0 = -12266.4998664236
cycle= 44 E= -12266.4998664236  delta_E= -1.01e-06  |g|= 0.00286  |ddm|= 1.87
    sigma = 0.002  Optimized mu_alpha = -0.0225539240047  entropy = -0
    sigma = 0.002  Optimized mu_beta  = -0.0284121692936  entropy = -0
    Total E(T) = -12266.4998676891  Free energy = -12266.4998676891  E0 = -12266.4998676891
cycle= 45 E= -12266.4998676891  delta_E= -1.27e-06  |g|= 0.0019  |ddm|= 5.58
    sigma = 0.002  Optimized mu_alpha = -0.0225527713784  entropy = -0
    sigma = 0.002  Optimized mu_beta  = -0.0284128358496  entropy = -0
    Total E(T) = -12266.4998686398  Free energy = -12266.4998686398  E0 = -12266.4998686398
cycle= 46 E= -12266.4998686398  delta_E= -9.51e-07  |g|= 0.00213  |ddm|= 2.03
    sigma = 0.002  Optimized mu_alpha = -0.0225671071377  entropy = -0
    sigma = 0.002  Optimized mu_beta  = -0.0284160754825  entropy = -0
    Total E(T) = -12266.499869598  Free energy = -12266.499869598  E0 = -12266.499869598
cycle= 47 E= -12266.499869598  delta_E= -9.58e-07  |g|= 0.00195  |ddm|= 2.06
    sigma = 0.002  Optimized mu_alpha = -0.0225436802245  entropy = -0
    sigma = 0.002  Optimized mu_beta  = -0.0284158513654  entropy = -0
    Total E(T) = -12266.4998703051  Free energy = -12266.4998703051  E0 = -12266.4998703051
cycle= 48 E= -12266.4998703051  delta_E= -7.07e-07  |g|= 0.00302  |ddm|= 5.34
    sigma = 0.002  Optimized mu_alpha = -0.0225351660456  entropy = -0
    sigma = 0.002  Optimized mu_beta  = -0.0284204366991  entropy = -0
    Total E(T) = -12266.4998707837  Free energy = -12266.4998707837  E0 = -12266.4998707837
cycle= 49 E= -12266.4998707837  delta_E= -4.79e-07  |g|= 0.00403  |ddm|=  4.8
    sigma = 0.002  Optimized mu_alpha = -0.0225516873156  entropy = -0
    sigma = 0.002  Optimized mu_beta  = -0.0284143030294  entropy = -0
    Total E(T) = -12266.4998720185  Free energy = -12266.4998720185  E0 = -12266.4998720185
cycle= 50 E= -12266.4998720185  delta_E= -1.23e-06  |g|= 0.00313  |ddm|= 4.99
    sigma = 0.002  Optimized mu_alpha = -0.0225539062618  entropy = -0
    sigma = 0.002  Optimized mu_beta  = -0.0284092908455  entropy = -0
    Total E(T) = -12266.4998731002  Free energy = -12266.4998731002  E0 = -12266.4998731002
cycle= 51 E= -12266.4998731002  delta_E= -1.08e-06  |g|= 0.00228  |ddm|= 4.07
    sigma = 0.002  Optimized mu_alpha = -0.0225427853439  entropy = -0
    sigma = 0.002  Optimized mu_beta  = -0.0284206357908  entropy = -0
    Total E(T) = -12266.4998736554  Free energy = -12266.4998736554  E0 = -12266.4998736554
cycle= 52 E= -12266.4998736554  delta_E= -5.55e-07  |g|= 0.00359  |ddm|= 5.37
    sigma = 0.002  Optimized mu_alpha = -0.022544194678  entropy = -0
    sigma = 0.002  Optimized mu_beta  = -0.0284201096839  entropy = -0
    Total E(T) = -12266.4998746985  Free energy = -12266.4998746985  E0 = -12266.4998746985
cycle= 53 E= -12266.4998746985  delta_E= -1.04e-06  |g|= 0.00263  |ddm|= 3.18
    sigma = 0.002  Optimized mu_alpha = -0.0225522048067  entropy = -0
    sigma = 0.002  Optimized mu_beta  = -0.0284117423748  entropy = -0
    Total E(T) = -12266.499875751  Free energy = -12266.499875751  E0 = -12266.499875751
cycle= 54 E= -12266.499875751  delta_E= -1.05e-06  |g|= 0.00128  |ddm|= 5.23
    sigma = 0.002  Optimized mu_alpha = -0.0225544966899  entropy = -0
    sigma = 0.002  Optimized mu_beta  = -0.0284117894779  entropy = -0
    Total E(T) = -12266.4998765672  Free energy = -12266.4998765672  E0 = -12266.4998765672
cycle= 55 E= -12266.4998765672  delta_E= -8.16e-07  |g|= 0.00103  |ddm|= 2.38
    sigma = 0.002  Optimized mu_alpha = -0.0225426363622  entropy = -0
    sigma = 0.002  Optimized mu_beta  = -0.0284170536297  entropy = -0
    Total E(T) = -12266.499877366  Free energy = -12266.499877366  E0 = -12266.499877366
cycle= 56 E= -12266.499877366  delta_E= -7.99e-07  |g|= 0.00122  |ddm|= 5.64
    sigma = 0.002  Optimized mu_alpha = -0.0225461755282  entropy = -0
    sigma = 0.002  Optimized mu_beta  = -0.0284191695752  entropy = -0
    Total E(T) = -12266.4998781444  Free energy = -12266.4998781444  E0 = -12266.4998781444
cycle= 57 E= -12266.4998781444  delta_E= -7.78e-07  |g|= 0.00129  |ddm|= 1.77
    sigma = 0.002  Optimized mu_alpha = -0.0225436983984  entropy = -0
    sigma = 0.002  Optimized mu_beta  = -0.0284171930801  entropy = -0
    Total E(T) = -12266.4998788971  Free energy = -12266.4998788971  E0 = -12266.4998788971
cycle= 58 E= -12266.4998788971  delta_E= -7.53e-07  |g|= 0.00144  |ddm|= 1.82
    sigma = 0.002  Optimized mu_alpha = -0.0225389019398  entropy = -0
    sigma = 0.002  Optimized mu_beta  = -0.0284199189771  entropy = -0
    Total E(T) = -12266.4998795602  Free energy = -12266.4998795602  E0 = -12266.4998795602
cycle= 59 E= -12266.4998795602  delta_E= -6.63e-07  |g|= 0.00211  |ddm|= 2.67
    sigma = 0.002  Optimized mu_alpha = -0.0225430248716  entropy = -0
    sigma = 0.002  Optimized mu_beta  = -0.028413657351  entropy = -0
    Total E(T) = -12266.499880419  Free energy = -12266.499880419  E0 = -12266.499880419
cycle= 60 E= -12266.499880419  delta_E= -8.59e-07  |g|= 0.00207  |ddm|= 2.59
    sigma = 0.002  Optimized mu_alpha = -0.0225419207824  entropy = -0
    sigma = 0.002  Optimized mu_beta  = -0.028412800136  entropy = -0
    Total E(T) = -12266.4998812277  Free energy = -12266.4998812277  E0 = -12266.4998812277
cycle= 61 E= -12266.4998812277  delta_E= -8.09e-07  |g|= 0.00144  |ddm|= 2.21
    sigma = 0.002  Optimized mu_alpha = -0.0225384969841  entropy = -0
    sigma = 0.002  Optimized mu_beta  = -0.0284123688227  entropy = -0
    Total E(T) = -12266.4998819051  Free energy = -12266.4998819051  E0 = -12266.4998819051
cycle= 62 E= -12266.4998819051  delta_E= -6.77e-07  |g|= 0.00244  |ddm|= 2.88
    sigma = 0.002  Optimized mu_alpha = -0.0225510142162  entropy = -0
    sigma = 0.002  Optimized mu_beta  = -0.028415192003  entropy = -0
    Total E(T) = -12266.4998826957  Free energy = -12266.4998826957  E0 = -12266.4998826957
cycle= 63 E= -12266.4998826957  delta_E= -7.91e-07  |g|= 0.00192  |ddm|= 2.59
    sigma = 0.002  Optimized mu_alpha = -0.0225361671995  entropy = -0
    sigma = 0.002  Optimized mu_beta  = -0.0284136366898  entropy = -0
    Total E(T) = -12266.4998834319  Free energy = -12266.4998834319  E0 = -12266.4998834319
cycle= 64 E= -12266.4998834319  delta_E= -7.36e-07  |g|= 0.00147  |ddm|= 1.55
    sigma = 0.002  Optimized mu_alpha = -0.0225278194547  entropy = -0
    sigma = 0.002  Optimized mu_beta  = -0.0284159416936  entropy = -0
    Total E(T) = -12266.4998840734  Free energy = -12266.4998840734  E0 = -12266.4998840734
cycle= 65 E= -12266.4998840734  delta_E= -6.41e-07  |g|= 0.002  |ddm|= 2.81
    sigma = 0.002  Optimized mu_alpha = -0.0225132769594  entropy = -0
    sigma = 0.002  Optimized mu_beta  = -0.0284249723662  entropy = -0
    Total E(T) = -12266.4998839171  Free energy = -12266.4998839171  E0 = -12266.4998839171
cycle= 66 E= -12266.4998839171  delta_E= 1.56e-07  |g|= 0.00468  |ddm|= 9.17
    sigma = 0.002  Optimized mu_alpha = -0.0225174572182  entropy = -0
    sigma = 0.002  Optimized mu_beta  = -0.0284226921682  entropy = -0
    Total E(T) = -12266.4998842969  Free energy = -12266.4998842969  E0 = -12266.4998842969
cycle= 67 E= -12266.4998842969  delta_E= -3.8e-07  |g|= 0.00499  |ddm|= 2.34
    sigma = 0.002  Optimized mu_alpha = -0.0225313734347  entropy = -0
    sigma = 0.002  Optimized mu_beta  = -0.0284194612429  entropy = -0
    Total E(T) = -12266.4998856358  Free energy = -12266.4998856358  E0 = -12266.4998856358
cycle= 68 E= -12266.4998856358  delta_E= -1.34e-06  |g|= 0.00353  |ddm|= 5.34
    sigma = 0.002  Optimized mu_alpha = -0.0225402031897  entropy = -0
    sigma = 0.002  Optimized mu_beta  = -0.0284181935646  entropy = -0
    Total E(T) = -12266.499886874  Free energy = -12266.499886874  E0 = -12266.499886874
cycle= 69 E= -12266.499886874  delta_E= -1.24e-06  |g|= 0.00164  |ddm|= 6.81
    sigma = 0.002  Optimized mu_alpha = -0.02252757804  entropy = -0
    sigma = 0.002  Optimized mu_beta  = -0.028415206131  entropy = -0
    Total E(T) = -12266.4998874544  Free energy = -12266.4998874544  E0 = -12266.4998874544
cycle= 70 E= -12266.4998874544  delta_E= -5.8e-07  |g|= 0.00245  |ddm|= 4.46
    sigma = 0.002  Optimized mu_alpha = -0.0225402061856  entropy = -0
    sigma = 0.002  Optimized mu_beta  = -0.0284150417718  entropy = -0
    Total E(T) = -12266.4998883284  Free energy = -12266.4998883284  E0 = -12266.4998883284
cycle= 71 E= -12266.4998883284  delta_E= -8.74e-07  |g|= 0.000993  |ddm|=  4.4
    sigma = 0.002  Optimized mu_alpha = -0.153591511342  entropy = 4.97550603123
    sigma = 0.002  Optimized mu_beta  = -0.156735503527  entropy = 4.97550603123
    Total E(T) = -12266.4943582201  Free energy = -12266.5043092322  E0 = -12266.4993337261
Extra cycle  E= -12266.4943582201  delta_E= 0.00553  |g|= 0.127  |ddm|=  688
converged SCF energy = -12266.4943582201  <S^2> = 3.7725118  2S+1 = 4.0112401
[sigma=0.002] E_tot = -12266.4943582201 Eh | converged = True | last_cycle = 70 | time = 1825.8 s
  -> wrote al2.1_sigma0.002_restart.chk
  -> wrote al2.1_sigma0.002_restart_last_dm.pkl

========== Summary ==========
   sigma          E_tot (Eh)   converged   last_cyc    time (s)
  0.0020   -12266.4943582201        True         70      1825.8
Wrote dftref_restart_summary.pkl
=== Python finished ===
All done.
