pyscf max mem 1006187
left ensemble electron number ([9, 9], [7, 8])
right ensemble electron number ([325, 325], [325, 323])
building grid (level 3)...
computing S3 tensors (DF)...
S3 shapes: left=(116, 116, 1336) right=(1528, 1528, 1336) ref=(1544, 1544, 1336)
[warm-start] loaded pdft_optimizer.pkl
[warm-start] rdft1.D ← pickle dm_ig1
[warm-start] rdft2.D ← pickle dm_ig2
[init] b0 from optimizer checkpoint, npbs=1336
[warm-start] Lagrangian x0 ready, |b0| = 1.00000e+00
starting L-BFGS-B optimization
[optimize] step 1 SCF: dm0 from dm_ig1/dm_ig2 on rdft1/rdft2
dm0 check None
converged SCF energy = -150.224312471216  <S^2> = 2.0046463  2S+1 = 3.0030959
dm0 check None
converged SCF energy = -150.24604808511  <S^2> = 0.88237845  2S+1 = 2.1282654
dm0 check [[ 3.79479031e-01  6.12246277e-01 -1.25333723e-01 ... -1.74189298e-05
   1.79931370e-06 -6.00892661e-06]
 [ 6.12246277e-01  1.01539393e+00 -3.34420929e-01 ... -4.65518689e-05
   4.63513612e-06 -1.68965408e-05]
 [-1.25333723e-01 -3.34420929e-01  6.76305496e-01 ...  1.14143686e-04
  -1.16596014e-05  4.11344644e-05]
 ...
 [-1.74189298e-05 -4.65518689e-05  1.14143686e-04 ...  2.60554133e-05
  -2.80079559e-06  5.59431454e-06]
 [ 1.79931370e-06  4.63513612e-06 -1.16596014e-05 ... -2.80079559e-06
   1.32857126e-06 -3.68025037e-07]
 [-6.00892661e-06 -1.68965408e-05  4.11344644e-05 ...  5.59431454e-06
  -3.68025037e-07  1.58250692e-06]]


******** <class 'pyscf.scf.addons.SmearingDFRKS'> ********
method = SmearingDFRKS
initial guess = minao
damping factor = 0.15
level_shift factor = 0.2
DIIS = <class 'pyscf.scf.diis.CDIIS'>
diis_start_cycle = 1
diis_space = 12
diis_damp = 0
SCF conv_tol = 5e-05
SCF conv_tol_grad = None
SCF max_cycles = 80
direct_scf = True
direct_scf_tol = 1e-13
chkfile to save SCF result = /tmp/tmpxop47afo
max_memory 4000 MB (current use 85674 MB)
XC library pyscf.dft.libxc version 6.1.0
    S. Lehtola, C. Steigemann, M. J.T. Oliveira, and M. A.L. Marques.,  SoftwareX 7, 1–5 (2018)
XC functionals = pbe
    J. P. Perdew, K. Burke, and M. Ernzerhof.,  Phys. Rev. Lett. 77, 3865 (1996)
    J. P. Perdew, K. Burke, and M. Ernzerhof.,  Phys. Rev. Lett. 78, 1396 (1997)
    J. P. Perdew, K. Burke, and M. Ernzerhof.,  Phys. Rev. Lett. 77, 3865 (1996)
    J. P. Perdew, K. Burke, and M. Ernzerhof.,  Phys. Rev. Lett. 78, 1396 (1997)
small_rho_cutoff = 1e-06
Set gradient conv threshold to 0.00707107
init E= -12111.9663721872
    sigma = 0.02  Optimized mu = -0.0531759268027  entropy = 1.4907551543
    Total E(T) = -12111.9663721763  Free energy = -12111.9961872794  E0 = -12111.9812797279
cycle= 1 E= -12111.9663721763  delta_E= 1.09e-08  |g|= 0.00215  |ddm|= 5.23
    sigma = 0.02  Optimized mu = -0.153051681684  entropy = 50.947466628
    Total E(T) = -12111.4391058654  Free energy = -12112.458055198  E0 = -12111.9485805317
Extra cycle  E= -12111.4391058654  delta_E= 0.527  |g|= 0.385  |ddm|= 3.96e+03
converged SCF energy = -12111.4391058654
dm0 check [[[ 1.89761377e-01  3.06181782e-01 -6.28047476e-02 ... -8.33655186e-06
    8.73720984e-07 -2.90487248e-06]
  [ 3.06181782e-01  5.07852946e-01 -1.67575067e-01 ... -2.22523093e-05
    2.24604084e-06 -8.17619912e-06]
  [-6.28047476e-02 -1.67575067e-01  3.38996376e-01 ...  5.44345551e-05
   -5.64679589e-06  1.98736952e-05]
  ...
  [-8.33655186e-06 -2.22523093e-05  5.44345551e-05 ...  1.26254270e-05
   -1.32958837e-06  2.67973696e-06]
  [ 8.73720984e-07  2.24604084e-06 -5.64679589e-06 ... -1.32958837e-06
    6.64314134e-07 -1.59157248e-07]
  [-2.90487248e-06 -8.17619912e-06  1.98736952e-05 ...  2.67973696e-06
   -1.59157248e-07  7.74934421e-07]]

 [[ 1.89741184e-01  3.06126462e-01 -6.26791818e-02 ... -7.14802244e-06
    9.66397303e-07 -2.68213264e-06]
  [ 3.06126462e-01  5.07705185e-01 -1.67244542e-01 ... -1.90723479e-05
    2.50009870e-06 -7.58012182e-06]
  [-6.26791818e-02 -1.67244542e-01  3.38259369e-01 ...  4.69229441e-05
   -6.29463624e-06  1.84652934e-05]
  ...
  [-7.14802244e-06 -1.90723479e-05  4.69229441e-05 ...  1.24157652e-05
   -1.35914669e-06  2.65519007e-06]
  [ 9.66397303e-07  2.50009870e-06 -6.29463624e-06 ... -1.35914669e-06
    6.55504769e-07 -1.69560572e-07]
  [-2.68213264e-06 -7.58012182e-06  1.84652934e-05 ...  2.65519007e-06
   -1.69560572e-07  7.59829276e-07]]]


******** <class 'pyscf.scf.addons.SmearingDFUKS'> ********
method = SmearingDFUKS
initial guess = minao
damping factor = 0.15
level_shift factor = 0.2
DIIS = <class 'pyscf.scf.diis.CDIIS'>
diis_start_cycle = 1
diis_space = 12
diis_damp = 0
SCF conv_tol = 5e-05
SCF conv_tol_grad = None
SCF max_cycles = 80
direct_scf = True
direct_scf_tol = 1e-13
chkfile to save SCF result = /tmp/tmpwsb1400p
max_memory 4000 MB (current use 85990 MB)
number electrons alpha = 325  beta = 323
XC library pyscf.dft.libxc version 6.1.0
    S. Lehtola, C. Steigemann, M. J.T. Oliveira, and M. A.L. Marques.,  SoftwareX 7, 1–5 (2018)
XC functionals = pbe
    J. P. Perdew, K. Burke, and M. Ernzerhof.,  Phys. Rev. Lett. 77, 3865 (1996)
    J. P. Perdew, K. Burke, and M. Ernzerhof.,  Phys. Rev. Lett. 78, 1396 (1997)
    J. P. Perdew, K. Burke, and M. Ernzerhof.,  Phys. Rev. Lett. 77, 3865 (1996)
    J. P. Perdew, K. Burke, and M. Ernzerhof.,  Phys. Rev. Lett. 78, 1396 (1997)
small_rho_cutoff = 1e-06
Set gradient conv threshold to 0.00707107
init E= -12111.5169170096
    sigma = 0.005  Optimized mu_alpha = -0.198552423744  entropy = 3.28123290087e-07
    sigma = 0.005  Optimized mu_beta  = -0.201128943224  entropy = 3.28123290087e-07
    Total E(T) = -12111.5169171211  Free energy = -12111.5169171227  E0 = -12111.5169171219
cycle= 1 E= -12111.5169171211  delta_E= -1.11e-07  |g|= 0.00133  |ddm|= 0.869
    sigma = 0.005  Optimized mu_alpha = -0.298105910596  entropy = 12.9165368218
    sigma = 0.005  Optimized mu_beta  = -0.300977497171  entropy = 12.9165368218
    Total E(T) = -12111.4811518913  Free energy = -12111.5457345754  E0 = -12111.5134432334
Extra cycle  E= -12111.4811518913  delta_E= 0.0358  |g|= 0.173  |ddm|=  868
converged SCF energy = -12111.4811518913  <S^2> = 6.0119609  2S+1 = 5.0047821
step=   1 L=-12267.42261205 Ef=-12267.44541576 |grad|=6.77359e-02
dm0 check [[[ 4.54324369e-09  6.95919781e-08  5.21728307e-07 ... -2.07911097e-08
    1.31126907e-06 -1.75493393e-07]
  [ 6.95919781e-08  1.06665001e-06  7.96999397e-06 ... -2.63902603e-07
    1.99196076e-05 -2.96402271e-06]
  [ 5.21728307e-07  7.96999397e-06  6.08158101e-05 ... -6.58528443e-06
    1.56574564e-04 -1.42399971e-05]
  ...
  [-2.07911097e-08 -2.63902603e-07 -6.58528443e-06 ...  2.21447338e-04
    1.76433166e-06 -1.84557665e-04]
  [ 1.31126907e-06  1.99196076e-05  1.56574564e-04 ...  1.76433166e-06
    4.42307556e-04 -1.95860126e-06]
  [-1.75493393e-07 -2.96402271e-06 -1.42399971e-05 ... -1.84557665e-04
   -1.95860126e-06  6.13775696e-04]]

 [[ 4.87595831e-09  7.35946176e-08  5.95662860e-07 ...  1.12979235e-07
    1.49933036e-06 -3.97818054e-07]
  [ 7.35946176e-08  1.11180801e-06  8.95467380e-06 ...  1.90741687e-06
    2.24347199e-05 -6.32587934e-06]
  [ 5.95662860e-07  8.95467380e-06  7.41911099e-05 ...  3.51767194e-06
    1.89628529e-04 -3.98320364e-05]
  ...
  [ 1.12979235e-07  1.90741687e-06  3.51767194e-06 ...  2.44869657e-04
    2.42837280e-06 -2.03953211e-04]
  [ 1.49933036e-06  2.24347199e-05  1.89628529e-04 ...  2.42837280e-06
    5.08120701e-04 -2.32258541e-06]
  [-3.97818054e-07 -6.32587934e-06 -3.98320364e-05 ... -2.03953211e-04
   -2.32258541e-06  6.97821372e-04]]]
converged SCF energy = -150.224312471222  <S^2> = 2.0046462  2S+1 = 3.0030958
dm0 check [[[ 3.68510410e-09  5.62941386e-08  4.28484568e-07 ... -1.08465947e-08
    1.04406617e-06 -6.10568149e-08]
  [ 5.62941386e-08  8.60585581e-07  6.52538427e-06 ...  5.98168670e-09
    1.57696263e-05 -1.28537023e-06]
  [ 4.28484568e-07  6.52538427e-06  5.06784255e-05 ... -9.86098909e-06
    1.28795858e-04  8.47955437e-07]
  ...
  [-1.08465947e-08  5.98168670e-09 -9.86098909e-06 ...  2.38029293e-04
   -1.69833634e-06 -1.61421624e-04]
  [ 1.04406617e-06  1.57696263e-05  1.28795858e-04 ... -1.69833634e-06
    4.07605530e-04 -3.57725802e-06]
  [-6.10568149e-08 -1.28537023e-06  8.47955437e-07 ... -1.61421624e-04
   -3.57725802e-06  5.54190842e-04]]

 [[ 7.01019722e-09  1.06330861e-07  8.17297607e-07 ... -6.51861666e-08
    9.00732032e-07 -2.57182587e-07]
  [ 1.06330861e-07  1.61376864e-06  1.23672584e-05 ... -8.32992831e-07
    1.36179002e-05 -4.24527796e-06]
  [ 8.17297607e-07  1.23672584e-05  9.64866791e-05 ... -1.50899270e-05
    1.12188357e-04 -2.15973145e-05]
  ...
  [-6.51861666e-08 -8.32992831e-07 -1.50899270e-05 ...  2.24304057e-04
    5.77799329e-07 -1.84646604e-04]
  [ 9.00732032e-07  1.36179002e-05  1.12188357e-04 ...  5.77799329e-07
    4.22104628e-04 -2.81467952e-06]
  [-2.57182587e-07 -4.24527796e-06 -2.15973145e-05 ... -1.84646604e-04
   -2.81467952e-06  6.02501233e-04]]]
converged SCF energy = -150.246048085232  <S^2> = 0.88239814  2S+1 = 2.1282839
dm0 check [[ 3.79479017e-01  6.12246234e-01 -1.25333639e-01 ... -1.74208606e-05
   1.80025255e-06 -6.00926808e-06]
 [ 6.12246234e-01  1.01539380e+00 -3.34420691e-01 ... -4.65570856e-05
   4.63767261e-06 -1.68974648e-05]
 [-1.25333639e-01 -3.34420691e-01  6.76304976e-01 ...  1.14156428e-04
  -1.16658018e-05  4.11367507e-05]
 ...
 [-1.74208606e-05 -4.65570856e-05  1.14156428e-04 ...  2.60573025e-05
  -2.80165881e-06  5.59445079e-06]
 [ 1.80025255e-06  4.63767261e-06 -1.16658018e-05 ... -2.80165881e-06
   1.32875736e-06 -3.68199748e-07]
 [-6.00926808e-06 -1.68974648e-05  4.11367507e-05 ...  5.59445079e-06
  -3.68199748e-07  1.58246086e-06]]


******** <class 'pyscf.scf.addons.SmearingDFRKS'> ********
method = SmearingDFRKS
initial guess = minao
damping factor = 0.15
level_shift factor = 0.2
DIIS = <class 'pyscf.scf.diis.CDIIS'>
diis_start_cycle = 1
diis_space = 12
diis_damp = 0
SCF conv_tol = 5e-05
SCF conv_tol_grad = None
SCF max_cycles = 80
direct_scf = True
direct_scf_tol = 1e-13
chkfile to save SCF result = /tmp/tmpxop47afo
max_memory 4000 MB (current use 86262 MB)
XC library pyscf.dft.libxc version 6.1.0
    S. Lehtola, C. Steigemann, M. J.T. Oliveira, and M. A.L. Marques.,  SoftwareX 7, 1–5 (2018)
XC functionals = pbe
    J. P. Perdew, K. Burke, and M. Ernzerhof.,  Phys. Rev. Lett. 77, 3865 (1996)
    J. P. Perdew, K. Burke, and M. Ernzerhof.,  Phys. Rev. Lett. 78, 1396 (1997)
    J. P. Perdew, K. Burke, and M. Ernzerhof.,  Phys. Rev. Lett. 77, 3865 (1996)
    J. P. Perdew, K. Burke, and M. Ernzerhof.,  Phys. Rev. Lett. 78, 1396 (1997)
small_rho_cutoff = 1e-06
Set gradient conv threshold to 0.00707107
    Total E(T) = -12138.2469711556  Free energy = -12139.2659204881  E0 = -12138.7564458218
init E= -12138.2469711556
    sigma = 0.02  Optimized mu = -0.0521597331941  entropy = 1.52555150922
    Total E(T) = -12138.4009561869  Free energy = -12138.4314672171  E0 = -12138.416211702
cycle= 1 E= -12138.4009561869  delta_E= -0.154  |g|= 1.01  |ddm|= 2.6e+03
    sigma = 0.02  Optimized mu = -0.0548316643325  entropy = 1.62206227635
    Total E(T) = -12138.3317538573  Free energy = -12138.3641951029  E0 = -12138.3479744801
cycle= 2 E= -12138.3317538573  delta_E= 0.0692  |g|= 1.85  |ddm|= 4.5e+03
    sigma = 0.02  Optimized mu = -0.0494300996917  entropy = 1.824789935
    Total E(T) = -12138.3706901714  Free energy = -12138.4071859701  E0 = -12138.3889380707
cycle= 3 E= -12138.3706901714  delta_E= -0.0389  |g|= 1.78  |ddm|= 4.62e+03
    sigma = 0.02  Optimized mu = -0.0534836645282  entropy = 1.52147445848
    Total E(T) = -12138.4327222502  Free energy = -12138.4631517394  E0 = -12138.4479369948
cycle= 4 E= -12138.4327222502  delta_E= -0.062  |g|= 0.657  |ddm|=  734
    sigma = 0.02  Optimized mu = -0.0533746398477  entropy = 1.49533762278
    Total E(T) = -12138.4540224198  Free energy = -12138.4839291722  E0 = -12138.468975796
cycle= 5 E= -12138.4540224198  delta_E= -0.0213  |g|= 0.377  |ddm|=  626
    sigma = 0.02  Optimized mu = -0.0530530277822  entropy = 1.49392439376
    Total E(T) = -12138.4607518901  Free energy = -12138.490630378  E0 = -12138.475691134
cycle= 6 E= -12138.4607518901  delta_E= -0.00673  |g|= 0.221  |ddm|=  441
    sigma = 0.02  Optimized mu = -0.0532637991751  entropy = 1.4908206361
    Total E(T) = -12138.4629543338  Free energy = -12138.4927707465  E0 = -12138.4778625402
cycle= 7 E= -12138.4629543338  delta_E= -0.0022  |g|= 0.135  |ddm|=  195
    sigma = 0.02  Optimized mu = -0.0531138388654  entropy = 1.49206896735
    Total E(T) = -12138.4637511559  Free energy = -12138.4935925353  E0 = -12138.4786718456
cycle= 8 E= -12138.4637511559  delta_E= -0.000797  |g|= 0.0572  |ddm|=  115
    sigma = 0.02  Optimized mu = -0.0532513392792  entropy = 1.49096710735
    Total E(T) = -12138.4639350137  Free energy = -12138.4937543558  E0 = -12138.4788446847
cycle= 9 E= -12138.4639350137  delta_E= -0.000184  |g|= 0.0298  |ddm|= 55.7
    sigma = 0.02  Optimized mu = -0.0530419239948  entropy = 1.49169377245
    Total E(T) = -12138.4639821461  Free energy = -12138.4938160215  E0 = -12138.4788990838
cycle= 10 E= -12138.4639821461  delta_E= -4.71e-05  |g|= 0.0135  |ddm|=   45
    sigma = 0.02  Optimized mu = -0.05308554142  entropy = 1.49151010251
    Total E(T) = -12138.4640004394  Free energy = -12138.4938306415  E0 = -12138.4789155405
cycle= 11 E= -12138.4640004394  delta_E= -1.83e-05  |g|= 0.00462  |ddm|= 21.3
    sigma = 0.02  Optimized mu = -0.153099169723  entropy = 51.0012683006
    Total E(T) = -12137.9342341134  Free energy = -12138.9542594794  E0 = -12138.4442467964
Extra cycle  E= -12137.9342341134  delta_E= 0.53  |g|= 0.434  |ddm|= 3.92e+03
converged SCF energy = -12137.9342341134
dm0 check [[[ 1.89761373e-01  3.06181770e-01 -6.28047166e-02 ... -8.33688750e-06
    8.73908124e-07 -2.90482557e-06]
  [ 3.06181770e-01  5.07852911e-01 -1.67574980e-01 ... -2.22532065e-05
    2.24654513e-06 -8.17606974e-06]
  [-6.28047166e-02 -1.67574980e-01  3.38996151e-01 ...  5.44366374e-05
   -5.64802221e-06  1.98733516e-05]
  ...
  [-8.33688750e-06 -2.22532065e-05  5.44366374e-05 ...  1.26255914e-05
   -1.32972205e-06  2.67954943e-06]
  [ 8.73908124e-07  2.24654513e-06 -5.64802221e-06 ... -1.32972205e-06
    6.64326661e-07 -1.59177325e-07]
  [-2.90482557e-06 -8.17606974e-06  1.98733516e-05 ...  2.67954943e-06
   -1.59177325e-07  7.74832809e-07]]

 [[ 1.89741179e-01  3.06126448e-01 -6.26791453e-02 ... -7.14590047e-06
    9.66414522e-07 -2.68148983e-06]
  [ 3.06126448e-01  5.07705144e-01 -1.67244438e-01 ... -1.90666079e-05
    2.50014386e-06 -7.57838424e-06]
  [-6.26791453e-02 -1.67244438e-01  3.38259099e-01 ...  4.69088159e-05
   -6.29473832e-06  1.84610369e-05]
  ...
  [-7.14590047e-06 -1.90666079e-05  4.69088159e-05 ...  1.24148901e-05
   -1.35897510e-06  2.65514622e-06]
  [ 9.66414522e-07  2.50014386e-06 -6.29473832e-06 ... -1.35897510e-06
    6.55465792e-07 -1.69536274e-07]
  [-2.68148983e-06 -7.57838424e-06  1.84610369e-05 ...  2.65514622e-06
   -1.69536274e-07  7.59837475e-07]]]


******** <class 'pyscf.scf.addons.SmearingDFUKS'> ********
method = SmearingDFUKS
initial guess = minao
damping factor = 0.15
level_shift factor = 0.2
DIIS = <class 'pyscf.scf.diis.CDIIS'>
diis_start_cycle = 1
diis_space = 12
diis_damp = 0
SCF conv_tol = 5e-05
SCF conv_tol_grad = None
SCF max_cycles = 80
direct_scf = True
direct_scf_tol = 1e-13
chkfile to save SCF result = /tmp/tmpwsb1400p
max_memory 4000 MB (current use 86729 MB)
number electrons alpha = 325  beta = 323
XC library pyscf.dft.libxc version 6.1.0
    S. Lehtola, C. Steigemann, M. J.T. Oliveira, and M. A.L. Marques.,  SoftwareX 7, 1–5 (2018)
XC functionals = pbe
    J. P. Perdew, K. Burke, and M. Ernzerhof.,  Phys. Rev. Lett. 77, 3865 (1996)
    J. P. Perdew, K. Burke, and M. Ernzerhof.,  Phys. Rev. Lett. 78, 1396 (1997)
    J. P. Perdew, K. Burke, and M. Ernzerhof.,  Phys. Rev. Lett. 77, 3865 (1996)
    J. P. Perdew, K. Burke, and M. Ernzerhof.,  Phys. Rev. Lett. 78, 1396 (1997)
small_rho_cutoff = 1e-06
Set gradient conv threshold to 0.00707107
    Total E(T) = -12137.7982512802  Free energy = -12137.8628339643  E0 = -12137.8305426223
init E= -12137.7982512802
    sigma = 0.005  Optimized mu_alpha = -0.197340715972  entropy = 3.76747959926e-07
    sigma = 0.005  Optimized mu_beta  = -0.19990875596  entropy = 3.76747959926e-07
    Total E(T) = -12137.9530957847  Free energy = -12137.9530957866  E0 = -12137.9530957857
cycle= 1 E= -12137.9530957847  delta_E= -0.155  |g|= 1.41  |ddm|= 1.87e+03
    sigma = 0.005  Optimized mu_alpha = -0.198651026899  entropy = 7.15154535069e-07
    sigma = 0.005  Optimized mu_beta  = -0.202068011144  entropy = 7.15154535069e-07
    Total E(T) = -12137.8944891339  Free energy = -12137.8944891374  E0 = -12137.8944891356
cycle= 2 E= -12137.8944891339  delta_E= 0.0586  |g|=  2.5  |ddm|= 3.17e+03
    sigma = 0.005  Optimized mu_alpha = -0.194798681535  entropy = 1.19141607254e-06
    sigma = 0.005  Optimized mu_beta  = -0.198399712733  entropy = 1.19141607254e-06
    Total E(T) = -12137.9430016629  Free energy = -12137.9430016688  E0 = -12137.9430016658
cycle= 3 E= -12137.9430016629  delta_E= -0.0485  |g|= 2.26  |ddm|= 3.18e+03
    sigma = 0.005  Optimized mu_alpha = -0.198617443685  entropy = 3.56113248177e-07
    sigma = 0.005  Optimized mu_beta  = -0.201215730351  entropy = 3.56113248177e-07
    Total E(T) = -12137.98893638  Free energy = -12137.9889363818  E0 = -12137.9889363809
cycle= 4 E= -12137.98893638  delta_E= -0.0459  |g|= 0.854  |ddm|=  512
    sigma = 0.005  Optimized mu_alpha = -0.198596651005  entropy = 3.33267732928e-07
    sigma = 0.005  Optimized mu_beta  = -0.201186488927  entropy = 3.33267732928e-07
    Total E(T) = -12138.0072818646  Free energy = -12138.0072818663  E0 = -12138.0072818655
cycle= 5 E= -12138.0072818646  delta_E= -0.0183  |g|= 0.46  |ddm|=  424
    sigma = 0.005  Optimized mu_alpha = -0.198268718325  entropy = 3.2554666848e-07
    sigma = 0.005  Optimized mu_beta  = -0.200908242584  entropy = 3.2554666848e-07
    Total E(T) = -12138.0128124407  Free energy = -12138.0128124423  E0 = -12138.0128124415
cycle= 6 E= -12138.0128124407  delta_E= -0.00553  |g|= 0.267  |ddm|=  306
    sigma = 0.005  Optimized mu_alpha = -0.198397793589  entropy = 3.23589343732e-07
    sigma = 0.005  Optimized mu_beta  = -0.201034475545  entropy = 3.23589343732e-07
    Total E(T) = -12138.0144937755  Free energy = -12138.0144937771  E0 = -12138.0144937763
cycle= 7 E= -12138.0144937755  delta_E= -0.00168  |g|= 0.163  |ddm|=  133
    sigma = 0.005  Optimized mu_alpha = -0.198303497353  entropy = 3.24740544821e-07
    sigma = 0.005  Optimized mu_beta  = -0.200925518079  entropy = 3.24740544821e-07
    Total E(T) = -12138.0150834119  Free energy = -12138.0150834135  E0 = -12138.0150834127
cycle= 8 E= -12138.0150834119  delta_E= -0.00059  |g|= 0.0654  |ddm|= 72.7
    sigma = 0.005  Optimized mu_alpha = -0.198378202832  entropy = 3.23872810348e-07
    sigma = 0.005  Optimized mu_beta  = -0.201007725444  entropy = 3.23872810348e-07
    Total E(T) = -12138.015215651  Free energy = -12138.0152156526  E0 = -12138.0152156518
cycle= 9 E= -12138.015215651  delta_E= -0.000132  |g|= 0.0289  |ddm|= 28.8
    sigma = 0.005  Optimized mu_alpha = -0.198207020499  entropy = 3.24088278878e-07
    sigma = 0.005  Optimized mu_beta  = -0.200826592417  entropy = 3.24088278878e-07
    Total E(T) = -12138.0152449617  Free energy = -12138.0152449633  E0 = -12138.0152449625
cycle= 10 E= -12138.0152449617  delta_E= -2.93e-05  |g|= 0.0143  |ddm|= 29.7
    sigma = 0.005  Optimized mu_alpha = -0.198265591274  entropy = 3.23462958887e-07
    sigma = 0.005  Optimized mu_beta  = -0.200890927281  entropy = 3.23462958887e-07
    Total E(T) = -12138.0152574418  Free energy = -12138.0152574434  E0 = -12138.0152574426
cycle= 11 E= -12138.0152574418  delta_E= -1.25e-05  |g|= 0.00414  |ddm|= 12.5
    sigma = 0.005  Optimized mu_alpha = -0.297900754849  entropy = 12.7960455674
    sigma = 0.005  Optimized mu_beta  = -0.300816155526  entropy = 12.7960455674
    Total E(T) = -12137.9796169868  Free energy = -12138.0435972146  E0 = -12138.0116071007
Extra cycle  E= -12137.9796169868  delta_E= 0.0356  |g|= 0.205  |ddm|=  834
converged SCF energy = -12137.9796169868  <S^2> = 6.012005  2S+1 = 5.0047997
step=   2 L=-12267.70534497 Ef=-12267.40483087 |grad|=7.70031e-01
dm0 check [[[ 4.54324040e-09  6.95919307e-08  5.21727494e-07 ... -2.07961734e-08
    1.31126597e-06 -1.75505466e-07]
  [ 6.95919307e-08  1.06664933e-06  7.96998164e-06 ... -2.63977392e-07
    1.99195601e-05 -2.96420509e-06]
  [ 5.21727494e-07  7.96998164e-06  6.08156748e-05 ... -6.58584139e-06
    1.56574192e-04 -1.42412374e-05]
  ...
  [-2.07961734e-08 -2.63977392e-07 -6.58584139e-06 ...  2.21447157e-04
    1.76400500e-06 -1.84557388e-04]
  [ 1.31126597e-06  1.99195601e-05  1.56574192e-04 ...  1.76400500e-06
    4.42307555e-04 -1.96003685e-06]
  [-1.75505466e-07 -2.96420509e-06 -1.42412374e-05 ... -1.84557388e-04
   -1.96003685e-06  6.13775540e-04]]

 [[ 4.87596673e-09  7.35947359e-08  5.95662903e-07 ...  1.12974430e-07
    1.49933591e-06 -3.97831260e-07]
  [ 7.35947359e-08  1.11180968e-06  8.95467252e-06 ...  1.90734695e-06
    2.24347944e-05 -6.32607424e-06]
  [ 5.95662903e-07  8.95467252e-06  7.41910158e-05 ...  3.51707481e-06
    1.89629165e-04 -3.98333661e-05]
  ...
  [ 1.12974430e-07  1.90734695e-06  3.51707481e-06 ...  2.44870181e-04
    2.42759445e-06 -2.03953616e-04]
  [ 1.49933591e-06  2.24347944e-05  1.89629165e-04 ...  2.42759445e-06
    5.08126212e-04 -2.32399426e-06]
  [-3.97831260e-07 -6.32607424e-06 -3.98333661e-05 ... -2.03953616e-04
   -2.32399426e-06  6.97827745e-04]]]
converged SCF energy = -150.224312471222  <S^2> = 2.0046462  2S+1 = 3.0030958
dm0 check [[[ 3.68495333e-09  5.62920029e-08  4.28466758e-07 ... -1.08327597e-08
    1.04402191e-06 -6.11115822e-08]
  [ 5.62920029e-08  8.60555482e-07  6.52513220e-06 ...  6.18448774e-09
    1.57689898e-05 -1.28621140e-06]
  [ 4.28466758e-07  6.52513220e-06  5.06763599e-05 ... -9.85968210e-06
    1.28791235e-04  8.41700371e-07]
  ...
  [-1.08327597e-08  6.18448774e-09 -9.85968210e-06 ...  2.38033338e-04
   -1.69870777e-06 -1.61418710e-04]
  [ 1.04402191e-06  1.57689898e-05  1.28791235e-04 ... -1.69870777e-06
    4.07602108e-04 -3.57606593e-06]
  [-6.11115822e-08 -1.28621140e-06  8.41700371e-07 ... -1.61418710e-04
   -3.57606593e-06  5.54186492e-04]]

 [[ 7.00976756e-09  1.06324666e-07  8.17240063e-07 ... -6.51881062e-08
    9.00730958e-07 -2.57116052e-07]
  [ 1.06324666e-07  1.61367942e-06  1.23664264e-05 ... -8.33039370e-07
    1.36178529e-05 -4.24426795e-06]
  [ 8.17240063e-07  1.23664264e-05  9.64790180e-05 ... -1.50898095e-05
    1.12188859e-04 -2.15898547e-05]
  ...
  [-6.51881062e-08 -8.33039370e-07 -1.50898095e-05 ...  2.24303330e-04
    5.78584803e-07 -1.84645156e-04]
  [ 9.00730958e-07  1.36178529e-05  1.12188859e-04 ...  5.78584803e-07
    4.22100233e-04 -2.81599075e-06]
  [-2.57116052e-07 -4.24426795e-06 -2.15898547e-05 ... -1.84645156e-04
   -2.81599075e-06  6.02499051e-04]]]
converged SCF energy = -150.246048085236  <S^2> = 0.88239668  2S+1 = 2.1282826
dm0 check [[ 3.78370337e-01  6.11497315e-01 -1.23386355e-01 ... -3.33026528e-05
   3.57829552e-06 -1.06410674e-05]
 [ 6.11497315e-01  1.01586753e+00 -3.30737432e-01 ... -8.95762664e-05
   9.53485011e-06 -2.94683084e-05]
 [-1.23386355e-01 -3.30737432e-01  6.66693582e-01 ...  2.13604741e-04
  -2.34901580e-05  7.02837860e-05]
 ...
 [-3.33026528e-05 -8.95762664e-05  2.13604741e-04 ...  7.37905000e-05
  -8.24370235e-06  1.69272676e-05]
 [ 3.57829552e-06  9.53485011e-06 -2.34901580e-05 ... -8.24370235e-06
   2.03464051e-06 -1.66892949e-06]
 [-1.06410674e-05 -2.94683084e-05  7.02837860e-05 ...  1.69272676e-05
  -1.66892949e-06  4.25003359e-06]]


******** <class 'pyscf.scf.addons.SmearingDFRKS'> ********
method = SmearingDFRKS
initial guess = minao
damping factor = 0.15
level_shift factor = 0.2
DIIS = <class 'pyscf.scf.diis.CDIIS'>
diis_start_cycle = 1
diis_space = 12
diis_damp = 0
SCF conv_tol = 5e-05
SCF conv_tol_grad = None
SCF max_cycles = 80
direct_scf = True
direct_scf_tol = 1e-13
chkfile to save SCF result = /tmp/tmpxop47afo
max_memory 4000 MB (current use 86935 MB)
XC library pyscf.dft.libxc version 6.1.0
    S. Lehtola, C. Steigemann, M. J.T. Oliveira, and M. A.L. Marques.,  SoftwareX 7, 1–5 (2018)
XC functionals = pbe
    J. P. Perdew, K. Burke, and M. Ernzerhof.,  Phys. Rev. Lett. 77, 3865 (1996)
    J. P. Perdew, K. Burke, and M. Ernzerhof.,  Phys. Rev. Lett. 78, 1396 (1997)
    J. P. Perdew, K. Burke, and M. Ernzerhof.,  Phys. Rev. Lett. 77, 3865 (1996)
    J. P. Perdew, K. Burke, and M. Ernzerhof.,  Phys. Rev. Lett. 78, 1396 (1997)
small_rho_cutoff = 1e-06
Set gradient conv threshold to 0.00707107
    Total E(T) = -12113.2708346012  Free energy = -12114.2908599672  E0 = -12113.7808472842
init E= -12113.2708346012
    sigma = 0.02  Optimized mu = -0.0540748326922  entropy = 1.50895547046
    Total E(T) = -12113.4067781949  Free energy = -12113.4369573043  E0 = -12113.4218677496
cycle= 1 E= -12113.4067781949  delta_E= -0.136  |g|= 1.15  |ddm|= 2.13e+03
    sigma = 0.02  Optimized mu = -0.0507336928948  entropy = 1.63242863424
    Total E(T) = -12113.3414885343  Free energy = -12113.374137107  E0 = -12113.3578128206
cycle= 2 E= -12113.3414885343  delta_E= 0.0653  |g|= 1.82  |ddm|= 4.09e+03
    sigma = 0.02  Optimized mu = -0.055962993215  entropy = 1.76795012068
    Total E(T) = -12113.3804122406  Free energy = -12113.415771243  E0 = -12113.3980917418
cycle= 3 E= -12113.3804122406  delta_E= -0.0389  |g|= 1.75  |ddm|= 4.52e+03
    sigma = 0.02  Optimized mu = -0.0526957314009  entropy = 1.5170510849
    Total E(T) = -12113.4376091732  Free energy = -12113.4679501949  E0 = -12113.4527796841
cycle= 4 E= -12113.4376091732  delta_E= -0.0572  |g|= 0.621  |ddm|=  847
    sigma = 0.02  Optimized mu = -0.0528791098972  entropy = 1.49694151363
    Total E(T) = -12113.4563229237  Free energy = -12113.486261754  E0 = -12113.4712923388
cycle= 5 E= -12113.4563229237  delta_E= -0.0187  |g|= 0.33  |ddm|=  544
    sigma = 0.02  Optimized mu = -0.0531781750506  entropy = 1.49201901512
    Total E(T) = -12113.4616107634  Free energy = -12113.4914511437  E0 = -12113.4765309535
cycle= 6 E= -12113.4616107634  delta_E= -0.00529  |g|= 0.182  |ddm|=  367
    sigma = 0.02  Optimized mu = -0.053006007993  entropy = 1.49218738605
    Total E(T) = -12113.4630223437  Free energy = -12113.4928660915  E0 = -12113.4779442176
cycle= 7 E= -12113.4630223437  delta_E= -0.00141  |g|= 0.114  |ddm|=  157
    sigma = 0.02  Optimized mu = -0.0531409752782  entropy = 1.49102190983
    Total E(T) = -12113.463529744  Free energy = -12113.4933501822  E0 = -12113.4784399631
cycle= 8 E= -12113.463529744  delta_E= -0.000507  |g|= 0.0477  |ddm|=   89
    sigma = 0.02  Optimized mu = -0.0530201580205  entropy = 1.49155806141
    Total E(T) = -12113.4636453986  Free energy = -12113.4934765598  E0 = -12113.4785609792
cycle= 9 E= -12113.4636453986  delta_E= -0.000116  |g|= 0.0254  |ddm|= 45.1
    sigma = 0.02  Optimized mu = -0.0531978052578  entropy = 1.49072708301
    Total E(T) = -12113.4636787884  Free energy = -12113.4934933301  E0 = -12113.4785860592
cycle= 10 E= -12113.4636787884  delta_E= -3.34e-05  |g|= 0.0122  |ddm|= 39.4
    sigma = 0.02  Optimized mu = -0.0531611737003  entropy = 1.4908017101
    Total E(T) = -12113.4636902057  Free energy = -12113.4935062399  E0 = -12113.4785982228
cycle= 11 E= -12113.4636902057  delta_E= -1.14e-05  |g|= 0.00451  |ddm|= 19.8
    sigma = 0.02  Optimized mu = -0.153037460528  entropy = 50.9509581012
    Total E(T) = -12112.9361201727  Free energy = -12113.9551393348  E0 = -12113.4456297537
Extra cycle  E= -12112.9361201727  delta_E= 0.528  |g|= 0.392  |ddm|= 3.94e+03
converged SCF energy = -12112.9361201727
dm0 check [[[ 1.89206743e-01  3.05806700e-01 -6.18279249e-02 ... -1.58896905e-05
    1.71695525e-06 -5.08778578e-06]
  [ 3.05806700e-01  5.08088526e-01 -1.65725745e-01 ... -4.26970076e-05
    4.56903268e-06 -1.40976306e-05]
  [-6.18279249e-02 -1.65725745e-01  3.34161580e-01 ...  1.01514225e-04
   -1.12385162e-05  3.35556244e-05]
  ...
  [-1.58896905e-05 -4.26970076e-05  1.01514225e-04 ...  3.53584082e-05
   -3.87826813e-06  8.03020360e-06]
  [ 1.71695525e-06  4.56903268e-06 -1.12385162e-05 ... -3.87826813e-06
    9.91978859e-07 -7.63166286e-07]
  [-5.08778578e-06 -1.40976306e-05  3.35556244e-05 ...  8.03020360e-06
   -7.63166286e-07  2.02195185e-06]]

 [[ 1.89187091e-01  3.05752569e-01 -6.17087894e-02 ... -1.44064309e-05
    1.92726581e-06 -4.91251764e-06]
  [ 3.05752569e-01  5.07943365e-01 -1.65411316e-01 ... -3.87313741e-05
    5.14442862e-06 -1.36340498e-05]
  [-6.17087894e-02 -1.65411316e-01  3.33486384e-01 ...  9.26318661e-05
   -1.26974342e-05  3.25760324e-05]
  ...
  [-1.44064309e-05 -3.87313741e-05  9.26318661e-05 ...  3.50242233e-05
   -3.97191503e-06  8.00942880e-06]
  [ 1.92726581e-06  5.14442862e-06 -1.26974342e-05 ... -3.97191503e-06
    9.96891225e-07 -7.88039616e-07]
  [-4.91251764e-06 -1.36340498e-05  3.25760324e-05 ...  8.00942880e-06
   -7.88039616e-07  2.01649232e-06]]]


******** <class 'pyscf.scf.addons.SmearingDFUKS'> ********
method = SmearingDFUKS
initial guess = minao
damping factor = 0.15
level_shift factor = 0.2
DIIS = <class 'pyscf.scf.diis.CDIIS'>
diis_start_cycle = 1
diis_space = 12
diis_damp = 0
SCF conv_tol = 5e-05
SCF conv_tol_grad = None
SCF max_cycles = 80
direct_scf = True
direct_scf_tol = 1e-13
chkfile to save SCF result = /tmp/tmpwsb1400p
max_memory 4000 MB (current use 86935 MB)
number electrons alpha = 325  beta = 323
XC library pyscf.dft.libxc version 6.1.0
    S. Lehtola, C. Steigemann, M. J.T. Oliveira, and M. A.L. Marques.,  SoftwareX 7, 1–5 (2018)
XC functionals = pbe
    J. P. Perdew, K. Burke, and M. Ernzerhof.,  Phys. Rev. Lett. 77, 3865 (1996)
    J. P. Perdew, K. Burke, and M. Ernzerhof.,  Phys. Rev. Lett. 78, 1396 (1997)
    J. P. Perdew, K. Burke, and M. Ernzerhof.,  Phys. Rev. Lett. 77, 3865 (1996)
    J. P. Perdew, K. Burke, and M. Ernzerhof.,  Phys. Rev. Lett. 78, 1396 (1997)
small_rho_cutoff = 1e-06
Set gradient conv threshold to 0.00707107
    Total E(T) = -12112.8214675873  Free energy = -12112.8854478151  E0 = -12112.8534577012
init E= -12112.8214675873
    sigma = 0.005  Optimized mu_alpha = -0.199179377621  entropy = 3.56832838369e-07
    sigma = 0.005  Optimized mu_beta  = -0.202050729329  entropy = 3.56832838369e-07
    Total E(T) = -12112.9583145217  Free energy = -12112.9583145235  E0 = -12112.9583145226
cycle= 1 E= -12112.9583145217  delta_E= -0.137  |g|= 1.62  |ddm|= 1.52e+03
    sigma = 0.005  Optimized mu_alpha = -0.195897253403  entropy = 5.97545191412e-07
    sigma = 0.005  Optimized mu_beta  = -0.198992085175  entropy = 5.97545191412e-07
    Total E(T) = -12112.9051763137  Free energy = -12112.9051763167  E0 = -12112.9051763152
cycle= 2 E= -12112.9051763137  delta_E= 0.0531  |g|= 2.43  |ddm|= 2.87e+03
    sigma = 0.005  Optimized mu_alpha = -0.199838328108  entropy = 1.21393364862e-06
    sigma = 0.005  Optimized mu_beta  = -0.203087452602  entropy = 1.21393364862e-06
    Total E(T) = -12112.9514953809  Free energy = -12112.951495387  E0 = -12112.951495384
cycle= 3 E= -12112.9514953809  delta_E= -0.0463  |g|= 2.18  |ddm|= 3.08e+03
    sigma = 0.005  Optimized mu_alpha = -0.197960171835  entropy = 3.48960946428e-07
    sigma = 0.005  Optimized mu_beta  = -0.200601471786  entropy = 3.48960946428e-07
    Total E(T) = -12112.992769291  Free energy = -12112.9927692927  E0 = -12112.9927692918
cycle= 4 E= -12112.992769291  delta_E= -0.0413  |g|= 0.796  |ddm|=  570
    sigma = 0.005  Optimized mu_alpha = -0.198245702786  entropy = 3.31170959455e-07
    sigma = 0.005  Optimized mu_beta  = -0.200833079948  entropy = 3.31170959455e-07
    Total E(T) = -12113.0085437696  Free energy = -12113.0085437713  E0 = -12113.0085437705
cycle= 5 E= -12113.0085437696  delta_E= -0.0158  |g|= 0.392  |ddm|=  359
    sigma = 0.005  Optimized mu_alpha = -0.198473964784  entropy = 3.29978086996e-07
    sigma = 0.005  Optimized mu_beta  = -0.201042241743  entropy = 3.29978086996e-07
    Total E(T) = -12113.0127588614  Free energy = -12113.012758863  E0 = -12113.0127588622
cycle= 6 E= -12113.0127588614  delta_E= -0.00422  |g|= 0.214  |ddm|=  250
    sigma = 0.005  Optimized mu_alpha = -0.198430983038  entropy = 3.28390220281e-07
    sigma = 0.005  Optimized mu_beta  = -0.201003379819  entropy = 3.28390220281e-07
    Total E(T) = -12113.0138162905  Free energy = -12113.0138162921  E0 = -12113.0138162913
cycle= 7 E= -12113.0138162905  delta_E= -0.00106  |g|= 0.135  |ddm|=  104
    sigma = 0.005  Optimized mu_alpha = -0.19849513223  entropy = 3.28018368063e-07
    sigma = 0.005  Optimized mu_beta  = -0.201076300139  entropy = 3.28018368063e-07
    Total E(T) = -12113.0141736794  Free energy = -12113.014173681  E0 = -12113.0141736802
cycle= 8 E= -12113.0141736794  delta_E= -0.000357  |g|= 0.0528  |ddm|= 56.5
    sigma = 0.005  Optimized mu_alpha = -0.198441016253  entropy = 3.27983026521e-07
    sigma = 0.005  Optimized mu_beta  = -0.201017835268  entropy = 3.27983026521e-07
    Total E(T) = -12113.0142554392  Free energy = -12113.0142554409  E0 = -12113.01425544
cycle= 9 E= -12113.0142554392  delta_E= -8.18e-05  |g|= 0.0228  |ddm|=   22
    sigma = 0.005  Optimized mu_alpha = -0.198572504309  entropy = 3.27529409224e-07
    sigma = 0.005  Optimized mu_beta  = -0.201156611022  entropy = 3.27529409224e-07
    Total E(T) = -12113.014271853  Free energy = -12113.0142718547  E0 = -12113.0142718538
cycle= 10 E= -12113.014271853  delta_E= -1.64e-05  |g|= 0.0118  |ddm|= 25.3
    sigma = 0.005  Optimized mu_alpha = -0.198518579873  entropy = 3.27903666437e-07
    sigma = 0.005  Optimized mu_beta  = -0.201097584446  entropy = 3.27903666437e-07
    Total E(T) = -12113.0142791625  Free energy = -12113.0142791641  E0 = -12113.0142791633
cycle= 11 E= -12113.0142791625  delta_E= -7.31e-06  |g|= 0.00353  |ddm|= 9.78
    sigma = 0.005  Optimized mu_alpha = -0.298054506063  entropy = 12.909119116
    sigma = 0.005  Optimized mu_beta  = -0.300928635977  entropy = 12.909119116
    Total E(T) = -12112.9783637129  Free energy = -12113.0429093085  E0 = -12113.0106365107
Extra cycle  E= -12112.9783637129  delta_E= 0.0359  |g|= 0.193  |ddm|=  870
converged SCF energy = -12112.9783637129  <S^2> = 6.0119515  2S+1 = 5.0047783
step=   3 L=-12267.42689029 Ef=-12267.45453197 |grad|=5.77547e-02
dm0 check [[[ 4.54323429e-09  6.95918558e-08  5.21726956e-07 ... -2.07953812e-08
    1.31126540e-06 -1.75498609e-07]
  [ 6.95918558e-08  1.06664847e-06  7.96997557e-06 ... -2.63968950e-07
    1.99195532e-05 -2.96410503e-06]
  [ 5.21726956e-07  7.96997557e-06  6.08156280e-05 ... -6.58576594e-06
    1.56574094e-04 -1.42405609e-05]
  ...
  [-2.07953812e-08 -2.63968950e-07 -6.58576594e-06 ...  2.21446973e-04
    1.76405817e-06 -1.84557248e-04]
  [ 1.31126540e-06  1.99195532e-05  1.56574094e-04 ...  1.76405817e-06
    4.42306884e-04 -1.95986656e-06]
  [-1.75498609e-07 -2.96410503e-06 -1.42405609e-05 ... -1.84557248e-04
   -1.95986656e-06  6.13774713e-04]]

 [[ 4.87595294e-09  7.35945650e-08  5.95661510e-07 ...  1.12975194e-07
    1.49933428e-06 -3.97823531e-07]
  [ 7.35945650e-08  1.11180766e-06  8.95465627e-06 ...  1.90735531e-06
    2.24347806e-05 -6.32596935e-06]
  [ 5.95661510e-07  8.95465627e-06  7.41908815e-05 ...  3.51715926e-06
    1.89629002e-04 -3.98326558e-05]
  ...
  [ 1.12975194e-07  1.90735531e-06  3.51715926e-06 ...  2.44870026e-04
    2.42768931e-06 -2.03953497e-04]
  [ 1.49933428e-06  2.24347806e-05  1.89629002e-04 ...  2.42768931e-06
    5.08125560e-04 -2.32385527e-06]
  [-3.97823531e-07 -6.32596935e-06 -3.98326558e-05 ... -2.03953497e-04
   -2.32385527e-06  6.97826951e-04]]]
converged SCF energy = -150.224312471222  <S^2> = 2.0046462  2S+1 = 3.0030958
dm0 check [[[ 3.68492128e-09  5.62915296e-08  4.28463577e-07 ... -1.08334363e-08
    1.04402413e-06 -6.11125176e-08]
  [ 5.62915296e-08  8.60548501e-07  6.52508579e-06 ...  6.18249898e-09
    1.57690469e-05 -1.28624191e-06]
  [ 4.28463577e-07  6.52508579e-06  5.06760310e-05 ... -9.85971535e-06
    1.28791477e-04  8.41505580e-07]
  ...
  [-1.08334363e-08  6.18249898e-09 -9.85971535e-06 ...  2.38033140e-04
   -1.69949742e-06 -1.61419078e-04]
  [ 1.04402413e-06  1.57690469e-05  1.28791477e-04 ... -1.69949742e-06
    4.07602924e-04 -3.57674592e-06]
  [-6.11125176e-08 -1.28624191e-06  8.41505580e-07 ... -1.61419078e-04
   -3.57674592e-06  5.54186894e-04]]

 [[ 7.00933086e-09  1.06317737e-07  8.17188018e-07 ... -6.51934635e-08
    9.00755574e-07 -2.57104138e-07]
  [ 1.06317737e-07  1.61356984e-06  1.23656016e-05 ... -8.33114945e-07
    1.36182784e-05 -4.24410960e-06]
  [ 8.17188018e-07  1.23656016e-05  9.64728037e-05 ... -1.50904320e-05
    1.12191667e-04 -2.15884906e-05]
  ...
  [-6.51934635e-08 -8.33114945e-07 -1.50904320e-05 ...  2.24303443e-04
    5.78329642e-07 -1.84645621e-04]
  [ 9.00755574e-07  1.36182784e-05  1.12191667e-04 ...  5.78329642e-07
    4.22101285e-04 -2.81608299e-06]
  [-2.57104138e-07 -4.24410960e-06 -2.15884906e-05 ... -1.84645621e-04
   -2.81608299e-06  6.02499761e-04]]]
converged SCF energy = -150.24604808523  <S^2> = 0.88240178  2S+1 = 2.1282874
dm0 check [[ 3.79415957e-01  6.12203901e-01 -1.25223131e-01 ... -1.84301983e-05
   1.90877772e-06 -6.29519335e-06]
 [ 6.12203901e-01  1.01542169e+00 -3.34212903e-01 ... -4.92844073e-05
   4.93553400e-06 -1.76715213e-05]
 [-1.25223131e-01 -3.34212903e-01  6.75756086e-01 ...  1.20617235e-04
  -1.23990343e-05  4.29725367e-05]
 ...
 [-1.84301983e-05 -4.92844073e-05  1.20617235e-04 ...  2.82850991e-05
  -3.04651792e-06  6.10807881e-06]
 [ 1.90877772e-06  4.93553400e-06 -1.23990343e-05 ... -3.04651792e-06
   1.35756029e-06 -4.25213464e-07]
 [-6.29519335e-06 -1.76715213e-05  4.29725367e-05 ...  6.10807881e-06
  -4.25213464e-07  1.69735900e-06]]


******** <class 'pyscf.scf.addons.SmearingDFRKS'> ********
method = SmearingDFRKS
initial guess = minao
damping factor = 0.15
level_shift factor = 0.2
DIIS = <class 'pyscf.scf.diis.CDIIS'>
diis_start_cycle = 1
diis_space = 12
diis_damp = 0
SCF conv_tol = 5e-05
SCF conv_tol_grad = None
SCF max_cycles = 80
direct_scf = True
direct_scf_tol = 1e-13
chkfile to save SCF result = /tmp/tmpxop47afo
max_memory 4000 MB (current use 86917 MB)
XC library pyscf.dft.libxc version 6.1.0
    S. Lehtola, C. Steigemann, M. J.T. Oliveira, and M. A.L. Marques.,  SoftwareX 7, 1–5 (2018)
XC functionals = pbe
    J. P. Perdew, K. Burke, and M. Ernzerhof.,  Phys. Rev. Lett. 77, 3865 (1996)
    J. P. Perdew, K. Burke, and M. Ernzerhof.,  Phys. Rev. Lett. 78, 1396 (1997)
    J. P. Perdew, K. Burke, and M. Ernzerhof.,  Phys. Rev. Lett. 77, 3865 (1996)
    J. P. Perdew, K. Burke, and M. Ernzerhof.,  Phys. Rev. Lett. 78, 1396 (1997)
small_rho_cutoff = 1e-06
Set gradient conv threshold to 0.00707107
    Total E(T) = -12112.1036140489  Free energy = -12113.1226332109  E0 = -12112.6131236299
init E= -12112.1036140489
    sigma = 0.02  Optimized mu = -0.0531815322195  entropy = 1.49060770202
    Total E(T) = -12112.1040338467  Free energy = -12112.1338460007  E0 = -12112.1189399237
cycle= 1 E= -12112.1040338467  delta_E= -0.00042  |g|= 0.0652  |ddm|=  109
    sigma = 0.02  Optimized mu = -0.0531160203967  entropy = 1.49165696269
    Total E(T) = -12112.103943404  Free energy = -12112.1337765433  E0 = -12112.1188599737
cycle= 2 E= -12112.103943404  delta_E= 9.04e-05  |g|= 0.078  |ddm|=  176
    sigma = 0.02  Optimized mu = -0.0532849697822  entropy = 1.4901853708
    Total E(T) = -12112.1041008537  Free energy = -12112.1339045611  E0 = -12112.1190027074
cycle= 3 E= -12112.1041008537  delta_E= -0.000157  |g|= 0.0559  |ddm|=  150
    sigma = 0.02  Optimized mu = -0.0531116710768  entropy = 1.49101244342
    Total E(T) = -12112.1041676469  Free energy = -12112.1339878957  E0 = -12112.1190777713
cycle= 4 E= -12112.1041676469  delta_E= -6.68e-05  |g|= 0.0187  |ddm|= 36.4
    sigma = 0.02  Optimized mu = -0.0531688234625  entropy = 1.49073433149
    Total E(T) = -12112.1041944328  Free energy = -12112.1340091195  E0 = -12112.1191017762
cycle= 5 E= -12112.1041944328  delta_E= -2.68e-05  |g|= 0.00892  |ddm|= 29.3
    sigma = 0.02  Optimized mu = -0.0531520328231  entropy = 1.4908450857
    Total E(T) = -12112.1042014514  Free energy = -12112.1340183531  E0 = -12112.1191099023
cycle= 6 E= -12112.1042014514  delta_E= -7.02e-06  |g|= 0.00439  |ddm|= 11.2
    sigma = 0.02  Optimized mu = -0.153082902948  entropy = 50.9482731098
    Total E(T) = -12111.5766924758  Free energy = -12112.595657938  E0 = -12112.0861752069
Extra cycle  E= -12111.5766924758  delta_E= 0.528  |g|= 0.395  |ddm|= 3.97e+03
converged SCF energy = -12111.5766924758
dm0 check [[[ 1.89729836e-01  3.06160594e-01 -6.27493045e-02 ... -8.81941445e-06
    9.24826363e-07 -3.04076116e-06]
  [ 3.06160594e-01  5.07866849e-01 -1.67470707e-01 ... -2.35560650e-05
    2.38634487e-06 -8.54385932e-06]
  [-6.27493045e-02 -1.67470707e-01  3.38719983e-01 ...  5.75127473e-05
   -5.99131747e-06  2.07430023e-05]
  ...
  [-8.81941445e-06 -2.35560650e-05  5.75127473e-05 ...  1.36911231e-05
   -1.44552262e-06  2.92213881e-06]
  [ 9.24826363e-07  2.38634487e-06 -5.99131747e-06 ... -1.44552262e-06
    6.77700657e-07 -1.85865365e-07]
  [-3.04076116e-06 -8.54385932e-06  2.07430023e-05 ...  2.92213881e-06
   -1.85865365e-07  8.28339932e-07]]

 [[ 1.89709523e-01  3.06104946e-01 -6.26231859e-02 ... -7.56603076e-06
    1.02515705e-06 -2.80994732e-06]
  [ 3.06104946e-01  5.07718184e-01 -1.67138642e-01 ... -2.02018806e-05
    2.66126943e-06 -7.92626416e-06]
  [-6.26231859e-02 -1.67138642e-01  3.37980826e-01 ...  4.96039511e-05
   -6.69216269e-06  1.92881013e-05]
  ...
  [-7.56603076e-06 -2.02018806e-05  4.96039511e-05 ...  1.34606800e-05
   -1.47586006e-06  2.89591555e-06]
  [ 1.02515705e-06  2.66126943e-06 -6.69216269e-06 ... -1.47586006e-06
    6.69191714e-07 -1.96530777e-07]
  [-2.80994732e-06 -7.92626416e-06  1.92881013e-05 ...  2.89591555e-06
   -1.96530777e-07  8.13670154e-07]]]


******** <class 'pyscf.scf.addons.SmearingDFUKS'> ********
method = SmearingDFUKS
initial guess = minao
damping factor = 0.15
level_shift factor = 0.2
DIIS = <class 'pyscf.scf.diis.CDIIS'>
diis_start_cycle = 1
diis_space = 12
diis_damp = 0
SCF conv_tol = 5e-05
SCF conv_tol_grad = None
SCF max_cycles = 80
direct_scf = True
direct_scf_tol = 1e-13
chkfile to save SCF result = /tmp/tmpwsb1400p
max_memory 4000 MB (current use 86767 MB)
number electrons alpha = 325  beta = 323
XC library pyscf.dft.libxc version 6.1.0
    S. Lehtola, C. Steigemann, M. J.T. Oliveira, and M. A.L. Marques.,  SoftwareX 7, 1–5 (2018)
XC functionals = pbe
    J. P. Perdew, K. Burke, and M. Ernzerhof.,  Phys. Rev. Lett. 77, 3865 (1996)
    J. P. Perdew, K. Burke, and M. Ernzerhof.,  Phys. Rev. Lett. 78, 1396 (1997)
    J. P. Perdew, K. Burke, and M. Ernzerhof.,  Phys. Rev. Lett. 77, 3865 (1996)
    J. P. Perdew, K. Burke, and M. Ernzerhof.,  Phys. Rev. Lett. 78, 1396 (1997)
small_rho_cutoff = 1e-06
Set gradient conv threshold to 0.00707107
    Total E(T) = -12111.6541654263  Free energy = -12111.7187110219  E0 = -12111.6864382241
init E= -12111.6541654263
    sigma = 0.005  Optimized mu_alpha = -0.198555702689  entropy = 3.2774107812e-07
    sigma = 0.005  Optimized mu_beta  = -0.201140875462  entropy = 3.2774107812e-07
    Total E(T) = -12111.6545856309  Free energy = -12111.6545856326  E0 = -12111.6545856317
cycle= 1 E= -12111.6545856309  delta_E= -0.00042  |g|= 0.0931  |ddm|= 85.9
    sigma = 0.005  Optimized mu_alpha = -0.198514149389  entropy = 3.28823776761e-07
    sigma = 0.005  Optimized mu_beta  = -0.201081610583  entropy = 3.28823776761e-07
    Total E(T) = -12111.6544957739  Free energy = -12111.6544957755  E0 = -12111.6544957747
cycle= 2 E= -12111.6544957739  delta_E= 8.99e-05  |g|= 0.115  |ddm|=  149
    sigma = 0.005  Optimized mu_alpha = -0.198639482159  entropy = 3.28901619799e-07
    sigma = 0.005  Optimized mu_beta  = -0.201220971398  entropy = 3.28901619799e-07
    Total E(T) = -12111.6546479114  Free energy = -12111.6546479131  E0 = -12111.6546479123
cycle= 3 E= -12111.6546479114  delta_E= -0.000152  |g|= 0.0848  |ddm|=  143
    sigma = 0.005  Optimized mu_alpha = -0.198511206751  entropy = 3.2788228792e-07
    sigma = 0.005  Optimized mu_beta  = -0.201091605586  entropy = 3.2788228792e-07
    Total E(T) = -12111.6547182884  Free energy = -12111.65471829  E0 = -12111.6547182892
cycle= 4 E= -12111.6547182884  delta_E= -7.04e-05  |g|= 0.0279  |ddm|=   27
    sigma = 0.005  Optimized mu_alpha = -0.198537388281  entropy = 3.27910193303e-07
    sigma = 0.005  Optimized mu_beta  = -0.201115957885  entropy = 3.27910193303e-07
    Total E(T) = -12111.6547445319  Free energy = -12111.6547445335  E0 = -12111.6547445327
cycle= 5 E= -12111.6547445319  delta_E= -2.62e-05  |g|= 0.0115  |ddm|=   18
    sigma = 0.005  Optimized mu_alpha = -0.198546444071  entropy = 3.28075625508e-07
    sigma = 0.005  Optimized mu_beta  = -0.201123128113  entropy = 3.28075625508e-07
    Total E(T) = -12111.6547514155  Free energy = -12111.6547514171  E0 = -12111.6547514163
cycle= 6 E= -12111.6547514155  delta_E= -6.88e-06  |g|= 0.00556  |ddm|= 12.3
    sigma = 0.005  Optimized mu_alpha = -0.298096365333  entropy = 12.9114061537
    sigma = 0.005  Optimized mu_beta  = -0.30096904671  entropy = 12.9114061537
    Total E(T) = -12111.6190585873  Free energy = -12111.6836156181  E0 = -12111.6513371027
Extra cycle  E= -12111.6190585873  delta_E= 0.0357  |g|= 0.167  |ddm|=  869
converged SCF energy = -12111.6190585873  <S^2> = 6.0119635  2S+1 = 5.0047831
step=   4 L=-12267.42282965 Ef=-12267.44592944 |grad|=6.57082e-02
dm0 check [[[ 4.54323752e-09  6.95918939e-08  5.21727234e-07 ... -2.07954619e-08
    1.31126530e-06 -1.75500435e-07]
  [ 6.95918939e-08  1.06664889e-06  7.96997840e-06 ... -2.63970373e-07
    1.99195535e-05 -2.96412950e-06]
  [ 5.21727234e-07  7.96997840e-06  6.08156486e-05 ... -6.58576867e-06
    1.56574106e-04 -1.42407358e-05]
  ...
  [-2.07954619e-08 -2.63970373e-07 -6.58576867e-06 ...  2.21446830e-04
    1.76406485e-06 -1.84557133e-04]
  [ 1.31126530e-06  1.99195535e-05  1.56574106e-04 ...  1.76406485e-06
    4.42306827e-04 -1.95983468e-06]
  [-1.75500435e-07 -2.96412950e-06 -1.42407358e-05 ... -1.84557133e-04
   -1.95983468e-06  6.13774553e-04]]

 [[ 4.87595599e-09  7.35945980e-08  5.95661782e-07 ...  1.12975214e-07
    1.49933464e-06 -3.97825599e-07]
  [ 7.35945980e-08  1.11180796e-06  8.95465868e-06 ...  1.90735637e-06
    2.24347822e-05 -6.32599553e-06]
  [ 5.95661782e-07  8.95465868e-06  7.41909020e-05 ...  3.51717262e-06
    1.89629032e-04 -3.98328413e-05]
  ...
  [ 1.12975214e-07  1.90735637e-06  3.51717262e-06 ...  2.44869916e-04
    2.42770742e-06 -2.03953410e-04]
  [ 1.49933464e-06  2.24347822e-05  1.89629032e-04 ...  2.42770742e-06
    5.08125782e-04 -2.32380753e-06]
  [-3.97825599e-07 -6.32599553e-06 -3.98328413e-05 ... -2.03953410e-04
   -2.32380753e-06  6.97827102e-04]]]
converged SCF energy = -150.224312471222  <S^2> = 2.0046462  2S+1 = 3.0030958
dm0 check [[[ 3.68487906e-09  5.62908460e-08  4.28458647e-07 ... -1.08349590e-08
    1.04402233e-06 -6.11155476e-08]
  [ 5.62908460e-08  8.60537474e-07  6.52500612e-06 ...  6.14359592e-09
    1.57689838e-05 -1.28626770e-06]
  [ 4.28458647e-07  6.52500612e-06  5.06754409e-05 ... -9.85989748e-06
    1.28790994e-04  8.41318632e-07]
  ...
  [-1.08349590e-08  6.14359592e-09 -9.85989748e-06 ...  2.38032811e-04
   -1.69983087e-06 -1.61419572e-04]
  [ 1.04402233e-06  1.57689838e-05  1.28790994e-04 ... -1.69983087e-06
    4.07603393e-04 -3.57694789e-06]
  [-6.11155476e-08 -1.28626770e-06  8.41318632e-07 ... -1.61419572e-04
   -3.57694789e-06  5.54188099e-04]]

 [[ 7.00926148e-09  1.06317381e-07  8.17184005e-07 ... -6.51957581e-08
    9.00761058e-07 -2.57099127e-07]
  [ 1.06317381e-07  1.61357475e-06  1.23656215e-05 ... -8.33161920e-07
    1.36182839e-05 -4.24401632e-06]
  [ 8.17184005e-07  1.23656215e-05  9.64728068e-05 ... -1.50907516e-05
    1.12191739e-04 -2.15876516e-05]
  ...
  [-6.51957581e-08 -8.33161920e-07 -1.50907516e-05 ...  2.24303970e-04
    5.78288014e-07 -1.84646077e-04]
  [ 9.00761058e-07  1.36182839e-05  1.12191739e-04 ...  5.78288014e-07
    4.22102005e-04 -2.81605750e-06]
  [-2.57099127e-07 -4.24401632e-06 -2.15876516e-05 ... -1.84646077e-04
   -2.81605750e-06  6.02501187e-04]]]
converged SCF energy = -150.246048085253  <S^2> = 0.88239971  2S+1 = 2.1282854
dm0 check [[ 3.79473249e-01  6.12242448e-01 -1.25323768e-01 ... -1.75244291e-05
   1.80856829e-06 -6.04208971e-06]
 [ 6.12242448e-01  1.01539668e+00 -3.34402390e-01 ... -4.68368918e-05
   4.66056719e-06 -1.69862676e-05]
 [-1.25323768e-01 -3.34402390e-01  6.76256563e-01 ...  1.14821927e-04
  -1.17222842e-05  4.13487950e-05]
 ...
 [-1.75244291e-05 -4.68368918e-05  1.14821927e-04 ...  2.62494669e-05
  -2.82184254e-06  5.63922514e-06]
 [ 1.80856829e-06  4.66056719e-06 -1.17222842e-05 ... -2.82184254e-06
   1.33198602e-06 -3.73009773e-07]
 [-6.04208971e-06 -1.69862676e-05  4.13487950e-05 ...  5.63922514e-06
  -3.73009773e-07  1.59228862e-06]]


******** <class 'pyscf.scf.addons.SmearingDFRKS'> ********
method = SmearingDFRKS
initial guess = minao
damping factor = 0.15
level_shift factor = 0.2
DIIS = <class 'pyscf.scf.diis.CDIIS'>
diis_start_cycle = 1
diis_space = 12
diis_damp = 0
SCF conv_tol = 5e-05
SCF conv_tol_grad = None
SCF max_cycles = 80
direct_scf = True
direct_scf_tol = 1e-13
chkfile to save SCF result = /tmp/tmpxop47afo
max_memory 4000 MB (current use 86674 MB)
XC library pyscf.dft.libxc version 6.1.0
    S. Lehtola, C. Steigemann, M. J.T. Oliveira, and M. A.L. Marques.,  SoftwareX 7, 1–5 (2018)
XC functionals = pbe
    J. P. Perdew, K. Burke, and M. Ernzerhof.,  Phys. Rev. Lett. 77, 3865 (1996)
    J. P. Perdew, K. Burke, and M. Ernzerhof.,  Phys. Rev. Lett. 78, 1396 (1997)
    J. P. Perdew, K. Burke, and M. Ernzerhof.,  Phys. Rev. Lett. 77, 3865 (1996)
    J. P. Perdew, K. Burke, and M. Ernzerhof.,  Phys. Rev. Lett. 78, 1396 (1997)
small_rho_cutoff = 1e-06
Set gradient conv threshold to 0.00707107
    Total E(T) = -12111.9826110665  Free energy = -12113.0015765287  E0 = -12112.4920937976
init E= -12111.9826110665
    sigma = 0.02  Optimized mu = -0.0531755190445  entropy = 1.49079153237
    Total E(T) = -12111.9826092006  Free energy = -12112.0124250312  E0 = -12111.9975171159
cycle= 1 E= -12111.9826092006  delta_E= 1.87e-06  |g|= 0.0131  |ddm|= 21.7
    sigma = 0.02  Optimized mu = -0.0531417277127  entropy = 1.49080707671
    Total E(T) = -12111.982563823  Free energy = -12112.0123799645  E0 = -12111.9974718938
cycle= 2 E= -12111.982563823  delta_E= 4.54e-05  |g|= 0.0369  |ddm|= 54.5
    sigma = 0.02  Optimized mu = -0.0531693504711  entropy = 1.49078468271
    Total E(T) = -12111.9826095106  Free energy = -12112.0124252043  E0 = -12111.9975173575
cycle= 3 E= -12111.9826095106  delta_E= -4.57e-05  |g|= 0.00867  |ddm|= 25.4
    sigma = 0.02  Optimized mu = -0.0531603349033  entropy = 1.49079294138
    Total E(T) = -12111.9826163365  Free energy = -12112.0124321953  E0 = -12111.9975242659
cycle= 4 E= -12111.9826163365  delta_E= -6.83e-06  |g|= 0.0056  |ddm|= 16.1
    sigma = 0.02  Optimized mu = -0.153113720902  entropy = 50.9485915311
    Total E(T) = -12111.4554020986  Free energy = -12112.4743739292  E0 = -12111.9648880139
Extra cycle  E= -12111.4554020986  delta_E= 0.527  |g|= 0.392  |ddm|= 4e+03
converged SCF energy = -12111.4554020986
dm0 check [[[ 1.89758489e-01  3.06179870e-01 -6.27997428e-02 ... -8.38795184e-06
    8.78095719e-07 -2.92111914e-06]
  [ 3.06179870e-01  5.07854324e-01 -1.67565717e-01 ... -2.23910335e-05
    2.25806045e-06 -8.22011593e-06]
  [-6.27997428e-02 -1.67565717e-01  3.38971525e-01 ...  5.47634776e-05
   -5.67631304e-06  1.99782453e-05]
  ...
  [-8.38795184e-06 -2.23910335e-05  5.47634776e-05 ...  1.27207572e-05
   -1.34048736e-06  2.70046855e-06]
  [ 8.78095719e-07  2.25806045e-06 -5.67631304e-06 ... -1.34048736e-06
    6.65950880e-07 -1.61625585e-07]
  [-2.92111914e-06 -8.22011593e-06  1.99782453e-05 ...  2.70046855e-06
   -1.61625585e-07  7.79161608e-07]]

 [[ 1.89738207e-01  3.06124317e-01 -6.26736569e-02 ... -7.15947499e-06
    9.70909701e-07 -2.68926103e-06]
  [ 3.06124317e-01  5.07705941e-01 -1.67233802e-01 ... -1.91033304e-05
    2.51251734e-06 -7.59946427e-06]
  [-6.26736569e-02 -1.67233802e-01  3.38231450e-01 ...  4.69919670e-05
   -6.32538080e-06  1.85106510e-05]
  ...
  [-7.15947499e-06 -1.91033304e-05  4.69919670e-05 ...  1.24985262e-05
   -1.36817055e-06  2.67509488e-06]
  [ 9.70909701e-07  2.51251734e-06 -6.32538080e-06 ... -1.36817055e-06
    6.56911097e-07 -1.71741183e-07]
  [-2.68926103e-06 -7.59946427e-06  1.85106510e-05 ...  2.67509488e-06
   -1.71741183e-07  7.64380800e-07]]]


******** <class 'pyscf.scf.addons.SmearingDFUKS'> ********
method = SmearingDFUKS
initial guess = minao
damping factor = 0.15
level_shift factor = 0.2
DIIS = <class 'pyscf.scf.diis.CDIIS'>
diis_start_cycle = 1
diis_space = 12
diis_damp = 0
SCF conv_tol = 5e-05
SCF conv_tol_grad = None
SCF max_cycles = 80
direct_scf = True
direct_scf_tol = 1e-13
chkfile to save SCF result = /tmp/tmpwsb1400p
max_memory 4000 MB (current use 86674 MB)
number electrons alpha = 325  beta = 323
XC library pyscf.dft.libxc version 6.1.0
    S. Lehtola, C. Steigemann, M. J.T. Oliveira, and M. A.L. Marques.,  SoftwareX 7, 1–5 (2018)
XC functionals = pbe
    J. P. Perdew, K. Burke, and M. Ernzerhof.,  Phys. Rev. Lett. 77, 3865 (1996)
    J. P. Perdew, K. Burke, and M. Ernzerhof.,  Phys. Rev. Lett. 78, 1396 (1997)
    J. P. Perdew, K. Burke, and M. Ernzerhof.,  Phys. Rev. Lett. 77, 3865 (1996)
    J. P. Perdew, K. Burke, and M. Ernzerhof.,  Phys. Rev. Lett. 78, 1396 (1997)
small_rho_cutoff = 1e-06
Set gradient conv threshold to 0.00707107
    Total E(T) = -12111.5331577295  Free energy = -12111.5977147603  E0 = -12111.5654362449
init E= -12111.5331577295
    sigma = 0.005  Optimized mu_alpha = -0.198544186383  entropy = 3.28017179413e-07
    sigma = 0.005  Optimized mu_beta  = -0.201120922105  entropy = 3.28017179413e-07
    Total E(T) = -12111.5331579713  Free energy = -12111.5331579729  E0 = -12111.5331579721
cycle= 1 E= -12111.5331579713  delta_E= -2.42e-07  |g|= 0.0155  |ddm|= 13.2
    sigma = 0.005  Optimized mu_alpha = -0.198581873561  entropy = 3.28493721312e-07
    sigma = 0.005  Optimized mu_beta  = -0.20115697582  entropy = 3.28493721312e-07
    Total E(T) = -12111.5331295344  Free energy = -12111.5331295361  E0 = -12111.5331295352
cycle= 2 E= -12111.5331295344  delta_E= 2.84e-05  |g|= 0.0419  |ddm|= 30.2
    sigma = 0.005  Optimized mu_alpha = -0.198535002051  entropy = 3.27979127359e-07
    sigma = 0.005  Optimized mu_beta  = -0.201112573349  entropy = 3.27979127359e-07
    Total E(T) = -12111.5331609884  Free energy = -12111.5331609901  E0 = -12111.5331609893
cycle= 3 E= -12111.5331609884  delta_E= -3.15e-05  |g|= 0.00661  |ddm|= 16.1
    sigma = 0.005  Optimized mu_alpha = -0.298086041407  entropy = 12.9067726963
    sigma = 0.005  Optimized mu_beta  = -0.300960261921  entropy = 12.9067726963
    Total E(T) = -12111.497531495  Free energy = -12111.5620653584  E0 = -12111.5297984267
Extra cycle  E= -12111.497531495  delta_E= 0.0356  |g|= 0.167  |ddm|=  870
converged SCF energy = -12111.497531495  <S^2> = 6.0119706  2S+1 = 5.004786
step=   5 L=-12267.42273039 Ef=-12267.44544595 |grad|=6.73801e-02
dm0 check [[[ 4.54323696e-09  6.95918863e-08  5.21727177e-07 ... -2.07953687e-08
    1.31126555e-06 -1.75500271e-07]
  [ 6.95918863e-08  1.06664878e-06  7.96997774e-06 ... -2.63966627e-07
    1.99195506e-05 -2.96412748e-06]
  [ 5.21727177e-07  7.96997774e-06  6.08156443e-05 ... -6.58575433e-06
    1.56574083e-04 -1.42407103e-05]
  ...
  [-2.07953687e-08 -2.63966627e-07 -6.58575433e-06 ...  2.21447000e-04
    1.76406414e-06 -1.84557273e-04]
  [ 1.31126555e-06  1.99195506e-05  1.56574083e-04 ...  1.76406414e-06
    4.42306922e-04 -1.95984172e-06]
  [-1.75500271e-07 -2.96412748e-06 -1.42407103e-05 ... -1.84557273e-04
   -1.95984172e-06  6.13774771e-04]]

 [[ 4.87595524e-09  7.35945892e-08  5.95661713e-07 ...  1.12975341e-07
    1.49933411e-06 -3.97825311e-07]
  [ 7.35945892e-08  1.11180787e-06  8.95465801e-06 ...  1.90735870e-06
    2.24347752e-05 -6.32599266e-06]
  [ 5.95661713e-07  8.95465801e-06  7.41908968e-05 ...  3.51717792e-06
    1.89628971e-04 -3.98328110e-05]
  ...
  [ 1.12975341e-07  1.90735870e-06  3.51717792e-06 ...  2.44870041e-04
    2.42770270e-06 -2.03953513e-04]
  [ 1.49933411e-06  2.24347752e-05  1.89628971e-04 ...  2.42770270e-06
    5.08125456e-04 -2.32381789e-06]
  [-3.97825311e-07 -6.32599266e-06 -3.98328110e-05 ... -2.03953513e-04
   -2.32381789e-06  6.97826850e-04]]]
converged SCF energy = -150.224312471221  <S^2> = 2.0046462  2S+1 = 3.0030958
dm0 check [[[ 3.68485108e-09  5.62903822e-08  4.28455533e-07 ... -1.08341508e-08
    1.04401933e-06 -6.11176597e-08]
  [ 5.62903822e-08  8.60529832e-07  6.52495428e-06 ...  6.17197889e-09
    1.57689430e-05 -1.28630634e-06]
  [ 4.28455533e-07  6.52495428e-06  5.06750823e-05 ... -9.85974743e-06
    1.28790632e-04  8.41049605e-07]
  ...
  [-1.08341508e-08  6.17197889e-09 -9.85974743e-06 ...  2.38033053e-04
   -1.70029469e-06 -1.61419143e-04]
  [ 1.04401933e-06  1.57689430e-05  1.28790632e-04 ... -1.70029469e-06
    4.07602707e-04 -3.57716722e-06]
  [-6.11176597e-08 -1.28630634e-06  8.41049605e-07 ... -1.61419143e-04
   -3.57716722e-06  5.54186667e-04]]

 [[ 7.00918967e-09  1.06315899e-07  8.17173184e-07 ... -6.51980847e-08
    9.00758539e-07 -2.57090221e-07]
  [ 1.06315899e-07  1.61354645e-06  1.23654112e-05 ... -8.33184494e-07
    1.36182877e-05 -4.24388402e-06]
  [ 8.17173184e-07  1.23654112e-05  9.64712522e-05 ... -1.50909404e-05
    1.12191553e-04 -2.15865560e-05]
  ...
  [-6.51980847e-08 -8.33184494e-07 -1.50909404e-05 ...  2.24303493e-04
    5.78287268e-07 -1.84645664e-04]
  [ 9.00758539e-07  1.36182877e-05  1.12191553e-04 ...  5.78287268e-07
    4.22100838e-04 -2.81581543e-06]
  [-2.57090221e-07 -4.24388402e-06 -2.15865560e-05 ... -1.84645664e-04
   -2.81581543e-06  6.02499242e-04]]]
converged SCF energy = -150.246048085255  <S^2> = 0.88239992  2S+1 = 2.1282856
dm0 check [[ 3.79478325e-01  6.12245770e-01 -1.25332403e-01 ... -1.74349698e-05
   1.79942462e-06 -6.01716524e-06]
 [ 6.12245770e-01  1.01539412e+00 -3.34418368e-01 ... -4.65952228e-05
   4.63549107e-06 -1.69188077e-05]
 [-1.25332403e-01 -3.34418368e-01  6.76298785e-01 ...  1.14247453e-04
  -1.16605646e-05  4.11882266e-05]
 ...
 [-1.74349698e-05 -4.65952228e-05  1.14247453e-04 ...  2.60711381e-05
  -2.80076217e-06  5.59840133e-06]
 [ 1.79942462e-06  4.63549107e-06 -1.16605646e-05 ... -2.80076217e-06
   1.32934589e-06 -3.67945237e-07]
 [-6.01716524e-06 -1.69188077e-05  4.11882266e-05 ...  5.59840133e-06
  -3.67945237e-07  1.58333614e-06]]


******** <class 'pyscf.scf.addons.SmearingDFRKS'> ********
method = SmearingDFRKS
initial guess = minao
damping factor = 0.15
level_shift factor = 0.2
DIIS = <class 'pyscf.scf.diis.CDIIS'>
diis_start_cycle = 1
diis_space = 12
diis_damp = 0
SCF conv_tol = 5e-05
SCF conv_tol_grad = None
SCF max_cycles = 80
direct_scf = True
direct_scf_tol = 1e-13
chkfile to save SCF result = /tmp/tmpxop47afo
max_memory 4000 MB (current use 86693 MB)
XC library pyscf.dft.libxc version 6.1.0
    S. Lehtola, C. Steigemann, M. J.T. Oliveira, and M. A.L. Marques.,  SoftwareX 7, 1–5 (2018)
XC functionals = pbe
    J. P. Perdew, K. Burke, and M. Ernzerhof.,  Phys. Rev. Lett. 77, 3865 (1996)
    J. P. Perdew, K. Burke, and M. Ernzerhof.,  Phys. Rev. Lett. 78, 1396 (1997)
    J. P. Perdew, K. Burke, and M. Ernzerhof.,  Phys. Rev. Lett. 77, 3865 (1996)
    J. P. Perdew, K. Burke, and M. Ernzerhof.,  Phys. Rev. Lett. 78, 1396 (1997)
small_rho_cutoff = 1e-06
Set gradient conv threshold to 0.00707107
    Total E(T) = -12111.9671108702  Free energy = -12112.9860827008  E0 = -12112.4765967855
init E= -12111.9671108702
    sigma = 0.02  Optimized mu = -0.053200228797  entropy = 1.49071247957
    Total E(T) = -12111.9670962454  Free energy = -12111.996910495  E0 = -12111.9820033702
cycle= 1 E= -12111.9670962454  delta_E= 1.46e-05  |g|= 0.0203  |ddm|=   33
    sigma = 0.02  Optimized mu = -0.0530529851395  entropy = 1.49121619675
    Total E(T) = -12111.9669713868  Free energy = -12111.9967957107  E0 = -12111.9818835487
cycle= 2 E= -12111.9669713868  delta_E= 0.000125  |g|= 0.0602  |ddm|= 92.7
    sigma = 0.02  Optimized mu = -0.0531747597858  entropy = 1.49076411067
    Total E(T) = -12111.9670631912  Free energy = -12111.9968784734  E0 = -12111.9819708323
cycle= 3 E= -12111.9670631912  delta_E= -9.18e-05  |g|= 0.0271  |ddm|= 31.4
    sigma = 0.02  Optimized mu = -0.0531690477353  entropy = 1.49075843274
    Total E(T) = -12111.9670954449  Free energy = -12111.9969106136  E0 = -12111.9820030293
cycle= 4 E= -12111.9670954449  delta_E= -3.23e-05  |g|= 0.016  |ddm|= 15.7
    sigma = 0.02  Optimized mu = -0.0531727914447  entropy = 1.49074387634
    Total E(T) = -12111.9671071117  Free energy = -12111.9969219893  E0 = -12111.9820145505
cycle= 5 E= -12111.9671071117  delta_E= -1.17e-05  |g|= 0.00983  |ddm|= 10.1
    sigma = 0.02  Optimized mu = -0.0531649988672  entropy = 1.49078176207
    Total E(T) = -12111.967111455  Free energy = -12111.9969270902  E0 = -12111.9820192726
cycle= 6 E= -12111.967111455  delta_E= -4.34e-06  |g|= 0.00575  |ddm|= 5.25
    sigma = 0.02  Optimized mu = -0.153122644158  entropy = 50.9483993827
    Total E(T) = -12111.4397887533  Free energy = -12112.458756741  E0 = -12111.9492727471
Extra cycle  E= -12111.4397887533  delta_E= 0.527  |g|= 0.397  |ddm|= 4e+03
converged SCF energy = -12111.4397887533
dm0 check [[[ 1.89760963e-01  3.06181447e-01 -6.28036752e-02 ... -8.34556169e-06
    8.74625455e-07 -2.90929413e-06]
  [ 3.06181447e-01  5.07852926e-01 -1.67572815e-01 ... -2.22765356e-05
    2.24848856e-06 -8.18811944e-06]
  [-6.28036752e-02 -1.67572815e-01  3.38989988e-01 ...  5.44913402e-05
   -5.65259406e-06  1.99020629e-05]
  ...
  [-8.34556169e-06 -2.22765356e-05  5.44913402e-05 ...  1.26333521e-05
   -1.33105371e-06  2.68038246e-06]
  [ 8.74625455e-07  2.24848856e-06 -5.65259406e-06 ... -1.33105371e-06
    6.64516715e-07 -1.59447600e-07]
  [-2.90929413e-06 -8.18811944e-06  1.99020629e-05 ...  2.68038246e-06
   -1.59447600e-07  7.74652231e-07]]

 [[ 1.89740724e-01  3.06126009e-01 -6.26778466e-02 ... -7.12017948e-06
    9.66219333e-07 -2.67755116e-06]
  [ 3.06126009e-01  5.07704851e-01 -1.67241597e-01 ... -1.89971251e-05
    2.49963812e-06 -7.56775743e-06]
  [-6.26778466e-02 -1.67241597e-01  3.38251479e-01 ...  4.67379209e-05
   -6.29344317e-06  1.84347099e-05]
  ...
  [-7.12017948e-06 -1.89971251e-05  4.67379209e-05 ...  1.24113274e-05
   -1.35844759e-06  2.65514621e-06]
  [ 9.66219333e-07  2.49963812e-06 -6.29344317e-06 ... -1.35844759e-06
    6.55435770e-07 -1.69514855e-07]
  [-2.67755116e-06 -7.56775743e-06  1.84347099e-05 ...  2.65514621e-06
   -1.69514855e-07  7.59908282e-07]]]


******** <class 'pyscf.scf.addons.SmearingDFUKS'> ********
method = SmearingDFUKS
initial guess = minao
damping factor = 0.15
level_shift factor = 0.2
DIIS = <class 'pyscf.scf.diis.CDIIS'>
diis_start_cycle = 1
diis_space = 12
diis_damp = 0
SCF conv_tol = 5e-05
SCF conv_tol_grad = None
SCF max_cycles = 80
direct_scf = True
direct_scf_tol = 1e-13
chkfile to save SCF result = /tmp/tmpwsb1400p
max_memory 4000 MB (current use 86655 MB)
number electrons alpha = 325  beta = 323
XC library pyscf.dft.libxc version 6.1.0
    S. Lehtola, C. Steigemann, M. J.T. Oliveira, and M. A.L. Marques.,  SoftwareX 7, 1–5 (2018)
XC functionals = pbe
    J. P. Perdew, K. Burke, and M. Ernzerhof.,  Phys. Rev. Lett. 77, 3865 (1996)
    J. P. Perdew, K. Burke, and M. Ernzerhof.,  Phys. Rev. Lett. 78, 1396 (1997)
    J. P. Perdew, K. Burke, and M. Ernzerhof.,  Phys. Rev. Lett. 77, 3865 (1996)
    J. P. Perdew, K. Burke, and M. Ernzerhof.,  Phys. Rev. Lett. 78, 1396 (1997)
small_rho_cutoff = 1e-06
Set gradient conv threshold to 0.00707107
    Total E(T) = -12111.5176551295  Free energy = -12111.582188993  E0 = -12111.5499220613
init E= -12111.5176551295
    sigma = 0.005  Optimized mu_alpha = -0.198528097861  entropy = 3.27788094723e-07
    sigma = 0.005  Optimized mu_beta  = -0.201106661113  entropy = 3.27788094723e-07
    Total E(T) = -12111.517640516  Free energy = -12111.5176405176  E0 = -12111.5176405168
cycle= 1 E= -12111.517640516  delta_E= 1.46e-05  |g|= 0.03  |ddm|= 26.1
    sigma = 0.005  Optimized mu_alpha = -0.19862028029  entropy = 3.29255796837e-07
    sigma = 0.005  Optimized mu_beta  = -0.201191037102  entropy = 3.29255796837e-07
    Total E(T) = -12111.5175325374  Free energy = -12111.5175325391  E0 = -12111.5175325382
cycle= 2 E= -12111.5175325374  delta_E= 0.000108  |g|= 0.0809  |ddm|= 60.3
    sigma = 0.005  Optimized mu_alpha = -0.198543863229  entropy = 3.28107506663e-07
    sigma = 0.005  Optimized mu_beta  = -0.201120509151  entropy = 3.28107506663e-07
    Total E(T) = -12111.5176137622  Free energy = -12111.5176137638  E0 = -12111.517613763
cycle= 3 E= -12111.5176137622  delta_E= -8.12e-05  |g|= 0.035  |ddm|= 19.2
    sigma = 0.005  Optimized mu_alpha = -0.198543167559  entropy = 3.27995340037e-07
    sigma = 0.005  Optimized mu_beta  = -0.201120581476  entropy = 3.27995340037e-07
    Total E(T) = -12111.5176441466  Free energy = -12111.5176441483  E0 = -12111.5176441474
cycle= 4 E= -12111.5176441466  delta_E= -3.04e-05  |g|= 0.0199  |ddm|= 12.1
    sigma = 0.005  Optimized mu_alpha = -0.198544665022  entropy = 3.28017605082e-07
    sigma = 0.005  Optimized mu_beta  = -0.201121738693  entropy = 3.28017605082e-07
    Total E(T) = -12111.5176548765  Free energy = -12111.5176548782  E0 = -12111.5176548773
cycle= 5 E= -12111.5176548765  delta_E= -1.07e-05  |g|= 0.0109  |ddm|= 5.99
    sigma = 0.005  Optimized mu_alpha = -0.198547222315  entropy = 3.28044047461e-07
    sigma = 0.005  Optimized mu_beta  = -0.201124128912  entropy = 3.28044047461e-07
    Total E(T) = -12111.5176584503  Free energy = -12111.517658452  E0 = -12111.5176584511
cycle= 6 E= -12111.5176584503  delta_E= -3.57e-06  |g|= 0.0055  |ddm|= 4.83
    sigma = 0.005  Optimized mu_alpha = -0.298088395945  entropy = 12.91009783
    sigma = 0.005  Optimized mu_beta  = -0.300961899537  entropy = 12.91009783
    Total E(T) = -12111.4820558044  Free energy = -12111.5466062935  E0 = -12111.5143310489
Extra cycle  E= -12111.4820558044  delta_E= 0.0356  |g|= 0.164  |ddm|=  869
converged SCF energy = -12111.4820558044  <S^2> = 6.0119685  2S+1 = 5.0047851
step=   6 L=-12267.42262866 Ef=-12267.44530135 |grad|=6.77064e-02
dm0 check [[[ 4.54323693e-09  6.95918869e-08  5.21727188e-07 ... -2.07954895e-08
    1.31126525e-06 -1.75500131e-07]
  [ 6.95918869e-08  1.06664881e-06  7.96997795e-06 ... -2.63971272e-07
    1.99195545e-05 -2.96412560e-06]
  [ 5.21727188e-07  7.96997795e-06  6.08156457e-05 ... -6.58577409e-06
    1.56574113e-04 -1.42407109e-05]
  ...
  [-2.07954895e-08 -2.63971272e-07 -6.58577409e-06 ...  2.21446825e-04
    1.76406293e-06 -1.84557128e-04]
  [ 1.31126525e-06  1.99195545e-05  1.56574113e-04 ...  1.76406293e-06
    4.42306835e-04 -1.95984290e-06]
  [-1.75500131e-07 -2.96412560e-06 -1.42407109e-05 ... -1.84557128e-04
   -1.95984290e-06  6.13774558e-04]]

 [[ 4.87595541e-09  7.35945920e-08  5.95661734e-07 ...  1.12975157e-07
    1.49933471e-06 -3.97825313e-07]
  [ 7.35945920e-08  1.11180792e-06  8.95465831e-06 ...  1.90735528e-06
    2.24347841e-05 -6.32599211e-06]
  [ 5.95661734e-07  8.95465831e-06  7.41908991e-05 ...  3.51716626e-06
    1.89629047e-04 -3.98328195e-05]
  ...
  [ 1.12975157e-07  1.90735528e-06  3.51716626e-06 ...  2.44869913e-04
    2.42770267e-06 -2.03953406e-04]
  [ 1.49933471e-06  2.24347841e-05  1.89629047e-04 ...  2.42770267e-06
    5.08125853e-04 -2.32381934e-06]
  [-3.97825313e-07 -6.32599211e-06 -3.98328195e-05 ... -2.03953406e-04
   -2.32381934e-06  6.97827175e-04]]]
converged SCF energy = -150.224312471222  <S^2> = 2.0046462  2S+1 = 3.0030958
dm0 check [[[ 3.68481974e-09  5.62899683e-08  4.28452447e-07 ... -1.08338883e-08
    1.04401583e-06 -6.11186911e-08]
  [ 5.62899683e-08  8.60524479e-07  6.52491529e-06 ...  6.17321187e-09
    1.57689136e-05 -1.28632694e-06]
  [ 4.28452447e-07  6.52491529e-06  5.06747829e-05 ... -9.85972510e-06
    1.28790354e-04  8.40903862e-07]
  ...
  [-1.08338883e-08  6.17321187e-09 -9.85972510e-06 ...  2.38033205e-04
   -1.70088859e-06 -1.61419065e-04]
  [ 1.04401583e-06  1.57689136e-05  1.28790354e-04 ... -1.70088859e-06
    4.07602903e-04 -3.57746059e-06]
  [-6.11186911e-08 -1.28632694e-06  8.40903862e-07 ... -1.61419065e-04
   -3.57746059e-06  5.54186888e-04]]

 [[ 7.00915664e-09  1.06315412e-07  8.17169166e-07 ... -6.52002763e-08
    9.00756610e-07 -2.57083243e-07]
  [ 1.06315412e-07  1.61353928e-06  1.23653525e-05 ... -8.33220235e-07
    1.36182744e-05 -4.24378819e-06]
  [ 8.17169166e-07  1.23653525e-05  9.64707626e-05 ... -1.50911750e-05
    1.12191304e-04 -2.15857346e-05]
  ...
  [-6.52002763e-08 -8.33220235e-07 -1.50911750e-05 ...  2.24303447e-04
    5.78271955e-07 -1.84645639e-04]
  [ 9.00756610e-07  1.36182744e-05  1.12191304e-04 ...  5.78271955e-07
    4.22100724e-04 -2.81558465e-06]
  [-2.57083243e-07 -4.24378819e-06 -2.15857346e-05 ... -1.84645639e-04
   -2.81558465e-06  6.02498934e-04]]]
converged SCF energy = -150.246048085256  <S^2> = 0.88240051  2S+1 = 2.1282862
dm0 check [[ 3.79479016e-01  6.12246315e-01 -1.25333826e-01 ... -1.74182997e-05
   1.80016839e-06 -6.01252721e-06]
 [ 6.12246315e-01  1.01539413e+00 -3.34421299e-01 ... -4.65502525e-05
   4.63745093e-06 -1.69062800e-05]
 [-1.25333826e-01 -3.34421299e-01  6.76306534e-01 ...  1.14140179e-04
  -1.16652983e-05  4.11583262e-05]
 ...
 [-1.74182997e-05 -4.65502525e-05  1.14140179e-04 ...  2.60485224e-05
  -2.79907069e-06  5.59354500e-06]
 [ 1.80016839e-06  4.63745093e-06 -1.16652983e-05 ... -2.79907069e-06
   1.32852652e-06 -3.67613637e-07]
 [-6.01252721e-06 -1.69062800e-05  4.11583262e-05 ...  5.59354500e-06
  -3.67613637e-07  1.58238860e-06]]


******** <class 'pyscf.scf.addons.SmearingDFRKS'> ********
method = SmearingDFRKS
initial guess = minao
damping factor = 0.15
level_shift factor = 0.2
DIIS = <class 'pyscf.scf.diis.CDIIS'>
diis_start_cycle = 1
diis_space = 12
diis_damp = 0
SCF conv_tol = 5e-05
SCF conv_tol_grad = None
SCF max_cycles = 80
direct_scf = True
direct_scf_tol = 1e-13
chkfile to save SCF result = /tmp/tmpxop47afo
max_memory 4000 MB (current use 86879 MB)
XC library pyscf.dft.libxc version 6.1.0
    S. Lehtola, C. Steigemann, M. J.T. Oliveira, and M. A.L. Marques.,  SoftwareX 7, 1–5 (2018)
XC functionals = pbe
    J. P. Perdew, K. Burke, and M. Ernzerhof.,  Phys. Rev. Lett. 77, 3865 (1996)
    J. P. Perdew, K. Burke, and M. Ernzerhof.,  Phys. Rev. Lett. 78, 1396 (1997)
    J. P. Perdew, K. Burke, and M. Ernzerhof.,  Phys. Rev. Lett. 77, 3865 (1996)
    J. P. Perdew, K. Burke, and M. Ernzerhof.,  Phys. Rev. Lett. 78, 1396 (1997)
small_rho_cutoff = 1e-06
Set gradient conv threshold to 0.00707107
    Total E(T) = -12111.9663824779  Free energy = -12112.9853504656  E0 = -12112.4758664718
init E= -12111.9663824779
    sigma = 0.02  Optimized mu = -0.0532080029688  entropy = 1.49068834122
    Total E(T) = -12111.9663641536  Free energy = -12111.9961779204  E0 = -12111.981271037
cycle= 1 E= -12111.9663641536  delta_E= 1.83e-05  |g|= 0.023  |ddm|= 32.8
    sigma = 0.02  Optimized mu = -0.0530421030882  entropy = 1.49129761105
    Total E(T) = -12111.966205675  Free energy = -12111.9960316272  E0 = -12111.9811186511
cycle= 2 E= -12111.966205675  delta_E= 0.000158  |g|= 0.068  |ddm|= 99.7
    sigma = 0.02  Optimized mu = -0.0531725130671  entropy = 1.49078807479
    Total E(T) = -12111.9663193447  Free energy = -12111.9961351062  E0 = -12111.9812272254
cycle= 3 E= -12111.9663193447  delta_E= -0.000114  |g|= 0.0314  |ddm|= 33.7
    sigma = 0.02  Optimized mu = -0.0531691464924  entropy = 1.49076275512
    Total E(T) = -12111.9663593801  Free energy = -12111.9961746352  E0 = -12111.9812670076
cycle= 4 E= -12111.9663593801  delta_E= -4e-05  |g|= 0.0195  |ddm|= 16.9
    sigma = 0.02  Optimized mu = -0.0531675131733  entropy = 1.49076716339
    Total E(T) = -12111.9663747613  Free energy = -12111.9961901045  E0 = -12111.9812824329
cycle= 5 E= -12111.9663747613  delta_E= -1.54e-05  |g|= 0.0124  |ddm|= 9.69
    sigma = 0.02  Optimized mu = -0.0531663614078  entropy = 1.49077021156
    Total E(T) = -12111.9663809031  Free energy = -12111.9961963074  E0 = -12111.9812886052
cycle= 6 E= -12111.9663809031  delta_E= -6.14e-06  |g|= 0.00807  |ddm|=  5.8
    sigma = 0.02  Optimized mu = -0.0531661064162  entropy = 1.49077100074
    Total E(T) = -12111.9663835316  Free energy = -12111.9961989517  E0 = -12111.9812912416
cycle= 7 E= -12111.9663835316  delta_E= -2.63e-06  |g|= 0.00516  |ddm|= 3.62
    sigma = 0.02  Optimized mu = -0.153110167108  entropy = 50.9486374371
    Total E(T) = -12111.4389319081  Free energy = -12112.4579046569  E0 = -12111.9484182825
Extra cycle  E= -12111.4389319081  delta_E= 0.527  |g|= 0.399  |ddm|= 4e+03
converged SCF energy = -12111.4389319081
dm0 check [[[ 1.89761374e-01  3.06181799e-01 -6.28048275e-02 ... -8.33932313e-06
    8.75316629e-07 -2.90698049e-06]
  [ 3.06181799e-01  5.07853019e-01 -1.67575298e-01 ... -2.22597987e-05
    2.25034473e-06 -8.18188492e-06]
  [-6.28048275e-02 -1.67575298e-01  3.38997086e-01 ...  5.44528242e-05
   -5.65726164e-06  1.98875100e-05]
  ...
  [-8.33932313e-06 -2.22597987e-05  5.44528242e-05 ...  1.26270386e-05
   -1.33019143e-06  2.67882632e-06]
  [ 8.75316629e-07  2.25034473e-06 -5.65726164e-06 ... -1.33019143e-06
    6.64572840e-07 -1.59152003e-07]
  [-2.90698049e-06 -8.18188492e-06  1.98875100e-05 ...  2.67882632e-06
   -1.59152003e-07  7.74390547e-07]]

 [[ 1.89741163e-01  3.06126430e-01 -6.26791475e-02 ... -7.10989725e-06
    9.66217085e-07 -2.67410557e-06]
  [ 3.06126430e-01  5.07705126e-01 -1.67244469e-01 ... -1.89694090e-05
    2.49961741e-06 -7.55845326e-06]
  [-6.26791475e-02 -1.67244469e-01  3.38259380e-01 ...  4.66716939e-05
   -6.29348784e-06  1.84124808e-05]
  ...
  [-7.10989725e-06 -1.89694090e-05  4.66716939e-05 ...  1.24031822e-05
   -1.35749780e-06  2.65346191e-06]
  [ 9.66217085e-07  2.49961741e-06 -6.29348784e-06 ... -1.35749780e-06
    6.55487408e-07 -1.69210252e-07]
  [-2.67410557e-06 -7.55845326e-06  1.84124808e-05 ...  2.65346191e-06
   -1.69210252e-07  7.59654601e-07]]]


******** <class 'pyscf.scf.addons.SmearingDFUKS'> ********
method = SmearingDFUKS
initial guess = minao
damping factor = 0.15
level_shift factor = 0.2
DIIS = <class 'pyscf.scf.diis.CDIIS'>
diis_start_cycle = 1
diis_space = 12
diis_damp = 0
SCF conv_tol = 5e-05
SCF conv_tol_grad = None
SCF max_cycles = 80
direct_scf = True
direct_scf_tol = 1e-13
chkfile to save SCF result = /tmp/tmpwsb1400p
max_memory 4000 MB (current use 86880 MB)
number electrons alpha = 325  beta = 323
XC library pyscf.dft.libxc version 6.1.0
    S. Lehtola, C. Steigemann, M. J.T. Oliveira, and M. A.L. Marques.,  SoftwareX 7, 1–5 (2018)
XC functionals = pbe
    J. P. Perdew, K. Burke, and M. Ernzerhof.,  Phys. Rev. Lett. 77, 3865 (1996)
    J. P. Perdew, K. Burke, and M. Ernzerhof.,  Phys. Rev. Lett. 78, 1396 (1997)
    J. P. Perdew, K. Burke, and M. Ernzerhof.,  Phys. Rev. Lett. 77, 3865 (1996)
    J. P. Perdew, K. Burke, and M. Ernzerhof.,  Phys. Rev. Lett. 78, 1396 (1997)
small_rho_cutoff = 1e-06
Set gradient conv threshold to 0.00707107
    Total E(T) = -12111.5169294569  Free energy = -12111.581479946  E0 = -12111.5492047014
init E= -12111.5169294569
    sigma = 0.005  Optimized mu_alpha = -0.198530282415  entropy = 3.27856904172e-07
    sigma = 0.005  Optimized mu_beta  = -0.2011085977  entropy = 3.27856904172e-07
    Total E(T) = -12111.5169221769  Free energy = -12111.5169221785  E0 = -12111.5169221777
cycle= 1 E= -12111.5169221769  delta_E= 7.28e-06  |g|= 0.0215  |ddm|=   15
    sigma = 0.005  Optimized mu_alpha = -0.198610581937  entropy = 3.28844330212e-07
    sigma = 0.005  Optimized mu_beta  = -0.201182957383  entropy = 3.28844330212e-07
    Total E(T) = -12111.5168637784  Free energy = -12111.51686378  E0 = -12111.5168637792
cycle= 2 E= -12111.5168637784  delta_E= 5.84e-05  |g|= 0.0602  |ddm|= 38.9
    sigma = 0.005  Optimized mu_alpha = -0.198548195967  entropy = 3.28139993159e-07
    sigma = 0.005  Optimized mu_beta  = -0.201124267586  entropy = 3.28139993159e-07
    Total E(T) = -12111.5169058896  Free energy = -12111.5169058913  E0 = -12111.5169058905
cycle= 3 E= -12111.5169058896  delta_E= -4.21e-05  |g|= 0.0272  |ddm|=   13
    sigma = 0.005  Optimized mu_alpha = -0.198546961791  entropy = 3.28047059916e-07
    sigma = 0.005  Optimized mu_beta  = -0.201123854076  entropy = 3.28047059916e-07
    Total E(T) = -12111.5169220132  Free energy = -12111.5169220148  E0 = -12111.516922014
cycle= 4 E= -12111.5169220132  delta_E= -1.61e-05  |g|= 0.0159  |ddm|= 7.01
    sigma = 0.005  Optimized mu_alpha = -0.198547029151  entropy = 3.2805014942e-07
    sigma = 0.005  Optimized mu_beta  = -0.201123847332  entropy = 3.2805014942e-07
    Total E(T) = -12111.5169279903  Free energy = -12111.516927992  E0 = -12111.5169279911
cycle= 5 E= -12111.5169279903  delta_E= -5.98e-06  |g|= 0.00928  |ddm|= 3.89
    sigma = 0.005  Optimized mu_alpha = -0.198549882627  entropy = 3.28062873385e-07
    sigma = 0.005  Optimized mu_beta  = -0.201126641725  entropy = 3.28062873385e-07
    Total E(T) = -12111.5169301297  Free energy = -12111.5169301314  E0 = -12111.5169301305
cycle= 6 E= -12111.5169301297  delta_E= -2.14e-06  |g|= 0.00555  |ddm|= 2.93
    sigma = 0.005  Optimized mu_alpha = -0.298084751413  entropy = 12.9104532334
    sigma = 0.005  Optimized mu_beta  = -0.300958084457  entropy = 12.9104532334
    Total E(T) = -12111.4812959139  Free energy = -12111.5458481801  E0 = -12111.513572047
Extra cycle  E= -12111.4812959139  delta_E= 0.0356  |g|= 0.169  |ddm|=  869
converged SCF energy = -12111.4812959139  <S^2> = 6.011969  2S+1 = 5.0047853
step=   7 L=-12267.42253130 Ef=-12267.44523129 |grad|=6.77219e-02
dm0 check [[[ 4.54323709e-09  6.95918877e-08  5.21727186e-07 ... -2.07953565e-08
    1.31126559e-06 -1.75500317e-07]
  [ 6.95918877e-08  1.06664879e-06  7.96997783e-06 ... -2.63966173e-07
    1.99195502e-05 -2.96412801e-06]
  [ 5.21727186e-07  7.96997783e-06  6.08156448e-05 ... -6.58575223e-06
    1.56574079e-04 -1.42407126e-05]
  ...
  [-2.07953565e-08 -2.63966173e-07 -6.58575223e-06 ...  2.21447013e-04
    1.76406436e-06 -1.84557284e-04]
  [ 1.31126559e-06  1.99195502e-05  1.56574079e-04 ...  1.76406436e-06
    4.42306925e-04 -1.95984088e-06]
  [-1.75500317e-07 -2.96412801e-06 -1.42407126e-05 ... -1.84557284e-04
   -1.95984088e-06  6.13774783e-04]]

 [[ 4.87595534e-09  7.35945903e-08  5.95661721e-07 ...  1.12975362e-07
    1.49933406e-06 -3.97825341e-07]
  [ 7.35945903e-08  1.11180788e-06  8.95465808e-06 ...  1.90735910e-06
    2.24347744e-05 -6.32599302e-06]
  [ 5.95661721e-07  8.95465808e-06  7.41908973e-05 ...  3.51717959e-06
    1.89628963e-04 -3.98328122e-05]
  ...
  [ 1.12975362e-07  1.90735910e-06  3.51717959e-06 ...  2.44870050e-04
    2.42770317e-06 -2.03953521e-04]
  [ 1.49933406e-06  2.24347744e-05  1.89628963e-04 ...  2.42770317e-06
    5.08125414e-04 -2.32381658e-06]
  [-3.97825341e-07 -6.32599302e-06 -3.98328122e-05 ... -2.03953521e-04
   -2.32381658e-06  6.97826813e-04]]]
converged SCF energy = -150.224312471221  <S^2> = 2.0046462  2S+1 = 3.0030958
dm0 check [[[ 3.68479690e-09  5.62896345e-08  4.28449991e-07 ... -1.08343123e-08
    1.04401363e-06 -6.11208842e-08]
  [ 5.62896345e-08  8.60519599e-07  6.52487993e-06 ...  6.16302621e-09
    1.57688857e-05 -1.28636054e-06]
  [ 4.28449991e-07  6.52487993e-06  5.06745164e-05 ... -9.85976818e-06
    1.28790113e-04  8.40655656e-07]
  ...
  [-1.08343123e-08  6.16302621e-09 -9.85976818e-06 ...  2.38033104e-04
   -1.70130576e-06 -1.61419121e-04]
  [ 1.04401363e-06  1.57688857e-05  1.28790113e-04 ... -1.70130576e-06
    4.07603081e-04 -3.57769117e-06]
  [-6.11208842e-08 -1.28636054e-06  8.40655656e-07 ... -1.61419121e-04
   -3.57769117e-06  5.54187092e-04]]

 [[ 7.00914870e-09  1.06315364e-07  8.17168536e-07 ... -6.52020855e-08
    9.00755554e-07 -2.57079206e-07]
  [ 1.06315364e-07  1.61353961e-06  1.23653517e-05 ... -8.33250884e-07
    1.36182556e-05 -4.24372926e-06]
  [ 8.17168536e-07  1.23653517e-05  9.64707247e-05 ... -1.50913763e-05
    1.12191114e-04 -2.15852232e-05]
  ...
  [-6.52020855e-08 -8.33250884e-07 -1.50913763e-05 ...  2.24303480e-04
    5.78241373e-07 -1.84645687e-04]
  [ 9.00755554e-07  1.36182556e-05  1.12191114e-04 ...  5.78241373e-07
    4.22100870e-04 -2.81546519e-06]
  [-2.57079206e-07 -4.24372926e-06 -2.15852232e-05 ... -1.84645687e-04
   -2.81546519e-06  6.02499100e-04]]]
converged SCF energy = -150.246048085251  <S^2> = 0.88239435  2S+1 = 2.1282804
dm0 check [[ 3.79479089e-01  6.12246421e-01 -1.25334126e-01 ... -1.74135675e-05
   1.80091329e-06 -6.01166546e-06]
 [ 6.12246421e-01  1.01539430e+00 -3.34422006e-01 ... -4.65374581e-05
   4.63945473e-06 -1.69039446e-05]
 [-1.25334126e-01 -3.34422006e-01  6.76308329e-01 ...  1.14108985e-04
  -1.16701570e-05  4.11526064e-05]
 ...
 [-1.74135675e-05 -4.65374581e-05  1.14108985e-04 ...  2.60493310e-05
  -2.79938684e-06  5.59385219e-06]
 [ 1.80091329e-06  4.63945473e-06 -1.16701570e-05 ... -2.79938684e-06
   1.32847247e-06 -3.67654852e-07]
 [-6.01166546e-06 -1.69039446e-05  4.11526064e-05 ...  5.59385219e-06
  -3.67654852e-07  1.58255441e-06]]


******** <class 'pyscf.scf.addons.SmearingDFRKS'> ********
method = SmearingDFRKS
initial guess = minao
damping factor = 0.15
level_shift factor = 0.2
DIIS = <class 'pyscf.scf.diis.CDIIS'>
diis_start_cycle = 1
diis_space = 12
diis_damp = 0
SCF conv_tol = 5e-05
SCF conv_tol_grad = None
SCF max_cycles = 80
direct_scf = True
direct_scf_tol = 1e-13
chkfile to save SCF result = /tmp/tmpxop47afo
max_memory 4000 MB (current use 86786 MB)
XC library pyscf.dft.libxc version 6.1.0
    S. Lehtola, C. Steigemann, M. J.T. Oliveira, and M. A.L. Marques.,  SoftwareX 7, 1–5 (2018)
XC functionals = pbe
    J. P. Perdew, K. Burke, and M. Ernzerhof.,  Phys. Rev. Lett. 77, 3865 (1996)
    J. P. Perdew, K. Burke, and M. Ernzerhof.,  Phys. Rev. Lett. 78, 1396 (1997)
    J. P. Perdew, K. Burke, and M. Ernzerhof.,  Phys. Rev. Lett. 77, 3865 (1996)
    J. P. Perdew, K. Burke, and M. Ernzerhof.,  Phys. Rev. Lett. 78, 1396 (1997)
small_rho_cutoff = 1e-06
Set gradient conv threshold to 0.00707107
    Total E(T) = -12111.9663835321  Free energy = -12112.9853562808  E0 = -12112.4758699064
init E= -12111.9663835321
    sigma = 0.02  Optimized mu = -0.0531962832927  entropy = 1.49072977857
    Total E(T) = -12111.9663700916  Free energy = -12111.9961846872  E0 = -12111.9812773894
cycle= 1 E= -12111.9663700916  delta_E= 1.34e-05  |g|= 0.0199  |ddm|= 26.4
    sigma = 0.02  Optimized mu = -0.0530838959173  entropy = 1.49109196446
    Total E(T) = -12111.9662570466  Free energy = -12111.9960788859  E0 = -12111.9811679663
cycle= 2 E= -12111.9662570466  delta_E= 0.000113  |g|= 0.0582  |ddm|= 82.7
    sigma = 0.02  Optimized mu = -0.0531698121184  entropy = 1.49079360608
    Total E(T) = -12111.9663372877  Free energy = -12111.9961531598  E0 = -12111.9812452238
cycle= 3 E= -12111.9663372877  delta_E= -8.02e-05  |g|= 0.0271  |ddm|= 27.6
    sigma = 0.02  Optimized mu = -0.0531670625503  entropy = 1.49077665766
    Total E(T) = -12111.9663662952  Free energy = -12111.9961818284  E0 = -12111.9812740618
cycle= 4 E= -12111.9663662952  delta_E= -2.9e-05  |g|= 0.0169  |ddm|= 13.8
    sigma = 0.02  Optimized mu = -0.0531671067436  entropy = 1.49077338842
    Total E(T) = -12111.9663776296  Free energy = -12111.9961930973  E0 = -12111.9812853634
cycle= 5 E= -12111.9663776296  delta_E= -1.13e-05  |g|= 0.0108  |ddm|= 8.18
    sigma = 0.02  Optimized mu = -0.0531653095025  entropy = 1.49077912841
    Total E(T) = -12111.9663821964  Free energy = -12111.996197779  E0 = -12111.9812899877
cycle= 6 E= -12111.9663821964  delta_E= -4.57e-06  |g|= 0.00701  |ddm|= 4.98
    sigma = 0.02  Optimized mu = -0.153116814216  entropy = 50.9497377021
    Total E(T) = -12111.4384804241  Free energy = -12112.4574751782  E0 = -12111.9479778011
Extra cycle  E= -12111.4384804241  delta_E= 0.528  |g|= 0.412  |ddm|= 4.01e+03
converged SCF energy = -12111.4384804241
dm0 check [[[ 1.89761388e-01  3.06181810e-01 -6.28048333e-02 ... -8.33781572e-06
    8.75738897e-07 -2.90650284e-06]
  [ 3.06181810e-01  5.07853021e-01 -1.67575297e-01 ... -2.22557165e-05
    2.25147959e-06 -8.18059086e-06]
  [-6.28048333e-02 -1.67575297e-01  3.38997000e-01 ...  5.44427540e-05
   -5.65999756e-06  1.98843084e-05]
  ...
  [-8.33781572e-06 -2.22557165e-05  5.44427540e-05 ...  1.26278169e-05
   -1.33019177e-06  2.67898652e-06]
  [ 8.75738897e-07  2.25147959e-06 -5.65999756e-06 ... -1.33019177e-06
    6.64527676e-07 -1.59133303e-07]
  [-2.90650284e-06 -8.18059086e-06  1.98843084e-05 ...  2.67898652e-06
   -1.59133303e-07  7.74447550e-07]]

 [[ 1.89741203e-01  3.06126510e-01 -6.26793146e-02 ... -7.10501230e-06
    9.66752043e-07 -2.67272392e-06]
  [ 3.06126510e-01  5.07705310e-01 -1.67244900e-01 ... -1.89562051e-05
    2.50105693e-06 -7.55471783e-06]
  [-6.26793146e-02 -1.67244900e-01  3.38260321e-01 ...  4.66392792e-05
   -6.29696927e-06  1.84033072e-05]
  ...
  [-7.10501230e-06 -1.89562051e-05  4.66392792e-05 ...  1.24022720e-05
   -1.35745454e-06  2.65348755e-06]
  [ 9.66752043e-07  2.50105693e-06 -6.29696927e-06 ... -1.35745454e-06
    6.55427967e-07 -1.69190677e-07]
  [-2.67272392e-06 -7.55471783e-06  1.84033072e-05 ...  2.65348755e-06
   -1.69190677e-07  7.59724704e-07]]]


******** <class 'pyscf.scf.addons.SmearingDFUKS'> ********
method = SmearingDFUKS
initial guess = minao
damping factor = 0.15
level_shift factor = 0.2
DIIS = <class 'pyscf.scf.diis.CDIIS'>
diis_start_cycle = 1
diis_space = 12
diis_damp = 0
SCF conv_tol = 5e-05
SCF conv_tol_grad = None
SCF max_cycles = 80
direct_scf = True
direct_scf_tol = 1e-13
chkfile to save SCF result = /tmp/tmpwsb1400p
max_memory 4000 MB (current use 86656 MB)
number electrons alpha = 325  beta = 323
XC library pyscf.dft.libxc version 6.1.0
    S. Lehtola, C. Steigemann, M. J.T. Oliveira, and M. A.L. Marques.,  SoftwareX 7, 1–5 (2018)
XC functionals = pbe
    J. P. Perdew, K. Burke, and M. Ernzerhof.,  Phys. Rev. Lett. 77, 3865 (1996)
    J. P. Perdew, K. Burke, and M. Ernzerhof.,  Phys. Rev. Lett. 78, 1396 (1997)
    J. P. Perdew, K. Burke, and M. Ernzerhof.,  Phys. Rev. Lett. 77, 3865 (1996)
    J. P. Perdew, K. Burke, and M. Ernzerhof.,  Phys. Rev. Lett. 78, 1396 (1997)
small_rho_cutoff = 1e-06
Set gradient conv threshold to 0.00707107
    Total E(T) = -12111.5169301325  Free energy = -12111.5814823986  E0 = -12111.5492062655
init E= -12111.5169301325
    sigma = 0.005  Optimized mu_alpha = -0.198526423421  entropy = 3.27864230799e-07
    sigma = 0.005  Optimized mu_beta  = -0.201104624454  entropy = 3.27864230799e-07
    Total E(T) = -12111.5169229888  Free energy = -12111.5169229904  E0 = -12111.5169229896
cycle= 1 E= -12111.5169229888  delta_E= 7.14e-06  |g|= 0.0215  |ddm|= 13.1
    sigma = 0.005  Optimized mu_alpha = -0.19862135931  entropy = 3.28799984588e-07
    sigma = 0.005  Optimized mu_beta  = -0.201194488818  entropy = 3.28799984588e-07
    Total E(T) = -12111.5168619984  Free energy = -12111.5168620001  E0 = -12111.5168619993
cycle= 2 E= -12111.5168619984  delta_E= 6.1e-05  |g|= 0.0625  |ddm|= 37.3
    sigma = 0.005  Optimized mu_alpha = -0.198550280185  entropy = 3.28170057538e-07
    sigma = 0.005  Optimized mu_beta  = -0.201126066921  entropy = 3.28170057538e-07
    Total E(T) = -12111.5169043767  Free energy = -12111.5169043783  E0 = -12111.5169043775
cycle= 3 E= -12111.5169043767  delta_E= -4.24e-05  |g|= 0.0291  |ddm|=   13
    sigma = 0.005  Optimized mu_alpha = -0.198548079561  entropy = 3.28068851215e-07
    sigma = 0.005  Optimized mu_beta  = -0.201124713206  entropy = 3.28068851215e-07
    Total E(T) = -12111.5169211082  Free energy = -12111.5169211098  E0 = -12111.516921109
cycle= 4 E= -12111.5169211082  delta_E= -1.67e-05  |g|= 0.0176  |ddm|= 6.45
    sigma = 0.005  Optimized mu_alpha = -0.198547293337  entropy = 3.28061824945e-07
    sigma = 0.005  Optimized mu_beta  = -0.201123973838  entropy = 3.28061824945e-07
    Total E(T) = -12111.5169275775  Free energy = -12111.5169275792  E0 = -12111.5169275784
cycle= 5 E= -12111.5169275775  delta_E= -6.47e-06  |g|= 0.0107  |ddm|= 3.74
    sigma = 0.005  Optimized mu_alpha = -0.198550288106  entropy = 3.28065488485e-07
    sigma = 0.005  Optimized mu_beta  = -0.20112697421  entropy = 3.28065488485e-07
    Total E(T) = -12111.516930022  Free energy = -12111.5169300236  E0 = -12111.5169300228
cycle= 6 E= -12111.516930022  delta_E= -2.44e-06  |g|= 0.00664  |ddm|= 2.78
    sigma = 0.005  Optimized mu_alpha = -0.298076190547  entropy = 12.9099142046
    sigma = 0.005  Optimized mu_beta  = -0.300949562868  entropy = 12.9099142046
    Total E(T) = -12111.4812259763  Free energy = -12111.5457755473  E0 = -12111.5135007618
Extra cycle  E= -12111.4812259763  delta_E= 0.0357  |g|= 0.18  |ddm|=  870
converged SCF energy = -12111.4812259763  <S^2> = 6.0119713  2S+1 = 5.0047862
step=   8 L=-12267.42220721 Ef=-12267.44489404 |grad|=6.77210e-02
dm0 check [[[ 4.54323689e-09  6.95918866e-08  5.21727186e-07 ... -2.07955024e-08
    1.31126522e-06 -1.75500111e-07]
  [ 6.95918866e-08  1.06664881e-06  7.96997793e-06 ... -2.63971745e-07
    1.99195549e-05 -2.96412535e-06]
  [ 5.21727186e-07  7.96997793e-06  6.08156456e-05 ... -6.58577613e-06
    1.56574116e-04 -1.42407106e-05]
  ...
  [-2.07955024e-08 -2.63971745e-07 -6.58577613e-06 ...  2.21446808e-04
    1.76406279e-06 -1.84557114e-04]
  [ 1.31126522e-06  1.99195549e-05  1.56574116e-04 ...  1.76406279e-06
    4.42306827e-04 -1.95984313e-06]
  [-1.75500111e-07 -2.96412535e-06 -1.42407106e-05 ... -1.84557114e-04
   -1.95984313e-06  6.13774538e-04]]

 [[ 4.87595539e-09  7.35945917e-08  5.95661732e-07 ...  1.12975138e-07
    1.49933477e-06 -3.97825308e-07]
  [ 7.35945917e-08  1.11180791e-06  8.95465829e-06 ...  1.90735492e-06
    2.24347850e-05 -6.32599199e-06]
  [ 5.95661732e-07  8.95465829e-06  7.41908990e-05 ...  3.51716498e-06
    1.89629054e-04 -3.98328201e-05]
  ...
  [ 1.12975138e-07  1.90735492e-06  3.51716498e-06 ...  2.44869901e-04
    2.42770259e-06 -2.03953396e-04]
  [ 1.49933477e-06  2.24347850e-05  1.89629054e-04 ...  2.42770259e-06
    5.08125894e-04 -2.32381967e-06]
  [-3.97825308e-07 -6.32599199e-06 -3.98328201e-05 ... -2.03953396e-04
   -2.32381967e-06  6.97827208e-04]]]
converged SCF energy = -150.224312471222  <S^2> = 2.0046462  2S+1 = 3.0030958
dm0 check [[[ 3.68478297e-09  5.62894036e-08  4.28448444e-07 ... -1.08331965e-08
    1.04401135e-06 -6.11219626e-08]
  [ 5.62894036e-08  8.60515792e-07  6.52485418e-06 ...  6.19306735e-09
    1.57688572e-05 -1.28638342e-06]
  [ 4.28448444e-07  6.52485418e-06  5.06743404e-05 ... -9.85960608e-06
    1.28789871e-04  8.40491164e-07]
  ...
  [-1.08331965e-08  6.19306735e-09 -9.85960608e-06 ...  2.38033474e-04
   -1.70158094e-06 -1.61418746e-04]
  [ 1.04401135e-06  1.57688572e-05  1.28789871e-04 ... -1.70158094e-06
    4.07602173e-04 -3.57778845e-06]
  [-6.11219626e-08 -1.28638342e-06  8.40491164e-07 ... -1.61418746e-04
   -3.57778845e-06  5.54185710e-04]]

 [[ 7.00899697e-09  1.06312759e-07  8.17148631e-07 ... -6.52026857e-08
    9.00755669e-07 -2.57074568e-07]
  [ 1.06312759e-07  1.61349563e-06  1.23650144e-05 ... -8.33249048e-07
    1.36182972e-05 -4.24366394e-06]
  [ 8.17148631e-07  1.23650144e-05  9.64681452e-05 ... -1.50913770e-05
    1.12191336e-04 -2.15846886e-05]
  ...
  [-6.52026857e-08 -8.33249048e-07 -1.50913770e-05 ...  2.24303121e-04
    5.78253731e-07 -1.84645345e-04]
  [ 9.00755669e-07  1.36182972e-05  1.12191336e-04 ...  5.78253731e-07
    4.22099773e-04 -2.81526167e-06]
  [-2.57074568e-07 -4.24366394e-06 -2.15846886e-05 ... -1.84645345e-04
   -2.81526167e-06  6.02497460e-04]]]
converged SCF energy = -150.246048085258  <S^2> = 0.88239979  2S+1 = 2.1282855
dm0 check [[ 3.79479134e-01  6.12246542e-01 -1.25334440e-01 ... -1.74096423e-05
   1.80119176e-06 -6.01088103e-06]
 [ 6.12246542e-01  1.01539463e+00 -3.34422856e-01 ... -4.65268861e-05
   4.64020910e-06 -1.69018320e-05]
 [-1.25334440e-01 -3.34422856e-01  6.76310485e-01 ...  1.14083543e-04
  -1.16720384e-05  4.11475240e-05]
 ...
 [-1.74096423e-05 -4.65268861e-05  1.14083543e-04 ...  2.60468833e-05
  -2.79919706e-06  5.59334755e-06]
 [ 1.80119176e-06  4.64020910e-06 -1.16720384e-05 ... -2.79919706e-06
   1.32831198e-06 -3.67620519e-07]
 [-6.01088103e-06 -1.69018320e-05  4.11475240e-05 ...  5.59334755e-06
  -3.67620519e-07  1.58243898e-06]]


******** <class 'pyscf.scf.addons.SmearingDFRKS'> ********
method = SmearingDFRKS
initial guess = minao
damping factor = 0.15
level_shift factor = 0.2
DIIS = <class 'pyscf.scf.diis.CDIIS'>
diis_start_cycle = 1
diis_space = 12
diis_damp = 0
SCF conv_tol = 5e-05
SCF conv_tol_grad = None
SCF max_cycles = 80
direct_scf = True
direct_scf_tol = 1e-13
chkfile to save SCF result = /tmp/tmpxop47afo
max_memory 4000 MB (current use 86656 MB)
XC library pyscf.dft.libxc version 6.1.0
    S. Lehtola, C. Steigemann, M. J.T. Oliveira, and M. A.L. Marques.,  SoftwareX 7, 1–5 (2018)
XC functionals = pbe
    J. P. Perdew, K. Burke, and M. Ernzerhof.,  Phys. Rev. Lett. 77, 3865 (1996)
    J. P. Perdew, K. Burke, and M. Ernzerhof.,  Phys. Rev. Lett. 78, 1396 (1997)
    J. P. Perdew, K. Burke, and M. Ernzerhof.,  Phys. Rev. Lett. 77, 3865 (1996)
    J. P. Perdew, K. Burke, and M. Ernzerhof.,  Phys. Rev. Lett. 78, 1396 (1997)
small_rho_cutoff = 1e-06
Set gradient conv threshold to 0.00707107
    Total E(T) = -12111.9667466832  Free energy = -12112.9857414372  E0 = -12112.4762440602
init E= -12111.9667466832
    sigma = 0.02  Optimized mu = -0.0532014721836  entropy = 1.4907525012
    Total E(T) = -12111.9667228729  Free energy = -12111.9965379229  E0 = -12111.9816303979
cycle= 1 E= -12111.9667228729  delta_E= 2.38e-05  |g|= 0.0269  |ddm|= 35.7
    sigma = 0.02  Optimized mu = -0.0530712748109  entropy = 1.4912094937
    Total E(T) = -12111.9665211334  Free energy = -12111.9963453233  E0 = -12111.9814332284
cycle= 2 E= -12111.9665211334  delta_E= 0.000202  |g|= 0.0783  |ddm|=  110
    sigma = 0.02  Optimized mu = -0.0531695411607  entropy = 1.49081406492
    Total E(T) = -12111.9666632258  Free energy = -12111.9964795071  E0 = -12111.9815713665
cycle= 3 E= -12111.9666632258  delta_E= -0.000142  |g|= 0.0368  |ddm|= 36.4
    sigma = 0.02  Optimized mu = -0.0531662512003  entropy = 1.49078965106
    Total E(T) = -12111.9667151702  Free energy = -12111.9965309632  E0 = -12111.9816230667
cycle= 4 E= -12111.9667151702  delta_E= -5.19e-05  |g|= 0.023  |ddm|= 18.1
    sigma = 0.02  Optimized mu = -0.0531672275845  entropy = 1.49078024478
    Total E(T) = -12111.9667356425  Free energy = -12111.9965512474  E0 = -12111.981643445
cycle= 5 E= -12111.9667356425  delta_E= -2.05e-05  |g|= 0.0146  |ddm|=   11
    sigma = 0.02  Optimized mu = -0.0531648926014  entropy = 1.49078634449
    Total E(T) = -12111.9667438901  Free energy = -12111.996559617  E0 = -12111.9816517536
cycle= 6 E= -12111.9667438901  delta_E= -8.25e-06  |g|= 0.00958  |ddm|= 6.85
    sigma = 0.02  Optimized mu = -0.0531655913956  entropy = 1.49077851083
    Total E(T) = -12111.9667474234  Free energy = -12111.9965629936  E0 = -12111.9816552085
cycle= 7 E= -12111.9667474234  delta_E= -3.53e-06  |g|= 0.0063  |ddm|= 4.46
    sigma = 0.02  Optimized mu = -0.15311048255  entropy = 50.9494245341
    Total E(T) = -12111.4388888275  Free energy = -12112.4578773182  E0 = -12111.9483830729
Extra cycle  E= -12111.4388888275  delta_E= 0.528  |g|= 0.41  |ddm|= 4e+03
converged SCF energy = -12111.4388888275
dm0 check [[[ 1.89761390e-01  3.06181816e-01 -6.28048497e-02 ... -8.33726625e-06
    8.76042870e-07 -2.90622775e-06]
  [ 3.06181816e-01  5.07853038e-01 -1.67575341e-01 ... -2.22542350e-05
    2.25229999e-06 -8.17984838e-06]
  [-6.28048497e-02 -1.67575341e-01  3.38997116e-01 ...  5.44391601e-05
   -5.66199982e-06  1.98824982e-05]
  ...
  [-8.33726625e-06 -2.22542350e-05  5.44391601e-05 ...  1.26282471e-05
   -1.33018890e-06  2.67898819e-06]
  [ 8.76042870e-07  2.25229999e-06 -5.66199982e-06 ... -1.33018890e-06
    6.64507869e-07 -1.59120505e-07]
  [-2.90622775e-06 -8.17984838e-06  1.98824982e-05 ...  2.67898819e-06
   -1.59120505e-07  7.74439116e-07]]

 [[ 1.89741222e-01  3.06126562e-01 -6.26794380e-02 ... -7.10162547e-06
    9.67219538e-07 -2.67174665e-06]
  [ 3.06126562e-01  5.07705449e-01 -1.67245231e-01 ... -1.89470580e-05
    2.50231849e-06 -7.55207860e-06]
  [-6.26794380e-02 -1.67245231e-01  3.38261108e-01 ...  4.66168921e-05
   -6.30004355e-06  1.83968549e-05]
  ...
  [-7.10162547e-06 -1.89470580e-05  4.66168921e-05 ...  1.24012256e-05
   -1.35740178e-06  2.65338543e-06]
  [ 9.67219538e-07  2.50231849e-06 -6.30004355e-06 ... -1.35740178e-06
    6.55386638e-07 -1.69175879e-07]
  [-2.67174665e-06 -7.55207860e-06  1.83968549e-05 ...  2.65338543e-06
   -1.69175879e-07  7.59733481e-07]]]


******** <class 'pyscf.scf.addons.SmearingDFUKS'> ********
method = SmearingDFUKS
initial guess = minao
damping factor = 0.15
level_shift factor = 0.2
DIIS = <class 'pyscf.scf.diis.CDIIS'>
diis_start_cycle = 1
diis_space = 12
diis_damp = 0
SCF conv_tol = 5e-05
SCF conv_tol_grad = None
SCF max_cycles = 80
direct_scf = True
direct_scf_tol = 1e-13
chkfile to save SCF result = /tmp/tmpwsb1400p
max_memory 4000 MB (current use 86656 MB)
number electrons alpha = 325  beta = 323
XC library pyscf.dft.libxc version 6.1.0
    S. Lehtola, C. Steigemann, M. J.T. Oliveira, and M. A.L. Marques.,  SoftwareX 7, 1–5 (2018)
XC functionals = pbe
    J. P. Perdew, K. Burke, and M. Ernzerhof.,  Phys. Rev. Lett. 77, 3865 (1996)
    J. P. Perdew, K. Burke, and M. Ernzerhof.,  Phys. Rev. Lett. 78, 1396 (1997)
    J. P. Perdew, K. Burke, and M. Ernzerhof.,  Phys. Rev. Lett. 77, 3865 (1996)
    J. P. Perdew, K. Burke, and M. Ernzerhof.,  Phys. Rev. Lett. 78, 1396 (1997)
small_rho_cutoff = 1e-06
Set gradient conv threshold to 0.00707107
